2026-09-24 10:21:47 /root/.pyenv/versions/3.11.1/lib/python3.11/site-packages/torchvision/io/image.py:13: UserWarning: Failed to load image Python extension: '/root/.pyenv/versions/3.11.1/lib/python3.11/site-packages/torchvision/image.so: undefined symbol: _ZN3c1017RegisterOperatorsD1Ev'If you don't plan on using image functionality from `torchvision.io`, you can ignore this warning. Otherwise, there might be something wrong with your environment. Did you have `libjpeg` or `libpng` installed before building `torchvision` from source?
2026-09-24 10:21:47   warn(
2026-09-24 10:21:51 /root/.pyenv/versions/3.11.1/lib/python3.11/site-packages/torchvision/datapoints/__init__.py:12: UserWarning: The torchvision.datapoints and torchvision.transforms.v2 namespaces are still Beta. While we do not expect major breaking changes, some APIs may still change according to user feedback. Please submit any feedback you may have in this issue: https://github.com/pytorch/vision/issues/6753, and you can also check out https://github.com/pytorch/vision/issues/7319 to learn more about the APIs that we suspect might involve future changes. You can silence this warning by calling torchvision.disable_beta_transforms_warning().
2026-09-24 10:21:51   warnings.warn(_BETA_TRANSFORMS_WARNING)
2026-09-24 10:21:51 /root/.pyenv/versions/3.11.1/lib/python3.11/site-packages/torchvision/transforms/v2/__init__.py:54: UserWarning: The torchvision.datapoints and torchvision.transforms.v2 namespaces are still Beta. While we do not expect major breaking changes, some APIs may still change according to user feedback. Please submit any feedback you may have in this issue: https://github.com/pytorch/vision/issues/6753, and you can also check out https://github.com/pytorch/vision/issues/7319 to learn more about the APIs that we suspect might involve future changes. You can silence this warning by calling torchvision.disable_beta_transforms_warning().
2026-09-24 10:21:51   warnings.warn(_BETA_TRANSFORMS_WARNING)
2026-09-24 10:21:52 load image
2026-09-24 10:21:52 split dataset
2026-09-24 10:21:52 288 72 items
2026-09-24 10:21:52 3 batch
2026-09-24 10:21:52 load model
2026-09-24 10:21:52 train model
2026-09-24 10:22:14 Epoch 1/4, Loss: 1.8664 Time: 5.7086
2026-09-24 10:22:14 Epoch 2/4, Loss: 0.2167 Time: 4.8946
2026-09-24 10:22:14 Epoch 3/4, Loss: 0.0049 Time: 4.9533
2026-09-24 10:22:14 Epoch 4/4, Loss: 0.0005 Time: 4.9696
2026-09-24 10:22:14 Train Profiler:
2026-09-24 10:22:14 -------------------------------------------------------  ------------  ------------  ------------  ------------  ------------  ------------  ------------  ------------  ------------  ------------  
2026-09-24 10:22:14                                                    Name    Self CPU %      Self CPU   CPU total %     CPU total  CPU time avg     Self CUDA   Self CUDA %    CUDA total  CUDA time avg    # of Calls  
2026-09-24 10:22:14 -------------------------------------------------------  ------------  ------------  ------------  ------------  ------------  ------------  ------------  ------------  ------------  ------------  
2026-09-24 10:22:14 enumerate(DataLoader)#_MultiProcessingDataLoaderIter...        31.14%        3.971s        31.19%        3.978s     331.480ms       0.000us         0.00%       0.000us       0.000us            12  
2026-09-24 10:22:14                                   cudaDeviceSynchronize        29.70%        3.787s        29.70%        3.787s        1.262s       0.000us         0.00%       0.000us       0.000us             3  
2026-09-24 10:22:14                                        cudaLaunchKernel        13.08%        1.668s        23.13%        2.949s     457.654us       0.000us         0.00%        1.072s     166.293us          6444  
2026-09-24 10:22:14                                     Command Buffer Full        23.12%        2.948s        23.12%        2.948s       1.447ms        1.072s        14.00%        1.072s     526.064us          2037  
2026-09-24 10:22:14 autograd::engine::evaluate_function: ConvolutionBack...         0.07%       8.828ms         9.60%        1.224s       2.566ms       0.000us         0.00%        3.611s       7.569ms           477  
2026-09-24 10:22:14                                    ConvolutionBackward0         0.02%       2.293ms         9.05%        1.154s       2.419ms       0.000us         0.00%        3.374s       7.073ms           477  
2026-09-24 10:22:14                              aten::convolution_backward         0.30%      38.589ms         9.03%        1.152s       2.414ms        3.374s        44.07%        3.374s       7.073ms           477  
2026-09-24 10:22:14                                            aten::conv2d         0.01%       1.260ms         4.88%     622.675ms       1.305ms       0.000us         0.00%        2.213s       4.640ms           477  
2026-09-24 10:22:14                                       aten::convolution         0.04%       5.182ms         4.87%     621.415ms       1.303ms       0.000us         0.00%        2.213s       4.640ms           477  
2026-09-24 10:22:14                                      aten::_convolution         0.03%       3.518ms         4.83%     616.233ms       1.292ms       0.000us         0.00%        2.213s       4.640ms           477  
2026-09-24 10:22:14                                 aten::cudnn_convolution         0.19%      24.053ms         4.80%     612.715ms       1.285ms        1.440s        18.81%        2.213s       4.640ms           477  
2026-09-24 10:22:14                                              aten::add_         0.12%      15.098ms         2.68%     341.593ms     153.663us     472.234ms         6.17%     529.053ms     237.990us          2223  
2026-09-24 10:22:14      autograd::engine::evaluate_function: ReluBackward0         0.04%       4.666ms         2.38%     304.090ms     689.547us       0.000us         0.00%     406.262ms     921.230us           441  
2026-09-24 10:22:14                                           ReluBackward0         0.02%       2.123ms         2.35%     299.424ms     678.967us       0.000us         0.00%     406.262ms     921.230us           441  
2026-09-24 10:22:14                                aten::threshold_backward         0.07%       8.629ms         2.33%     297.301ms     674.152us     406.262ms         5.31%     406.262ms     921.230us           441  
2026-09-24 10:22:14 autograd::engine::evaluate_function: CudnnBatchNormB...         0.07%       8.718ms         1.97%     251.786ms     527.854us       0.000us         0.00%     912.665ms       1.913ms           477  
2026-09-24 10:22:14                                        aten::batch_norm         0.01%       1.042ms         1.94%     247.293ms     518.433us       0.000us         0.00%     670.956ms       1.407ms           477  
2026-09-24 10:22:14                            aten::_batch_norm_impl_index         0.02%       3.076ms         1.93%     246.251ms     516.249us       0.000us         0.00%     670.956ms       1.407ms           477  
2026-09-24 10:22:14                                  aten::cudnn_batch_norm         0.18%      22.931ms         1.91%     243.175ms     509.801us     559.233ms         7.31%     670.956ms       1.407ms           477  
2026-09-24 10:22:14                                 CudnnBatchNormBackward0         0.02%       2.907ms         1.91%     243.068ms     509.577us       0.000us         0.00%     912.665ms       1.913ms           477  
2026-09-24 10:22:14                         aten::cudnn_batch_norm_backward         0.11%      13.980ms         1.88%     240.162ms     503.484us     912.665ms        11.92%     912.665ms       1.913ms           477  
2026-09-24 10:22:14                                             aten::relu_         0.06%       7.292ms         1.57%     200.787ms     455.300us       0.000us         0.00%     339.623ms     770.121us           441  
2026-09-24 10:22:14                                        aten::clamp_min_         0.04%       5.414ms         1.52%     193.495ms     438.765us     279.571ms         3.65%     339.623ms     770.121us           441  
2026-09-24 10:22:14                                Optimizer.step#Adam.step         0.20%      25.643ms         0.89%     113.670ms      12.630ms       0.000us         0.00%     133.560ms      14.840ms             9  
2026-09-24 10:22:14                                         cudaMemsetAsync         0.56%      71.509ms         0.56%      71.509ms     111.908us       0.000us         0.00%       0.000us       0.000us           639  
2026-09-24 10:22:14                                             aten::empty         0.26%      32.701ms         0.26%      32.723ms       6.821us       0.000us         0.00%       0.000us       0.000us          4797  
2026-09-24 10:22:14                                     aten::_foreach_mul_         0.01%       1.441ms         0.22%      27.896ms       3.100ms       7.376ms         0.10%      15.581ms       1.731ms             9  
2026-09-24 10:22:14     autograd::engine::evaluate_function: AddmmBackward0         0.00%     271.444us         0.18%      23.088ms       2.565ms       0.000us         0.00%     327.806us      36.423us             9  
2026-09-24 10:22:14                                 aten::_foreach_addcdiv_         0.02%       2.240ms         0.14%      17.504ms       1.945ms      13.711ms         0.18%      27.420ms       3.047ms             9  
2026-09-24 10:22:14 autograd::engine::evaluate_function: torch::autograd...         0.06%       7.561ms         0.13%      16.490ms      11.381us       0.000us         0.00%       0.000us       0.000us          1449  
2026-09-24 10:22:14                                          AddmmBackward0         0.00%     163.798us         0.11%      14.470ms       1.608ms       0.000us         0.00%     202.302us      22.478us             9  
2026-09-24 10:22:14                                                aten::mm         0.01%     767.834us         0.11%      14.060ms     781.096us     202.302us         0.00%     202.302us      11.239us            18  
2026-09-24 10:22:14                                     aten::_foreach_div_         0.01%       1.403ms         0.10%      12.578ms       1.398ms       7.398ms         0.10%      18.076ms       2.008ms             9  
2026-09-24 10:22:14                                     aten::_foreach_sqrt         0.02%       2.213ms         0.09%      10.930ms       1.214ms       7.484ms         0.10%      10.812ms       1.201ms             9  
2026-09-24 10:22:14                         torch::autograd::AccumulateGrad         0.03%       4.262ms         0.07%       8.929ms       6.162us       0.000us         0.00%       0.000us       0.000us          1449  
2026-09-24 10:22:14                                 aten::_foreach_addcmul_         0.02%       1.961ms         0.07%       8.508ms     945.325us      10.565ms         0.14%      34.020ms       3.780ms             9  
2026-09-24 10:22:14                                            aten::linear         0.00%      67.560us         0.07%       8.337ms     926.368us       0.000us         0.00%     331.167us      36.796us             9  
2026-09-24 10:22:14                                               aten::sum         0.00%     269.489us         0.07%       8.305ms     922.737us     125.504us         0.00%     125.504us      13.945us             9  
2026-09-24 10:22:14 autograd::engine::evaluate_function: NllLossBackward...         0.00%     209.553us         0.06%       8.280ms     920.007us       0.000us         0.00%      49.215us       5.468us             9  
2026-09-24 10:22:14                                             aten::addmm         0.01%     661.011us         0.06%       8.139ms     904.359us     199.967us         0.00%     331.167us      36.796us             9  
2026-09-24 10:22:14                                        NllLossBackward0         0.00%      91.305us         0.06%       8.071ms     896.723us       0.000us         0.00%      49.215us       5.468us             9  
2026-09-24 10:22:14                                 aten::nll_loss_backward         0.00%     284.807us         0.06%       7.979ms     886.578us      31.647us         0.00%      49.215us       5.468us             9  
2026-09-24 10:22:14                                     aten::empty_strided         0.06%       7.926ms         0.06%       7.926ms       5.370us       0.000us         0.00%       0.000us       0.000us          1476  
2026-09-24 10:22:14                                            Unrecognized         0.05%       6.661ms         0.05%       6.661ms       2.220ms       0.000us         0.00%       0.000us       0.000us             3  
2026-09-24 10:22:14                                        aten::empty_like         0.01%       1.530ms         0.05%       6.499ms      13.373us       0.000us         0.00%       0.000us       0.000us           486  
2026-09-24 10:22:14                                     aten::_foreach_add_         0.02%       2.728ms         0.04%       5.349ms     297.149us       7.332ms         0.10%      11.401ms     633.388us            18  
2026-09-24 10:22:14                      Optimizer.zero_grad#Adam.zero_grad         0.04%       5.121ms         0.04%       5.121ms     569.010us       0.000us         0.00%       0.000us       0.000us             9  
2026-09-24 10:22:14                                            aten::detach         0.01%       1.672ms         0.04%       4.726ms       3.241us       0.000us         0.00%       0.000us       0.000us          1458  
2026-09-24 10:22:14                                aten::cross_entropy_loss         0.00%      61.355us         0.03%       3.878ms     430.835us       0.000us         0.00%      81.410us       9.046us             9  
2026-09-24 10:22:14                                                aten::to         0.00%     582.628us         0.03%       3.786ms       7.380us       0.000us         0.00%      42.327ms      82.510us           513  
2026-09-24 10:22:14 autograd::engine::evaluate_function: MaxPool2DWithIn...         0.00%     149.303us         0.03%       3.776ms     419.590us       0.000us         0.00%      74.172ms       8.241ms             9  
2026-09-24 10:22:14                           MaxPool2DWithIndicesBackward0         0.00%      48.976us         0.03%       3.627ms     403.001us       0.000us         0.00%      74.172ms       8.241ms             9  
2026-09-24 10:22:14                  aten::max_pool2d_with_indices_backward         0.00%     228.937us         0.03%       3.578ms     397.559us      62.282ms         0.81%      74.172ms       8.241ms             9  
2026-09-24 10:22:14                                       aten::nll_loss_nd         0.00%      33.604us         0.03%       3.392ms     376.855us       0.000us         0.00%      57.794us       6.422us             9  
2026-09-24 10:22:14                                          aten::nll_loss         0.00%      29.686us         0.03%       3.358ms     373.121us       0.000us         0.00%      57.794us       6.422us             9  
2026-09-24 10:22:14                                  aten::nll_loss_forward         0.00%     211.342us         0.03%       3.328ms     369.823us      43.458us         0.00%      57.794us       6.422us             9  
2026-09-24 10:22:14                                              aten::item         0.02%       2.659ms         0.03%       3.313ms       1.142us       0.000us         0.00%       0.000us       0.000us          2901  
2026-09-24 10:22:14                                          aten::_to_copy         0.00%     166.526us         0.03%       3.203ms     177.949us       0.000us         0.00%      42.327ms       2.352ms            18  
2026-09-24 10:22:14                                                  detach         0.02%       3.054ms         0.02%       3.054ms       2.094us       0.000us         0.00%       0.000us       0.000us          1458  
2026-09-24 10:22:14                                             aten::copy_         0.00%     229.217us         0.02%       2.802ms     155.641us      42.327ms         0.55%      42.327ms       2.352ms            18  
2026-09-24 10:22:14                                             aten::fill_         0.00%     338.346us         0.02%       2.753ms     101.979us      11.924ms         0.16%      11.929ms     441.826us            27  
2026-09-24 10:22:14                                         cudaMemcpyAsync         0.02%       2.572ms         0.02%       2.572ms     142.907us       0.000us         0.00%       0.000us       0.000us            18  
2026-09-24 10:22:14                                              aten::view         0.02%       2.341ms         0.02%       2.341ms       2.386us       0.000us         0.00%       0.000us       0.000us           981  
2026-09-24 10:22:14                                    aten::_foreach_lerp_         0.01%     743.411us         0.01%       1.795ms     199.450us      10.450ms         0.14%      16.251ms       1.806ms             9  
2026-09-24 10:22:14                                         aten::ones_like         0.00%      41.339us         0.01%       1.624ms     180.452us       0.000us         0.00%      22.209us       2.468us             9  
2026-09-24 10:22:14                                             aten::zero_         0.00%      92.916us         0.01%       1.406ms      78.123us       0.000us         0.00%      11.907ms     661.505us            18  
2026-09-24 10:22:14       autograd::engine::evaluate_function: AddBackward0         0.01%     945.423us         0.01%       1.159ms       8.047us       0.000us         0.00%       0.000us       0.000us           144  
2026-09-24 10:22:14                                       aten::result_type         0.01%     898.090us         0.01%     898.090us       0.124us       0.000us         0.00%       0.000us       0.000us          7245  
2026-09-24 10:22:14      autograd::engine::evaluate_function: MeanBackward1         0.00%      70.776us         0.01%     668.722us      74.302us       0.000us         0.00%       1.717ms     190.737us             9  
2026-09-24 10:22:14                               aten::_local_scalar_dense         0.01%     654.203us         0.01%     654.203us       0.226us       0.000us         0.00%       0.000us       0.000us          2901  
2026-09-24 10:22:14                                           MeanBackward1         0.00%      61.561us         0.00%     597.946us      66.438us       0.000us         0.00%       1.717ms     190.737us             9  
2026-09-24 10:22:14                               aten::adaptive_avg_pool2d         0.00%      44.952us         0.00%     512.222us      56.914us       0.000us         0.00%       3.651ms     405.622us             9  
2026-09-24 10:22:14                                        aten::max_pool2d         0.00%      36.213us         0.00%     502.436us      55.826us       0.000us         0.00%      24.975ms       2.775ms             9  
2026-09-24 10:22:14                                               aten::div         0.00%     327.065us         0.00%     473.154us      52.573us       1.717ms         0.02%       1.717ms     190.737us             9  
2026-09-24 10:22:14                                              aten::mean         0.00%     338.267us         0.00%     467.270us      51.919us       3.651ms         0.05%       3.651ms     405.622us             9  
2026-09-24 10:22:14                           aten::max_pool2d_with_indices         0.00%     303.886us         0.00%     466.223us      51.803us      24.975ms         0.33%      24.975ms       2.775ms             9  
2026-09-24 10:22:14                                                 aten::t         0.00%     221.662us         0.00%     455.009us      10.111us       0.000us         0.00%       0.000us       0.000us            45  
2026-09-24 10:22:14 autograd::engine::evaluate_function: LogSoftmaxBackw...         0.00%      92.963us         0.00%     453.145us      50.349us       0.000us         0.00%      21.502us       2.389us             9  
2026-09-24 10:22:14                                       aten::log_softmax         0.00%      79.510us         0.00%     424.463us      47.163us       0.000us         0.00%      23.616us       2.624us             9  
2026-09-24 10:22:14                                     LogSoftmaxBackward0         0.00%      68.926us         0.00%     360.182us      40.020us       0.000us         0.00%      21.502us       2.389us             9  
2026-09-24 10:22:14                                      aten::_log_softmax         0.00%     227.411us         0.00%     336.803us      37.423us      23.616us         0.00%      23.616us       2.624us             9  
2026-09-24 10:22:14                        aten::_log_softmax_backward_data         0.00%     182.703us         0.00%     291.256us      32.362us      21.502us         0.00%      21.502us       2.389us             9  
2026-09-24 10:22:14                                     cudaPeekAtLastError         0.00%     286.735us         0.00%     286.735us       0.270us       0.000us         0.00%       0.000us       0.000us          1062  
2026-09-24 10:22:14                                          aten::randperm         0.00%     105.799us         0.00%     245.417us      20.451us       0.000us         0.00%       0.000us       0.000us            12  
2026-09-24 10:22:14                                         aten::transpose         0.00%     138.270us         0.00%     233.347us       5.185us       0.000us         0.00%       0.000us       0.000us            45  
2026-09-24 10:22:14                                            AddBackward0         0.00%     213.300us         0.00%     213.300us       1.481us       0.000us         0.00%       0.000us       0.000us           144  
2026-09-24 10:22:14                                    cudaFuncSetAttribute         0.00%     208.745us         0.00%     208.745us       2.577us       0.000us         0.00%       0.000us       0.000us            81  
2026-09-24 10:22:14                                cudaPointerGetAttributes         0.00%     183.247us         0.00%     185.303us      10.295us       0.000us         0.00%       0.000us       0.000us            18  
2026-09-24 10:22:14         autograd::engine::evaluate_function: TBackward0         0.00%      56.593us         0.00%     154.941us      17.216us       0.000us         0.00%       0.000us       0.000us             9  
2026-09-24 10:22:14                                        aten::as_strided         0.00%     110.207us         0.00%     110.207us       2.041us       0.000us         0.00%       0.000us       0.000us            54  
2026-09-24 10:22:14      autograd::engine::evaluate_function: ViewBackward0         0.00%      49.299us         0.00%     107.870us      11.986us       0.000us         0.00%       0.000us       0.000us             9  
2026-09-24 10:22:14                                           aten::flatten         0.00%      32.846us         0.00%     107.619us      11.958us       0.000us         0.00%       0.000us       0.000us             9  
2026-09-24 10:22:14                                              TBackward0         0.00%      20.429us         0.00%      98.348us      10.928us       0.000us         0.00%       0.000us       0.000us             9  
2026-09-24 10:22:14                                         cudaEventRecord         0.00%      77.246us         0.00%      77.246us       4.291us       0.000us         0.00%       0.000us       0.000us            18  
2026-09-24 10:22:14                                          cudaEventQuery         0.00%      68.896us         0.00%      68.896us       7.655us       0.000us         0.00%       0.000us       0.000us             9  
2026-09-24 10:22:14                                            aten::expand         0.00%      48.101us         0.00%      63.231us       7.026us       0.000us         0.00%       0.000us       0.000us             9  
2026-09-24 10:22:14                                           ViewBackward0         0.00%      21.077us         0.00%      58.571us       6.508us       0.000us         0.00%       0.000us       0.000us             9  
2026-09-24 10:22:14                                   cudaStreamIsCapturing         0.00%      53.232us         0.00%      53.232us       5.915us       0.000us         0.00%       0.000us       0.000us             9  
2026-09-24 10:22:14                                           aten::random_         0.00%      50.612us         0.00%      50.612us      16.871us       0.000us         0.00%       0.000us       0.000us             3  
2026-09-24 10:22:14                                           aten::reshape         0.00%      13.151us         0.00%      37.494us       4.166us       0.000us         0.00%       0.000us       0.000us             9  
2026-09-24 10:22:14 -------------------------------------------------------  ------------  ------------  ------------  ------------  ------------  ------------  ------------  ------------  ------------  ------------  
2026-09-24 10:22:14 Self CPU time total: 12.753s
2026-09-24 10:22:14 Self CUDA time total: 7.655s
2026-09-24 10:22:16 
2026-09-24 10:22:16 -------------------------------------------------------  ------------  ------------  ------------  ------------  ------------  ------------  ------------  ------------  ------------  ------------  
2026-09-24 10:22:16                                                    Name    Self CPU %      Self CPU   CPU total %     CPU total  CPU time avg     Self CUDA   Self CUDA %    CUDA total  CUDA time avg    # of Calls  
2026-09-24 10:22:16 -------------------------------------------------------  ------------  ------------  ------------  ------------  ------------  ------------  ------------  ------------  ------------  ------------  
2026-09-24 10:22:16 autograd::engine::evaluate_function: ConvolutionBack...         0.07%       8.828ms         9.60%        1.224s       2.566ms       0.000us         0.00%        3.611s       7.569ms           477  
2026-09-24 10:22:16                                    ConvolutionBackward0         0.02%       2.293ms         9.05%        1.154s       2.419ms       0.000us         0.00%        3.374s       7.073ms           477  
2026-09-24 10:22:16                              aten::convolution_backward         0.30%      38.589ms         9.03%        1.152s       2.414ms        3.374s        44.07%        3.374s       7.073ms           477  
2026-09-24 10:22:16                                            aten::conv2d         0.01%       1.260ms         4.88%     622.675ms       1.305ms       0.000us         0.00%        2.213s       4.640ms           477  
2026-09-24 10:22:16                                       aten::convolution         0.04%       5.182ms         4.87%     621.415ms       1.303ms       0.000us         0.00%        2.213s       4.640ms           477  
2026-09-24 10:22:16                                      aten::_convolution         0.03%       3.518ms         4.83%     616.233ms       1.292ms       0.000us         0.00%        2.213s       4.640ms           477  
2026-09-24 10:22:16                                 aten::cudnn_convolution         0.19%      24.053ms         4.80%     612.715ms       1.285ms        1.440s        18.81%        2.213s       4.640ms           477  
2026-09-24 10:22:16                                        cudaLaunchKernel        13.08%        1.668s        23.13%        2.949s     457.654us       0.000us         0.00%        1.072s     166.293us          6444  
2026-09-24 10:22:16                                     Command Buffer Full        23.12%        2.948s        23.12%        2.948s       1.447ms        1.072s        14.00%        1.072s     526.064us          2037  
2026-09-24 10:22:16 autograd::engine::evaluate_function: CudnnBatchNormB...         0.07%       8.718ms         1.97%     251.786ms     527.854us       0.000us         0.00%     912.665ms       1.913ms           477  
2026-09-24 10:22:16                                 CudnnBatchNormBackward0         0.02%       2.907ms         1.91%     243.068ms     509.577us       0.000us         0.00%     912.665ms       1.913ms           477  
2026-09-24 10:22:16                         aten::cudnn_batch_norm_backward         0.11%      13.980ms         1.88%     240.162ms     503.484us     912.665ms        11.92%     912.665ms       1.913ms           477  
2026-09-24 10:22:16       _5x_cudnn_volta_scudnn_128x64_relu_interior_nn_v1         0.00%       0.000us         0.00%       0.000us       0.000us     687.955ms         8.99%     687.955ms       2.548ms           270  
2026-09-24 10:22:16                                        aten::batch_norm         0.01%       1.042ms         1.94%     247.293ms     518.433us       0.000us         0.00%     670.956ms       1.407ms           477  
2026-09-24 10:22:16                            aten::_batch_norm_impl_index         0.02%       3.076ms         1.93%     246.251ms     516.249us       0.000us         0.00%     670.956ms       1.407ms           477  
2026-09-24 10:22:16                                  aten::cudnn_batch_norm         0.18%      22.931ms         1.91%     243.175ms     509.801us     559.233ms         7.31%     670.956ms       1.407ms           477  
2026-09-24 10:22:16                                   volta_sgemm_128x64_nt         0.00%       0.000us         0.00%       0.000us       0.000us     618.170ms         8.08%     618.170ms       1.908ms           324  
2026-09-24 10:22:16                                   volta_sgemm_128x64_tn         0.00%       0.000us         0.00%       0.000us       0.000us     607.998ms         7.94%     607.998ms       2.937ms           207  
2026-09-24 10:22:16                                              aten::add_         0.12%      15.098ms         2.68%     341.593ms     153.663us     472.234ms         6.17%     529.053ms     237.990us          2223  
2026-09-24 10:22:16 void at::native::vectorized_elementwise_kernel<4, at...         0.00%       0.000us         0.00%       0.000us       0.000us     470.846ms         6.15%     470.846ms       1.585ms           297  
2026-09-24 10:22:16 void cudnn::bn_bw_1C11_kernel_new<float, float, floa...         0.00%       0.000us         0.00%       0.000us       0.000us     444.383ms         5.80%     444.383ms       1.204ms           369  
2026-09-24 10:22:16      _5x_cudnn_volta_scudnn_128x64_stridedB_small_nn_v1         0.00%       0.000us         0.00%       0.000us       0.000us     429.342ms         5.61%     429.342ms       2.806ms           153  
2026-09-24 10:22:16      autograd::engine::evaluate_function: ReluBackward0         0.04%       4.666ms         2.38%     304.090ms     689.547us       0.000us         0.00%     406.262ms     921.230us           441  
2026-09-24 10:22:16                                           ReluBackward0         0.02%       2.123ms         2.35%     299.424ms     678.967us       0.000us         0.00%     406.262ms     921.230us           441  
2026-09-24 10:22:16                                aten::threshold_backward         0.07%       8.629ms         2.33%     297.301ms     674.152us     406.262ms         5.31%     406.262ms     921.230us           441  
2026-09-24 10:22:16 void at::native::vectorized_elementwise_kernel<4, at...         0.00%       0.000us         0.00%       0.000us       0.000us     406.262ms         5.31%     406.262ms     921.230us           441  
2026-09-24 10:22:16 void cudnn::bn_bw_1C11_kernel_new<float, float, floa...         0.00%       0.000us         0.00%       0.000us       0.000us     400.366ms         5.23%     400.366ms       4.044ms            99  
2026-09-24 10:22:16                                             aten::relu_         0.06%       7.292ms         1.57%     200.787ms     455.300us       0.000us         0.00%     339.623ms     770.121us           441  
2026-09-24 10:22:16                                        aten::clamp_min_         0.04%       5.414ms         1.52%     193.495ms     438.765us     279.571ms         3.65%     339.623ms     770.121us           441  
2026-09-24 10:22:16         _5x_cudnn_volta_scudnn_128x128_relu_small_nn_v1         0.00%       0.000us         0.00%       0.000us       0.000us     315.114ms         4.12%     315.114ms       5.002ms            63  
2026-09-24 10:22:16 void at::native::vectorized_elementwise_kernel<4, at...         0.00%       0.000us         0.00%       0.000us       0.000us     279.571ms         3.65%     279.571ms     633.947us           441  
2026-09-24 10:22:16 void cudnn::cnn::wgrad_alg1_engine<float, float, 128...         0.00%       0.000us         0.00%       0.000us       0.000us     264.772ms         3.46%     264.772ms       4.203ms            63  
2026-09-24 10:22:16 void cudnn::detail::dgrad_engine<float, 512, 6, 5, 3...         0.00%       0.000us         0.00%       0.000us       0.000us     250.258ms         3.27%     250.258ms       9.269ms            27  
2026-09-24 10:22:16 void cudnn::bn_fw_tr_1C11_kernel_NCHW<float, float, ...         0.00%       0.000us         0.00%       0.000us       0.000us     247.371ms         3.23%     247.371ms       2.499ms            99  
2026-09-24 10:22:16 void cudnn::bn_fw_tr_1C11_kernel_NCHW<float, float, ...         0.00%       0.000us         0.00%       0.000us       0.000us     245.220ms         3.20%     245.220ms     851.459us           288  
2026-09-24 10:22:16                                   volta_sgemm_128x64_nn         0.00%       0.000us         0.00%       0.000us       0.000us     234.427ms         3.06%     234.427ms       1.736ms           135  
2026-09-24 10:22:16                                    volta_sgemm_64x64_tn         0.00%       0.000us         0.00%       0.000us       0.000us     225.605ms         2.95%     225.605ms       5.013ms            45  
2026-09-24 10:22:16 _5x_cudnn_turing_scudnn_128x64_stridedB_splitK_xregs...         0.00%       0.000us         0.00%       0.000us       0.000us     224.528ms         2.93%     224.528ms       6.237ms            36  
2026-09-24 10:22:16 void cudnn::detail::dgrad_engine<float, 128, 6, 8, 3...         0.00%       0.000us         0.00%       0.000us       0.000us     190.994ms         2.49%     190.994ms       7.074ms            27  
2026-09-24 10:22:16 void cudnn::winograd_nonfused::winogradForwardData4x...         0.00%       0.000us         0.00%       0.000us       0.000us     148.421ms         1.94%     148.421ms     634.279us           234  
2026-09-24 10:22:16 void cudnn::winograd_nonfused::winogradForwardOutput...         0.00%       0.000us         0.00%       0.000us       0.000us     133.669ms         1.75%     133.669ms     571.234us           234  
2026-09-24 10:22:16                                Optimizer.step#Adam.step         0.20%      25.643ms         0.89%     113.670ms      12.630ms       0.000us         0.00%     133.560ms      14.840ms             9  
2026-09-24 10:22:16                                    volta_sgemm_64x64_nt         0.00%       0.000us         0.00%       0.000us       0.000us      97.489ms         1.27%      97.489ms       1.805ms            54  
2026-09-24 10:22:16 void cudnn::winograd_nonfused::winogradWgradDelta4x4...         0.00%       0.000us         0.00%       0.000us       0.000us      76.937ms         1.01%      76.937ms     657.582us           117  
2026-09-24 10:22:16 autograd::engine::evaluate_function: MaxPool2DWithIn...         0.00%     149.303us         0.03%       3.776ms     419.590us       0.000us         0.00%      74.172ms       8.241ms             9  
2026-09-24 10:22:16                           MaxPool2DWithIndicesBackward0         0.00%      48.976us         0.03%       3.627ms     403.001us       0.000us         0.00%      74.172ms       8.241ms             9  
2026-09-24 10:22:16                  aten::max_pool2d_with_indices_backward         0.00%     228.937us         0.03%       3.578ms     397.559us      62.282ms         0.81%      74.172ms       8.241ms             9  
2026-09-24 10:22:16 void cudnn::winograd_nonfused::winogradWgradData4x4<...         0.00%       0.000us         0.00%       0.000us       0.000us      73.720ms         0.96%      73.720ms     630.082us           117  
2026-09-24 10:22:16 void cudnn::bn_bw_1C11_kernel_new<float, float, floa...         0.00%       0.000us         0.00%       0.000us       0.000us      67.917ms         0.89%      67.917ms       7.546ms             9  
2026-09-24 10:22:16                                Optimizer.step#Adam.step         0.00%       0.000us         0.00%       0.000us       0.000us      64.450ms         0.84%      64.450ms       7.161ms             9  
2026-09-24 10:22:16 void at::native::(anonymous namespace)::max_pool_bac...         0.00%       0.000us         0.00%       0.000us       0.000us      62.282ms         0.81%      62.282ms       6.920ms             9  
2026-09-24 10:22:16 void cudnn::cnn::reduce_wgrad_nchw_helper<float, flo...         0.00%       0.000us         0.00%       0.000us       0.000us      61.384ms         0.80%      61.384ms     243.589us           252  
2026-09-24 10:22:16 void wgrad_alg0_engine<float, 128, 6, 8, 3, 3, 5, fa...         0.00%       0.000us         0.00%       0.000us       0.000us      56.789ms         0.74%      56.789ms       6.310ms             9  
2026-09-24 10:22:16         _5x_cudnn_volta_scudnn_128x64_relu_medium_nn_v1         0.00%       0.000us         0.00%       0.000us       0.000us      52.255ms         0.68%      52.255ms       5.806ms             9  
2026-09-24 10:22:16 void cudnn::bn_fw_tr_1C11_kernel_NCHW<float, float, ...         0.00%       0.000us         0.00%       0.000us       0.000us      42.643ms         0.56%      42.643ms       4.738ms             9  
2026-09-24 10:22:16                                                aten::to         0.00%     582.628us         0.03%       3.786ms       7.380us       0.000us         0.00%      42.327ms      82.510us           513  
2026-09-24 10:22:16                                          aten::_to_copy         0.00%     166.526us         0.03%       3.203ms     177.949us       0.000us         0.00%      42.327ms       2.352ms            18  
2026-09-24 10:22:16                                             aten::copy_         0.00%     229.217us         0.02%       2.802ms     155.641us      42.327ms         0.55%      42.327ms       2.352ms            18  
2026-09-24 10:22:16                          Memcpy HtoD (Pinned -> Device)         0.00%       0.000us         0.00%       0.000us       0.000us      42.327ms         0.55%      42.327ms       2.352ms            18  
2026-09-24 10:22:16                                 aten::_foreach_addcmul_         0.02%       1.961ms         0.07%       8.508ms     945.325us      10.565ms         0.14%      34.020ms       3.780ms             9  
2026-09-24 10:22:16 void cudnn::engines_precompiled::scalePackedTensor_k...         0.00%       0.000us         0.00%       0.000us       0.000us      32.934ms         0.43%      32.934ms     609.897us            54  
2026-09-24 10:22:16                                 aten::_foreach_addcdiv_         0.02%       2.240ms         0.14%      17.504ms       1.945ms      13.711ms         0.18%      27.420ms       3.047ms             9  
2026-09-24 10:22:16                                        aten::max_pool2d         0.00%      36.213us         0.00%     502.436us      55.826us       0.000us         0.00%      24.975ms       2.775ms             9  
2026-09-24 10:22:16                           aten::max_pool2d_with_indices         0.00%     303.886us         0.00%     466.223us      51.803us      24.975ms         0.33%      24.975ms       2.775ms             9  
2026-09-24 10:22:16 void at::native::(anonymous namespace)::max_pool_for...         0.00%       0.000us         0.00%       0.000us       0.000us      24.975ms         0.33%      24.975ms       2.775ms             9  
2026-09-24 10:22:16 void cudnn::bn_fw_tr_1C11_singleread<float, 512, tru...         0.00%       0.000us         0.00%       0.000us       0.000us      23.999ms         0.31%      23.999ms     296.287us            81  
2026-09-24 10:22:16                                     aten::_foreach_div_         0.01%       1.403ms         0.10%      12.578ms       1.398ms       7.398ms         0.10%      18.076ms       2.008ms             9  
2026-09-24 10:22:16                                    aten::_foreach_lerp_         0.01%     743.411us         0.01%       1.795ms     199.450us      10.450ms         0.14%      16.251ms       1.806ms             9  
2026-09-24 10:22:16                                     aten::_foreach_mul_         0.01%       1.441ms         0.22%      27.896ms       3.100ms       7.376ms         0.10%      15.581ms       1.731ms             9  
2026-09-24 10:22:16 void cudnn::winograd_nonfused::winogradForwardFilter...         0.00%       0.000us         0.00%       0.000us       0.000us      15.056ms         0.20%      15.056ms      64.340us           234  
2026-09-24 10:22:16 void at::native::(anonymous namespace)::multi_tensor...         0.00%       0.000us         0.00%       0.000us       0.000us      13.711ms         0.18%      13.711ms     380.856us            36  
2026-09-24 10:22:16 void cudnn::winograd_nonfused::winogradWgradOutput4x...         0.00%       0.000us         0.00%       0.000us       0.000us      12.823ms         0.17%      12.823ms     109.597us           117  
2026-09-24 10:22:16                                             aten::fill_         0.00%     338.346us         0.02%       2.753ms     101.979us      11.924ms         0.16%      11.929ms     441.826us            27  
2026-09-24 10:22:16 void at::native::vectorized_elementwise_kernel<4, at...         0.00%       0.000us         0.00%       0.000us       0.000us      11.924ms         0.16%      11.924ms     441.622us            27  
2026-09-24 10:22:16                                             aten::zero_         0.00%      92.916us         0.01%       1.406ms      78.123us       0.000us         0.00%      11.907ms     661.505us            18  
2026-09-24 10:22:16                                     aten::_foreach_add_         0.02%       2.728ms         0.04%       5.349ms     297.149us       7.332ms         0.10%      11.401ms     633.388us            18  
2026-09-24 10:22:16                                     aten::_foreach_sqrt         0.02%       2.213ms         0.09%      10.930ms       1.214ms       7.484ms         0.10%      10.812ms       1.201ms             9  
2026-09-24 10:22:16 void at::native::(anonymous namespace)::multi_tensor...         0.00%       0.000us         0.00%       0.000us       0.000us      10.565ms         0.14%      10.565ms     293.471us            36  
2026-09-24 10:22:16 void at::native::(anonymous namespace)::multi_tensor...         0.00%       0.000us         0.00%       0.000us       0.000us      10.450ms         0.14%      10.450ms     387.034us            27  
2026-09-24 10:22:16 void at::native::(anonymous namespace)::multi_tensor...         0.00%       0.000us         0.00%       0.000us       0.000us       7.484ms         0.10%       7.484ms     277.167us            27  
2026-09-24 10:22:16 void at::native::(anonymous namespace)::multi_tensor...         0.00%       0.000us         0.00%       0.000us       0.000us       7.398ms         0.10%       7.398ms     274.005us            27  
2026-09-24 10:22:16 void at::native::(anonymous namespace)::multi_tensor...         0.00%       0.000us         0.00%       0.000us       0.000us       7.376ms         0.10%       7.376ms     409.759us            18  
2026-09-24 10:22:16 void at::native::(anonymous namespace)::multi_tensor...         0.00%       0.000us         0.00%       0.000us       0.000us       7.332ms         0.10%       7.332ms     407.316us            18  
2026-09-24 10:22:16                               aten::adaptive_avg_pool2d         0.00%      44.952us         0.00%     512.222us      56.914us       0.000us         0.00%       3.651ms     405.622us             9  
2026-09-24 10:22:16                                              aten::mean         0.00%     338.267us         0.00%     467.270us      51.919us       3.651ms         0.05%       3.651ms     405.622us             9  
2026-09-24 10:22:16 void at::native::reduce_kernel<512, 1, at::native::R...         0.00%       0.000us         0.00%       0.000us       0.000us       3.651ms         0.05%       3.651ms     405.622us             9  
2026-09-24 10:22:16      autograd::engine::evaluate_function: MeanBackward1         0.00%      70.776us         0.01%     668.722us      74.302us       0.000us         0.00%       1.717ms     190.737us             9  
2026-09-24 10:22:16                                           MeanBackward1         0.00%      61.561us         0.00%     597.946us      66.438us       0.000us         0.00%       1.717ms     190.737us             9  
2026-09-24 10:22:16                                               aten::div         0.00%     327.065us         0.00%     473.154us      52.573us       1.717ms         0.02%       1.717ms     190.737us             9  
2026-09-24 10:22:16 void at::native::elementwise_kernel<128, 2, at::nati...         0.00%       0.000us         0.00%       0.000us       0.000us       1.717ms         0.02%       1.717ms     190.737us             9  
2026-09-24 10:22:16 void at::native::vectorized_elementwise_kernel<2, at...         0.00%       0.000us         0.00%       0.000us       0.000us       1.388ms         0.02%       1.388ms       2.910us           477  
2026-09-24 10:22:16 void cask__5x_cudnn::computeOffsetsKernel<false, fal...         0.00%       0.000us         0.00%       0.000us       0.000us       1.088ms         0.01%       1.088ms       3.182us           342  
2026-09-24 10:22:16                                         Memset (Device)         0.00%       0.000us         0.00%       0.000us       0.000us     579.802us         0.01%     579.802us       4.026us           144  
2026-09-24 10:22:16 void cask__5x_cudnn::computeOffsetsKernel<true, fals...         0.00%       0.000us         0.00%       0.000us       0.000us     507.390us         0.01%     507.390us       3.316us           153  
2026-09-24 10:22:16 cask__5x_cudnn::computeBOffsetsKernel(cask__5x_cudnn...         0.00%       0.000us         0.00%       0.000us       0.000us     384.865us         0.01%     384.865us       2.515us           153  
2026-09-24 10:22:16                                            aten::linear         0.00%      67.560us         0.07%       8.337ms     926.368us       0.000us         0.00%     331.167us      36.796us             9  
2026-09-24 10:22:16                                             aten::addmm         0.01%     661.011us         0.06%       8.139ms     904.359us     199.967us         0.00%     331.167us      36.796us             9  
2026-09-24 10:22:16     autograd::engine::evaluate_function: AddmmBackward0         0.00%     271.444us         0.18%      23.088ms       2.565ms       0.000us         0.00%     327.806us      36.423us             9  
2026-09-24 10:22:16                                          AddmmBackward0         0.00%     163.798us         0.11%      14.470ms       1.608ms       0.000us         0.00%     202.302us      22.478us             9  
2026-09-24 10:22:16                                                aten::mm         0.01%     767.834us         0.11%      14.060ms     781.096us     202.302us         0.00%     202.302us      11.239us            18  
2026-09-24 10:22:16 -------------------------------------------------------  ------------  ------------  ------------  ------------  ------------  ------------  ------------  ------------  ------------  ------------  
2026-09-24 10:22:16 Self CPU time total: 12.753s
2026-09-24 10:22:16 Self CUDA time total: 7.655s
2026-09-24 10:22:17 
2026-09-24 10:22:17 Train 1st Epoch Profiler:
2026-09-24 10:22:17 -------------------------------------------------------  ------------  ------------  ------------  ------------  ------------  ------------  ------------  ------------  ------------  ------------  
2026-09-24 10:22:17                                                    Name    Self CPU %      Self CPU   CPU total %     CPU total  CPU time avg     Self CUDA   Self CUDA %    CUDA total  CUDA time avg    # of Calls  
2026-09-24 10:22:17 -------------------------------------------------------  ------------  ------------  ------------  ------------  ------------  ------------  ------------  ------------  ------------  ------------  
2026-09-24 10:22:17                                        cudaLaunchKernel        13.28%     660.812ms        25.80%        1.284s     519.663us       0.000us         0.00%     157.387ms      63.719us          2470  
2026-09-24 10:22:17 enumerate(DataLoader)#_MultiProcessingDataLoaderIter...        24.63%        1.226s        25.32%        1.260s     315.013ms       0.000us         0.00%       0.000us       0.000us             4  
2026-09-24 10:22:17                                   cudaDeviceSynchronize        25.23%        1.255s        25.23%        1.255s        1.255s       0.000us         0.00%       0.000us       0.000us             1  
2026-09-24 10:22:17                        Runtime Triggered Module Loading        19.12%     951.400ms        19.12%     951.492ms      14.867ms     101.465ms         4.05%     101.465ms       1.585ms            64  
2026-09-24 10:22:17 autograd::engine::evaluate_function: ConvolutionBack...         0.06%       2.812ms        11.15%     554.611ms       3.488ms       0.000us         0.00%        1.170s       7.360ms           159  
2026-09-24 10:22:17                                    ConvolutionBackward0         0.02%     832.892us        10.84%     539.145ms       3.391ms       0.000us         0.00%        1.091s       6.864ms           159  
2026-09-24 10:22:17                              aten::convolution_backward         0.52%      26.119ms        10.82%     538.312ms       3.386ms        1.091s        43.60%        1.091s       6.864ms           159  
2026-09-24 10:22:17                                     Command Buffer Full         6.33%     314.894ms         6.33%     314.894ms       1.166ms      13.502ms         0.54%      13.502ms      50.008us           270  
2026-09-24 10:22:17                                Optimizer.step#Adam.step         0.24%      11.872ms         5.62%     279.462ms      93.154ms       0.000us         0.00%      52.942ms      17.647ms             3  
2026-09-24 10:22:17                                           cudaHostAlloc         4.96%     246.983ms         4.97%     247.148ms      41.191ms       0.000us         0.00%     381.694us      63.616us             6  
2026-09-24 10:22:17                               aten::adaptive_avg_pool2d         0.00%      22.377us         4.83%     240.303ms      80.101ms       0.000us         0.00%       1.938ms     646.109us             3  
2026-09-24 10:22:17                                              aten::mean         0.00%     182.880us         4.83%     240.280ms      80.093ms       1.175ms         0.05%       1.938ms     646.109us             3  
2026-09-24 10:22:17                                            aten::conv2d         0.01%     357.321us         3.91%     194.751ms       1.225ms       0.000us         0.00%     581.976ms       3.660ms           159  
2026-09-24 10:22:17                                       aten::convolution         0.03%       1.571ms         3.91%     194.394ms       1.223ms       0.000us         0.00%     581.976ms       3.660ms           159  
2026-09-24 10:22:17                                      aten::_convolution         0.02%       1.065ms         3.88%     192.823ms       1.213ms       0.000us         0.00%     581.976ms       3.660ms           159  
2026-09-24 10:22:17                                    aten::_foreach_lerp_         0.01%     260.566us         3.87%     192.526ms      64.175ms       3.486ms         0.14%       6.994ms       2.331ms             3  
2026-09-24 10:22:17                                 aten::cudnn_convolution         2.21%     110.096ms         3.85%     191.758ms       1.206ms     462.527ms        18.48%     581.976ms       3.660ms           159  
2026-09-24 10:22:17      autograd::engine::evaluate_function: ReluBackward0         0.03%       1.282ms         1.41%      69.913ms     475.596us       0.000us         0.00%     135.482ms     921.645us           147  
2026-09-24 10:22:17                                           ReluBackward0         0.01%     661.381us         1.38%      68.631ms     466.877us       0.000us         0.00%     135.482ms     921.645us           147  
2026-09-24 10:22:17                                aten::threshold_backward         0.06%       2.738ms         1.37%      67.970ms     462.378us     135.482ms         5.41%     135.482ms     921.645us           147  
2026-09-24 10:22:17 autograd::engine::evaluate_function: CudnnBatchNormB...         0.05%       2.469ms         1.19%      59.219ms     372.449us       0.000us         0.00%     303.927ms       1.911ms           159  
2026-09-24 10:22:17                                            aten::linear         0.00%      47.393us         1.18%      58.549ms      19.516ms       0.000us         0.00%     134.783us      44.928us             3  
2026-09-24 10:22:17                                             aten::addmm         0.73%      36.510ms         1.17%      58.443ms      19.481ms      62.207us         0.00%     134.783us      44.928us             3  
2026-09-24 10:22:17                                 CudnnBatchNormBackward0         0.02%     830.476us         1.14%      56.750ms     356.921us       0.000us         0.00%     303.927ms       1.911ms           159  
2026-09-24 10:22:17                         aten::cudnn_batch_norm_backward         0.10%       4.827ms         1.12%      55.920ms     351.697us     303.927ms        12.14%     303.927ms       1.911ms           159  
2026-09-24 10:22:17                                              aten::add_         0.09%       4.677ms         0.76%      37.704ms      50.882us     157.528ms         6.29%     161.288ms     217.663us           741  
2026-09-24 10:22:17                                        aten::batch_norm         0.01%     278.097us         0.65%      32.190ms     202.450us       0.000us         0.00%     202.775ms       1.275ms           159  
2026-09-24 10:22:17                            aten::_batch_norm_impl_index         0.01%     721.391us         0.64%      31.911ms     200.701us       0.000us         0.00%     202.775ms       1.275ms           159  
2026-09-24 10:22:17                                  aten::cudnn_batch_norm         0.18%       9.177ms         0.63%      31.190ms     196.164us     186.430ms         7.45%     202.775ms       1.275ms           159  
2026-09-24 10:22:17                                     aten::_foreach_sqrt         0.01%     736.125us         0.58%      29.085ms       9.695ms       2.500ms         0.10%       5.843ms       1.948ms             3  
2026-09-24 10:22:17                                             aten::relu_         0.04%       1.828ms         0.55%      27.304ms     185.744us       0.000us         0.00%     101.000ms     687.078us           147  
2026-09-24 10:22:17                                        aten::clamp_min_         0.03%       1.515ms         0.51%      25.477ms     173.312us      93.310ms         3.73%     101.000ms     687.078us           147  
2026-09-24 10:22:17                                aten::cross_entropy_loss         0.00%      56.022us         0.51%      25.203ms       8.401ms       0.000us         0.00%      35.260us      11.753us             3  
2026-09-24 10:22:17                                       aten::log_softmax         0.00%      33.141us         0.36%      17.739ms       5.913ms       0.000us         0.00%      13.212us       4.404us             3  
2026-09-24 10:22:17                                      aten::_log_softmax         0.00%     137.562us         0.36%      17.704ms       5.901ms       7.167us         0.00%      13.212us       4.404us             3  
2026-09-24 10:22:17                                              cudaMalloc         0.33%      16.554ms         0.33%      16.554ms     151.874us       0.000us         0.00%       0.000us       0.000us           109  
2026-09-24 10:22:17                                    cudaGetSymbolAddress         0.32%      15.812ms         0.33%      16.216ms      16.216ms       0.000us         0.00%      18.250ms      18.250ms             1  
2026-09-24 10:22:17                                             aten::empty         0.18%       8.771ms         0.28%      13.818ms       7.847us       0.000us         0.00%       0.000us       0.000us          1761  
2026-09-24 10:22:17                                         cudaMemsetAsync         0.27%      13.638ms         0.27%      13.638ms      63.433us       0.000us         0.00%       0.000us       0.000us           215  
2026-09-24 10:22:17                                     aten::_foreach_mul_         0.01%     525.986us         0.26%      12.941ms       4.314ms       2.449ms         0.10%       6.532ms       2.177ms             3  
2026-09-24 10:22:17      autograd::engine::evaluate_function: MeanBackward1         0.00%      28.488us         0.23%      11.669ms       3.890ms       0.000us         0.00%     548.188us     182.729us             3  
2026-09-24 10:22:17                                           MeanBackward1         0.00%      34.580us         0.23%      11.640ms       3.880ms       0.000us         0.00%     548.188us     182.729us             3  
2026-09-24 10:22:17                                               aten::div         0.00%     169.880us         0.23%      11.582ms       3.861ms     548.188us         0.02%     548.188us     182.729us             3  
2026-09-24 10:22:17                                        aten::empty_like         0.02%     824.114us         0.21%      10.462ms      21.616us       0.000us         0.00%       0.000us       0.000us           484  
2026-09-24 10:22:17                                             aten::fill_         0.04%       1.742ms         0.21%      10.317ms      31.171us       5.116ms         0.20%       5.120ms      15.467us           331  
2026-09-24 10:22:17                                        aten::zeros_like         0.01%     742.793us         0.21%      10.235ms      31.784us       0.000us         0.00%       1.144ms       3.553us           322  
2026-09-24 10:22:17     autograd::engine::evaluate_function: AddmmBackward0         0.00%     102.941us         0.20%      10.121ms       3.374ms       0.000us         0.00%      92.927us      30.976us             3  
2026-09-24 10:22:17                                     aten::_foreach_div_         0.01%     575.879us         0.20%       9.922ms       3.307ms       2.485ms         0.10%       7.475ms       2.492ms             3  
2026-09-24 10:22:17                                               aten::sum         0.00%     124.336us         0.18%       8.955ms       2.985ms      34.752us         0.00%      34.752us      11.584us             3  
2026-09-24 10:22:17                                     aten::empty_strided         0.09%       4.704ms         0.16%       7.960ms       9.779us       0.000us         0.00%       0.000us       0.000us           814  
2026-09-24 10:22:17                                       aten::nll_loss_nd         0.00%      19.760us         0.15%       7.408ms       2.469ms       0.000us         0.00%      22.048us       7.349us             3  
2026-09-24 10:22:17                                          aten::nll_loss         0.00%      20.935us         0.15%       7.388ms       2.463ms       0.000us         0.00%      22.048us       7.349us             3  
2026-09-24 10:22:17                                  aten::nll_loss_forward         0.00%     108.411us         0.15%       7.367ms       2.456ms      12.640us         0.00%      22.048us       7.349us             3  
2026-09-24 10:22:17           cudaOccupancyMaxActiveBlocksPerMultiprocessor         0.02%       1.218ms         0.14%       7.100ms       9.185us       0.000us         0.00%      10.686ms      13.824us           773  
2026-09-24 10:22:17                                         aten::ones_like         0.00%      18.874us         0.12%       6.060ms       2.020ms       0.000us         0.00%       8.292us       2.764us             3  
2026-09-24 10:22:17                                                cudaFree         0.11%       5.686ms         0.11%       5.686ms       1.422ms       0.000us         0.00%       0.000us       0.000us             4  
2026-09-24 10:22:17                                 aten::_foreach_addcmul_         0.01%     558.202us         0.11%       5.457ms       1.819ms       3.514ms         0.14%      11.706ms       3.902ms             3  
2026-09-24 10:22:17                                             aten::zero_         0.02%     789.184us         0.10%       5.121ms      15.612us       0.000us         0.00%       5.111ms      15.583us           328  
2026-09-24 10:22:17 autograd::engine::evaluate_function: torch::autograd...         0.05%       2.290ms         0.10%       5.040ms      10.435us       0.000us         0.00%       0.000us       0.000us           483  
2026-09-24 10:22:17                                 aten::_foreach_addcdiv_         0.02%       1.019ms         0.08%       4.109ms       1.370ms       4.573ms         0.18%       9.153ms       3.051ms             3  
2026-09-24 10:22:17                                   Lazy Function Loading         0.07%       3.359ms         0.07%       3.359ms      43.068us      75.063ms         3.00%      75.063ms     962.351us            78  
2026-09-24 10:22:17                                  cudaDeviceGetAttribute         0.06%       2.844ms         0.06%       2.844ms      41.219us       0.000us         0.00%       0.000us       0.000us            69  
2026-09-24 10:22:17                         torch::autograd::AccumulateGrad         0.03%       1.341ms         0.06%       2.750ms       5.694us       0.000us         0.00%       0.000us       0.000us           483  
2026-09-24 10:22:17                                        aten::max_pool2d         0.00%      27.965us         0.05%       2.546ms     848.551us       0.000us         0.00%      19.534ms       6.511ms             3  
2026-09-24 10:22:17                           aten::max_pool2d_with_indices         0.00%     163.700us         0.05%       2.518ms     839.229us       8.320ms         0.33%      19.534ms       6.511ms             3  
2026-09-24 10:22:17                                            Unrecognized         0.05%       2.342ms         0.05%       2.342ms       2.342ms       0.000us         0.00%       0.000us       0.000us             1  
2026-09-24 10:22:17                              cudaGetDeviceProperties_v2         0.03%       1.563ms         0.03%       1.563ms     781.276us       0.000us         0.00%       0.000us       0.000us             2  
2026-09-24 10:22:17                                     aten::_foreach_add_         0.02%     799.496us         0.03%       1.517ms     252.793us       2.454ms         0.10%       4.095ms     682.519us             6  
2026-09-24 10:22:17                                            aten::detach         0.01%     482.704us         0.03%       1.436ms       2.954us       0.000us         0.00%       0.000us       0.000us           486  
2026-09-24 10:22:17                                              aten::item         0.02%     881.448us         0.02%       1.062ms       1.097us       0.000us         0.00%       0.000us       0.000us           968  
2026-09-24 10:22:17                                          AddmmBackward0         0.00%      74.424us         0.02%       1.048ms     349.306us       0.000us         0.00%      58.175us      19.392us             3  
2026-09-24 10:22:17                                                aten::to         0.00%     243.051us         0.02%     979.471us       2.950us       0.000us         0.00%      14.120ms      42.532us           332  
2026-09-24 10:22:17                                                  detach         0.02%     952.980us         0.02%     952.980us       1.961us       0.000us         0.00%       0.000us       0.000us           486  
2026-09-24 10:22:17                      Optimizer.zero_grad#Adam.zero_grad         0.02%     897.039us         0.02%     897.039us     299.013us       0.000us         0.00%       0.000us       0.000us             3  
2026-09-24 10:22:17                                                aten::mm         0.01%     489.402us         0.02%     887.990us     147.998us      58.175us         0.00%      58.175us       9.696us             6  
2026-09-24 10:22:17                                              aten::view         0.02%     883.530us         0.02%     883.530us       2.702us       0.000us         0.00%       0.000us       0.000us           327  
2026-09-24 10:22:17 autograd::engine::evaluate_function: MaxPool2DWithIn...         0.00%      36.629us         0.02%     880.722us     293.574us       0.000us         0.00%      25.484ms       8.495ms             3  
2026-09-24 10:22:17                           MaxPool2DWithIndicesBackward0         0.00%      35.082us         0.02%     844.093us     281.364us       0.000us         0.00%      25.484ms       8.495ms             3  
2026-09-24 10:22:17                  aten::max_pool2d_with_indices_backward         0.00%      75.129us         0.02%     809.011us     269.670us      21.522ms         0.86%      25.484ms       8.495ms             3  
2026-09-24 10:22:17                                          aten::_to_copy         0.00%      58.726us         0.01%     736.420us     122.737us       0.000us         0.00%      14.120ms       2.353ms             6  
2026-09-24 10:22:17                               cudaStreamCreateWithFlags         0.01%     698.674us         0.01%     698.674us      21.834us       0.000us         0.00%       0.000us       0.000us            32  
2026-09-24 10:22:17 cudaOccupancyMaxActiveBlocksPerMultiprocessorWithFla...         0.00%     232.632us         0.01%     632.438us       3.765us       0.000us         0.00%       3.200ms      19.049us           168  
2026-09-24 10:22:17 autograd::engine::evaluate_function: NllLossBackward...         0.00%      70.377us         0.01%     456.553us     152.184us       0.000us         0.00%      14.176us       4.725us             3  
2026-09-24 10:22:17                                        NllLossBackward0         0.00%      45.175us         0.01%     386.176us     128.725us       0.000us         0.00%      14.176us       4.725us             3  
2026-09-24 10:22:17       autograd::engine::evaluate_function: AddBackward0         0.01%     277.242us         0.01%     346.199us       7.212us       0.000us         0.00%       0.000us       0.000us            48  
2026-09-24 10:22:17                                 aten::nll_loss_backward         0.00%     116.748us         0.01%     341.001us     113.667us       9.088us         0.00%      14.176us       4.725us             3  
2026-09-24 10:22:17                                           aten::detach_         0.00%     217.103us         0.01%     331.677us       2.022us       0.000us         0.00%       0.000us       0.000us           164  
2026-09-24 10:22:17                                       aten::result_type         0.01%     250.319us         0.01%     250.319us       0.104us       0.000us         0.00%       0.000us       0.000us          2415  
2026-09-24 10:22:17                                             aten::copy_         0.00%      79.725us         0.00%     235.126us      39.188us      14.120ms         0.56%      14.120ms       2.353ms             6  
2026-09-24 10:22:17 autograd::engine::evaluate_function: LogSoftmaxBackw...         0.00%      37.214us         0.00%     223.024us      74.341us       0.000us         0.00%       6.080us       2.027us             3  
2026-09-24 10:22:17                                     cudaPeekAtLastError         0.00%     218.230us         0.00%     218.230us       0.193us       0.000us         0.00%       0.000us       0.000us          1128  
2026-09-24 10:22:17                                     LogSoftmaxBackward0         0.00%      35.795us         0.00%     185.810us      61.937us       0.000us         0.00%       6.080us       2.027us             3  
2026-09-24 10:22:17                                   cudaStreamIsCapturing         0.00%     180.898us         0.00%     180.898us       1.739us       0.000us         0.00%       0.000us       0.000us           104  
2026-09-24 10:22:17                               aten::_local_scalar_dense         0.00%     180.696us         0.00%     180.696us       0.187us       0.000us         0.00%       0.000us       0.000us           968  
2026-09-24 10:22:17                                          aten::randperm         0.00%      69.666us         0.00%     171.615us      42.904us       0.000us         0.00%       0.000us       0.000us             4  
2026-09-24 10:22:17                                                 aten::t         0.00%      85.364us         0.00%     164.933us      10.996us       0.000us         0.00%       0.000us       0.000us            15  
2026-09-24 10:22:17                                         cudaMemcpyAsync         0.00%     155.401us         0.00%     155.401us      25.900us       0.000us         0.00%       0.000us       0.000us             6  
2026-09-24 10:22:17                        aten::_log_softmax_backward_data         0.00%      63.681us         0.00%     150.015us      50.005us       6.080us         0.00%       6.080us       2.027us             3  
2026-09-24 10:22:17                                    cudaFuncSetAttribute         0.00%      84.403us         0.00%     130.418us       4.830us       0.000us         0.00%     126.687us       4.692us            27  
2026-09-24 10:22:17                                                 detach_         0.00%     114.574us         0.00%     114.574us       0.699us       0.000us         0.00%       0.000us       0.000us           164  
2026-09-24 10:22:17 -------------------------------------------------------  ------------  ------------  ------------  ------------  ------------  ------------  ------------  ------------  ------------  ------------  
2026-09-24 10:22:17 Self CPU time total: 4.976s
2026-09-24 10:22:17 Self CUDA time total: 2.503s
2026-09-24 10:22:18 
2026-09-24 10:22:18 -------------------------------------------------------  ------------  ------------  ------------  ------------  ------------  ------------  ------------  ------------  ------------  ------------  
2026-09-24 10:22:18                                                    Name    Self CPU %      Self CPU   CPU total %     CPU total  CPU time avg     Self CUDA   Self CUDA %    CUDA total  CUDA time avg    # of Calls  
2026-09-24 10:22:18 -------------------------------------------------------  ------------  ------------  ------------  ------------  ------------  ------------  ------------  ------------  ------------  ------------  
2026-09-24 10:22:18 autograd::engine::evaluate_function: ConvolutionBack...         0.06%       2.812ms        11.15%     554.611ms       3.488ms       0.000us         0.00%        1.170s       7.360ms           159  
2026-09-24 10:22:18                                    ConvolutionBackward0         0.02%     832.892us        10.84%     539.145ms       3.391ms       0.000us         0.00%        1.091s       6.864ms           159  
2026-09-24 10:22:18                              aten::convolution_backward         0.52%      26.119ms        10.82%     538.312ms       3.386ms        1.091s        43.60%        1.091s       6.864ms           159  
2026-09-24 10:22:18                                            aten::conv2d         0.01%     357.321us         3.91%     194.751ms       1.225ms       0.000us         0.00%     581.976ms       3.660ms           159  
2026-09-24 10:22:18                                       aten::convolution         0.03%       1.571ms         3.91%     194.394ms       1.223ms       0.000us         0.00%     581.976ms       3.660ms           159  
2026-09-24 10:22:18                                      aten::_convolution         0.02%       1.065ms         3.88%     192.823ms       1.213ms       0.000us         0.00%     581.976ms       3.660ms           159  
2026-09-24 10:22:18                                 aten::cudnn_convolution         2.21%     110.096ms         3.85%     191.758ms       1.206ms     462.527ms        18.48%     581.976ms       3.660ms           159  
2026-09-24 10:22:18 autograd::engine::evaluate_function: CudnnBatchNormB...         0.05%       2.469ms         1.19%      59.219ms     372.449us       0.000us         0.00%     303.927ms       1.911ms           159  
2026-09-24 10:22:18                                 CudnnBatchNormBackward0         0.02%     830.476us         1.14%      56.750ms     356.921us       0.000us         0.00%     303.927ms       1.911ms           159  
2026-09-24 10:22:18                         aten::cudnn_batch_norm_backward         0.10%       4.827ms         1.12%      55.920ms     351.697us     303.927ms        12.14%     303.927ms       1.911ms           159  
2026-09-24 10:22:18       _5x_cudnn_volta_scudnn_128x64_relu_interior_nn_v1         0.00%       0.000us         0.00%       0.000us       0.000us     218.540ms         8.73%     218.540ms       2.428ms            90  
2026-09-24 10:22:18                                        aten::batch_norm         0.01%     278.097us         0.65%      32.190ms     202.450us       0.000us         0.00%     202.775ms       1.275ms           159  
2026-09-24 10:22:18                            aten::_batch_norm_impl_index         0.01%     721.391us         0.64%      31.911ms     200.701us       0.000us         0.00%     202.775ms       1.275ms           159  
2026-09-24 10:22:18                                  aten::cudnn_batch_norm         0.18%       9.177ms         0.63%      31.190ms     196.164us     186.430ms         7.45%     202.775ms       1.275ms           159  
2026-09-24 10:22:18                                   volta_sgemm_128x64_nt         0.00%       0.000us         0.00%       0.000us       0.000us     201.858ms         8.06%     201.858ms       1.869ms           108  
2026-09-24 10:22:18                                   volta_sgemm_128x64_tn         0.00%       0.000us         0.00%       0.000us       0.000us     198.322ms         7.92%     198.322ms       2.874ms            69  
2026-09-24 10:22:18                                              aten::add_         0.09%       4.677ms         0.76%      37.704ms      50.882us     157.528ms         6.29%     161.288ms     217.663us           741  
2026-09-24 10:22:18                                        cudaLaunchKernel        13.28%     660.812ms        25.80%        1.284s     519.663us       0.000us         0.00%     157.387ms      63.719us          2470  
2026-09-24 10:22:18 void at::native::vectorized_elementwise_kernel<4, at...         0.00%       0.000us         0.00%       0.000us       0.000us     157.080ms         6.28%     157.080ms       1.587ms            99  
2026-09-24 10:22:18 void cudnn::bn_bw_1C11_kernel_new<float, float, floa...         0.00%       0.000us         0.00%       0.000us       0.000us     147.905ms         5.91%     147.905ms       1.202ms           123  
2026-09-24 10:22:18      _5x_cudnn_volta_scudnn_128x64_stridedB_small_nn_v1         0.00%       0.000us         0.00%       0.000us       0.000us     135.868ms         5.43%     135.868ms       2.664ms            51  
2026-09-24 10:22:18      autograd::engine::evaluate_function: ReluBackward0         0.03%       1.282ms         1.41%      69.913ms     475.596us       0.000us         0.00%     135.482ms     921.645us           147  
2026-09-24 10:22:18                                           ReluBackward0         0.01%     661.381us         1.38%      68.631ms     466.877us       0.000us         0.00%     135.482ms     921.645us           147  
2026-09-24 10:22:18                                aten::threshold_backward         0.06%       2.738ms         1.37%      67.970ms     462.378us     135.482ms         5.41%     135.482ms     921.645us           147  
2026-09-24 10:22:18 void at::native::vectorized_elementwise_kernel<4, at...         0.00%       0.000us         0.00%       0.000us       0.000us     135.482ms         5.41%     135.482ms     921.645us           147  
2026-09-24 10:22:18 void cudnn::bn_bw_1C11_kernel_new<float, float, floa...         0.00%       0.000us         0.00%       0.000us       0.000us     133.375ms         5.33%     133.375ms       4.042ms            33  
2026-09-24 10:22:18         _5x_cudnn_volta_scudnn_128x128_relu_small_nn_v1         0.00%       0.000us         0.00%       0.000us       0.000us     102.540ms         4.10%     102.540ms       4.883ms            21  
2026-09-24 10:22:18                        Runtime Triggered Module Loading        19.12%     951.400ms        19.12%     951.492ms      14.867ms     101.465ms         4.05%     101.465ms       1.585ms            64  
2026-09-24 10:22:18                                             aten::relu_         0.04%       1.828ms         0.55%      27.304ms     185.744us       0.000us         0.00%     101.000ms     687.078us           147  
2026-09-24 10:22:18                                        aten::clamp_min_         0.03%       1.515ms         0.51%      25.477ms     173.312us      93.310ms         3.73%     101.000ms     687.078us           147  
2026-09-24 10:22:18 void at::native::vectorized_elementwise_kernel<4, at...         0.00%       0.000us         0.00%       0.000us       0.000us      93.310ms         3.73%      93.310ms     634.764us           147  
2026-09-24 10:22:18 void cudnn::bn_fw_tr_1C11_kernel_NCHW<float, float, ...         0.00%       0.000us         0.00%       0.000us       0.000us      82.605ms         3.30%      82.605ms       2.503ms            33  
2026-09-24 10:22:18 void cudnn::bn_fw_tr_1C11_kernel_NCHW<float, float, ...         0.00%       0.000us         0.00%       0.000us       0.000us      81.604ms         3.26%      81.604ms     850.044us            96  
2026-09-24 10:22:18 void cudnn::cnn::wgrad_alg1_engine<float, float, 128...         0.00%       0.000us         0.00%       0.000us       0.000us      80.550ms         3.22%      80.550ms       3.836ms            21  
2026-09-24 10:22:18 void cudnn::detail::dgrad_engine<float, 512, 6, 5, 3...         0.00%       0.000us         0.00%       0.000us       0.000us      76.729ms         3.07%      76.729ms       8.525ms             9  
2026-09-24 10:22:18                                   Lazy Function Loading         0.07%       3.359ms         0.07%       3.359ms      43.068us      75.063ms         3.00%      75.063ms     962.351us            78  
2026-09-24 10:22:18                                    volta_sgemm_64x64_tn         0.00%       0.000us         0.00%       0.000us       0.000us      74.719ms         2.99%      74.719ms       4.981ms            15  
2026-09-24 10:22:18 _5x_cudnn_turing_scudnn_128x64_stridedB_splitK_xregs...         0.00%       0.000us         0.00%       0.000us       0.000us      74.650ms         2.98%      74.650ms       6.221ms            12  
2026-09-24 10:22:18                                   volta_sgemm_128x64_nn         0.00%       0.000us         0.00%       0.000us       0.000us      74.549ms         2.98%      74.549ms       1.657ms            45  
2026-09-24 10:22:18                                Optimizer.step#Adam.step         0.00%       0.000us         0.00%       0.000us       0.000us      66.490ms         2.66%      66.490ms      22.163ms             3  
2026-09-24 10:22:18 void cudnn::detail::dgrad_engine<float, 128, 6, 8, 3...         0.00%       0.000us         0.00%       0.000us       0.000us      62.169ms         2.48%      62.169ms       6.908ms             9  
2026-09-24 10:22:18                                Optimizer.step#Adam.step         0.24%      11.872ms         5.62%     279.462ms      93.154ms       0.000us         0.00%      52.942ms      17.647ms             3  
2026-09-24 10:22:18 void cudnn::winograd_nonfused::winogradForwardData4x...         0.00%       0.000us         0.00%       0.000us       0.000us      49.491ms         1.98%      49.491ms     634.503us            78  
2026-09-24 10:22:18 void cudnn::winograd_nonfused::winogradForwardOutput...         0.00%       0.000us         0.00%       0.000us       0.000us      44.576ms         1.78%      44.576ms     571.493us            78  
2026-09-24 10:22:18                                    volta_sgemm_64x64_nt         0.00%       0.000us         0.00%       0.000us       0.000us      32.967ms         1.32%      32.967ms       1.831ms            18  
2026-09-24 10:22:18 void cudnn::winograd_nonfused::winogradWgradDelta4x4...         0.00%       0.000us         0.00%       0.000us       0.000us      25.580ms         1.02%      25.580ms     655.907us            39  
2026-09-24 10:22:18 autograd::engine::evaluate_function: MaxPool2DWithIn...         0.00%      36.629us         0.02%     880.722us     293.574us       0.000us         0.00%      25.484ms       8.495ms             3  
2026-09-24 10:22:18                           MaxPool2DWithIndicesBackward0         0.00%      35.082us         0.02%     844.093us     281.364us       0.000us         0.00%      25.484ms       8.495ms             3  
2026-09-24 10:22:18                  aten::max_pool2d_with_indices_backward         0.00%      75.129us         0.02%     809.011us     269.670us      21.522ms         0.86%      25.484ms       8.495ms             3  
2026-09-24 10:22:18 void cudnn::winograd_nonfused::winogradWgradData4x4<...         0.00%       0.000us         0.00%       0.000us       0.000us      24.580ms         0.98%      24.580ms     630.253us            39  
2026-09-24 10:22:18 void cudnn::bn_bw_1C11_kernel_new<float, float, floa...         0.00%       0.000us         0.00%       0.000us       0.000us      22.645ms         0.90%      22.645ms       7.548ms             3  
2026-09-24 10:22:18 void at::native::(anonymous namespace)::max_pool_bac...         0.00%       0.000us         0.00%       0.000us       0.000us      21.522ms         0.86%      21.522ms       7.174ms             3  
2026-09-24 10:22:18 void cudnn::cnn::reduce_wgrad_nchw_helper<float, flo...         0.00%       0.000us         0.00%       0.000us       0.000us      20.467ms         0.82%      20.467ms     243.660us            84  
2026-09-24 10:22:18                                        aten::max_pool2d         0.00%      27.965us         0.05%       2.546ms     848.551us       0.000us         0.00%      19.534ms       6.511ms             3  
2026-09-24 10:22:18                           aten::max_pool2d_with_indices         0.00%     163.700us         0.05%       2.518ms     839.229us       8.320ms         0.33%      19.534ms       6.511ms             3  
2026-09-24 10:22:18                                    cudaGetSymbolAddress         0.32%      15.812ms         0.33%      16.216ms      16.216ms       0.000us         0.00%      18.250ms      18.250ms             1  
2026-09-24 10:22:18 void wgrad_alg0_engine<float, 128, 6, 8, 3, 3, 5, fa...         0.00%       0.000us         0.00%       0.000us       0.000us      18.041ms         0.72%      18.041ms       6.014ms             3  
2026-09-24 10:22:18         _5x_cudnn_volta_scudnn_128x64_relu_medium_nn_v1         0.00%       0.000us         0.00%       0.000us       0.000us      16.939ms         0.68%      16.939ms       5.646ms             3  
2026-09-24 10:22:18 void cudnn::bn_fw_tr_1C11_kernel_NCHW<float, float, ...         0.00%       0.000us         0.00%       0.000us       0.000us      14.270ms         0.57%      14.270ms       4.757ms             3  
2026-09-24 10:22:18                                                aten::to         0.00%     243.051us         0.02%     979.471us       2.950us       0.000us         0.00%      14.120ms      42.532us           332  
2026-09-24 10:22:18                                          aten::_to_copy         0.00%      58.726us         0.01%     736.420us     122.737us       0.000us         0.00%      14.120ms       2.353ms             6  
2026-09-24 10:22:18                                             aten::copy_         0.00%      79.725us         0.00%     235.126us      39.188us      14.120ms         0.56%      14.120ms       2.353ms             6  
2026-09-24 10:22:18                          Memcpy HtoD (Pinned -> Device)         0.00%       0.000us         0.00%       0.000us       0.000us      14.120ms         0.56%      14.120ms       2.353ms             6  
2026-09-24 10:22:18                                     Command Buffer Full         6.33%     314.894ms         6.33%     314.894ms       1.166ms      13.502ms         0.54%      13.502ms      50.008us           270  
2026-09-24 10:22:18                                 aten::_foreach_addcmul_         0.01%     558.202us         0.11%       5.457ms       1.819ms       3.514ms         0.14%      11.706ms       3.902ms             3  
2026-09-24 10:22:18 void cudnn::engines_precompiled::scalePackedTensor_k...         0.00%       0.000us         0.00%       0.000us       0.000us      10.814ms         0.43%      10.814ms     600.782us            18  
2026-09-24 10:22:18           cudaOccupancyMaxActiveBlocksPerMultiprocessor         0.02%       1.218ms         0.14%       7.100ms       9.185us       0.000us         0.00%      10.686ms      13.824us           773  
2026-09-24 10:22:18                                 aten::_foreach_addcdiv_         0.02%       1.019ms         0.08%       4.109ms       1.370ms       4.573ms         0.18%       9.153ms       3.051ms             3  
2026-09-24 10:22:18 void at::native::(anonymous namespace)::max_pool_for...         0.00%       0.000us         0.00%       0.000us       0.000us       8.320ms         0.33%       8.320ms       2.773ms             3  
2026-09-24 10:22:18 void cudnn::bn_fw_tr_1C11_singleread<float, 512, tru...         0.00%       0.000us         0.00%       0.000us       0.000us       7.951ms         0.32%       7.951ms     294.475us            27  
2026-09-24 10:22:18                                     aten::_foreach_div_         0.01%     575.879us         0.20%       9.922ms       3.307ms       2.485ms         0.10%       7.475ms       2.492ms             3  
2026-09-24 10:22:18                                    aten::_foreach_lerp_         0.01%     260.566us         3.87%     192.526ms      64.175ms       3.486ms         0.14%       6.994ms       2.331ms             3  
2026-09-24 10:22:18                                     aten::_foreach_mul_         0.01%     525.986us         0.26%      12.941ms       4.314ms       2.449ms         0.10%       6.532ms       2.177ms             3  
2026-09-24 10:22:18                                     aten::_foreach_sqrt         0.01%     736.125us         0.58%      29.085ms       9.695ms       2.500ms         0.10%       5.843ms       1.948ms             3  
2026-09-24 10:22:18                                             aten::fill_         0.04%       1.742ms         0.21%      10.317ms      31.171us       5.116ms         0.20%       5.120ms      15.467us           331  
2026-09-24 10:22:18 void at::native::vectorized_elementwise_kernel<4, at...         0.00%       0.000us         0.00%       0.000us       0.000us       5.116ms         0.20%       5.116ms      15.457us           331  
2026-09-24 10:22:18                                             aten::zero_         0.02%     789.184us         0.10%       5.121ms      15.612us       0.000us         0.00%       5.111ms      15.583us           328  
2026-09-24 10:22:18 void cudnn::winograd_nonfused::winogradForwardFilter...         0.00%       0.000us         0.00%       0.000us       0.000us       5.027ms         0.20%       5.027ms      64.450us            78  
2026-09-24 10:22:18 void at::native::(anonymous namespace)::multi_tensor...         0.00%       0.000us         0.00%       0.000us       0.000us       4.573ms         0.18%       4.573ms     381.091us            12  
2026-09-24 10:22:18                                     aten::_foreach_add_         0.02%     799.496us         0.03%       1.517ms     252.793us       2.454ms         0.10%       4.095ms     682.519us             6  
2026-09-24 10:22:18 void cudnn::winograd_nonfused::winogradWgradOutput4x...         0.00%       0.000us         0.00%       0.000us       0.000us       3.971ms         0.16%       3.971ms     101.813us            39  
2026-09-24 10:22:18 void at::native::(anonymous namespace)::multi_tensor...         0.00%       0.000us         0.00%       0.000us       0.000us       3.514ms         0.14%       3.514ms     292.835us            12  
2026-09-24 10:22:18 void at::native::(anonymous namespace)::multi_tensor...         0.00%       0.000us         0.00%       0.000us       0.000us       3.486ms         0.14%       3.486ms     387.351us             9  
2026-09-24 10:22:18 cudaOccupancyMaxActiveBlocksPerMultiprocessorWithFla...         0.00%     232.632us         0.01%     632.438us       3.765us       0.000us         0.00%       3.200ms      19.049us           168  
2026-09-24 10:22:18 void at::native::(anonymous namespace)::multi_tensor...         0.00%       0.000us         0.00%       0.000us       0.000us       2.500ms         0.10%       2.500ms     277.730us             9  
2026-09-24 10:22:18 void at::native::(anonymous namespace)::multi_tensor...         0.00%       0.000us         0.00%       0.000us       0.000us       2.485ms         0.10%       2.485ms     276.084us             9  
2026-09-24 10:22:18 void at::native::(anonymous namespace)::multi_tensor...         0.00%       0.000us         0.00%       0.000us       0.000us       2.454ms         0.10%       2.454ms     409.006us             6  
2026-09-24 10:22:18 void at::native::(anonymous namespace)::multi_tensor...         0.00%       0.000us         0.00%       0.000us       0.000us       2.449ms         0.10%       2.449ms     408.152us             6  
2026-09-24 10:22:18                               aten::adaptive_avg_pool2d         0.00%      22.377us         4.83%     240.303ms      80.101ms       0.000us         0.00%       1.938ms     646.109us             3  
2026-09-24 10:22:18                                              aten::mean         0.00%     182.880us         4.83%     240.280ms      80.093ms       1.175ms         0.05%       1.938ms     646.109us             3  
2026-09-24 10:22:18 void at::native::reduce_kernel<512, 1, at::native::R...         0.00%       0.000us         0.00%       0.000us       0.000us       1.175ms         0.05%       1.175ms     391.646us             3  
2026-09-24 10:22:18                                        aten::zeros_like         0.01%     742.793us         0.21%      10.235ms      31.784us       0.000us         0.00%       1.144ms       3.553us           322  
2026-09-24 10:22:18                                         cudaEventRecord         0.00%      22.944us         0.00%      22.944us       3.824us     644.060us         0.03%     644.060us     107.343us             6  
2026-09-24 10:22:18      autograd::engine::evaluate_function: MeanBackward1         0.00%      28.488us         0.23%      11.669ms       3.890ms       0.000us         0.00%     548.188us     182.729us             3  
2026-09-24 10:22:18                                           MeanBackward1         0.00%      34.580us         0.23%      11.640ms       3.880ms       0.000us         0.00%     548.188us     182.729us             3  
2026-09-24 10:22:18                                               aten::div         0.00%     169.880us         0.23%      11.582ms       3.861ms     548.188us         0.02%     548.188us     182.729us             3  
2026-09-24 10:22:18 void at::native::elementwise_kernel<128, 2, at::nati...         0.00%       0.000us         0.00%       0.000us       0.000us     548.188us         0.02%     548.188us     182.729us             3  
2026-09-24 10:22:18 void at::native::vectorized_elementwise_kernel<2, at...         0.00%       0.000us         0.00%       0.000us       0.000us     447.389us         0.02%     447.389us       2.814us           159  
2026-09-24 10:22:18                                           cudaHostAlloc         4.96%     246.983ms         4.97%     247.148ms      41.191ms       0.000us         0.00%     381.694us      63.616us             6  
2026-09-24 10:22:18 void cask__5x_cudnn::computeOffsetsKernel<false, fal...         0.00%       0.000us         0.00%       0.000us       0.000us     349.722us         0.01%     349.722us       3.068us           114  
2026-09-24 10:22:18 -------------------------------------------------------  ------------  ------------  ------------  ------------  ------------  ------------  ------------  ------------  ------------  ------------  
2026-09-24 10:22:18 Self CPU time total: 4.976s
2026-09-24 10:22:18 Self CUDA time total: 2.503s
2026-09-24 10:22:18 
2026-09-24 10:22:18 total time:20.526044
