2026-09-24 10:31:30 /root/.pyenv/versions/3.11.1/lib/python3.11/site-packages/torchvision/io/image.py:13: UserWarning: Failed to load image Python extension: '/root/.pyenv/versions/3.11.1/lib/python3.11/site-packages/torchvision/image.so: undefined symbol: _ZN3c1017RegisterOperatorsD1Ev'If you don't plan on using image functionality from `torchvision.io`, you can ignore this warning. Otherwise, there might be something wrong with your environment. Did you have `libjpeg` or `libpng` installed before building `torchvision` from source?
2026-09-24 10:31:30   warn(
2026-09-24 10:31:34 /root/.pyenv/versions/3.11.1/lib/python3.11/site-packages/torchvision/datapoints/__init__.py:12: UserWarning: The torchvision.datapoints and torchvision.transforms.v2 namespaces are still Beta. While we do not expect major breaking changes, some APIs may still change according to user feedback. Please submit any feedback you may have in this issue: https://github.com/pytorch/vision/issues/6753, and you can also check out https://github.com/pytorch/vision/issues/7319 to learn more about the APIs that we suspect might involve future changes. You can silence this warning by calling torchvision.disable_beta_transforms_warning().
2026-09-24 10:31:34   warnings.warn(_BETA_TRANSFORMS_WARNING)
2026-09-24 10:31:34 /root/.pyenv/versions/3.11.1/lib/python3.11/site-packages/torchvision/transforms/v2/__init__.py:54: UserWarning: The torchvision.datapoints and torchvision.transforms.v2 namespaces are still Beta. While we do not expect major breaking changes, some APIs may still change according to user feedback. Please submit any feedback you may have in this issue: https://github.com/pytorch/vision/issues/6753, and you can also check out https://github.com/pytorch/vision/issues/7319 to learn more about the APIs that we suspect might involve future changes. You can silence this warning by calling torchvision.disable_beta_transforms_warning().
2026-09-24 10:31:34   warnings.warn(_BETA_TRANSFORMS_WARNING)
2026-09-24 10:31:35 load image
2026-09-24 10:31:35 split dataset
2026-09-24 10:31:35 288 72 items
2026-09-24 10:31:35 3 batch
2026-09-24 10:31:35 load model
2026-09-24 10:31:35 train model
2026-09-24 10:32:18 Epoch 1/4, Loss: 1.8670 Time: 26.6093
2026-09-24 10:32:18 Epoch 2/4, Loss: 0.1965 Time: 5.1995
2026-09-24 10:32:18 Epoch 3/4, Loss: 0.0035 Time: 5.3408
2026-09-24 10:32:18 Epoch 4/4, Loss: 0.0005 Time: 4.7116
2026-09-24 10:32:18 Train Profiler:
2026-09-24 10:32:18 -------------------------------------------------------  ------------  ------------  ------------  ------------  ------------  ------------  ------------  ------------  ------------  ------------  
2026-09-24 10:32:18                                                    Name    Self CPU %      Self CPU   CPU total %     CPU total  CPU time avg     Self CUDA   Self CUDA %    CUDA total  CUDA time avg    # of Calls  
2026-09-24 10:32:18 -------------------------------------------------------  ------------  ------------  ------------  ------------  ------------  ------------  ------------  ------------  ------------  ------------  
2026-09-24 10:32:18 enumerate(DataLoader)#_MultiProcessingDataLoaderIter...        30.13%        3.927s        30.18%        3.934s     327.825ms       0.000us         0.00%       0.000us       0.000us            12  
2026-09-24 10:32:18                                   cudaDeviceSynchronize        29.85%        3.891s        29.85%        3.891s        1.297s       0.000us         0.00%       0.000us       0.000us             3  
2026-09-24 10:32:18                                     Command Buffer Full        24.32%        3.171s        24.32%        3.171s       1.415ms        1.239s        16.29%        1.239s     552.916us          2241  
2026-09-24 10:32:18                                        cudaLaunchKernel        12.63%        1.647s        24.08%        3.139s     506.949us       0.000us         0.00%        1.204s     194.460us          6192  
2026-09-24 10:32:18 autograd::engine::evaluate_function: ConvolutionBack...         0.07%       9.214ms        10.43%        1.360s       2.851ms       0.000us         0.00%        3.622s       7.593ms           477  
2026-09-24 10:32:18                                    ConvolutionBackward0         0.02%       2.576ms         9.84%        1.283s       2.689ms       0.000us         0.00%        3.385s       7.097ms           477  
2026-09-24 10:32:18                              aten::convolution_backward         0.30%      38.685ms         9.82%        1.280s       2.684ms        3.385s        44.51%        3.385s       7.097ms           477  
2026-09-24 10:32:18                                            aten::conv2d         0.01%       1.317ms         4.92%     640.958ms       1.344ms       0.000us         0.00%        2.190s       4.592ms           477  
2026-09-24 10:32:18                                       aten::convolution         0.04%       5.234ms         4.91%     639.640ms       1.341ms       0.000us         0.00%        2.190s       4.592ms           477  
2026-09-24 10:32:18                                      aten::_convolution         0.03%       3.509ms         4.87%     634.406ms       1.330ms       0.000us         0.00%        2.190s       4.592ms           477  
2026-09-24 10:32:18                                 aten::cudnn_convolution         0.18%      23.900ms         4.84%     630.897ms       1.323ms        1.375s        18.07%        2.190s       4.592ms           477  
2026-09-24 10:32:18                                              aten::add_         0.11%      14.618ms         2.72%     354.181ms     159.326us     471.952ms         6.21%     544.876ms     245.109us          2223  
2026-09-24 10:32:18                                             aten::relu_         0.05%       7.091ms         2.07%     269.980ms     612.200us       0.000us         0.00%     364.902ms     827.441us           441  
2026-09-24 10:32:18                                        aten::clamp_min_         0.04%       5.513ms         2.02%     262.889ms     596.121us     279.403ms         3.67%     364.902ms     827.441us           441  
2026-09-24 10:32:18                                Optimizer.step#Adam.step         0.19%      24.915ms         1.94%     253.035ms      28.115ms       0.000us         0.00%     160.240ms      17.804ms             9  
2026-09-24 10:32:18                                        aten::batch_norm         0.01%       1.072ms         1.76%     229.393ms     480.907us       0.000us         0.00%     720.400ms       1.510ms           477  
2026-09-24 10:32:18                            aten::_batch_norm_impl_index         0.02%       2.259ms         1.75%     228.320ms     478.659us       0.000us         0.00%     720.400ms       1.510ms           477  
2026-09-24 10:32:18                                  aten::cudnn_batch_norm         0.16%      20.579ms         1.73%     226.061ms     473.922us     558.765ms         7.35%     720.400ms       1.510ms           477  
2026-09-24 10:32:18      autograd::engine::evaluate_function: ReluBackward0         0.03%       4.485ms         1.66%     216.136ms     490.105us       0.000us         0.00%     405.934ms     920.485us           441  
2026-09-24 10:32:18                                           ReluBackward0         0.02%       2.186ms         1.62%     211.652ms     479.936us       0.000us         0.00%     405.934ms     920.485us           441  
2026-09-24 10:32:18                                aten::threshold_backward         0.07%       8.698ms         1.61%     209.466ms     474.979us     405.934ms         5.34%     405.934ms     920.485us           441  
2026-09-24 10:32:18 autograd::engine::evaluate_function: CudnnBatchNormB...         0.07%       8.675ms         1.50%     196.107ms     411.125us       0.000us         0.00%     913.115ms       1.914ms           477  
2026-09-24 10:32:18                                 CudnnBatchNormBackward0         0.02%       2.965ms         1.44%     187.432ms     392.939us       0.000us         0.00%     913.115ms       1.914ms           477  
2026-09-24 10:32:18                         aten::cudnn_batch_norm_backward         0.11%      13.697ms         1.42%     184.466ms     386.722us     913.115ms        12.01%     913.115ms       1.914ms           477  
2026-09-24 10:32:18                                         cudaMemsetAsync         0.74%      96.205ms         0.80%     104.354ms     173.058us       0.000us         0.00%      34.991ms      58.028us           603  
2026-09-24 10:32:18                                    aten::_foreach_lerp_         0.01%     909.475us         0.38%      49.479ms       5.498ms      10.395ms         0.14%      17.330ms       1.926ms             9  
2026-09-24 10:32:18 autograd::engine::evaluate_function: MaxPool2DWithIn...         0.00%     172.926us         0.31%      40.847ms       4.539ms       0.000us         0.00%      79.565ms       8.841ms             9  
2026-09-24 10:32:18                                     aten::_foreach_mul_         0.01%       1.536ms         0.31%      40.683ms       4.520ms       7.246ms         0.10%      16.913ms       1.879ms             9  
2026-09-24 10:32:18                           MaxPool2DWithIndicesBackward0         0.00%      62.613us         0.31%      40.674ms       4.519ms       0.000us         0.00%      79.565ms       8.841ms             9  
2026-09-24 10:32:18                  aten::max_pool2d_with_indices_backward         0.00%     265.230us         0.31%      40.612ms       4.512ms      67.670ms         0.89%      79.565ms       8.841ms             9  
2026-09-24 10:32:18                                 aten::_foreach_addcmul_         0.02%       2.019ms         0.29%      37.803ms       4.200ms      10.515ms         0.14%      24.542ms       2.727ms             9  
2026-09-24 10:32:18                                             aten::fill_         0.00%     352.381us         0.28%      36.221ms       1.342ms      11.928ms         0.16%      11.928ms     441.766us            27  
2026-09-24 10:32:18                                             aten::zero_         0.00%     105.211us         0.28%      36.094ms       2.005ms       0.000us         0.00%      11.912ms     661.758us            18  
2026-09-24 10:32:18                                     aten::_foreach_sqrt         0.02%       2.530ms         0.28%      35.880ms       3.987ms       7.361ms         0.10%      22.081ms       2.453ms             9  
2026-09-24 10:32:18                                             aten::empty         0.22%      28.132ms         0.22%      28.132ms       5.865us       0.000us         0.00%       0.000us       0.000us          4797  
2026-09-24 10:32:18                                 aten::_foreach_addcdiv_         0.02%       2.469ms         0.18%      23.028ms       2.559ms      13.690ms         0.18%      50.187ms       5.576ms             9  
2026-09-24 10:32:18                                     aten::_foreach_add_         0.02%       2.890ms         0.16%      20.292ms       1.127ms       7.260ms         0.10%      12.100ms     672.217us            18  
2026-09-24 10:32:18                                     aten::_foreach_div_         0.01%       1.398ms         0.13%      16.982ms       1.887ms       7.323ms         0.10%      17.087ms       1.899ms             9  
2026-09-24 10:32:18 autograd::engine::evaluate_function: torch::autograd...         0.06%       7.554ms         0.13%      16.470ms      11.367us       0.000us         0.00%       0.000us       0.000us          1449  
2026-09-24 10:32:18                         torch::autograd::AccumulateGrad         0.03%       4.337ms         0.07%       8.917ms       6.154us       0.000us         0.00%       0.000us       0.000us          1449  
2026-09-24 10:32:18                                     aten::empty_strided         0.06%       8.340ms         0.06%       8.340ms       5.651us       0.000us         0.00%       0.000us       0.000us          1476  
2026-09-24 10:32:18                                            Unrecognized         0.05%       6.636ms         0.05%       6.636ms       2.212ms       0.000us         0.00%       0.000us       0.000us             3  
2026-09-24 10:32:18                                        aten::empty_like         0.01%       1.387ms         0.05%       6.400ms      13.168us       0.000us         0.00%       0.000us       0.000us           486  
2026-09-24 10:32:18                                                aten::to         0.00%     592.049us         0.05%       6.096ms      11.884us       0.000us         0.00%      42.238ms      82.335us           513  
2026-09-24 10:32:18                                        aten::max_pool2d         0.00%      40.059us         0.04%       5.757ms     639.699us       0.000us         0.00%      31.897ms       3.544ms             9  
2026-09-24 10:32:18                           aten::max_pool2d_with_indices         0.00%     337.918us         0.04%       5.717ms     635.248us      25.008ms         0.33%      31.897ms       3.544ms             9  
2026-09-24 10:32:18                                          aten::_to_copy         0.00%     181.862us         0.04%       5.504ms     305.801us       0.000us         0.00%      42.238ms       2.347ms            18  
2026-09-24 10:32:18                      Optimizer.zero_grad#Adam.zero_grad         0.04%       5.195ms         0.04%       5.195ms     577.235us       0.000us         0.00%       0.000us       0.000us             9  
2026-09-24 10:32:18                                             aten::copy_         0.00%     240.230us         0.04%       5.071ms     281.730us      42.238ms         0.56%      42.238ms       2.347ms            18  
2026-09-24 10:32:18                                         cudaMemcpyAsync         0.04%       4.817ms         0.04%       4.831ms     268.384us       0.000us         0.00%       0.000us       0.000us            18  
2026-09-24 10:32:18                                            aten::detach         0.01%       1.671ms         0.04%       4.676ms       3.207us       0.000us         0.00%       0.000us       0.000us          1458  
2026-09-24 10:32:18                                              aten::item         0.02%       3.014ms         0.03%       3.850ms       1.327us       0.000us         0.00%       0.000us       0.000us          2901  
2026-09-24 10:32:18     autograd::engine::evaluate_function: AddmmBackward0         0.00%     256.728us         0.03%       3.735ms     415.049us       0.000us         0.00%     316.162us      35.129us             9  
2026-09-24 10:32:18                                                  detach         0.02%       3.006ms         0.02%       3.006ms       2.062us       0.000us         0.00%       0.000us       0.000us          1458  
2026-09-24 10:32:18                                            aten::linear         0.00%      79.272us         0.02%       2.521ms     280.076us       0.000us         0.00%     258.306us      28.701us             9  
2026-09-24 10:32:18                                             aten::addmm         0.01%     670.085us         0.02%       2.308ms     256.431us     193.697us         0.00%     258.306us      28.701us             9  
2026-09-24 10:32:18                                              aten::view         0.02%       2.234ms         0.02%       2.234ms       2.277us       0.000us         0.00%       0.000us       0.000us           981  
2026-09-24 10:32:18 autograd::engine::evaluate_function: LogSoftmaxBackw...         0.00%      91.823us         0.02%       2.084ms     231.538us       0.000us         0.00%      20.641us       2.293us             9  
2026-09-24 10:32:18                                               aten::sum         0.00%     264.400us         0.02%       1.998ms     222.036us     119.904us         0.00%     119.904us      13.323us             9  
2026-09-24 10:32:18                                     LogSoftmaxBackward0         0.00%      61.357us         0.02%       1.992ms     221.336us       0.000us         0.00%      20.641us       2.293us             9  
2026-09-24 10:32:18                        aten::_log_softmax_backward_data         0.00%     164.495us         0.01%       1.931ms     214.518us      20.641us         0.00%      20.641us       2.293us             9  
2026-09-24 10:32:18                                aten::cross_entropy_loss         0.00%      63.255us         0.01%       1.660ms     184.398us       0.000us         0.00%      77.023us       8.558us             9  
2026-09-24 10:32:18 autograd::engine::evaluate_function: NllLossBackward...         0.00%     186.498us         0.01%       1.524ms     169.353us       0.000us         0.00%      47.680us       5.298us             9  
2026-09-24 10:32:18                                          AddmmBackward0         0.00%     136.136us         0.01%       1.443ms     160.359us       0.000us         0.00%     196.258us      21.806us             9  
2026-09-24 10:32:18                                        NllLossBackward0         0.00%      93.763us         0.01%       1.338ms     148.631us       0.000us         0.00%      47.680us       5.298us             9  
2026-09-24 10:32:18                                 aten::nll_loss_backward         0.00%     247.183us         0.01%       1.244ms     138.212us      30.496us         0.00%      47.680us       5.298us             9  
2026-09-24 10:32:18                                       aten::log_softmax         0.00%      60.267us         0.01%       1.210ms     134.494us       0.000us         0.00%      30.240us       3.360us             9  
2026-09-24 10:32:18       autograd::engine::evaluate_function: AddBackward0         0.01%     946.202us         0.01%       1.179ms       8.188us       0.000us         0.00%       0.000us       0.000us           144  
2026-09-24 10:32:18                                      aten::_log_softmax         0.00%     239.667us         0.01%       1.143ms     127.009us      22.688us         0.00%      30.240us       3.360us             9  
2026-09-24 10:32:18                                                aten::mm         0.00%     639.911us         0.01%       1.090ms      60.558us     196.258us         0.00%     196.258us      10.903us            18  
2026-09-24 10:32:18                               aten::_local_scalar_dense         0.01%     836.421us         0.01%     836.421us       0.288us       0.000us         0.00%       0.000us       0.000us          2901  
2026-09-24 10:32:18                                       aten::result_type         0.01%     788.884us         0.01%     788.884us       0.109us       0.000us         0.00%       0.000us       0.000us          7245  
2026-09-24 10:32:18      autograd::engine::evaluate_function: MeanBackward1         0.00%      63.898us         0.00%     641.164us      71.240us       0.000us         0.00%       1.670ms     185.542us             9  
2026-09-24 10:32:18                                           MeanBackward1         0.00%      55.630us         0.00%     577.266us      64.141us       0.000us         0.00%       1.670ms     185.542us             9  
2026-09-24 10:32:18                               aten::adaptive_avg_pool2d         0.00%      44.301us         0.00%     515.238us      57.249us       0.000us         0.00%       3.526ms     391.745us             9  
2026-09-24 10:32:18                                              aten::mean         0.00%     346.927us         0.00%     470.937us      52.326us       3.526ms         0.05%       3.526ms     391.745us             9  
2026-09-24 10:32:18                                               aten::div         0.00%     325.669us         0.00%     457.436us      50.826us       1.670ms         0.02%       1.670ms     185.542us             9  
2026-09-24 10:32:18                                                 aten::t         0.00%     203.168us         0.00%     412.792us       9.173us       0.000us         0.00%       0.000us       0.000us            45  
2026-09-24 10:32:18                                         aten::ones_like         0.00%      39.997us         0.00%     409.412us      45.490us       0.000us         0.00%      16.031us       1.781us             9  
2026-09-24 10:32:18                                       aten::nll_loss_nd         0.00%      31.075us         0.00%     385.880us      42.876us       0.000us         0.00%      46.783us       5.198us             9  
2026-09-24 10:32:18                                          aten::nll_loss         0.00%      27.872us         0.00%     354.805us      39.423us       0.000us         0.00%      46.783us       5.198us             9  
2026-09-24 10:32:18                                  aten::nll_loss_forward         0.00%     217.752us         0.00%     326.933us      36.326us      42.175us         0.00%      46.783us       5.198us             9  
2026-09-24 10:32:18                                          aten::randperm         0.00%     134.274us         0.00%     305.025us      25.419us       0.000us         0.00%       0.000us       0.000us            12  
2026-09-24 10:32:18                                     cudaPeekAtLastError         0.00%     261.245us         0.00%     261.245us       0.264us       0.000us         0.00%       0.000us       0.000us           990  
2026-09-24 10:32:18                                            AddBackward0         0.00%     232.835us         0.00%     232.835us       1.617us       0.000us         0.00%       0.000us       0.000us           144  
2026-09-24 10:32:18                                    cudaFuncSetAttribute         0.00%     230.713us         0.00%     230.713us       2.848us       0.000us         0.00%       0.000us       0.000us            81  
2026-09-24 10:32:18                                         aten::transpose         0.00%     128.602us         0.00%     209.624us       4.658us       0.000us         0.00%       0.000us       0.000us            45  
2026-09-24 10:32:18                                cudaPointerGetAttributes         0.00%     176.627us         0.00%     180.019us      10.001us       0.000us         0.00%       0.000us       0.000us            18  
2026-09-24 10:32:18         autograd::engine::evaluate_function: TBackward0         0.00%      49.439us         0.00%     131.035us      14.559us       0.000us         0.00%       0.000us       0.000us             9  
2026-09-24 10:32:18                                           aten::flatten         0.00%      33.397us         0.00%     112.579us      12.509us       0.000us         0.00%       0.000us       0.000us             9  
2026-09-24 10:32:18      autograd::engine::evaluate_function: ViewBackward0         0.00%      47.294us         0.00%     104.424us      11.603us       0.000us         0.00%       0.000us       0.000us             9  
2026-09-24 10:32:18                                        aten::as_strided         0.00%      95.970us         0.00%      95.970us       1.777us       0.000us         0.00%       0.000us       0.000us            54  
2026-09-24 10:32:18                                              TBackward0         0.00%      19.392us         0.00%      81.596us       9.066us       0.000us         0.00%       0.000us       0.000us             9  
2026-09-24 10:32:18                                         cudaEventRecord         0.00%      78.584us         0.00%      78.584us       4.366us       0.000us         0.00%       0.000us       0.000us            18  
2026-09-24 10:32:18                                            aten::expand         0.00%      49.252us         0.00%      64.200us       7.133us       0.000us         0.00%       0.000us       0.000us             9  
2026-09-24 10:32:18                                           ViewBackward0         0.00%      20.744us         0.00%      57.130us       6.348us       0.000us         0.00%       0.000us       0.000us             9  
2026-09-24 10:32:18                                           aten::random_         0.00%      56.465us         0.00%      56.465us      18.822us       0.000us         0.00%       0.000us       0.000us             3  
2026-09-24 10:32:18                                          cudaEventQuery         0.00%      46.054us         0.00%      50.965us       7.281us       0.000us         0.00%       0.000us       0.000us             7  
2026-09-24 10:32:18                                           aten::reshape         0.00%      13.127us         0.00%      36.386us       4.043us       0.000us         0.00%       0.000us       0.000us             9  
2026-09-24 10:32:18                                           aten::detach_         0.00%      19.221us         0.00%      33.266us       3.696us       0.000us         0.00%       0.000us       0.000us             9  
2026-09-24 10:32:18 -------------------------------------------------------  ------------  ------------  ------------  ------------  ------------  ------------  ------------  ------------  ------------  ------------  
2026-09-24 10:32:18 Self CPU time total: 13.035s
2026-09-24 10:32:18 Self CUDA time total: 7.606s
2026-09-24 10:32:20 
2026-09-24 10:32:20 -------------------------------------------------------  ------------  ------------  ------------  ------------  ------------  ------------  ------------  ------------  ------------  ------------  
2026-09-24 10:32:20                                                    Name    Self CPU %      Self CPU   CPU total %     CPU total  CPU time avg     Self CUDA   Self CUDA %    CUDA total  CUDA time avg    # of Calls  
2026-09-24 10:32:20 -------------------------------------------------------  ------------  ------------  ------------  ------------  ------------  ------------  ------------  ------------  ------------  ------------  
2026-09-24 10:32:20 autograd::engine::evaluate_function: ConvolutionBack...         0.07%       9.214ms        10.43%        1.360s       2.851ms       0.000us         0.00%        3.622s       7.593ms           477  
2026-09-24 10:32:20                                    ConvolutionBackward0         0.02%       2.576ms         9.84%        1.283s       2.689ms       0.000us         0.00%        3.385s       7.097ms           477  
2026-09-24 10:32:20                              aten::convolution_backward         0.30%      38.685ms         9.82%        1.280s       2.684ms        3.385s        44.51%        3.385s       7.097ms           477  
2026-09-24 10:32:20                                            aten::conv2d         0.01%       1.317ms         4.92%     640.958ms       1.344ms       0.000us         0.00%        2.190s       4.592ms           477  
2026-09-24 10:32:20                                       aten::convolution         0.04%       5.234ms         4.91%     639.640ms       1.341ms       0.000us         0.00%        2.190s       4.592ms           477  
2026-09-24 10:32:20                                      aten::_convolution         0.03%       3.509ms         4.87%     634.406ms       1.330ms       0.000us         0.00%        2.190s       4.592ms           477  
2026-09-24 10:32:20                                 aten::cudnn_convolution         0.18%      23.900ms         4.84%     630.897ms       1.323ms        1.375s        18.07%        2.190s       4.592ms           477  
2026-09-24 10:32:20                                     Command Buffer Full        24.32%        3.171s        24.32%        3.171s       1.415ms        1.239s        16.29%        1.239s     552.916us          2241  
2026-09-24 10:32:20                                        cudaLaunchKernel        12.63%        1.647s        24.08%        3.139s     506.949us       0.000us         0.00%        1.204s     194.460us          6192  
2026-09-24 10:32:20 autograd::engine::evaluate_function: CudnnBatchNormB...         0.07%       8.675ms         1.50%     196.107ms     411.125us       0.000us         0.00%     913.115ms       1.914ms           477  
2026-09-24 10:32:20                                 CudnnBatchNormBackward0         0.02%       2.965ms         1.44%     187.432ms     392.939us       0.000us         0.00%     913.115ms       1.914ms           477  
2026-09-24 10:32:20                         aten::cudnn_batch_norm_backward         0.11%      13.697ms         1.42%     184.466ms     386.722us     913.115ms        12.01%     913.115ms       1.914ms           477  
2026-09-24 10:32:20                                        aten::batch_norm         0.01%       1.072ms         1.76%     229.393ms     480.907us       0.000us         0.00%     720.400ms       1.510ms           477  
2026-09-24 10:32:20                            aten::_batch_norm_impl_index         0.02%       2.259ms         1.75%     228.320ms     478.659us       0.000us         0.00%     720.400ms       1.510ms           477  
2026-09-24 10:32:20                                  aten::cudnn_batch_norm         0.16%      20.579ms         1.73%     226.061ms     473.922us     558.765ms         7.35%     720.400ms       1.510ms           477  
2026-09-24 10:32:20                                   volta_sgemm_128x64_nt         0.00%       0.000us         0.00%       0.000us       0.000us     710.813ms         9.35%     710.813ms       2.078ms           342  
2026-09-24 10:32:20                                   volta_sgemm_128x64_tn         0.00%       0.000us         0.00%       0.000us       0.000us     548.298ms         7.21%     548.298ms       2.769ms           198  
2026-09-24 10:32:20                                              aten::add_         0.11%      14.618ms         2.72%     354.181ms     159.326us     471.952ms         6.21%     544.876ms     245.109us          2223  
2026-09-24 10:32:20         _5x_cudnn_volta_scudnn_128x128_relu_small_nn_v1         0.00%       0.000us         0.00%       0.000us       0.000us     519.969ms         6.84%     519.969ms       2.626ms           198  
2026-09-24 10:32:20 void at::native::vectorized_elementwise_kernel<4, at...         0.00%       0.000us         0.00%       0.000us       0.000us     470.606ms         6.19%     470.606ms       1.585ms           297  
2026-09-24 10:32:20 void cudnn::bn_bw_1C11_kernel_new<float, float, floa...         0.00%       0.000us         0.00%       0.000us       0.000us     444.641ms         5.85%     444.641ms       1.205ms           369  
2026-09-24 10:32:20      autograd::engine::evaluate_function: ReluBackward0         0.03%       4.485ms         1.66%     216.136ms     490.105us       0.000us         0.00%     405.934ms     920.485us           441  
2026-09-24 10:32:20                                           ReluBackward0         0.02%       2.186ms         1.62%     211.652ms     479.936us       0.000us         0.00%     405.934ms     920.485us           441  
2026-09-24 10:32:20                                aten::threshold_backward         0.07%       8.698ms         1.61%     209.466ms     474.979us     405.934ms         5.34%     405.934ms     920.485us           441  
2026-09-24 10:32:20 void at::native::vectorized_elementwise_kernel<4, at...         0.00%       0.000us         0.00%       0.000us       0.000us     405.934ms         5.34%     405.934ms     920.485us           441  
2026-09-24 10:32:20 void cudnn::bn_bw_1C11_kernel_new<float, float, floa...         0.00%       0.000us         0.00%       0.000us       0.000us     400.391ms         5.26%     400.391ms       4.044ms            99  
2026-09-24 10:32:20                                             aten::relu_         0.05%       7.091ms         2.07%     269.980ms     612.200us       0.000us         0.00%     364.902ms     827.441us           441  
2026-09-24 10:32:20                                        aten::clamp_min_         0.04%       5.513ms         2.02%     262.889ms     596.121us     279.403ms         3.67%     364.902ms     827.441us           441  
2026-09-24 10:32:20 void cudnn::cnn::wgrad_alg1_engine<float, float, 128...         0.00%       0.000us         0.00%       0.000us       0.000us     317.671ms         4.18%     317.671ms       4.412ms            72  
2026-09-24 10:32:20 void at::native::vectorized_elementwise_kernel<4, at...         0.00%       0.000us         0.00%       0.000us       0.000us     279.403ms         3.67%     279.403ms     633.566us           441  
2026-09-24 10:32:20 void wgrad_alg0_engine<float, 128, 6, 7, 3, 3, 5, fa...         0.00%       0.000us         0.00%       0.000us       0.000us     260.877ms         3.43%     260.877ms       5.797ms            45  
2026-09-24 10:32:20      _5x_cudnn_volta_scudnn_128x64_stridedB_small_nn_v1         0.00%       0.000us         0.00%       0.000us       0.000us     257.394ms         3.38%     257.394ms       2.860ms            90  
2026-09-24 10:32:20 void cudnn::bn_fw_tr_1C11_kernel_NCHW<float, float, ...         0.00%       0.000us         0.00%       0.000us       0.000us     247.048ms         3.25%     247.048ms       2.495ms            99  
2026-09-24 10:32:20 void cudnn::bn_fw_tr_1C11_kernel_NCHW<float, float, ...         0.00%       0.000us         0.00%       0.000us       0.000us     245.403ms         3.23%     245.403ms     852.093us           288  
2026-09-24 10:32:20                                   volta_sgemm_128x64_nn         0.00%       0.000us         0.00%       0.000us       0.000us     237.163ms         3.12%     237.163ms       1.757ms           135  
2026-09-24 10:32:20 _5x_cudnn_volta_scudnn_winograd_128x128_ldg1_ldg4_re...         0.00%       0.000us         0.00%       0.000us       0.000us     223.268ms         2.94%     223.268ms       4.135ms            54  
2026-09-24 10:32:20       _5x_cudnn_volta_scudnn_128x64_relu_interior_nn_v1         0.00%       0.000us         0.00%       0.000us       0.000us     214.475ms         2.82%     214.475ms       2.648ms            81  
2026-09-24 10:32:20 _5x_cudnn_turing_scudnn_128x64_stridedB_splitK_xregs...         0.00%       0.000us         0.00%       0.000us       0.000us     178.909ms         2.35%     178.909ms       6.626ms            27  
2026-09-24 10:32:20 void cudnn::detail::dgrad_engine<float, 512, 6, 5, 3...         0.00%       0.000us         0.00%       0.000us       0.000us     166.957ms         2.20%     166.957ms       9.275ms            18  
2026-09-24 10:32:20                                Optimizer.step#Adam.step         0.19%      24.915ms         1.94%     253.035ms      28.115ms       0.000us         0.00%     160.240ms      17.804ms             9  
2026-09-24 10:32:20 void cudnn::detail::dgrad_engine<float, 128, 6, 7, 3...         0.00%       0.000us         0.00%       0.000us       0.000us     157.435ms         2.07%     157.435ms       8.746ms            18  
2026-09-24 10:32:20 void cudnn::detail::dgrad_engine<float, 128, 6, 8, 3...         0.00%       0.000us         0.00%       0.000us       0.000us     132.492ms         1.74%     132.492ms       7.361ms            18  
2026-09-24 10:32:20                                    volta_sgemm_64x64_nt         0.00%       0.000us         0.00%       0.000us       0.000us     101.456ms         1.33%     101.456ms       1.879ms            54  
2026-09-24 10:32:20 _5x_cudnn_volta_scudnn_128x64_relu_xregs_large_nn_v1...         0.00%       0.000us         0.00%       0.000us       0.000us      94.520ms         1.24%      94.520ms       5.251ms            18  
2026-09-24 10:32:20 autograd::engine::evaluate_function: MaxPool2DWithIn...         0.00%     172.926us         0.31%      40.847ms       4.539ms       0.000us         0.00%      79.565ms       8.841ms             9  
2026-09-24 10:32:20                           MaxPool2DWithIndicesBackward0         0.00%      62.613us         0.31%      40.674ms       4.519ms       0.000us         0.00%      79.565ms       8.841ms             9  
2026-09-24 10:32:20                  aten::max_pool2d_with_indices_backward         0.00%     265.230us         0.31%      40.612ms       4.512ms      67.670ms         0.89%      79.565ms       8.841ms             9  
2026-09-24 10:32:20 void cudnn::winograd_nonfused::winogradWgradDelta4x4...         0.00%       0.000us         0.00%       0.000us       0.000us      77.097ms         1.01%      77.097ms     658.945us           117  
2026-09-24 10:32:20 void cudnn::winograd_nonfused::winogradForwardData4x...         0.00%       0.000us         0.00%       0.000us       0.000us      75.708ms         1.00%      75.708ms     420.599us           180  
2026-09-24 10:32:20 void cudnn::winograd_nonfused::winogradWgradData4x4<...         0.00%       0.000us         0.00%       0.000us       0.000us      73.782ms         0.97%      73.782ms     630.614us           117  
2026-09-24 10:32:20 void cudnn::winograd_nonfused::winogradForwardOutput...         0.00%       0.000us         0.00%       0.000us       0.000us      71.171ms         0.94%      71.171ms     395.392us           180  
2026-09-24 10:32:20 void cudnn::bn_bw_1C11_kernel_new<float, float, floa...         0.00%       0.000us         0.00%       0.000us       0.000us      68.084ms         0.90%      68.084ms       7.565ms             9  
2026-09-24 10:32:20 void at::native::(anonymous namespace)::max_pool_bac...         0.00%       0.000us         0.00%       0.000us       0.000us      67.670ms         0.89%      67.670ms       7.519ms             9  
2026-09-24 10:32:20                                Optimizer.step#Adam.step         0.00%       0.000us         0.00%       0.000us       0.000us      63.942ms         0.84%      63.942ms       7.105ms             9  
2026-09-24 10:32:20 void cudnn::cnn::reduce_wgrad_nchw_helper<float, flo...         0.00%       0.000us         0.00%       0.000us       0.000us      59.849ms         0.79%      59.849ms     289.125us           207  
2026-09-24 10:32:20 void wgrad_alg0_engine<float, 128, 6, 8, 3, 3, 5, fa...         0.00%       0.000us         0.00%       0.000us       0.000us      57.222ms         0.75%      57.222ms       6.358ms             9  
2026-09-24 10:32:20 void implicit_convolve_sgemm<float, float, 512, 6, 8...         0.00%       0.000us         0.00%       0.000us       0.000us      51.611ms         0.68%      51.611ms       5.735ms             9  
2026-09-24 10:32:20 _5x_cudnn_volta_scudnn_128x64_3dconv_fprop_small_nn_...         0.00%       0.000us         0.00%       0.000us       0.000us      50.748ms         0.67%      50.748ms       5.639ms             9  
2026-09-24 10:32:20                                 aten::_foreach_addcdiv_         0.02%       2.469ms         0.18%      23.028ms       2.559ms      13.690ms         0.18%      50.187ms       5.576ms             9  
2026-09-24 10:32:20 void cudnn::bn_fw_tr_1C11_kernel_NCHW<float, float, ...         0.00%       0.000us         0.00%       0.000us       0.000us      42.623ms         0.56%      42.623ms       4.736ms             9  
2026-09-24 10:32:20                                                aten::to         0.00%     592.049us         0.05%       6.096ms      11.884us       0.000us         0.00%      42.238ms      82.335us           513  
2026-09-24 10:32:20                                          aten::_to_copy         0.00%     181.862us         0.04%       5.504ms     305.801us       0.000us         0.00%      42.238ms       2.347ms            18  
2026-09-24 10:32:20                                             aten::copy_         0.00%     240.230us         0.04%       5.071ms     281.730us      42.238ms         0.56%      42.238ms       2.347ms            18  
2026-09-24 10:32:20                          Memcpy HtoD (Pinned -> Device)         0.00%       0.000us         0.00%       0.000us       0.000us      42.238ms         0.56%      42.238ms       2.347ms            18  
2026-09-24 10:32:20 _5x_cudnn_volta_scudnn_128x128_dgrad_exp_medium_nhwc...         0.00%       0.000us         0.00%       0.000us       0.000us      37.137ms         0.49%      37.137ms       2.063ms            18  
2026-09-24 10:32:20                                         cudaMemsetAsync         0.74%      96.205ms         0.80%     104.354ms     173.058us       0.000us         0.00%      34.991ms      58.028us           603  
2026-09-24 10:32:20 void cudnn::engines_precompiled::scalePackedTensor_k...         0.00%       0.000us         0.00%       0.000us       0.000us      32.886ms         0.43%      32.886ms     608.996us            54  
2026-09-24 10:32:20                                        aten::max_pool2d         0.00%      40.059us         0.04%       5.757ms     639.699us       0.000us         0.00%      31.897ms       3.544ms             9  
2026-09-24 10:32:20                           aten::max_pool2d_with_indices         0.00%     337.918us         0.04%       5.717ms     635.248us      25.008ms         0.33%      31.897ms       3.544ms             9  
2026-09-24 10:32:20 void at::native::(anonymous namespace)::max_pool_for...         0.00%       0.000us         0.00%       0.000us       0.000us      25.008ms         0.33%      25.008ms       2.779ms             9  
2026-09-24 10:32:20                                 aten::_foreach_addcmul_         0.02%       2.019ms         0.29%      37.803ms       4.200ms      10.515ms         0.14%      24.542ms       2.727ms             9  
2026-09-24 10:32:20 void cudnn::bn_fw_tr_1C11_singleread<float, 512, tru...         0.00%       0.000us         0.00%       0.000us       0.000us      23.692ms         0.31%      23.692ms     292.490us            81  
2026-09-24 10:32:20                                     aten::_foreach_sqrt         0.02%       2.530ms         0.28%      35.880ms       3.987ms       7.361ms         0.10%      22.081ms       2.453ms             9  
2026-09-24 10:32:20                                    aten::_foreach_lerp_         0.01%     909.475us         0.38%      49.479ms       5.498ms      10.395ms         0.14%      17.330ms       1.926ms             9  
2026-09-24 10:32:20                                     aten::_foreach_div_         0.01%       1.398ms         0.13%      16.982ms       1.887ms       7.323ms         0.10%      17.087ms       1.899ms             9  
2026-09-24 10:32:20                                     aten::_foreach_mul_         0.01%       1.536ms         0.31%      40.683ms       4.520ms       7.246ms         0.10%      16.913ms       1.879ms             9  
2026-09-24 10:32:20 void cudnn::winograd_nonfused::winogradForwardFilter...         0.00%       0.000us         0.00%       0.000us       0.000us      14.789ms         0.19%      14.789ms      82.162us           180  
2026-09-24 10:32:20 void at::native::(anonymous namespace)::multi_tensor...         0.00%       0.000us         0.00%       0.000us       0.000us      13.690ms         0.18%      13.690ms     380.291us            36  
2026-09-24 10:32:20                                    volta_sgemm_64x64_tn         0.00%       0.000us         0.00%       0.000us       0.000us      12.915ms         0.17%      12.915ms       1.435ms             9  
2026-09-24 10:32:20 void cudnn::winograd_nonfused::winogradWgradOutput4x...         0.00%       0.000us         0.00%       0.000us       0.000us      12.620ms         0.17%      12.620ms     107.866us           117  
2026-09-24 10:32:20                                     aten::_foreach_add_         0.02%       2.890ms         0.16%      20.292ms       1.127ms       7.260ms         0.10%      12.100ms     672.217us            18  
2026-09-24 10:32:20                                             aten::fill_         0.00%     352.381us         0.28%      36.221ms       1.342ms      11.928ms         0.16%      11.928ms     441.766us            27  
2026-09-24 10:32:20 void at::native::vectorized_elementwise_kernel<4, at...         0.00%       0.000us         0.00%       0.000us       0.000us      11.928ms         0.16%      11.928ms     441.766us            27  
2026-09-24 10:32:20                                             aten::zero_         0.00%     105.211us         0.28%      36.094ms       2.005ms       0.000us         0.00%      11.912ms     661.758us            18  
2026-09-24 10:32:20 void at::native::(anonymous namespace)::multi_tensor...         0.00%       0.000us         0.00%       0.000us       0.000us      10.515ms         0.14%      10.515ms     292.085us            36  
2026-09-24 10:32:20 void at::native::(anonymous namespace)::multi_tensor...         0.00%       0.000us         0.00%       0.000us       0.000us      10.395ms         0.14%      10.395ms     385.003us            27  
2026-09-24 10:32:20 void at::native::(anonymous namespace)::multi_tensor...         0.00%       0.000us         0.00%       0.000us       0.000us       7.361ms         0.10%       7.361ms     272.629us            27  
2026-09-24 10:32:20 void at::native::(anonymous namespace)::multi_tensor...         0.00%       0.000us         0.00%       0.000us       0.000us       7.323ms         0.10%       7.323ms     271.220us            27  
2026-09-24 10:32:20 void at::native::(anonymous namespace)::multi_tensor...         0.00%       0.000us         0.00%       0.000us       0.000us       7.260ms         0.10%       7.260ms     403.358us            18  
2026-09-24 10:32:20 void at::native::(anonymous namespace)::multi_tensor...         0.00%       0.000us         0.00%       0.000us       0.000us       7.246ms         0.10%       7.246ms     402.557us            18  
2026-09-24 10:32:20 void cudnn::engines_precompiled::nhwcToNchwKernel<fl...         0.00%       0.000us         0.00%       0.000us       0.000us       6.655ms         0.09%       6.655ms     369.745us            18  
2026-09-24 10:32:20                               aten::adaptive_avg_pool2d         0.00%      44.301us         0.00%     515.238us      57.249us       0.000us         0.00%       3.526ms     391.745us             9  
2026-09-24 10:32:20                                              aten::mean         0.00%     346.927us         0.00%     470.937us      52.326us       3.526ms         0.05%       3.526ms     391.745us             9  
2026-09-24 10:32:20 void at::native::reduce_kernel<512, 1, at::native::R...         0.00%       0.000us         0.00%       0.000us       0.000us       3.526ms         0.05%       3.526ms     391.745us             9  
2026-09-24 10:32:20      autograd::engine::evaluate_function: MeanBackward1         0.00%      63.898us         0.00%     641.164us      71.240us       0.000us         0.00%       1.670ms     185.542us             9  
2026-09-24 10:32:20                                           MeanBackward1         0.00%      55.630us         0.00%     577.266us      64.141us       0.000us         0.00%       1.670ms     185.542us             9  
2026-09-24 10:32:20                                               aten::div         0.00%     325.669us         0.00%     457.436us      50.826us       1.670ms         0.02%       1.670ms     185.542us             9  
2026-09-24 10:32:20 void at::native::elementwise_kernel<128, 2, at::nati...         0.00%       0.000us         0.00%       0.000us       0.000us       1.670ms         0.02%       1.670ms     185.542us             9  
2026-09-24 10:32:20 void cudnn::engines_precompiled::nchwToNhwcKernel<fl...         0.00%       0.000us         0.00%       0.000us       0.000us       1.399ms         0.02%       1.399ms      77.749us            18  
2026-09-24 10:32:20 void at::native::vectorized_elementwise_kernel<2, at...         0.00%       0.000us         0.00%       0.000us       0.000us       1.346ms         0.02%       1.346ms       2.823us           477  
2026-09-24 10:32:20 -------------------------------------------------------  ------------  ------------  ------------  ------------  ------------  ------------  ------------  ------------  ------------  ------------  
2026-09-24 10:32:20 Self CPU time total: 13.035s
2026-09-24 10:32:20 Self CUDA time total: 7.606s
2026-09-24 10:32:22 
2026-09-24 10:32:22 Train 1st Epoch Profiler:
2026-09-24 10:32:22 -------------------------------------------------------  ------------  ------------  ------------  ------------  ------------  ------------  ------------  ------------  ------------  ------------  
2026-09-24 10:32:22                                                    Name    Self CPU %      Self CPU   CPU total %     CPU total  CPU time avg     Self CUDA   Self CUDA %    CUDA total  CUDA time avg    # of Calls  
2026-09-24 10:32:22 -------------------------------------------------------  ------------  ------------  ------------  ------------  ------------  ------------  ------------  ------------  ------------  ------------  
2026-09-24 10:32:22 autograd::engine::evaluate_function: ConvolutionBack...         0.01%       3.380ms        70.77%       17.054s     107.259ms       0.000us         0.00%       17.171s     107.996ms           159  
2026-09-24 10:32:22                                    ConvolutionBackward0         0.00%       1.041ms        70.72%       17.040s     107.172ms       0.000us         0.00%       17.091s     107.488ms           159  
2026-09-24 10:32:22                              aten::convolution_backward         0.28%      68.271ms        70.71%       17.039s     107.166ms       17.091s        80.86%       17.091s     107.488ms           159  
2026-09-24 10:32:22                                   cudaDeviceSynchronize        46.56%       11.220s        46.56%       11.220s      15.061ms       0.000us         0.00%       0.000us       0.000us           745  
2026-09-24 10:32:22                                    cudaEventSynchronize        38.44%        9.262s        38.44%        9.262s      13.701ms       0.000us         0.00%       0.000us       0.000us           676  
2026-09-24 10:32:22                                            aten::conv2d         0.00%     446.989us        12.94%        3.119s      19.618ms       0.000us         0.00%       20.206s     127.084ms           159  
2026-09-24 10:32:22                                       aten::convolution         0.01%       2.102ms        12.94%        3.119s      19.615ms       0.000us         0.00%       20.206s     127.084ms           159  
2026-09-24 10:32:22                                      aten::_convolution         0.01%       1.449ms        12.93%        3.117s      19.602ms       0.000us         0.00%       20.206s     127.084ms           159  
2026-09-24 10:32:22                                 aten::cudnn_convolution         0.55%     131.340ms        12.93%        3.115s      19.592ms        3.073s        14.54%       20.206s     127.084ms           159  
2026-09-24 10:32:22 enumerate(DataLoader)#_MultiProcessingDataLoaderIter...         7.33%        1.766s         7.75%        1.868s     467.098ms       0.000us         0.00%       4.715ms       1.179ms             4  
2026-09-24 10:32:22                                        cudaLaunchKernel         1.56%     375.895ms         2.65%     637.850ms     110.202us       0.000us         0.00%       13.459s       2.325ms          5788  
2026-09-24 10:32:22                        Runtime Triggered Module Loading         1.51%     364.739ms         1.51%     364.739ms       3.441ms        9.190s        43.48%        9.190s      86.694ms           106  
2026-09-24 10:32:22                                     Command Buffer Full         1.10%     264.922ms         1.10%     264.922ms       1.123ms      16.084ms         0.08%      16.084ms      68.153us           236  
2026-09-24 10:32:22                                                cudaFree         0.74%     179.273ms         0.74%     179.273ms       1.187ms       0.000us         0.00%       0.000us       0.000us           151  
2026-09-24 10:32:22                                              cudaMalloc         0.68%     163.026ms         0.68%     163.026ms     624.621us       0.000us         0.00%       0.000us       0.000us           261  
2026-09-24 10:32:22                                Optimizer.step#Adam.step         0.05%      11.925ms         0.47%     112.190ms      37.397ms       0.000us         0.00%      55.819ms      18.606ms             3  
2026-09-24 10:32:22                                           cudaHostAlloc         0.42%     100.041ms         0.42%     100.041ms      12.505ms       0.000us         0.00%       0.000us       0.000us             8  
2026-09-24 10:32:22      autograd::engine::evaluate_function: ReluBackward0         0.01%       1.391ms         0.21%      50.443ms     343.148us       0.000us         0.00%     138.371ms     941.302us           147  
2026-09-24 10:32:22                                           ReluBackward0         0.00%     730.165us         0.20%      49.052ms     333.685us       0.000us         0.00%     138.371ms     941.302us           147  
2026-09-24 10:32:22                                        aten::batch_norm         0.00%     446.775us         0.20%      48.840ms     307.171us       0.000us         0.00%     208.676ms       1.312ms           159  
2026-09-24 10:32:22                            aten::_batch_norm_impl_index         0.00%     986.756us         0.20%      48.393ms     304.361us       0.000us         0.00%     208.676ms       1.312ms           159  
2026-09-24 10:32:22                                aten::threshold_backward         0.01%       3.205ms         0.20%      48.322ms     328.718us     138.371ms         0.65%     138.371ms     941.302us           147  
2026-09-24 10:32:22                                  aten::cudnn_batch_norm         0.05%      11.105ms         0.20%      47.407ms     298.155us     192.364ms         0.91%     208.676ms       1.312ms           159  
2026-09-24 10:32:22 autograd::engine::evaluate_function: CudnnBatchNormB...         0.01%       2.604ms         0.19%      45.979ms     289.178us       0.000us         0.00%     311.448ms       1.959ms           159  
2026-09-24 10:32:22                                 CudnnBatchNormBackward0         0.00%     894.757us         0.18%      43.375ms     272.801us       0.000us         0.00%     311.448ms       1.959ms           159  
2026-09-24 10:32:22                         aten::cudnn_batch_norm_backward         0.02%       5.313ms         0.18%      42.481ms     267.173us     311.448ms         1.47%     311.448ms       1.959ms           159  
2026-09-24 10:32:22                                   cudaFuncGetAttributes         0.16%      39.642ms         0.16%      39.642ms       1.043ms       0.000us         0.00%       0.000us       0.000us            38  
2026-09-24 10:32:22                                              aten::add_         0.02%       5.896ms         0.15%      36.473ms      49.221us     161.504ms         0.76%     165.687ms     223.599us           741  
2026-09-24 10:32:22                                     aten::_foreach_sqrt         0.00%     754.897us         0.14%      33.826ms      11.275ms       2.471ms         0.01%       7.414ms       2.471ms             3  
2026-09-24 10:32:22                                             aten::relu_         0.01%       2.328ms         0.12%      28.309ms     192.576us       0.000us         0.00%     104.166ms     708.611us           147  
2026-09-24 10:32:22                                             aten::empty         0.04%      10.425ms         0.11%      27.211ms      15.452us       0.000us         0.00%       0.000us       0.000us          1761  
2026-09-24 10:32:22                                        aten::clamp_min_         0.01%       1.959ms         0.11%      25.981ms     176.742us      96.207ms         0.46%     104.166ms     708.611us           147  
2026-09-24 10:32:22                                aten::cross_entropy_loss         0.00%      67.323us         0.11%      25.541ms       8.514ms       0.000us         0.00%      42.176us      14.059us             3  
2026-09-24 10:32:22                                        aten::empty_like         0.00%     973.683us         0.09%      21.779ms      44.997us       0.000us         0.00%       0.000us       0.000us           484  
2026-09-24 10:32:22                                         cudaMemsetAsync         0.08%      19.269ms         0.08%      19.269ms      16.712us       0.000us         0.00%       0.000us       0.000us          1153  
2026-09-24 10:32:22                                       aten::log_softmax         0.00%      28.320us         0.07%      17.860ms       5.953ms       0.000us         0.00%      15.360us       5.120us             3  
2026-09-24 10:32:22                                      aten::_log_softmax         0.00%     103.800us         0.07%      17.830ms       5.943ms       7.488us         0.00%      15.360us       5.120us             3  
2026-09-24 10:32:22                                             aten::fill_         0.01%       1.619ms         0.07%      15.917ms      48.087us       5.234ms         0.02%       5.238ms      15.826us           331  
2026-09-24 10:32:22                                            aten::linear         0.00%      28.875us         0.06%      15.626ms       5.209ms       0.000us         0.00%     142.144us      47.381us             3  
2026-09-24 10:32:22                                             aten::addmm         0.01%       2.159ms         0.06%      15.541ms       5.180ms      61.888us         0.00%     142.144us      47.381us             3  
2026-09-24 10:32:22           cudaOccupancyMaxActiveBlocksPerMultiprocessor         0.01%       1.651ms         0.06%      15.439ms      16.910us       0.000us         0.00%        2.968s       3.251ms           913  
2026-09-24 10:32:22                                    cudaGetSymbolAddress         0.06%      14.777ms         0.06%      15.183ms      15.183ms       0.000us         0.00%     716.504ms     716.504ms             1  
2026-09-24 10:32:22                                     aten::_foreach_mul_         0.00%     478.740us         0.06%      14.592ms       4.864ms       2.416ms         0.01%       6.434ms       2.145ms             3  
2026-09-24 10:32:22                               aten::adaptive_avg_pool2d         0.00%      20.035us         0.05%      11.480ms       3.827ms       0.000us         0.00%       2.159ms     719.601us             3  
2026-09-24 10:32:22      autograd::engine::evaluate_function: MeanBackward1         0.00%      35.870us         0.05%      11.462ms       3.821ms       0.000us         0.00%     530.654us     176.885us             3  
2026-09-24 10:32:22                                              aten::mean         0.00%     227.201us         0.05%      11.460ms       3.820ms       1.110ms         0.01%       2.159ms     719.601us             3  
2026-09-24 10:32:22                                           MeanBackward1         0.00%      37.051us         0.05%      11.426ms       3.809ms       0.000us         0.00%     530.654us     176.885us             3  
2026-09-24 10:32:22                                               aten::div         0.00%     158.034us         0.05%      11.365ms       3.788ms     530.654us         0.00%     530.654us     176.885us             3  
2026-09-24 10:32:22                                    aten::_foreach_lerp_         0.00%     239.071us         0.05%      11.081ms       3.694ms       3.629ms         0.02%       8.731ms       2.910ms             3  
2026-09-24 10:32:22                                             aten::zero_         0.00%     825.606us         0.04%      10.636ms      32.426us       0.000us         0.00%       5.229ms      15.941us           328  
2026-09-24 10:32:22                                        aten::zeros_like         0.00%     856.566us         0.04%      10.244ms      31.813us       0.000us         0.00%       1.041ms       3.233us           322  
2026-09-24 10:32:22     autograd::engine::evaluate_function: AddmmBackward0         0.00%      96.043us         0.04%      10.239ms       3.413ms       0.000us         0.00%      94.335us      31.445us             3  
2026-09-24 10:32:22                                 aten::_foreach_addcmul_         0.00%     571.291us         0.04%      10.176ms       3.392ms       3.514ms         0.02%       9.378ms       3.126ms             3  
2026-09-24 10:32:22                                     aten::_foreach_div_         0.00%     434.767us         0.04%      10.072ms       3.357ms       2.454ms         0.01%       6.559ms       2.186ms             3  
2026-09-24 10:32:22                                               aten::sum         0.00%     106.265us         0.04%       8.793ms       2.931ms      33.568us         0.00%      33.568us      11.189us             3  
2026-09-24 10:32:22                                     aten::empty_strided         0.02%       4.652ms         0.03%       7.869ms       9.667us       0.000us         0.00%       0.000us       0.000us           814  
2026-09-24 10:32:22                                       aten::nll_loss_nd         0.00%      19.153us         0.03%       7.613ms       2.538ms       0.000us         0.00%      26.816us       8.939us             3  
2026-09-24 10:32:22                                          aten::nll_loss         0.00%      18.432us         0.03%       7.594ms       2.531ms       0.000us         0.00%      26.816us       8.939us             3  
2026-09-24 10:32:22                                  aten::nll_loss_forward         0.00%      96.151us         0.03%       7.576ms       2.525ms      13.472us         0.00%      26.816us       8.939us             3  
2026-09-24 10:32:22                                         cudaEventRecord         0.03%       7.403ms         0.03%       7.403ms       3.607us       4.175ms         0.02%       4.175ms       2.034us          2052  
2026-09-24 10:32:22 autograd::engine::evaluate_function: MaxPool2DWithIn...         0.00%      54.711us         0.03%       7.137ms       2.379ms       0.000us         0.00%      25.477ms       8.492ms             3  
2026-09-24 10:32:22                           MaxPool2DWithIndicesBackward0         0.00%      41.998us         0.03%       7.082ms       2.361ms       0.000us         0.00%      25.477ms       8.492ms             3  
2026-09-24 10:32:22                  aten::max_pool2d_with_indices_backward         0.00%     107.286us         0.03%       7.040ms       2.347ms      21.294ms         0.10%      25.477ms       8.492ms             3  
2026-09-24 10:32:22                                   Lazy Function Loading         0.03%       7.019ms         0.03%       7.019ms      49.083us        7.997s        37.84%        7.997s      55.922ms           143  
2026-09-24 10:32:22                                         aten::ones_like         0.00%      16.824us         0.03%       6.196ms       2.065ms       0.000us         0.00%       9.568us       3.189us             3  
2026-09-24 10:32:22 autograd::engine::evaluate_function: torch::autograd...         0.01%       2.361ms         0.02%       5.486ms      11.358us       0.000us         0.00%       0.000us       0.000us           483  
2026-09-24 10:32:22                                 aten::_foreach_addcdiv_         0.00%       1.118ms         0.02%       4.658ms       1.553ms       4.574ms         0.02%      12.191ms       4.064ms             3  
2026-09-24 10:32:22                                     aten::_foreach_add_         0.00%     827.558us         0.02%       3.820ms     636.660us       2.440ms         0.01%       4.071ms     678.562us             6  
2026-09-24 10:32:22                         torch::autograd::AccumulateGrad         0.01%       1.604ms         0.01%       3.125ms       6.469us       0.000us         0.00%       0.000us       0.000us           483  
2026-09-24 10:32:22                                  cudaDeviceGetAttribute         0.01%       2.905ms         0.01%       2.905ms      13.143us       0.000us         0.00%       0.000us       0.000us           221  
2026-09-24 10:32:22                                          cudaMemGetInfo         0.01%       2.864ms         0.01%       2.864ms      42.115us       0.000us         0.00%       0.000us       0.000us            68  
2026-09-24 10:32:22                                        aten::max_pool2d         0.00%      27.613us         0.01%       2.637ms     878.894us       0.000us         0.00%      13.730ms       4.577ms             3  
2026-09-24 10:32:22                           aten::max_pool2d_with_indices         0.00%     198.044us         0.01%       2.609ms     869.690us       6.868ms         0.03%      13.730ms       4.577ms             3  
2026-09-24 10:32:22                                    cudaEventElapsedTime         0.01%       2.382ms         0.01%       2.382ms       3.523us       0.000us         0.00%       0.000us       0.000us           676  
2026-09-24 10:32:22                                            Unrecognized         0.01%       2.339ms         0.01%       2.339ms       2.339ms       0.000us         0.00%       0.000us       0.000us             1  
2026-09-24 10:32:22                              cudaGetDeviceProperties_v2         0.01%       1.563ms         0.01%       1.563ms     781.321us       0.000us         0.00%       0.000us       0.000us             2  
2026-09-24 10:32:22                                            aten::detach         0.00%     519.205us         0.01%       1.543ms       3.174us       0.000us         0.00%       0.000us       0.000us           486  
2026-09-24 10:32:22                                          AddmmBackward0         0.00%      69.039us         0.01%       1.332ms     443.841us       0.000us         0.00%      60.767us      20.256us             3  
2026-09-24 10:32:22                                                aten::mm         0.00%     510.536us         0.00%       1.176ms     195.940us      60.767us         0.00%      60.767us      10.128us             6  
2026-09-24 10:32:22                                     cudaStreamWaitEvent         0.00%       1.116ms         0.00%       1.116ms       0.879us       0.000us         0.00%       0.000us       0.000us          1270  
2026-09-24 10:32:22                                              aten::item         0.00%     874.448us         0.00%       1.069ms       1.105us       0.000us         0.00%       0.000us       0.000us           968  
2026-09-24 10:32:22                                                  detach         0.00%       1.023ms         0.00%       1.023ms       2.106us       0.000us         0.00%       0.000us       0.000us           486  
2026-09-24 10:32:22                                              aten::view         0.00%     990.080us         0.00%     990.080us       3.028us       0.000us         0.00%       0.000us       0.000us           327  
2026-09-24 10:32:22                      Optimizer.zero_grad#Adam.zero_grad         0.00%     979.346us         0.00%     979.346us     326.449us       0.000us         0.00%       0.000us       0.000us             3  
2026-09-24 10:32:22                                                aten::to         0.00%     246.270us         0.00%     921.421us       2.775us       0.000us         0.00%      14.157ms      42.643us           332  
2026-09-24 10:32:22                                          aten::_to_copy         0.00%      64.639us         0.00%     675.151us     112.525us       0.000us         0.00%      14.157ms       2.360ms             6  
2026-09-24 10:32:22 cudaOccupancyMaxActiveBlocksPerMultiprocessorWithFla...         0.00%     316.318us         0.00%     672.554us       3.265us       0.000us         0.00%      59.008ms     286.444us           206  
2026-09-24 10:32:22                               cudaStreamCreateWithFlags         0.00%     642.445us         0.00%     642.445us      20.076us       0.000us         0.00%       0.000us       0.000us            32  
2026-09-24 10:32:22                                   cudaStreamIsCapturing         0.00%     450.915us         0.00%     450.915us       1.761us       0.000us         0.00%       0.000us       0.000us           256  
2026-09-24 10:32:22 autograd::engine::evaluate_function: NllLossBackward...         0.00%      57.066us         0.00%     395.049us     131.683us       0.000us         0.00%      13.729us       4.576us             3  
2026-09-24 10:32:22                                     cudaPeekAtLastError         0.00%     385.652us         0.00%     385.652us       0.189us       0.000us         0.00%       0.000us       0.000us          2040  
2026-09-24 10:32:22       autograd::engine::evaluate_function: AddBackward0         0.00%     274.233us         0.00%     352.833us       7.351us       0.000us         0.00%       0.000us       0.000us            48  
2026-09-24 10:32:22                                        NllLossBackward0         0.00%      40.192us         0.00%     337.983us     112.661us       0.000us         0.00%      13.729us       4.576us             3  
2026-09-24 10:32:22                                           aten::detach_         0.00%     228.893us         0.00%     327.766us       1.999us       0.000us         0.00%       0.000us       0.000us           164  
2026-09-24 10:32:22                                 aten::nll_loss_backward         0.00%     108.047us         0.00%     297.791us      99.264us       8.832us         0.00%      13.729us       4.576us             3  
2026-09-24 10:32:22                                          aten::randperm         0.00%     117.322us         0.00%     256.379us      64.095us       0.000us         0.00%       0.000us       0.000us             4  
2026-09-24 10:32:22                                             aten::copy_         0.00%      91.158us         0.00%     244.463us      40.744us      14.157ms         0.07%      14.157ms       2.360ms             6  
2026-09-24 10:32:22                                       aten::result_type         0.00%     211.843us         0.00%     211.843us       0.088us       0.000us         0.00%       0.000us       0.000us          2415  
2026-09-24 10:32:22                               aten::_local_scalar_dense         0.00%     195.019us         0.00%     195.019us       0.201us       0.000us         0.00%       0.000us       0.000us           968  
2026-09-24 10:32:22                                                 aten::t         0.00%      80.253us         0.00%     166.612us      11.107us       0.000us         0.00%       0.000us       0.000us            15  
2026-09-24 10:32:22 -------------------------------------------------------  ------------  ------------  ------------  ------------  ------------  ------------  ------------  ------------  ------------  ------------  
2026-09-24 10:32:22 Self CPU time total: 24.097s
2026-09-24 10:32:22 Self CUDA time total: 21.135s
2026-09-24 10:32:23 
2026-09-24 10:32:23 -------------------------------------------------------  ------------  ------------  ------------  ------------  ------------  ------------  ------------  ------------  ------------  ------------  
2026-09-24 10:32:23                                                    Name    Self CPU %      Self CPU   CPU total %     CPU total  CPU time avg     Self CUDA   Self CUDA %    CUDA total  CUDA time avg    # of Calls  
2026-09-24 10:32:23 -------------------------------------------------------  ------------  ------------  ------------  ------------  ------------  ------------  ------------  ------------  ------------  ------------  
2026-09-24 10:32:23                                            aten::conv2d         0.00%     446.989us        12.94%        3.119s      19.618ms       0.000us         0.00%       20.206s     127.084ms           159  
2026-09-24 10:32:23                                       aten::convolution         0.01%       2.102ms        12.94%        3.119s      19.615ms       0.000us         0.00%       20.206s     127.084ms           159  
2026-09-24 10:32:23                                      aten::_convolution         0.01%       1.449ms        12.93%        3.117s      19.602ms       0.000us         0.00%       20.206s     127.084ms           159  
2026-09-24 10:32:23                                 aten::cudnn_convolution         0.55%     131.340ms        12.93%        3.115s      19.592ms        3.073s        14.54%       20.206s     127.084ms           159  
2026-09-24 10:32:23 autograd::engine::evaluate_function: ConvolutionBack...         0.01%       3.380ms        70.77%       17.054s     107.259ms       0.000us         0.00%       17.171s     107.996ms           159  
2026-09-24 10:32:23                                    ConvolutionBackward0         0.00%       1.041ms        70.72%       17.040s     107.172ms       0.000us         0.00%       17.091s     107.488ms           159  
2026-09-24 10:32:23                              aten::convolution_backward         0.28%      68.271ms        70.71%       17.039s     107.166ms       17.091s        80.86%       17.091s     107.488ms           159  
2026-09-24 10:32:23                                        cudaLaunchKernel         1.56%     375.895ms         2.65%     637.850ms     110.202us       0.000us         0.00%       13.459s       2.325ms          5788  
2026-09-24 10:32:23                        Runtime Triggered Module Loading         1.51%     364.739ms         1.51%     364.739ms       3.441ms        9.190s        43.48%        9.190s      86.694ms           106  
2026-09-24 10:32:23                                   Lazy Function Loading         0.03%       7.019ms         0.03%       7.019ms      49.083us        7.997s        37.84%        7.997s      55.922ms           143  
2026-09-24 10:32:23 void cudnn::cnn::dgrad2d_grouped_direct_kernel<float...         0.00%       0.000us         0.00%       0.000us       0.000us        4.658s        22.04%        4.658s     332.711ms            14  
2026-09-24 10:32:23           cudaOccupancyMaxActiveBlocksPerMultiprocessor         0.01%       1.651ms         0.06%      15.439ms      16.910us       0.000us         0.00%        2.968s       3.251ms           913  
2026-09-24 10:32:23 void cudnn::cnn::dgrad2d_grouped_direct_kernel<float...         0.00%       0.000us         0.00%       0.000us       0.000us        2.152s        10.18%        2.152s     269.017ms             8  
2026-09-24 10:32:23                                    cudaGetSymbolAddress         0.06%      14.777ms         0.06%      15.183ms      15.183ms       0.000us         0.00%     716.504ms     716.504ms             1  
2026-09-24 10:32:23 void cudnn::cnn::wgrad_alg1_engine<float, float, 512...         0.00%       0.000us         0.00%       0.000us       0.000us     671.402ms         3.18%     671.402ms      14.596ms            46  
2026-09-24 10:32:23                                   volta_gcgemm_64x32_nt         0.00%       0.000us         0.00%       0.000us       0.000us     651.113ms         3.08%     651.113ms       2.647ms           246  
2026-09-24 10:32:23 void cudnn::cnn::wgrad_alg1_engine<float, float, 128...         0.00%       0.000us         0.00%       0.000us       0.000us     584.080ms         2.76%     584.080ms      13.907ms            42  
2026-09-24 10:32:23 void wgrad_alg0_engine<float, 512, 6, 5, 3, 3, 3, fa...         0.00%       0.000us         0.00%       0.000us       0.000us     583.965ms         2.76%     583.965ms      12.695ms            46  
2026-09-24 10:32:23 void cudnn::detail::dgrad_alg1_engine<float, 128, 5,...         0.00%       0.000us         0.00%       0.000us       0.000us     583.548ms         2.76%     583.548ms      48.629ms            12  
2026-09-24 10:32:23 void wgrad_alg0_engine<float, 128, 5, 5, 3, 3, 3, fa...         0.00%       0.000us         0.00%       0.000us       0.000us     565.468ms         2.68%     565.468ms      13.464ms            42  
2026-09-24 10:32:23 void wgrad_alg0_engine<float, 128, 6, 7, 3, 3, 5, fa...         0.00%       0.000us         0.00%       0.000us       0.000us     546.078ms         2.58%     546.078ms       8.150ms            67  
2026-09-24 10:32:23         _5x_cudnn_volta_scudnn_128x32_relu_medium_nn_v1         0.00%       0.000us         0.00%       0.000us       0.000us     531.360ms         2.51%     531.360ms       6.812ms            78  
2026-09-24 10:32:23                                   volta_gcgemm_64x32_tn         0.00%       0.000us         0.00%       0.000us       0.000us     510.064ms         2.41%     510.064ms      12.144ms            42  
2026-09-24 10:32:23 void cudnn::detail::dgrad_engine<float, 128, 6, 8, 3...         0.00%       0.000us         0.00%       0.000us       0.000us     447.264ms         2.12%     447.264ms       8.283ms            54  
2026-09-24 10:32:23 void cudnn::detail::dgrad2d_alg1_1<float, 0, 6, 6, 5...         0.00%       0.000us         0.00%       0.000us       0.000us     432.158ms         2.04%     432.158ms      12.711ms            34  
2026-09-24 10:32:23 void cudnn::cnn::wgrad_alg1_engine<float, float, 128...         0.00%       0.000us         0.00%       0.000us       0.000us     416.741ms         1.97%     416.741ms       8.014ms            52  
2026-09-24 10:32:23 void cudnn::cnn::wgrad_alg1_engine<float, float, 128...         0.00%       0.000us         0.00%       0.000us       0.000us     383.928ms         1.82%     383.928ms       5.817ms            66  
2026-09-24 10:32:23 void cudnn::detail::dgrad_engine<float, 512, 6, 5, 3...         0.00%       0.000us         0.00%       0.000us       0.000us     375.972ms         1.78%     375.972ms       6.962ms            54  
2026-09-24 10:32:23                                   volta_sgemm_128x64_nt         0.00%       0.000us         0.00%       0.000us       0.000us     353.672ms         1.67%     353.672ms       2.131ms           166  
2026-09-24 10:32:23         _5x_cudnn_volta_scudnn_128x128_relu_small_nn_v1         0.00%       0.000us         0.00%       0.000us       0.000us     346.718ms         1.64%     346.718ms       3.152ms           110  
2026-09-24 10:32:23 void wgrad_alg0_engine<float, 128, 6, 8, 3, 3, 5, fa...         0.00%       0.000us         0.00%       0.000us       0.000us     339.076ms         1.60%     339.076ms       7.535ms            45  
2026-09-24 10:32:23                                   volta_sgemm_128x64_tn         0.00%       0.000us         0.00%       0.000us       0.000us     331.686ms         1.57%     331.686ms       3.129ms           106  
2026-09-24 10:32:23 void cudnn::detail::dgrad_alg1_engine<float, 128, 6,...         0.00%       0.000us         0.00%       0.000us       0.000us     322.728ms         1.53%     322.728ms      32.273ms            10  
2026-09-24 10:32:23 autograd::engine::evaluate_function: CudnnBatchNormB...         0.01%       2.604ms         0.19%      45.979ms     289.178us       0.000us         0.00%     311.448ms       1.959ms           159  
2026-09-24 10:32:23                                 CudnnBatchNormBackward0         0.00%     894.757us         0.18%      43.375ms     272.801us       0.000us         0.00%     311.448ms       1.959ms           159  
2026-09-24 10:32:23                         aten::cudnn_batch_norm_backward         0.02%       5.313ms         0.18%      42.481ms     267.173us     311.448ms         1.47%     311.448ms       1.959ms           159  
2026-09-24 10:32:23 void cudnn::detail::dgrad_alg1_engine<float, 128, 5,...         0.00%       0.000us         0.00%       0.000us       0.000us     280.838ms         1.33%     280.838ms       8.776ms            32  
2026-09-24 10:32:23          _5x_cudnn_volta_scudnn_128x32_relu_small_nn_v1         0.00%       0.000us         0.00%       0.000us       0.000us     266.494ms         1.26%     266.494ms       6.057ms            44  
2026-09-24 10:32:23 _5x_cudnn_volta_scudnn_128x32_3dconv_fprop_small_nn_...         0.00%       0.000us         0.00%       0.000us       0.000us     233.910ms         1.11%     233.910ms       7.310ms            32  
2026-09-24 10:32:23 _5x_cudnn_volta_scudnn_128x64_3dconv_fprop_small_nn_...         0.00%       0.000us         0.00%       0.000us       0.000us     220.074ms         1.04%     220.074ms       4.682ms            47  
2026-09-24 10:32:23                                   volta_sgemm_128x64_nn         0.00%       0.000us         0.00%       0.000us       0.000us     215.031ms         1.02%     215.031ms       2.312ms            93  
2026-09-24 10:32:23                                        aten::batch_norm         0.00%     446.775us         0.20%      48.840ms     307.171us       0.000us         0.00%     208.676ms       1.312ms           159  
2026-09-24 10:32:23                            aten::_batch_norm_impl_index         0.00%     986.756us         0.20%      48.393ms     304.361us       0.000us         0.00%     208.676ms       1.312ms           159  
2026-09-24 10:32:23                                  aten::cudnn_batch_norm         0.05%      11.105ms         0.20%      47.407ms     298.155us     192.364ms         0.91%     208.676ms       1.312ms           159  
2026-09-24 10:32:23         _5x_cudnn_volta_scudnn_128x64_relu_medium_nn_v1         0.00%       0.000us         0.00%       0.000us       0.000us     207.372ms         0.98%     207.372ms       4.508ms            46  
2026-09-24 10:32:23 void implicit_convolve_sgemm<float, float, 512, 6, 8...         0.00%       0.000us         0.00%       0.000us       0.000us     194.319ms         0.92%     194.319ms       7.773ms            25  
2026-09-24 10:32:23      _5x_cudnn_volta_scudnn_128x64_stridedB_small_nn_v1         0.00%       0.000us         0.00%       0.000us       0.000us     189.114ms         0.89%     189.114ms       3.050ms            62  
2026-09-24 10:32:23       _5x_cudnn_volta_scudnn_128x64_relu_interior_nn_v1         0.00%       0.000us         0.00%       0.000us       0.000us     183.332ms         0.87%     183.332ms       3.216ms            57  
2026-09-24 10:32:23                                              aten::add_         0.02%       5.896ms         0.15%      36.473ms      49.221us     161.504ms         0.76%     165.687ms     223.599us           741  
2026-09-24 10:32:23 void fft2d_r2c_32x32<float, false, 1u, false>(float2...         0.00%       0.000us         0.00%       0.000us       0.000us     163.642ms         0.77%     163.642ms       3.147ms            52  
2026-09-24 10:32:23 void pointwise_mult_and_sum_complex<float2, 8, 4>(fl...         0.00%       0.000us         0.00%       0.000us       0.000us     161.182ms         0.76%     161.182ms      20.148ms             8  
2026-09-24 10:32:23 void at::native::vectorized_elementwise_kernel<4, at...         0.00%       0.000us         0.00%       0.000us       0.000us     161.070ms         0.76%     161.070ms       1.627ms            99  
2026-09-24 10:32:23 void cudnn::bn_bw_1C11_kernel_new<float, float, floa...         0.00%       0.000us         0.00%       0.000us       0.000us     150.538ms         0.71%     150.538ms       1.224ms           123  
2026-09-24 10:32:23 _5x_cudnn_turing_scudnn_128x64_stridedB_splitK_xregs...         0.00%       0.000us         0.00%       0.000us       0.000us     144.043ms         0.68%     144.043ms       5.762ms            25  
2026-09-24 10:32:23 _5x_cudnn_volta_scudnn_128x32_sliced1x4_ldg4_relu_ex...         0.00%       0.000us         0.00%       0.000us       0.000us     140.692ms         0.67%     140.692ms       5.862ms            24  
2026-09-24 10:32:23      autograd::engine::evaluate_function: ReluBackward0         0.01%       1.391ms         0.21%      50.443ms     343.148us       0.000us         0.00%     138.371ms     941.302us           147  
2026-09-24 10:32:23                                           ReluBackward0         0.00%     730.165us         0.20%      49.052ms     333.685us       0.000us         0.00%     138.371ms     941.302us           147  
2026-09-24 10:32:23                                aten::threshold_backward         0.01%       3.205ms         0.20%      48.322ms     328.718us     138.371ms         0.65%     138.371ms     941.302us           147  
2026-09-24 10:32:23 void at::native::vectorized_elementwise_kernel<4, at...         0.00%       0.000us         0.00%       0.000us       0.000us     138.371ms         0.65%     138.371ms     941.302us           147  
2026-09-24 10:32:23 _5x_cudnn_turing_scudnn_128x32_stridedB_splitK_xregs...         0.00%       0.000us         0.00%       0.000us       0.000us     137.639ms         0.65%     137.639ms       8.602ms            16  
2026-09-24 10:32:23 void cudnn::bn_bw_1C11_kernel_new<float, float, floa...         0.00%       0.000us         0.00%       0.000us       0.000us     136.622ms         0.65%     136.622ms       4.140ms            33  
2026-09-24 10:32:23 _5x_cudnn_volta_scudnn_winograd_128x128_ldg1_ldg4_re...         0.00%       0.000us         0.00%       0.000us       0.000us     123.458ms         0.58%     123.458ms       3.858ms            32  
2026-09-24 10:32:23 _5x_cudnn_volta_scudnn_128x128_dgrad_exp_medium_nhwc...         0.00%       0.000us         0.00%       0.000us       0.000us     118.571ms         0.56%     118.571ms       3.120ms            38  
2026-09-24 10:32:23 _5x_cudnn_volta_scudnn_128x64_relu_xregs_large_nn_v1...         0.00%       0.000us         0.00%       0.000us       0.000us     113.707ms         0.54%     113.707ms       5.168ms            22  
2026-09-24 10:32:23 void cudnn::engines_precompiled::scalePackedTensor_k...         0.00%       0.000us         0.00%       0.000us       0.000us     108.913ms         0.52%     108.913ms     508.937us           214  
2026-09-24 10:32:23                                             aten::relu_         0.01%       2.328ms         0.12%      28.309ms     192.576us       0.000us         0.00%     104.166ms     708.611us           147  
2026-09-24 10:32:23                                        aten::clamp_min_         0.01%       1.959ms         0.11%      25.981ms     176.742us      96.207ms         0.46%     104.166ms     708.611us           147  
2026-09-24 10:32:23 void fft2d_r2c_16x16<float>(float2*, float const*, i...         0.00%       0.000us         0.00%       0.000us       0.000us     100.735ms         0.48%     100.735ms       1.937ms            52  
2026-09-24 10:32:23 void at::native::vectorized_elementwise_kernel<4, at...         0.00%       0.000us         0.00%       0.000us       0.000us      96.207ms         0.46%      96.207ms     654.467us           147  
2026-09-24 10:32:23 void cudnn::bn_fw_tr_1C11_kernel_NCHW<float, float, ...         0.00%       0.000us         0.00%       0.000us       0.000us      86.384ms         0.41%      86.384ms       2.618ms            33  
2026-09-24 10:32:23 void cudnn::bn_fw_tr_1C11_kernel_NCHW<float, float, ...         0.00%       0.000us         0.00%       0.000us       0.000us      83.788ms         0.40%      83.788ms     872.791us            96  
2026-09-24 10:32:23 void cudnn::detail::dgrad_engine<float, 128, 6, 7, 3...         0.00%       0.000us         0.00%       0.000us       0.000us      77.470ms         0.37%      77.470ms       7.747ms            10  
2026-09-24 10:32:23                                Optimizer.step#Adam.step         0.00%       0.000us         0.00%       0.000us       0.000us      75.594ms         0.36%      75.594ms      25.198ms             3  
2026-09-24 10:32:23 cudaOccupancyMaxActiveBlocksPerMultiprocessorWithFla...         0.00%     316.318us         0.00%     672.554us       3.265us       0.000us         0.00%      59.008ms     286.444us           206  
2026-09-24 10:32:23                                    volta_sgemm_64x64_nt         0.00%       0.000us         0.00%       0.000us       0.000us      58.527ms         0.28%      58.527ms       1.951ms            30  
2026-09-24 10:32:23                                Optimizer.step#Adam.step         0.05%      11.925ms         0.47%     112.190ms      37.397ms       0.000us         0.00%      55.819ms      18.606ms             3  
2026-09-24 10:32:23 void cudnn::detail::dgrad_alg1_engine<float, 128, 6,...         0.00%       0.000us         0.00%       0.000us       0.000us      55.294ms         0.26%      55.294ms      27.647ms             2  
2026-09-24 10:32:23 void cudnn::engines_precompiled::nchwToNhwcKernel<fl...         0.00%       0.000us         0.00%       0.000us       0.000us      48.799ms         0.23%      48.799ms     580.946us            84  
2026-09-24 10:32:23 void cudnn::cnn::reduce_wgrad_nchw_helper<float, flo...         0.00%       0.000us         0.00%       0.000us       0.000us      46.446ms         0.22%      46.446ms     396.978us           117  
2026-09-24 10:32:23 void fft2d_c2r_32x32<float, false, false, 0u, false,...         0.00%       0.000us         0.00%       0.000us       0.000us      46.208ms         0.22%      46.208ms     855.711us            54  
2026-09-24 10:32:23                                    volta_sgemm_64x64_tn         0.00%       0.000us         0.00%       0.000us       0.000us      44.856ms         0.21%      44.856ms       4.078ms            11  
2026-09-24 10:32:23 void fft2d_c2r_32x32<float, true, false, 0u, false, ...         0.00%       0.000us         0.00%       0.000us       0.000us      44.335ms         0.21%      44.335ms     273.673us           162  
2026-09-24 10:32:23 void cudnn::engines_precompiled::nhwcToNchwKernel<fl...         0.00%       0.000us         0.00%       0.000us       0.000us      42.380ms         0.20%      42.380ms     683.542us            62  
2026-09-24 10:32:23 void implicit_convolve_sgemm<float, float, 128, 5, 5...         0.00%       0.000us         0.00%       0.000us       0.000us      39.044ms         0.18%      39.044ms      19.522ms             2  
2026-09-24 10:32:23 void cudnn::winograd_nonfused::winogradForwardData4x...         0.00%       0.000us         0.00%       0.000us       0.000us      37.934ms         0.18%      37.934ms     499.126us            76  
2026-09-24 10:32:23 void fft1d_r2c_32<float, float, float2, false, false...         0.00%       0.000us         0.00%       0.000us       0.000us      37.263ms         0.18%      37.263ms     776.321us            48  
2026-09-24 10:32:23 void cudnn::winograd_nonfused::winogradForwardOutput...         0.00%       0.000us         0.00%       0.000us       0.000us      35.124ms         0.17%      35.124ms     462.155us            76  
2026-09-24 10:32:23 void fft1d_c2r_32<float2, float, float, false, true,...         0.00%       0.000us         0.00%       0.000us       0.000us      33.984ms         0.16%      33.984ms       1.214ms            28  
2026-09-24 10:32:23 void cudnn::winograd_nonfused::winogradWgradDelta4x4...         0.00%       0.000us         0.00%       0.000us       0.000us      32.470ms         0.15%      32.470ms     690.854us            47  
2026-09-24 10:32:23 void fft2d_r2c_32x32<float, false, 0u, false>(float2...         0.00%       0.000us         0.00%       0.000us       0.000us      32.249ms         0.15%      32.249ms     153.568us           210  
2026-09-24 10:32:23 void implicit_convolve_sgemm<float, float, 128, 6, 7...         0.00%       0.000us         0.00%       0.000us       0.000us      32.225ms         0.15%      32.225ms       3.222ms            10  
2026-09-24 10:32:23 void cudnn::winograd_nonfused::winogradWgradData4x4<...         0.00%       0.000us         0.00%       0.000us       0.000us      31.022ms         0.15%      31.022ms     660.051us            47  
2026-09-24 10:32:23 void precomputed_convolve_sgemm<float, 128, 6, 7, 3,...         0.00%       0.000us         0.00%       0.000us       0.000us      30.243ms         0.14%      30.243ms      15.122ms             2  
2026-09-24 10:32:23 void fft2d_c2r_32x32<float, false, false, 1u, false,...         0.00%       0.000us         0.00%       0.000us       0.000us      29.464ms         0.14%      29.464ms       1.841ms            16  
2026-09-24 10:32:23 void fft2d_r2c_64x64<float>(float2*, float const*, i...         0.00%       0.000us         0.00%       0.000us       0.000us      27.524ms         0.13%      27.524ms       1.376ms            20  
2026-09-24 10:32:23                                         Memset (Device)         0.00%       0.000us         0.00%       0.000us       0.000us      27.296ms         0.13%      27.296ms      40.619us           672  
2026-09-24 10:32:23 void explicit_convolve_sgemm<float, int, 128, 5, 5, ...         0.00%       0.000us         0.00%       0.000us       0.000us      27.296ms         0.13%      27.296ms      13.648ms             2  
2026-09-24 10:32:23 autograd::engine::evaluate_function: MaxPool2DWithIn...         0.00%      54.711us         0.03%       7.137ms       2.379ms       0.000us         0.00%      25.477ms       8.492ms             3  
2026-09-24 10:32:23                           MaxPool2DWithIndicesBackward0         0.00%      41.998us         0.03%       7.082ms       2.361ms       0.000us         0.00%      25.477ms       8.492ms             3  
2026-09-24 10:32:23                  aten::max_pool2d_with_indices_backward         0.00%     107.286us         0.03%       7.040ms       2.347ms      21.294ms         0.10%      25.477ms       8.492ms             3  
2026-09-24 10:32:23 -------------------------------------------------------  ------------  ------------  ------------  ------------  ------------  ------------  ------------  ------------  ------------  ------------  
2026-09-24 10:32:23 Self CPU time total: 24.097s
2026-09-24 10:32:23 Self CUDA time total: 21.135s
2026-09-24 10:32:24 
2026-09-24 10:32:24 total time:41.861247
