2026-09-24 08:57:51 /root/.pyenv/versions/3.11.1/lib/python3.11/site-packages/torchvision/io/image.py:13: UserWarning: Failed to load image Python extension: '/root/.pyenv/versions/3.11.1/lib/python3.11/site-packages/torchvision/image.so: undefined symbol: _ZN3c1017RegisterOperatorsD1Ev'If you don't plan on using image functionality from `torchvision.io`, you can ignore this warning. Otherwise, there might be something wrong with your environment. Did you have `libjpeg` or `libpng` installed before building `torchvision` from source?
2026-09-24 08:57:51   warn(
2026-09-24 08:57:57 /root/.pyenv/versions/3.11.1/lib/python3.11/site-packages/torchvision/datapoints/__init__.py:12: UserWarning: The torchvision.datapoints and torchvision.transforms.v2 namespaces are still Beta. While we do not expect major breaking changes, some APIs may still change according to user feedback. Please submit any feedback you may have in this issue: https://github.com/pytorch/vision/issues/6753, and you can also check out https://github.com/pytorch/vision/issues/7319 to learn more about the APIs that we suspect might involve future changes. You can silence this warning by calling torchvision.disable_beta_transforms_warning().
2026-09-24 08:57:57   warnings.warn(_BETA_TRANSFORMS_WARNING)
2026-09-24 08:57:57 /root/.pyenv/versions/3.11.1/lib/python3.11/site-packages/torchvision/transforms/v2/__init__.py:54: UserWarning: The torchvision.datapoints and torchvision.transforms.v2 namespaces are still Beta. While we do not expect major breaking changes, some APIs may still change according to user feedback. Please submit any feedback you may have in this issue: https://github.com/pytorch/vision/issues/6753, and you can also check out https://github.com/pytorch/vision/issues/7319 to learn more about the APIs that we suspect might involve future changes. You can silence this warning by calling torchvision.disable_beta_transforms_warning().
2026-09-24 08:57:57   warnings.warn(_BETA_TRANSFORMS_WARNING)
2026-09-24 08:57:59 load image
2026-09-24 08:57:59 split dataset
2026-09-24 08:57:59 288 72
2026-09-24 08:57:59 load model
2026-09-24 08:57:59 train model
2026-09-24 08:57:59 3
2026-09-24 08:58:25 Epoch 1/4, Loss: 1.7865 Time: 8.0072
2026-09-24 08:58:25 3
2026-09-24 08:58:25 Epoch 2/4, Loss: 0.2779 Time: 5.1323
2026-09-24 08:58:25 3
2026-09-24 08:58:25 Epoch 3/4, Loss: 0.0051 Time: 5.2443
2026-09-24 08:58:25 3
2026-09-24 08:58:25 Epoch 4/4, Loss: 0.0007 Time: 5.4287
2026-09-24 08:58:25 Train Profiler:
2026-09-24 08:58:25 -------------------------------------------------------  ------------  ------------  ------------  ------------  ------------  ------------  ------------  ------------  ------------  ------------  
2026-09-24 08:58:25                                                    Name    Self CPU %      Self CPU   CPU total %     CPU total  CPU time avg     Self CUDA   Self CUDA %    CUDA total  CUDA time avg    # of Calls  
2026-09-24 08:58:25 -------------------------------------------------------  ------------  ------------  ------------  ------------  ------------  ------------  ------------  ------------  ------------  ------------  
2026-09-24 08:58:25 enumerate(DataLoader)#_MultiProcessingDataLoaderIter...        29.95%        6.700s        30.34%        6.786s     424.125ms       0.000us         0.00%      12.146ms     759.117us            16  
2026-09-24 08:58:25                                        cudaLaunchKernel        16.48%        3.685s        29.68%        6.638s     739.724us       0.000us         0.00%     647.545ms      72.158us          8974  
2026-09-24 08:58:25                                     Command Buffer Full        23.11%        5.169s        23.11%        5.169s       1.932ms     450.479ms         4.35%     450.479ms     168.340us          2676  
2026-09-24 08:58:25                                   cudaDeviceSynchronize        15.51%        3.468s        15.51%        3.468s     867.114ms       0.000us         0.00%       0.000us       0.000us             4  
2026-09-24 08:58:25 autograd::engine::evaluate_function: ConvolutionBack...         0.06%      12.918ms        12.78%        2.858s       4.493ms       0.000us         0.00%        4.957s       7.794ms           636  
2026-09-24 08:58:25                                    ConvolutionBackward0         0.02%       3.562ms        12.08%        2.701s       4.247ms       0.000us         0.00%        4.640s       7.296ms           636  
2026-09-24 08:58:25                              aten::convolution_backward         0.43%      95.259ms        12.06%        2.698s       4.242ms        4.640s        44.82%        4.640s       7.296ms           636  
2026-09-24 08:58:25                        Runtime Triggered Module Loading         7.46%        1.668s         7.46%        1.668s      23.168ms     131.781ms         1.27%     131.781ms       1.830ms            72  
2026-09-24 08:58:25                                            aten::conv2d         0.01%       1.627ms         7.40%        1.655s       2.602ms       0.000us         0.00%        2.323s       3.652ms           636  
2026-09-24 08:58:25                                       aten::convolution         0.03%       6.999ms         7.39%        1.653s       2.599ms       0.000us         0.00%        2.323s       3.652ms           636  
2026-09-24 08:58:25                                      aten::_convolution         0.02%       4.968ms         7.36%        1.646s       2.588ms       0.000us         0.00%        2.323s       3.652ms           636  
2026-09-24 08:58:25                                 aten::cudnn_convolution         2.97%     664.077ms         7.34%        1.641s       2.581ms        1.894s        18.30%        2.323s       3.652ms           636  
2026-09-24 08:58:25                                              aten::add_         0.13%      30.055ms         2.87%     642.555ms     216.786us     631.489ms         6.10%     654.973ms     220.976us          2964  
2026-09-24 08:58:25 autograd::engine::evaluate_function: CudnnBatchNormB...         0.05%      11.942ms         2.59%     579.801ms     911.637us       0.000us         0.00%        1.232s       1.938ms           636  
2026-09-24 08:58:25                                 CudnnBatchNormBackward0         0.02%       3.969ms         2.54%     567.859ms     892.860us       0.000us         0.00%        1.232s       1.938ms           636  
2026-09-24 08:58:25                         aten::cudnn_batch_norm_backward         0.09%      20.962ms         2.52%     563.890ms     886.619us        1.232s        11.90%        1.232s       1.938ms           636  
2026-09-24 08:58:25                                Optimizer.step#Adam.step         0.16%      36.483ms         2.50%     559.637ms      46.636ms       0.000us         0.00%     210.294ms      17.524ms            12  
2026-09-24 08:58:25      autograd::engine::evaluate_function: ReluBackward0         0.03%       6.060ms         2.23%     499.030ms     848.690us       0.000us         0.00%     543.184ms     923.781us           588  
2026-09-24 08:58:25                                           ReluBackward0         0.01%       3.049ms         2.20%     492.970ms     838.384us       0.000us         0.00%     543.184ms     923.781us           588  
2026-09-24 08:58:25                                aten::threshold_backward         0.06%      12.742ms         2.19%     489.920ms     833.197us     543.184ms         5.25%     543.184ms     923.781us           588  
2026-09-24 08:58:25                                        aten::batch_norm         0.01%       1.394ms         1.68%     376.555ms     592.067us       0.000us         0.00%     817.375ms       1.285ms           636  
2026-09-24 08:58:25                            aten::_batch_norm_impl_index         0.01%       3.202ms         1.68%     375.161ms     589.875us       0.000us         0.00%     817.375ms       1.285ms           636  
2026-09-24 08:58:25                                  aten::cudnn_batch_norm         0.22%      49.584ms         1.66%     371.959ms     584.841us     747.542ms         7.22%     817.375ms       1.285ms           636  
2026-09-24 08:58:25                                             aten::relu_         0.04%       8.938ms         1.55%     346.872ms     589.919us       0.000us         0.00%     403.819ms     686.766us           588  
2026-09-24 08:58:25                                        aten::clamp_min_         0.06%      13.237ms         1.51%     337.932ms     574.715us     372.893ms         3.60%     403.819ms     686.766us           588  
2026-09-24 08:58:25                               aten::adaptive_avg_pool2d         0.00%      66.995us         1.44%     321.885ms      26.824ms       0.000us         0.00%       6.709ms     559.043us            12  
2026-09-24 08:58:25                                              aten::mean         0.03%       6.330ms         1.44%     321.818ms      26.818ms       4.785ms         0.05%       6.709ms     559.043us            12  
2026-09-24 08:58:25                                    aten::_foreach_lerp_         0.00%       1.065ms         1.14%     254.942ms      21.245ms      13.898ms         0.13%      33.546ms       2.795ms            12  
2026-09-24 08:58:25                                         cudaMemsetAsync         0.87%     195.165ms         0.87%     195.165ms     214.467us       0.000us         0.00%       0.000us       0.000us           910  
2026-09-24 08:58:25                                           cudaHostAlloc         0.71%     159.484ms         0.71%     159.484ms      22.783ms       6.187ms         0.06%       6.187ms     883.818us             7  
2026-09-24 08:58:25                                aten::cross_entropy_loss         0.00%     132.263us         0.58%     129.904ms      10.825ms       0.000us         0.00%     132.638us      11.053us            12  
2026-09-24 08:58:25                                     aten::_foreach_sqrt         0.04%       8.731ms         0.39%      87.351ms       7.279ms       9.887ms         0.10%      18.168ms       1.514ms            12  
2026-09-24 08:58:25                                   cudaFuncGetAttributes         0.35%      77.729ms         0.35%      77.729ms       3.239ms       0.000us         0.00%       0.000us       0.000us            24  
2026-09-24 08:58:25     autograd::engine::evaluate_function: AddmmBackward0         0.00%     441.875us         0.34%      77.087ms       6.424ms       0.000us         0.00%     387.676us      32.306us            12  
2026-09-24 08:58:25                                             aten::fill_         0.01%       2.034ms         0.32%      71.371ms     199.360us      17.799ms         0.17%      17.808ms      49.744us           358  
2026-09-24 08:58:25                                       aten::log_softmax         0.00%     101.229us         0.29%      65.445ms       5.454ms       0.000us         0.00%      41.982us       3.498us            12  
2026-09-24 08:58:25                                      aten::_log_softmax         0.01%       2.674ms         0.29%      65.334ms       5.445ms      29.087us         0.00%      41.982us       3.498us            12  
2026-09-24 08:58:25                                       aten::nll_loss_nd         0.00%      56.071us         0.29%      64.327ms       5.361ms       0.000us         0.00%      90.656us       7.555us            12  
2026-09-24 08:58:25                                          aten::nll_loss         0.00%      66.458us         0.29%      64.271ms       5.356ms       0.000us         0.00%      90.656us       7.555us            12  
2026-09-24 08:58:25                                  aten::nll_loss_forward         0.04%       8.742ms         0.29%      64.205ms       5.350ms      54.304us         0.00%      90.656us       7.555us            12  
2026-09-24 08:58:25                                            aten::linear         0.00%     132.871us         0.27%      61.342ms       5.112ms       0.000us         0.00%     388.987us      32.416us            12  
2026-09-24 08:58:25                                             aten::addmm         0.04%       9.942ms         0.27%      61.022ms       5.085ms     227.327us         0.00%     388.987us      32.416us            12  
2026-09-24 08:58:25                                             aten::zero_         0.00%     982.531us         0.21%      46.029ms     133.033us       0.000us         0.00%      17.779ms      51.384us           346  
2026-09-24 08:58:25                                             aten::empty         0.17%      38.274ms         0.20%      45.031ms       6.879us       0.000us         0.00%       0.000us       0.000us          6546  
2026-09-24 08:58:25      autograd::engine::evaluate_function: MeanBackward1         0.00%     144.079us         0.19%      43.465ms       3.622ms       0.000us         0.00%       2.254ms     187.793us            12  
2026-09-24 08:58:25                                           MeanBackward1         0.00%     107.488us         0.19%      43.321ms       3.610ms       0.000us         0.00%       2.254ms     187.793us            12  
2026-09-24 08:58:25                                               aten::div         0.00%     551.591us         0.19%      43.117ms       3.593ms       2.254ms         0.02%       2.254ms     187.793us            12  
2026-09-24 08:58:25                                 aten::_foreach_addcdiv_         0.01%       3.292ms         0.18%      41.329ms       3.444ms      18.302ms         0.18%      50.260ms       4.188ms            12  
2026-09-24 08:58:25                                               aten::sum         0.00%     415.248us         0.18%      41.303ms       3.442ms     152.862us         0.00%     152.862us      12.738us            12  
2026-09-24 08:58:25                                     aten::_foreach_div_         0.01%       1.845ms         0.18%      39.297ms       3.275ms       9.865ms         0.10%      29.542ms       2.462ms            12  
2026-09-24 08:58:25                                     aten::_foreach_mul_         0.01%       2.034ms         0.17%      38.321ms       3.193ms       9.722ms         0.09%      21.850ms       1.821ms            12  
2026-09-24 08:58:25                                 aten::_foreach_addcmul_         0.01%       2.451ms         0.16%      35.830ms       2.986ms      14.063ms         0.14%      38.645ms       3.220ms            12  
2026-09-24 08:58:25                                          AddmmBackward0         0.00%     306.433us         0.16%      35.270ms       2.939ms       0.000us         0.00%     234.814us      19.568us            12  
2026-09-24 08:58:25                                                aten::mm         0.01%       1.536ms         0.15%      34.561ms       1.440ms     234.814us         0.00%     234.814us       9.784us            24  
2026-09-24 08:58:25           cudaOccupancyMaxActiveBlocksPerMultiprocessor         0.09%      20.718ms         0.15%      34.230ms      21.886us       0.000us         0.00%      14.195ms       9.076us          1564  
2026-09-24 08:58:25 autograd::engine::evaluate_function: MaxPool2DWithIn...         0.00%     194.749us         0.13%      29.564ms       2.464ms       0.000us         0.00%     102.128ms       8.511ms            12  
2026-09-24 08:58:25                           MaxPool2DWithIndicesBackward0         0.00%      99.296us         0.13%      29.369ms       2.447ms       0.000us         0.00%     102.128ms       8.511ms            12  
2026-09-24 08:58:25                  aten::max_pool2d_with_indices_backward         0.00%     335.579us         0.13%      29.270ms       2.439ms      85.507ms         0.83%     102.128ms       8.511ms            12  
2026-09-24 08:58:25                                         aten::ones_like         0.00%      66.975us         0.12%      26.593ms       2.216ms       0.000us         0.00%      29.568us       2.464us            12  
2026-09-24 08:58:25 autograd::engine::evaluate_function: NllLossBackward...         0.00%     321.049us         0.11%      24.973ms       2.081ms       0.000us         0.00%      60.608us       5.051us            12  
2026-09-24 08:58:25                                        NllLossBackward0         0.00%     142.079us         0.11%      24.652ms       2.054ms       0.000us         0.00%      60.608us       5.051us            12  
2026-09-24 08:58:25                                 aten::nll_loss_backward         0.00%     406.305us         0.11%      24.510ms       2.042ms      40.159us         0.00%      60.608us       5.051us            12  
2026-09-24 08:58:25 autograd::engine::evaluate_function: LogSoftmaxBackw...         0.00%     183.134us         0.10%      23.158ms       1.930ms       0.000us         0.00%      26.336us       2.195us            12  
2026-09-24 08:58:25                                     LogSoftmaxBackward0         0.00%     131.307us         0.10%      22.975ms       1.915ms       0.000us         0.00%      26.336us       2.195us            12  
2026-09-24 08:58:25 autograd::engine::evaluate_function: torch::autograd...         0.05%      10.480ms         0.10%      22.964ms      11.886us       0.000us         0.00%       0.000us       0.000us          1932  
2026-09-24 08:58:25                        aten::_log_softmax_backward_data         0.00%     281.494us         0.10%      22.844ms       1.904ms      26.336us         0.00%      26.336us       2.195us            12  
2026-09-24 08:58:25                                              cudaMalloc         0.09%      19.016ms         0.09%      19.016ms     172.872us       0.000us         0.00%       0.000us       0.000us           110  
2026-09-24 08:58:25                                        aten::empty_like         0.01%       2.585ms         0.08%      18.810ms      19.391us       0.000us         0.00%       0.000us       0.000us           970  
2026-09-24 08:58:25                                     aten::empty_strided         0.06%      12.320ms         0.08%      17.413ms       7.604us       0.000us         0.00%       0.000us       0.000us          2290  
2026-09-24 08:58:25                                    cudaGetSymbolAddress         0.07%      14.916ms         0.07%      15.309ms      15.309ms       0.000us         0.00%      24.292ms      24.292ms             1  
2026-09-24 08:58:25                         torch::autograd::AccumulateGrad         0.03%       5.934ms         0.06%      12.484ms       6.461us       0.000us         0.00%       0.000us       0.000us          1932  
2026-09-24 08:58:25                                        aten::max_pool2d         0.00%      71.296us         0.05%      11.931ms     994.230us       0.000us         0.00%      50.252ms       4.188ms            12  
2026-09-24 08:58:25                           aten::max_pool2d_with_indices         0.00%     640.641us         0.05%      11.859ms     988.289us      35.308ms         0.34%      50.252ms       4.188ms            12  
2026-09-24 08:58:25                                     aten::_foreach_add_         0.02%       3.481ms         0.05%      10.493ms     437.214us       9.794ms         0.09%      17.145ms     714.358us            24  
2026-09-24 08:58:25                                        aten::zeros_like         0.00%     591.701us         0.05%      10.292ms      31.962us       0.000us         0.00%       1.137ms       3.532us           322  
2026-09-24 08:58:25                                         cudaEventRecord         0.04%       9.025ms         0.04%       9.025ms      40.292us       0.000us         0.00%       0.000us       0.000us           224  
2026-09-24 08:58:25                                                aten::to         0.00%     826.845us         0.04%       8.540ms      10.107us       0.000us         0.00%      58.274ms      68.963us           845  
2026-09-24 08:58:25                                            Unrecognized         0.04%       8.522ms         0.04%       8.522ms       2.130ms       0.000us         0.00%       0.000us       0.000us             4  
2026-09-24 08:58:25 cudaOccupancyMaxActiveBlocksPerMultiprocessorWithFla...         0.00%     465.657us         0.04%       8.504ms      23.755us       0.000us         0.00%       4.253ms      11.880us           358  
2026-09-24 08:58:25                                          aten::_to_copy         0.00%     255.312us         0.03%       7.713ms     321.393us       0.000us         0.00%      58.274ms       2.428ms            24  
2026-09-24 08:58:25                                   Lazy Function Loading         0.02%       4.843ms         0.03%       7.055ms      75.057us     108.194ms         1.05%     108.194ms       1.151ms            94  
2026-09-24 08:58:25                                            aten::detach         0.01%       2.366ms         0.03%       6.549ms       3.390us       0.000us         0.00%       0.000us       0.000us          1932  
2026-09-24 08:58:25                      Optimizer.zero_grad#Adam.zero_grad         0.03%       6.310ms         0.03%       6.310ms     525.840us       0.000us         0.00%       0.000us       0.000us            12  
2026-09-24 08:58:25                                             aten::copy_         0.00%     344.000us         0.02%       5.199ms     216.623us      58.274ms         0.56%      58.274ms       2.428ms            24  
2026-09-24 08:58:25                                         cudaMemcpyAsync         0.02%       4.834ms         0.02%       4.855ms     202.289us       0.000us         0.00%       0.000us       0.000us            24  
2026-09-24 08:58:25                                              aten::item         0.02%       3.561ms         0.02%       4.516ms       1.169us       0.000us         0.00%       0.000us       0.000us          3865  
2026-09-24 08:58:25                                                  detach         0.02%       4.183ms         0.02%       4.183ms       2.165us       0.000us         0.00%       0.000us       0.000us          1932  
2026-09-24 08:58:25                                              aten::view         0.01%       3.317ms         0.01%       3.317ms       2.536us       0.000us         0.00%       0.000us       0.000us          1308  
2026-09-24 08:58:25                                                cudaFree         0.01%       3.200ms         0.01%       3.200ms     799.909us       0.000us         0.00%       0.000us       0.000us             4  
2026-09-24 08:58:25                                  cudaDeviceGetAttribute         0.01%       3.024ms         0.01%       3.024ms      18.328us       0.000us         0.00%       0.000us       0.000us           165  
2026-09-24 08:58:25                                   cudaStreamIsCapturing         0.01%       1.705ms         0.01%       1.705ms      14.956us       0.000us         0.00%       0.000us       0.000us           114  
2026-09-24 08:58:25                              cudaGetDeviceProperties_v2         0.01%       1.625ms         0.01%       1.625ms     812.454us       0.000us         0.00%       0.000us       0.000us             2  
2026-09-24 08:58:25       autograd::engine::evaluate_function: AddBackward0         0.01%       1.276ms         0.01%       1.583ms       8.244us       0.000us         0.00%       0.000us       0.000us           192  
2026-09-24 08:58:25                                       aten::result_type         0.00%     965.337us         0.00%     965.337us       0.100us       0.000us         0.00%       0.000us       0.000us          9660  
2026-09-24 08:58:25                               aten::_local_scalar_dense         0.00%     955.354us         0.00%     955.354us       0.247us       0.000us         0.00%       0.000us       0.000us          3865  
2026-09-24 08:58:25                               cudaStreamCreateWithFlags         0.00%     870.641us         0.00%     870.641us      27.208us       0.000us         0.00%       0.000us       0.000us            32  
2026-09-24 08:58:25                                     cudaPeekAtLastError         0.00%     703.116us         0.00%     703.116us       0.234us       0.000us         0.00%       0.000us       0.000us          3004  
2026-09-24 08:58:25                                                 aten::t         0.00%     336.712us         0.00%     688.441us      11.474us       0.000us         0.00%       0.000us       0.000us            60  
2026-09-24 08:58:25                                    cudaFuncSetAttribute         0.00%     636.254us         0.00%     684.331us       3.111us       0.000us         0.00%     168.254us       0.765us           220  
2026-09-24 08:58:25                                     cudaStreamWaitEvent         0.00%     403.012us         0.00%     403.012us       1.145us       0.000us         0.00%       0.000us       0.000us           352  
2026-09-24 08:58:25 -------------------------------------------------------  ------------  ------------  ------------  ------------  ------------  ------------  ------------  ------------  ------------  ------------  
2026-09-24 08:58:25 Self CPU time total: 22.366s
2026-09-24 08:58:25 Self CUDA time total: 10.352s
2026-09-24 08:58:27 
2026-09-24 08:58:27 -------------------------------------------------------  ------------  ------------  ------------  ------------  ------------  ------------  ------------  ------------  ------------  ------------  
2026-09-24 08:58:27                                                    Name    Self CPU %      Self CPU   CPU total %     CPU total  CPU time avg     Self CUDA   Self CUDA %    CUDA total  CUDA time avg    # of Calls  
2026-09-24 08:58:27 -------------------------------------------------------  ------------  ------------  ------------  ------------  ------------  ------------  ------------  ------------  ------------  ------------  
2026-09-24 08:58:27 autograd::engine::evaluate_function: ConvolutionBack...         0.06%      12.918ms        12.78%        2.858s       4.493ms       0.000us         0.00%        4.957s       7.794ms           636  
2026-09-24 08:58:27                                    ConvolutionBackward0         0.02%       3.562ms        12.08%        2.701s       4.247ms       0.000us         0.00%        4.640s       7.296ms           636  
2026-09-24 08:58:27                              aten::convolution_backward         0.43%      95.259ms        12.06%        2.698s       4.242ms        4.640s        44.82%        4.640s       7.296ms           636  
2026-09-24 08:58:27                                            aten::conv2d         0.01%       1.627ms         7.40%        1.655s       2.602ms       0.000us         0.00%        2.323s       3.652ms           636  
2026-09-24 08:58:27                                       aten::convolution         0.03%       6.999ms         7.39%        1.653s       2.599ms       0.000us         0.00%        2.323s       3.652ms           636  
2026-09-24 08:58:27                                      aten::_convolution         0.02%       4.968ms         7.36%        1.646s       2.588ms       0.000us         0.00%        2.323s       3.652ms           636  
2026-09-24 08:58:27                                 aten::cudnn_convolution         2.97%     664.077ms         7.34%        1.641s       2.581ms        1.894s        18.30%        2.323s       3.652ms           636  
2026-09-24 08:58:27 autograd::engine::evaluate_function: CudnnBatchNormB...         0.05%      11.942ms         2.59%     579.801ms     911.637us       0.000us         0.00%        1.232s       1.938ms           636  
2026-09-24 08:58:27                                 CudnnBatchNormBackward0         0.02%       3.969ms         2.54%     567.859ms     892.860us       0.000us         0.00%        1.232s       1.938ms           636  
2026-09-24 08:58:27                         aten::cudnn_batch_norm_backward         0.09%      20.962ms         2.52%     563.890ms     886.619us        1.232s        11.90%        1.232s       1.938ms           636  
2026-09-24 08:58:27       _5x_cudnn_volta_scudnn_128x64_relu_interior_nn_v1         0.00%       0.000us         0.00%       0.000us       0.000us     883.307ms         8.53%     883.307ms       2.568ms           344  
2026-09-24 08:58:27                                        aten::batch_norm         0.01%       1.394ms         1.68%     376.555ms     592.067us       0.000us         0.00%     817.375ms       1.285ms           636  
2026-09-24 08:58:27                            aten::_batch_norm_impl_index         0.01%       3.202ms         1.68%     375.161ms     589.875us       0.000us         0.00%     817.375ms       1.285ms           636  
2026-09-24 08:58:27                                  aten::cudnn_batch_norm         0.22%      49.584ms         1.66%     371.959ms     584.841us     747.542ms         7.22%     817.375ms       1.285ms           636  
2026-09-24 08:58:27                                   volta_sgemm_128x64_tn         0.00%       0.000us         0.00%       0.000us       0.000us     808.017ms         7.81%     808.017ms       2.806ms           288  
2026-09-24 08:58:27                                   volta_sgemm_128x64_nt         0.00%       0.000us         0.00%       0.000us       0.000us     720.919ms         6.96%     720.919ms       1.839ms           392  
2026-09-24 08:58:27                                              aten::add_         0.13%      30.055ms         2.87%     642.555ms     216.786us     631.489ms         6.10%     654.973ms     220.976us          2964  
2026-09-24 08:58:27                                        cudaLaunchKernel        16.48%        3.685s        29.68%        6.638s     739.724us       0.000us         0.00%     647.545ms      72.158us          8974  
2026-09-24 08:58:27 void at::native::vectorized_elementwise_kernel<4, at...         0.00%       0.000us         0.00%       0.000us       0.000us     629.717ms         6.08%     629.717ms       1.590ms           396  
2026-09-24 08:58:27 _5x_cudnn_turing_scudnn_128x64_stridedB_splitK_xregs...         0.00%       0.000us         0.00%       0.000us       0.000us     599.996ms         5.80%     599.996ms       6.818ms            88  
2026-09-24 08:58:27 void cudnn::bn_bw_1C11_kernel_new<float, float, floa...         0.00%       0.000us         0.00%       0.000us       0.000us     597.478ms         5.77%     597.478ms       1.310ms           456  
2026-09-24 08:58:27      _5x_cudnn_volta_scudnn_128x64_stridedB_small_nn_v1         0.00%       0.000us         0.00%       0.000us       0.000us     554.565ms         5.36%     554.565ms       2.718ms           204  
2026-09-24 08:58:27      autograd::engine::evaluate_function: ReluBackward0         0.03%       6.060ms         2.23%     499.030ms     848.690us       0.000us         0.00%     543.184ms     923.781us           588  
2026-09-24 08:58:27                                           ReluBackward0         0.01%       3.049ms         2.20%     492.970ms     838.384us       0.000us         0.00%     543.184ms     923.781us           588  
2026-09-24 08:58:27                                aten::threshold_backward         0.06%      12.742ms         2.19%     489.920ms     833.197us     543.184ms         5.25%     543.184ms     923.781us           588  
2026-09-24 08:58:27 void at::native::vectorized_elementwise_kernel<4, at...         0.00%       0.000us         0.00%       0.000us       0.000us     543.184ms         5.25%     543.184ms     923.781us           588  
2026-09-24 08:58:27 void cudnn::bn_bw_1C11_kernel_new<float, float, floa...         0.00%       0.000us         0.00%       0.000us       0.000us     538.220ms         5.20%     538.220ms       4.077ms           132  
2026-09-24 08:58:27                                     Command Buffer Full        23.11%        5.169s        23.11%        5.169s       1.932ms     450.479ms         4.35%     450.479ms     168.340us          2676  
2026-09-24 08:58:27                                             aten::relu_         0.04%       8.938ms         1.55%     346.872ms     589.919us       0.000us         0.00%     403.819ms     686.766us           588  
2026-09-24 08:58:27                                        aten::clamp_min_         0.06%      13.237ms         1.51%     337.932ms     574.715us     372.893ms         3.60%     403.819ms     686.766us           588  
2026-09-24 08:58:27 void at::native::vectorized_elementwise_kernel<4, at...         0.00%       0.000us         0.00%       0.000us       0.000us     372.893ms         3.60%     372.893ms     634.171us           588  
2026-09-24 08:58:27         _5x_cudnn_volta_scudnn_128x128_relu_small_nn_v1         0.00%       0.000us         0.00%       0.000us       0.000us     341.627ms         3.30%     341.627ms       5.338ms            64  
2026-09-24 08:58:27 void cudnn::bn_fw_tr_1C11_kernel_NCHW<float, float, ...         0.00%       0.000us         0.00%       0.000us       0.000us     332.523ms         3.21%     332.523ms       2.519ms           132  
2026-09-24 08:58:27                                   volta_sgemm_128x64_nn         0.00%       0.000us         0.00%       0.000us       0.000us     322.418ms         3.11%     322.418ms       1.612ms           200  
2026-09-24 08:58:27 void cudnn::bn_fw_tr_1C11_kernel_NCHW<float, float, ...         0.00%       0.000us         0.00%       0.000us       0.000us     314.073ms         3.03%     314.073ms       1.020ms           308  
2026-09-24 08:58:27                                    volta_sgemm_64x64_tn         0.00%       0.000us         0.00%       0.000us       0.000us     303.636ms         2.93%     303.636ms       4.465ms            68  
2026-09-24 08:58:27 void cudnn::cnn::wgrad_alg1_engine<float, float, 128...         0.00%       0.000us         0.00%       0.000us       0.000us     296.126ms         2.86%     296.126ms       5.288ms            56  
2026-09-24 08:58:27 void cudnn::detail::dgrad_engine<float, 512, 6, 5, 3...         0.00%       0.000us         0.00%       0.000us       0.000us     225.990ms         2.18%     225.990ms       9.416ms            24  
2026-09-24 08:58:27                                Optimizer.step#Adam.step         0.16%      36.483ms         2.50%     559.637ms      46.636ms       0.000us         0.00%     210.294ms      17.524ms            12  
2026-09-24 08:58:27 void cudnn::winograd_nonfused::winogradForwardData4x...         0.00%       0.000us         0.00%       0.000us       0.000us     195.802ms         1.89%     195.802ms     627.569us           312  
2026-09-24 08:58:27                                Optimizer.step#Adam.step         0.00%       0.000us         0.00%       0.000us       0.000us     183.721ms         1.77%     183.721ms      15.310ms            12  
2026-09-24 08:58:27 void cudnn::winograd_nonfused::winogradForwardOutput...         0.00%       0.000us         0.00%       0.000us       0.000us     178.975ms         1.73%     178.975ms     573.638us           312  
2026-09-24 08:58:27 void cudnn::detail::dgrad_engine<float, 128, 6, 8, 3...         0.00%       0.000us         0.00%       0.000us       0.000us     166.637ms         1.61%     166.637ms       5.951ms            28  
2026-09-24 08:58:27                                    volta_sgemm_64x64_nt         0.00%       0.000us         0.00%       0.000us       0.000us     131.885ms         1.27%     131.885ms       1.832ms            72  
2026-09-24 08:58:27                        Runtime Triggered Module Loading         7.46%        1.668s         7.46%        1.668s      23.168ms     131.781ms         1.27%     131.781ms       1.830ms            72  
2026-09-24 08:58:27                                   volta_gcgemm_64x32_nt         0.00%       0.000us         0.00%       0.000us       0.000us     130.248ms         1.26%     130.248ms       4.070ms            32  
2026-09-24 08:58:27                                   Lazy Function Loading         0.02%       4.843ms         0.03%       7.055ms      75.057us     108.194ms         1.05%     108.194ms       1.151ms            94  
2026-09-24 08:58:27 autograd::engine::evaluate_function: MaxPool2DWithIn...         0.00%     194.749us         0.13%      29.564ms       2.464ms       0.000us         0.00%     102.128ms       8.511ms            12  
2026-09-24 08:58:27                           MaxPool2DWithIndicesBackward0         0.00%      99.296us         0.13%      29.369ms       2.447ms       0.000us         0.00%     102.128ms       8.511ms            12  
2026-09-24 08:58:27                  aten::max_pool2d_with_indices_backward         0.00%     335.579us         0.13%      29.270ms       2.439ms      85.507ms         0.83%     102.128ms       8.511ms            12  
2026-09-24 08:58:27 void cudnn::cnn::reduce_wgrad_nchw_helper<float, flo...         0.00%       0.000us         0.00%       0.000us       0.000us      94.155ms         0.91%      94.155ms     264.480us           356  
2026-09-24 08:58:27 void cudnn::bn_bw_1C11_kernel_new<float, float, floa...         0.00%       0.000us         0.00%       0.000us       0.000us      91.630ms         0.89%      91.630ms       7.636ms            12  
2026-09-24 08:58:27 void at::native::(anonymous namespace)::max_pool_bac...         0.00%       0.000us         0.00%       0.000us       0.000us      85.507ms         0.83%      85.507ms       7.126ms            12  
2026-09-24 08:58:27 void wgrad_alg0_engine<float, 128, 6, 8, 3, 3, 5, fa...         0.00%       0.000us         0.00%       0.000us       0.000us      85.044ms         0.82%      85.044ms       5.315ms            16  
2026-09-24 08:58:27 void cudnn::winograd_nonfused::winogradWgradDelta4x4...         0.00%       0.000us         0.00%       0.000us       0.000us      81.675ms         0.79%      81.675ms     704.093us           116  
2026-09-24 08:58:27 void cudnn::winograd_nonfused::winogradWgradData4x4<...         0.00%       0.000us         0.00%       0.000us       0.000us      76.833ms         0.74%      76.833ms     662.353us           116  
2026-09-24 08:58:27         _5x_cudnn_volta_scudnn_128x64_relu_medium_nn_v1         0.00%       0.000us         0.00%       0.000us       0.000us      75.617ms         0.73%      75.617ms       6.301ms            12  
2026-09-24 08:58:27 _5x_cudnn_volta_scudnn_128x64_relu_xregs_large_nn_v1...         0.00%       0.000us         0.00%       0.000us       0.000us      71.877ms         0.69%      71.877ms       4.492ms            16  
2026-09-24 08:58:27                                                aten::to         0.00%     826.845us         0.04%       8.540ms      10.107us       0.000us         0.00%      58.274ms      68.963us           845  
2026-09-24 08:58:27                                          aten::_to_copy         0.00%     255.312us         0.03%       7.713ms     321.393us       0.000us         0.00%      58.274ms       2.428ms            24  
2026-09-24 08:58:27                                             aten::copy_         0.00%     344.000us         0.02%       5.199ms     216.623us      58.274ms         0.56%      58.274ms       2.428ms            24  
2026-09-24 08:58:27                          Memcpy HtoD (Pinned -> Device)         0.00%       0.000us         0.00%       0.000us       0.000us      58.274ms         0.56%      58.274ms       2.428ms            24  
2026-09-24 08:58:27 void cudnn::bn_fw_tr_1C11_kernel_NCHW<float, float, ...         0.00%       0.000us         0.00%       0.000us       0.000us      57.439ms         0.55%      57.439ms       4.787ms            12  
2026-09-24 08:58:27                                 aten::_foreach_addcdiv_         0.01%       3.292ms         0.18%      41.329ms       3.444ms      18.302ms         0.18%      50.260ms       4.188ms            12  
2026-09-24 08:58:27                                        aten::max_pool2d         0.00%      71.296us         0.05%      11.931ms     994.230us       0.000us         0.00%      50.252ms       4.188ms            12  
2026-09-24 08:58:27                           aten::max_pool2d_with_indices         0.00%     640.641us         0.05%      11.859ms     988.289us      35.308ms         0.34%      50.252ms       4.188ms            12  
2026-09-24 08:58:27 void cudnn::bn_fw_tr_1C11_singleread<float, 512, tru...         0.00%       0.000us         0.00%       0.000us       0.000us      43.506ms         0.42%      43.506ms     236.448us           184  
2026-09-24 08:58:27 void fft2d_c2r_32x32<float, false, false, 0u, false,...         0.00%       0.000us         0.00%       0.000us       0.000us      38.970ms         0.38%      38.970ms       1.218ms            32  
2026-09-24 08:58:27                                 aten::_foreach_addcmul_         0.01%       2.451ms         0.16%      35.830ms       2.986ms      14.063ms         0.14%      38.645ms       3.220ms            12  
2026-09-24 08:58:27 void at::native::(anonymous namespace)::max_pool_for...         0.00%       0.000us         0.00%       0.000us       0.000us      35.308ms         0.34%      35.308ms       2.942ms            12  
2026-09-24 08:58:27                                    aten::_foreach_lerp_         0.00%       1.065ms         1.14%     254.942ms      21.245ms      13.898ms         0.13%      33.546ms       2.795ms            12  
2026-09-24 08:58:27 void cudnn::engines_precompiled::scalePackedTensor_k...         0.00%       0.000us         0.00%       0.000us       0.000us      33.369ms         0.32%      33.369ms     641.702us            52  
2026-09-24 08:58:27                                     aten::_foreach_div_         0.01%       1.845ms         0.18%      39.297ms       3.275ms       9.865ms         0.10%      29.542ms       2.462ms            12  
2026-09-24 08:58:27 void fft2d_r2c_32x32<float, false, 1u, false>(float2...         0.00%       0.000us         0.00%       0.000us       0.000us      25.065ms         0.24%      25.065ms       1.253ms            20  
2026-09-24 08:58:27                                    cudaGetSymbolAddress         0.07%      14.916ms         0.07%      15.309ms      15.309ms       0.000us         0.00%      24.292ms      24.292ms             1  
2026-09-24 08:58:27                                     aten::_foreach_mul_         0.01%       2.034ms         0.17%      38.321ms       3.193ms       9.722ms         0.09%      21.850ms       1.821ms            12  
2026-09-24 08:58:27 void foldedNchwToNchwKernel<float, float, float, tru...         0.00%       0.000us         0.00%       0.000us       0.000us      21.062ms         0.20%      21.062ms       2.633ms             8  
2026-09-24 08:58:27 void cudnn::winograd_nonfused::winogradForwardFilter...         0.00%       0.000us         0.00%       0.000us       0.000us      20.353ms         0.20%      20.353ms      65.232us           312  
2026-09-24 08:58:27 void at::native::(anonymous namespace)::multi_tensor...         0.00%       0.000us         0.00%       0.000us       0.000us      18.302ms         0.18%      18.302ms     381.289us            48  
2026-09-24 08:58:27                                     aten::_foreach_sqrt         0.04%       8.731ms         0.39%      87.351ms       7.279ms       9.887ms         0.10%      18.168ms       1.514ms            12  
2026-09-24 08:58:27                                             aten::fill_         0.01%       2.034ms         0.32%      71.371ms     199.360us      17.799ms         0.17%      17.808ms      49.744us           358  
2026-09-24 08:58:27 void at::native::vectorized_elementwise_kernel<4, at...         0.00%       0.000us         0.00%       0.000us       0.000us      17.799ms         0.17%      17.799ms      49.719us           358  
2026-09-24 08:58:27                                             aten::zero_         0.00%     982.531us         0.21%      46.029ms     133.033us       0.000us         0.00%      17.779ms      51.384us           346  
2026-09-24 08:58:27                                     aten::_foreach_add_         0.02%       3.481ms         0.05%      10.493ms     437.214us       9.794ms         0.09%      17.145ms     714.358us            24  
2026-09-24 08:58:27                                cudaPointerGetAttributes         0.00%     239.067us         0.00%     239.067us       9.961us      15.149ms         0.15%      15.149ms     631.229us            24  
2026-09-24 08:58:27           cudaOccupancyMaxActiveBlocksPerMultiprocessor         0.09%      20.718ms         0.15%      34.230ms      21.886us       0.000us         0.00%      14.195ms       9.076us          1564  
2026-09-24 08:58:27 void at::native::(anonymous namespace)::multi_tensor...         0.00%       0.000us         0.00%       0.000us       0.000us      14.063ms         0.14%      14.063ms     292.982us            48  
2026-09-24 08:58:27 void at::native::(anonymous namespace)::multi_tensor...         0.00%       0.000us         0.00%       0.000us       0.000us      13.898ms         0.13%      13.898ms     386.050us            36  
2026-09-24 08:58:27 enumerate(DataLoader)#_MultiProcessingDataLoaderIter...        29.95%        6.700s        30.34%        6.786s     424.125ms       0.000us         0.00%      12.146ms     759.117us            16  
2026-09-24 08:58:27 void cudnn::winograd_nonfused::winogradWgradOutput4x...         0.00%       0.000us         0.00%       0.000us       0.000us      11.907ms         0.12%      11.907ms     102.650us           116  
2026-09-24 08:58:27 void fft2d_r2c_32x32<float, true, 0u, false>(float2*...         0.00%       0.000us         0.00%       0.000us       0.000us      10.575ms         0.10%      10.575ms     440.618us            24  
2026-09-24 08:58:27 void cudnn::cnn::wgrad_alg1_engine<float, float, 128...         0.00%       0.000us         0.00%       0.000us       0.000us      10.091ms         0.10%      10.091ms       2.523ms             4  
2026-09-24 08:58:27 void at::native::(anonymous namespace)::multi_tensor...         0.00%       0.000us         0.00%       0.000us       0.000us       9.887ms         0.10%       9.887ms     274.651us            36  
2026-09-24 08:58:27 void at::native::(anonymous namespace)::multi_tensor...         0.00%       0.000us         0.00%       0.000us       0.000us       9.865ms         0.10%       9.865ms     274.039us            36  
2026-09-24 08:58:27 void at::native::(anonymous namespace)::multi_tensor...         0.00%       0.000us         0.00%       0.000us       0.000us       9.794ms         0.09%       9.794ms     408.069us            24  
2026-09-24 08:58:27 void at::native::(anonymous namespace)::multi_tensor...         0.00%       0.000us         0.00%       0.000us       0.000us       9.722ms         0.09%       9.722ms     405.090us            24  
2026-09-24 08:58:27                               aten::adaptive_avg_pool2d         0.00%      66.995us         1.44%     321.885ms      26.824ms       0.000us         0.00%       6.709ms     559.043us            12  
2026-09-24 08:58:27                                              aten::mean         0.03%       6.330ms         1.44%     321.818ms      26.818ms       4.785ms         0.05%       6.709ms     559.043us            12  
2026-09-24 08:58:27                                           cudaHostAlloc         0.71%     159.484ms         0.71%     159.484ms      22.783ms       6.187ms         0.06%       6.187ms     883.818us             7  
2026-09-24 08:58:27 void nchwAddPaddingKernel<float, float, float, true,...         0.00%       0.000us         0.00%       0.000us       0.000us       5.670ms         0.05%       5.670ms     708.769us             8  
2026-09-24 08:58:27 -------------------------------------------------------  ------------  ------------  ------------  ------------  ------------  ------------  ------------  ------------  ------------  ------------  
2026-09-24 08:58:27 Self CPU time total: 22.366s
2026-09-24 08:58:27 Self CUDA time total: 10.352s
2026-09-24 08:58:27 
