2026-09-24 09:52:50 /root/.pyenv/versions/3.11.1/lib/python3.11/site-packages/torchvision/io/image.py:13: UserWarning: Failed to load image Python extension: '/root/.pyenv/versions/3.11.1/lib/python3.11/site-packages/torchvision/image.so: undefined symbol: _ZN3c1017RegisterOperatorsD1Ev'If you don't plan on using image functionality from `torchvision.io`, you can ignore this warning. Otherwise, there might be something wrong with your environment. Did you have `libjpeg` or `libpng` installed before building `torchvision` from source?
2026-09-24 09:52:50   warn(
2026-09-24 09:52:53 /root/.pyenv/versions/3.11.1/lib/python3.11/site-packages/torchvision/datapoints/__init__.py:12: UserWarning: The torchvision.datapoints and torchvision.transforms.v2 namespaces are still Beta. While we do not expect major breaking changes, some APIs may still change according to user feedback. Please submit any feedback you may have in this issue: https://github.com/pytorch/vision/issues/6753, and you can also check out https://github.com/pytorch/vision/issues/7319 to learn more about the APIs that we suspect might involve future changes. You can silence this warning by calling torchvision.disable_beta_transforms_warning().
2026-09-24 09:52:53   warnings.warn(_BETA_TRANSFORMS_WARNING)
2026-09-24 09:52:53 /root/.pyenv/versions/3.11.1/lib/python3.11/site-packages/torchvision/transforms/v2/__init__.py:54: UserWarning: The torchvision.datapoints and torchvision.transforms.v2 namespaces are still Beta. While we do not expect major breaking changes, some APIs may still change according to user feedback. Please submit any feedback you may have in this issue: https://github.com/pytorch/vision/issues/6753, and you can also check out https://github.com/pytorch/vision/issues/7319 to learn more about the APIs that we suspect might involve future changes. You can silence this warning by calling torchvision.disable_beta_transforms_warning().
2026-09-24 09:52:53   warnings.warn(_BETA_TRANSFORMS_WARNING)
2026-09-24 09:52:54 load image
2026-09-24 09:52:54 split dataset
2026-09-24 09:52:54 288 72 items
2026-09-24 09:52:54 3 batch
2026-09-24 09:52:54 load model
2026-09-24 09:52:54 train model
2026-09-24 09:53:19 Epoch 1/4, Loss: 1.8336 Time: 6.2378
2026-09-24 09:53:19 Epoch 2/4, Loss: 0.2353 Time: 5.4107
2026-09-24 09:53:19 Epoch 3/4, Loss: 0.0061 Time: 5.3979
2026-09-24 09:53:19 Epoch 4/4, Loss: 0.0011 Time: 5.6346
2026-09-24 09:53:19 Train Profiler:
2026-09-24 09:53:19 -------------------------------------------------------  ------------  ------------  ------------  ------------  ------------  ------------  ------------  ------------  ------------  ------------  
2026-09-24 09:53:19                                                    Name    Self CPU %      Self CPU   CPU total %     CPU total  CPU time avg     Self CUDA   Self CUDA %    CUDA total  CUDA time avg    # of Calls  
2026-09-24 09:53:19 -------------------------------------------------------  ------------  ------------  ------------  ------------  ------------  ------------  ------------  ------------  ------------  ------------  
2026-09-24 09:53:19 enumerate(DataLoader)#_MultiProcessingDataLoaderIter...        30.06%        6.232s        30.79%        6.383s     398.940ms       0.000us         0.00%       6.429ms     401.828us            16  
2026-09-24 09:53:19                                        cudaLaunchKernel        17.36%        3.600s        30.32%        6.287s     700.580us       0.000us         0.00%     645.984ms      71.984us          8974  
2026-09-24 09:53:19                                     Command Buffer Full        25.01%        5.185s        25.01%        5.185s       1.933ms     453.397ms         4.37%     453.397ms     168.989us          2683  
2026-09-24 09:53:19                                   cudaDeviceSynchronize        16.76%        3.474s        16.76%        3.474s     868.563ms       0.000us         0.00%       0.000us       0.000us             4  
2026-09-24 09:53:19 autograd::engine::evaluate_function: ConvolutionBack...         0.06%      11.919ms        13.46%        2.790s       4.387ms       0.000us         0.00%        5.004s       7.867ms           636  
2026-09-24 09:53:19                                    ConvolutionBackward0         0.02%       3.329ms        12.71%        2.635s       4.144ms       0.000us         0.00%        4.687s       7.370ms           636  
2026-09-24 09:53:19                              aten::convolution_backward         0.40%      83.797ms        12.69%        2.632s       4.138ms        4.687s        45.23%        4.687s       7.370ms           636  
2026-09-24 09:53:19                        Runtime Triggered Module Loading         5.99%        1.241s         5.99%        1.241s      17.241ms     131.752ms         1.27%     131.752ms       1.830ms            72  
2026-09-24 09:53:19                                            aten::conv2d         0.01%       1.642ms         5.24%        1.086s       1.707ms       0.000us         0.00%        2.287s       3.596ms           636  
2026-09-24 09:53:19                                       aten::convolution         0.03%       6.925ms         5.23%        1.084s       1.704ms       0.000us         0.00%        2.287s       3.596ms           636  
2026-09-24 09:53:19                                      aten::_convolution         0.02%       5.069ms         5.19%        1.077s       1.693ms       0.000us         0.00%        2.287s       3.596ms           636  
2026-09-24 09:53:19                                 aten::cudnn_convolution         0.71%     147.396ms         5.17%        1.072s       1.685ms        1.861s        17.96%        2.287s       3.596ms           636  
2026-09-24 09:53:19                                              aten::add_         0.09%      19.608ms         2.94%     608.828ms     205.407us     630.627ms         6.09%     654.065ms     220.670us          2964  
2026-09-24 09:53:19 autograd::engine::evaluate_function: CudnnBatchNormB...         0.06%      11.546ms         2.69%     556.745ms     875.385us       0.000us         0.00%        1.232s       1.938ms           636  
2026-09-24 09:53:19                                 CudnnBatchNormBackward0         0.02%       3.877ms         2.63%     545.199ms     857.231us       0.000us         0.00%        1.232s       1.938ms           636  
2026-09-24 09:53:19                         aten::cudnn_batch_norm_backward         0.10%      19.721ms         2.61%     541.322ms     851.135us        1.232s        11.89%        1.232s       1.938ms           636  
2026-09-24 09:53:19                                Optimizer.step#Adam.step         0.19%      38.478ms         2.48%     513.700ms      42.808ms       0.000us         0.00%     209.027ms      17.419ms            12  
2026-09-24 09:53:19      autograd::engine::evaluate_function: ReluBackward0         0.03%       5.700ms         2.34%     486.027ms     826.576us       0.000us         0.00%     542.684ms     922.932us           588  
2026-09-24 09:53:19                                           ReluBackward0         0.01%       2.947ms         2.32%     480.326ms     816.882us       0.000us         0.00%     542.684ms     922.932us           588  
2026-09-24 09:53:19                                aten::threshold_backward         0.06%      11.833ms         2.30%     477.379ms     811.869us     542.684ms         5.24%     542.684ms     922.932us           588  
2026-09-24 09:53:19                                        aten::batch_norm         0.01%       1.304ms         1.52%     314.648ms     494.729us       0.000us         0.00%     816.268ms       1.283ms           636  
2026-09-24 09:53:19                            aten::_batch_norm_impl_index         0.01%       3.004ms         1.51%     313.343ms     492.678us       0.000us         0.00%     816.268ms       1.283ms           636  
2026-09-24 09:53:19                                  aten::cudnn_batch_norm         0.14%      29.863ms         1.50%     310.340ms     487.955us     746.440ms         7.20%     816.268ms       1.283ms           636  
2026-09-24 09:53:19                               aten::adaptive_avg_pool2d         0.00%      64.574us         1.48%     307.404ms      25.617ms       0.000us         0.00%       6.776ms     564.658us            12  
2026-09-24 09:53:19                                              aten::mean         0.00%     536.390us         1.48%     307.340ms      25.612ms       4.834ms         0.05%       6.776ms     564.658us            12  
2026-09-24 09:53:19                                             aten::relu_         0.04%       8.746ms         1.47%     305.673ms     519.852us       0.000us         0.00%     402.510ms     684.540us           588  
2026-09-24 09:53:19                                        aten::clamp_min_         0.03%       6.931ms         1.43%     296.927ms     504.977us     372.489ms         3.59%     402.510ms     684.540us           588  
2026-09-24 09:53:19                                    aten::_foreach_lerp_         0.01%       1.160ms         1.24%     256.988ms      21.416ms      13.892ms         0.13%      32.389ms       2.699ms            12  
2026-09-24 09:53:19                                         cudaMemsetAsync         0.93%     192.573ms         0.93%     192.573ms     211.618us       0.000us         0.00%       0.000us       0.000us           910  
2026-09-24 09:53:19                                           cudaHostAlloc         0.69%     142.125ms         0.69%     142.125ms      17.766ms       0.000us         0.00%       0.000us       0.000us             8  
2026-09-24 09:53:19                                aten::cross_entropy_loss         0.00%     147.678us         0.37%      76.935ms       6.411ms       0.000us         0.00%     136.803us      11.400us            12  
2026-09-24 09:53:19                                             aten::fill_         0.01%       2.005ms         0.29%      59.766ms     166.943us      17.754ms         0.17%      17.763ms      49.618us           358  
2026-09-24 09:53:19                                     aten::_foreach_sqrt         0.02%       3.293ms         0.26%      54.032ms       4.503ms       9.861ms         0.10%      18.126ms       1.510ms            12  
2026-09-24 09:53:19     autograd::engine::evaluate_function: AddmmBackward0         0.00%     465.558us         0.25%      51.909ms       4.326ms       0.000us         0.00%     393.888us      32.824us            12  
2026-09-24 09:53:19                                             aten::zero_         0.00%     882.477us         0.22%      45.010ms     130.086us       0.000us         0.00%      17.733ms      51.251us           346  
2026-09-24 09:53:19                                             aten::empty         0.18%      36.637ms         0.20%      42.457ms       6.474us       0.000us         0.00%       0.000us       0.000us          6558  
2026-09-24 09:53:19                                 aten::_foreach_addcdiv_         0.02%       3.646ms         0.20%      41.841ms       3.487ms      18.300ms         0.18%      50.263ms       4.189ms            12  
2026-09-24 09:53:19                                       aten::nll_loss_nd         0.00%      56.629us         0.20%      40.529ms       3.377ms       0.000us         0.00%      93.792us       7.816us            12  
2026-09-24 09:53:19                                          aten::nll_loss         0.00%      77.737us         0.20%      40.473ms       3.373ms       0.000us         0.00%      93.792us       7.816us            12  
2026-09-24 09:53:19                                  aten::nll_loss_forward         0.00%     367.521us         0.19%      40.395ms       3.366ms      55.552us         0.00%      93.792us       7.816us            12  
2026-09-24 09:53:19                                   cudaFuncGetAttributes         0.19%      38.564ms         0.19%      38.564ms       1.607ms       0.000us         0.00%       0.000us       0.000us            24  
2026-09-24 09:53:19                                            aten::linear         0.00%      93.218us         0.18%      36.365ms       3.030ms       0.000us         0.00%     401.503us      33.459us            12  
2026-09-24 09:53:19                                 aten::_foreach_addcmul_         0.01%       2.659ms         0.18%      36.350ms       3.029ms      14.063ms         0.14%      38.631ms       3.219ms            12  
2026-09-24 09:53:19                                       aten::log_softmax         0.00%     101.735us         0.17%      36.258ms       3.021ms       0.000us         0.00%      43.011us       3.584us            12  
2026-09-24 09:53:19                                      aten::_log_softmax         0.00%     411.353us         0.17%      36.147ms       3.012ms      29.730us         0.00%      43.011us       3.584us            12  
2026-09-24 09:53:19                                             aten::addmm         0.02%       3.859ms         0.17%      36.086ms       3.007ms     231.551us         0.00%     401.503us      33.459us            12  
2026-09-24 09:53:19                                          AddmmBackward0         0.00%     299.582us         0.17%      35.125ms       2.927ms       0.000us         0.00%     239.038us      19.920us            12  
2026-09-24 09:53:19                                     aten::_foreach_div_         0.01%       2.019ms         0.17%      34.437ms       2.870ms       9.849ms         0.10%      29.493ms       2.458ms            12  
2026-09-24 09:53:19                                                aten::mm         0.01%       1.427ms         0.17%      34.424ms       1.434ms     239.038us         0.00%     239.038us       9.960us            24  
2026-09-24 09:53:19 autograd::engine::evaluate_function: MaxPool2DWithIn...         0.00%     167.851us         0.14%      30.032ms       2.503ms       0.000us         0.00%     102.615ms       8.551ms            12  
2026-09-24 09:53:19                           MaxPool2DWithIndicesBackward0         0.00%      93.858us         0.14%      29.864ms       2.489ms       0.000us         0.00%     102.615ms       8.551ms            12  
2026-09-24 09:53:19                  aten::max_pool2d_with_indices_backward         0.00%     300.545us         0.14%      29.770ms       2.481ms      86.035ms         0.83%     102.615ms       8.551ms            12  
2026-09-24 09:53:19                                     aten::_foreach_mul_         0.01%       2.112ms         0.12%      24.292ms       2.024ms       9.714ms         0.09%      21.850ms       1.821ms            12  
2026-09-24 09:53:19 autograd::engine::evaluate_function: NllLossBackward...         0.00%     299.506us         0.11%      23.724ms       1.977ms       0.000us         0.00%      61.952us       5.163us            12  
2026-09-24 09:53:19                                        NllLossBackward0         0.00%     152.421us         0.11%      23.425ms       1.952ms       0.000us         0.00%      61.952us       5.163us            12  
2026-09-24 09:53:19                                 aten::nll_loss_backward         0.00%     390.324us         0.11%      23.272ms       1.939ms      40.895us         0.00%      61.952us       5.163us            12  
2026-09-24 09:53:19 autograd::engine::evaluate_function: LogSoftmaxBackw...         0.00%     153.139us         0.11%      22.997ms       1.916ms       0.000us         0.00%      27.069us       2.256us            12  
2026-09-24 09:53:19                                     LogSoftmaxBackward0         0.00%     139.002us         0.11%      22.844ms       1.904ms       0.000us         0.00%      27.069us       2.256us            12  
2026-09-24 09:53:19                        aten::_log_softmax_backward_data         0.00%     266.504us         0.11%      22.705ms       1.892ms      27.069us         0.00%      27.069us       2.256us            12  
2026-09-24 09:53:19 autograd::engine::evaluate_function: torch::autograd...         0.05%       9.772ms         0.10%      21.281ms      11.015us       0.000us         0.00%       0.000us       0.000us          1932  
2026-09-24 09:53:19      autograd::engine::evaluate_function: MeanBackward1         0.00%     110.831us         0.10%      20.448ms       1.704ms       0.000us         0.00%       2.268ms     189.012us            12  
2026-09-24 09:53:19                                           MeanBackward1         0.00%     101.391us         0.10%      20.338ms       1.695ms       0.000us         0.00%       2.268ms     189.012us            12  
2026-09-24 09:53:19                                               aten::div         0.00%     527.923us         0.10%      20.138ms       1.678ms       2.268ms         0.02%       2.268ms     189.012us            12  
2026-09-24 09:53:19                                              cudaMalloc         0.09%      17.848ms         0.09%      17.848ms     162.255us       0.000us         0.00%       0.000us       0.000us           110  
2026-09-24 09:53:19                                        aten::empty_like         0.01%       2.348ms         0.09%      17.786ms      18.337us       0.000us         0.00%       0.000us       0.000us           970  
2026-09-24 09:53:19                                     aten::empty_strided         0.07%      13.667ms         0.08%      17.265ms       7.539us       0.000us         0.00%       0.000us       0.000us          2290  
2026-09-24 09:53:19                                    cudaGetSymbolAddress         0.08%      15.883ms         0.08%      16.303ms      16.303ms       0.000us         0.00%      24.284ms      24.284ms             1  
2026-09-24 09:53:19                                               aten::sum         0.00%     388.932us         0.08%      16.241ms       1.353ms     154.850us         0.00%     154.850us      12.904us            12  
2026-09-24 09:53:19                                         aten::ones_like         0.00%      69.082us         0.08%      15.928ms       1.327ms       0.000us         0.00%      30.621us       2.552us            12  
2026-09-24 09:53:19           cudaOccupancyMaxActiveBlocksPerMultiprocessor         0.05%       9.349ms         0.07%      15.130ms       9.674us       0.000us         0.00%      14.208ms       9.084us          1564  
2026-09-24 09:53:19                         torch::autograd::AccumulateGrad         0.03%       5.564ms         0.06%      11.508ms       5.957us       0.000us         0.00%       0.000us       0.000us          1932  
2026-09-24 09:53:19                                     aten::_foreach_add_         0.02%       3.508ms         0.05%      10.759ms     448.276us       9.778ms         0.09%      17.143ms     714.312us            24  
2026-09-24 09:53:19                                        aten::zeros_like         0.00%     823.747us         0.05%      10.546ms      32.750us       0.000us         0.00%       1.132ms       3.515us           322  
2026-09-24 09:53:19                                            Unrecognized         0.04%       8.389ms         0.04%       8.389ms       2.097ms       0.000us         0.00%       0.000us       0.000us             4  
2026-09-24 09:53:19                                         cudaEventRecord         0.04%       7.667ms         0.04%       7.667ms      34.228us       4.997ms         0.05%       4.997ms      22.309us           224  
2026-09-24 09:53:19                                   Lazy Function Loading         0.02%       4.015ms         0.03%       6.258ms      66.571us     103.749ms         1.00%     103.749ms       1.104ms            94  
2026-09-24 09:53:19                                            aten::detach         0.01%       2.140ms         0.03%       6.054ms       3.114us       0.000us         0.00%       0.000us       0.000us          1944  
2026-09-24 09:53:19                      Optimizer.zero_grad#Adam.zero_grad         0.03%       5.407ms         0.03%       5.407ms     450.547us       0.000us         0.00%       0.000us       0.000us            12  
2026-09-24 09:53:19                                              aten::item         0.02%       4.063ms         0.02%       5.082ms       1.314us       0.000us         0.00%       0.000us       0.000us          3869  
2026-09-24 09:53:19                                                aten::to         0.00%     873.551us         0.02%       4.853ms       5.743us       0.000us         0.00%      58.278ms      68.968us           845  
2026-09-24 09:53:19                                          aten::_to_copy         0.00%     253.228us         0.02%       3.980ms     165.821us       0.000us         0.00%      58.278ms       2.428ms            24  
2026-09-24 09:53:19                                                  detach         0.02%       3.914ms         0.02%       3.914ms       2.013us       0.000us         0.00%       0.000us       0.000us          1944  
2026-09-24 09:53:19                                        aten::max_pool2d         0.00%      60.457us         0.02%       3.832ms     319.353us       0.000us         0.00%      50.249ms       4.187ms            12  
2026-09-24 09:53:19                           aten::max_pool2d_with_indices         0.00%     455.255us         0.02%       3.772ms     314.315us      35.310ms         0.34%      50.249ms       4.187ms            12  
2026-09-24 09:53:19                                              aten::view         0.02%       3.316ms         0.02%       3.316ms       2.535us       0.000us         0.00%       0.000us       0.000us          1308  
2026-09-24 09:53:19                                  cudaDeviceGetAttribute         0.02%       3.255ms         0.02%       3.255ms      19.729us       0.000us         0.00%       0.000us       0.000us           165  
2026-09-24 09:53:19                                             aten::copy_         0.00%     326.760us         0.01%       3.086ms     128.579us      58.278ms         0.56%      58.278ms       2.428ms            24  
2026-09-24 09:53:19                                         cudaMemcpyAsync         0.01%       2.759ms         0.01%       2.759ms     114.964us       0.000us         0.00%       0.000us       0.000us            24  
2026-09-24 09:53:19                                                cudaFree         0.01%       2.381ms         0.01%       2.381ms     595.341us       0.000us         0.00%       0.000us       0.000us             4  
2026-09-24 09:53:19                              cudaGetDeviceProperties_v2         0.01%       1.628ms         0.01%       1.628ms     814.086us       0.000us         0.00%       0.000us       0.000us             2  
2026-09-24 09:53:19       autograd::engine::evaluate_function: AddBackward0         0.01%       1.229ms         0.01%       1.549ms       8.066us       0.000us         0.00%       0.000us       0.000us           192  
2026-09-24 09:53:19                                       aten::result_type         0.01%       1.128ms         0.01%       1.128ms       0.117us       0.000us         0.00%       0.000us       0.000us          9660  
2026-09-24 09:53:19                               aten::_local_scalar_dense         0.00%       1.019ms         0.00%       1.019ms       0.263us       0.000us         0.00%       0.000us       0.000us          3869  
2026-09-24 09:53:19 cudaOccupancyMaxActiveBlocksPerMultiprocessorWithFla...         0.00%     354.072us         0.00%     722.299us       2.018us       0.000us         0.00%       4.256ms      11.888us           358  
2026-09-24 09:53:19                                                 aten::t         0.00%     335.184us         0.00%     682.587us      11.376us       0.000us         0.00%       0.000us       0.000us            60  
2026-09-24 09:53:19                                    cudaFuncSetAttribute         0.00%     618.395us         0.00%     655.530us       2.980us       0.000us         0.00%     166.399us       0.756us           220  
2026-09-24 09:53:19                               cudaStreamCreateWithFlags         0.00%     605.576us         0.00%     605.576us      18.924us       0.000us         0.00%       0.000us       0.000us            32  
2026-09-24 09:53:19                                     cudaPeekAtLastError         0.00%     600.669us         0.00%     600.669us       0.200us       0.000us         0.00%       0.000us       0.000us          3004  
2026-09-24 09:53:19                                          aten::randperm         0.00%     160.390us         0.00%     397.361us      24.835us       0.000us         0.00%       0.000us       0.000us            16  
2026-09-24 09:53:19                                     cudaStreamWaitEvent         0.00%     387.828us         0.00%     387.828us       1.102us       0.000us         0.00%       0.000us       0.000us           352  
2026-09-24 09:53:19 -------------------------------------------------------  ------------  ------------  ------------  ------------  ------------  ------------  ------------  ------------  ------------  ------------  
2026-09-24 09:53:19 Self CPU time total: 20.734s
2026-09-24 09:53:19 Self CUDA time total: 10.363s
2026-09-24 09:53:22 
2026-09-24 09:53:22 -------------------------------------------------------  ------------  ------------  ------------  ------------  ------------  ------------  ------------  ------------  ------------  ------------  
2026-09-24 09:53:22                                                    Name    Self CPU %      Self CPU   CPU total %     CPU total  CPU time avg     Self CUDA   Self CUDA %    CUDA total  CUDA time avg    # of Calls  
2026-09-24 09:53:22 -------------------------------------------------------  ------------  ------------  ------------  ------------  ------------  ------------  ------------  ------------  ------------  ------------  
2026-09-24 09:53:22 autograd::engine::evaluate_function: ConvolutionBack...         0.06%      11.919ms        13.46%        2.790s       4.387ms       0.000us         0.00%        5.004s       7.867ms           636  
2026-09-24 09:53:22                                    ConvolutionBackward0         0.02%       3.329ms        12.71%        2.635s       4.144ms       0.000us         0.00%        4.687s       7.370ms           636  
2026-09-24 09:53:22                              aten::convolution_backward         0.40%      83.797ms        12.69%        2.632s       4.138ms        4.687s        45.23%        4.687s       7.370ms           636  
2026-09-24 09:53:22                                            aten::conv2d         0.01%       1.642ms         5.24%        1.086s       1.707ms       0.000us         0.00%        2.287s       3.596ms           636  
2026-09-24 09:53:22                                       aten::convolution         0.03%       6.925ms         5.23%        1.084s       1.704ms       0.000us         0.00%        2.287s       3.596ms           636  
2026-09-24 09:53:22                                      aten::_convolution         0.02%       5.069ms         5.19%        1.077s       1.693ms       0.000us         0.00%        2.287s       3.596ms           636  
2026-09-24 09:53:22                                 aten::cudnn_convolution         0.71%     147.396ms         5.17%        1.072s       1.685ms        1.861s        17.96%        2.287s       3.596ms           636  
2026-09-24 09:53:22 autograd::engine::evaluate_function: CudnnBatchNormB...         0.06%      11.546ms         2.69%     556.745ms     875.385us       0.000us         0.00%        1.232s       1.938ms           636  
2026-09-24 09:53:22                                 CudnnBatchNormBackward0         0.02%       3.877ms         2.63%     545.199ms     857.231us       0.000us         0.00%        1.232s       1.938ms           636  
2026-09-24 09:53:22                         aten::cudnn_batch_norm_backward         0.10%      19.721ms         2.61%     541.322ms     851.135us        1.232s        11.89%        1.232s       1.938ms           636  
2026-09-24 09:53:22       _5x_cudnn_volta_scudnn_128x64_relu_interior_nn_v1         0.00%       0.000us         0.00%       0.000us       0.000us     864.525ms         8.34%     864.525ms       2.513ms           344  
2026-09-24 09:53:22                                        aten::batch_norm         0.01%       1.304ms         1.52%     314.648ms     494.729us       0.000us         0.00%     816.268ms       1.283ms           636  
2026-09-24 09:53:22                            aten::_batch_norm_impl_index         0.01%       3.004ms         1.51%     313.343ms     492.678us       0.000us         0.00%     816.268ms       1.283ms           636  
2026-09-24 09:53:22                                  aten::cudnn_batch_norm         0.14%      29.863ms         1.50%     310.340ms     487.955us     746.440ms         7.20%     816.268ms       1.283ms           636  
2026-09-24 09:53:22                                   volta_sgemm_128x64_tn         0.00%       0.000us         0.00%       0.000us       0.000us     815.741ms         7.87%     815.741ms       2.832ms           288  
2026-09-24 09:53:22                                   volta_sgemm_128x64_nt         0.00%       0.000us         0.00%       0.000us       0.000us     727.205ms         7.02%     727.205ms       1.855ms           392  
2026-09-24 09:53:22                                              aten::add_         0.09%      19.608ms         2.94%     608.828ms     205.407us     630.627ms         6.09%     654.065ms     220.670us          2964  
2026-09-24 09:53:22                                        cudaLaunchKernel        17.36%        3.600s        30.32%        6.287s     700.580us       0.000us         0.00%     645.984ms      71.984us          8974  
2026-09-24 09:53:22 void at::native::vectorized_elementwise_kernel<4, at...         0.00%       0.000us         0.00%       0.000us       0.000us     628.866ms         6.07%     628.866ms       1.588ms           396  
2026-09-24 09:53:22 _5x_cudnn_turing_scudnn_128x64_stridedB_splitK_xregs...         0.00%       0.000us         0.00%       0.000us       0.000us     605.895ms         5.85%     605.895ms       6.885ms            88  
2026-09-24 09:53:22 void cudnn::bn_bw_1C11_kernel_new<float, float, floa...         0.00%       0.000us         0.00%       0.000us       0.000us     597.880ms         5.77%     597.880ms       1.311ms           456  
2026-09-24 09:53:22      _5x_cudnn_volta_scudnn_128x64_stridedB_small_nn_v1         0.00%       0.000us         0.00%       0.000us       0.000us     562.519ms         5.43%     562.519ms       2.757ms           204  
2026-09-24 09:53:22      autograd::engine::evaluate_function: ReluBackward0         0.03%       5.700ms         2.34%     486.027ms     826.576us       0.000us         0.00%     542.684ms     922.932us           588  
2026-09-24 09:53:22                                           ReluBackward0         0.01%       2.947ms         2.32%     480.326ms     816.882us       0.000us         0.00%     542.684ms     922.932us           588  
2026-09-24 09:53:22                                aten::threshold_backward         0.06%      11.833ms         2.30%     477.379ms     811.869us     542.684ms         5.24%     542.684ms     922.932us           588  
2026-09-24 09:53:22 void at::native::vectorized_elementwise_kernel<4, at...         0.00%       0.000us         0.00%       0.000us       0.000us     542.684ms         5.24%     542.684ms     922.932us           588  
2026-09-24 09:53:22 void cudnn::bn_bw_1C11_kernel_new<float, float, floa...         0.00%       0.000us         0.00%       0.000us       0.000us     538.032ms         5.19%     538.032ms       4.076ms           132  
2026-09-24 09:53:22                                     Command Buffer Full        25.01%        5.185s        25.01%        5.185s       1.933ms     453.397ms         4.37%     453.397ms     168.989us          2683  
2026-09-24 09:53:22                                             aten::relu_         0.04%       8.746ms         1.47%     305.673ms     519.852us       0.000us         0.00%     402.510ms     684.540us           588  
2026-09-24 09:53:22                                        aten::clamp_min_         0.03%       6.931ms         1.43%     296.927ms     504.977us     372.489ms         3.59%     402.510ms     684.540us           588  
2026-09-24 09:53:22 void at::native::vectorized_elementwise_kernel<4, at...         0.00%       0.000us         0.00%       0.000us       0.000us     372.489ms         3.59%     372.489ms     633.484us           588  
2026-09-24 09:53:22         _5x_cudnn_volta_scudnn_128x128_relu_small_nn_v1         0.00%       0.000us         0.00%       0.000us       0.000us     333.964ms         3.22%     333.964ms       5.218ms            64  
2026-09-24 09:53:22 void cudnn::bn_fw_tr_1C11_kernel_NCHW<float, float, ...         0.00%       0.000us         0.00%       0.000us       0.000us     331.879ms         3.20%     331.879ms       2.514ms           132  
2026-09-24 09:53:22                                   volta_sgemm_128x64_nn         0.00%       0.000us         0.00%       0.000us       0.000us     318.243ms         3.07%     318.243ms       1.591ms           200  
2026-09-24 09:53:22 void cudnn::bn_fw_tr_1C11_kernel_NCHW<float, float, ...         0.00%       0.000us         0.00%       0.000us       0.000us     313.591ms         3.03%     313.591ms       1.018ms           308  
2026-09-24 09:53:22 void cudnn::cnn::wgrad_alg1_engine<float, float, 128...         0.00%       0.000us         0.00%       0.000us       0.000us     302.208ms         2.92%     302.208ms       5.397ms            56  
2026-09-24 09:53:22                                    volta_sgemm_64x64_tn         0.00%       0.000us         0.00%       0.000us       0.000us     302.115ms         2.92%     302.115ms       4.443ms            68  
2026-09-24 09:53:22 void cudnn::detail::dgrad_engine<float, 512, 6, 5, 3...         0.00%       0.000us         0.00%       0.000us       0.000us     232.671ms         2.25%     232.671ms       9.695ms            24  
2026-09-24 09:53:22                                Optimizer.step#Adam.step         0.19%      38.478ms         2.48%     513.700ms      42.808ms       0.000us         0.00%     209.027ms      17.419ms            12  
2026-09-24 09:53:22 void cudnn::winograd_nonfused::winogradForwardData4x...         0.00%       0.000us         0.00%       0.000us       0.000us     195.960ms         1.89%     195.960ms     628.077us           312  
2026-09-24 09:53:22 void cudnn::winograd_nonfused::winogradForwardOutput...         0.00%       0.000us         0.00%       0.000us       0.000us     179.091ms         1.73%     179.091ms     574.010us           312  
2026-09-24 09:53:22 void cudnn::detail::dgrad_engine<float, 128, 6, 8, 3...         0.00%       0.000us         0.00%       0.000us       0.000us     168.365ms         1.62%     168.365ms       6.013ms            28  
2026-09-24 09:53:22                                   volta_gcgemm_64x32_nt         0.00%       0.000us         0.00%       0.000us       0.000us     133.356ms         1.29%     133.356ms       4.167ms            32  
2026-09-24 09:53:22                                    volta_sgemm_64x64_nt         0.00%       0.000us         0.00%       0.000us       0.000us     132.658ms         1.28%     132.658ms       1.842ms            72  
2026-09-24 09:53:22                                Optimizer.step#Adam.step         0.00%       0.000us         0.00%       0.000us       0.000us     131.871ms         1.27%     131.871ms      10.989ms            12  
2026-09-24 09:53:22                        Runtime Triggered Module Loading         5.99%        1.241s         5.99%        1.241s      17.241ms     131.752ms         1.27%     131.752ms       1.830ms            72  
2026-09-24 09:53:22                                   Lazy Function Loading         0.02%       4.015ms         0.03%       6.258ms      66.571us     103.749ms         1.00%     103.749ms       1.104ms            94  
2026-09-24 09:53:22 autograd::engine::evaluate_function: MaxPool2DWithIn...         0.00%     167.851us         0.14%      30.032ms       2.503ms       0.000us         0.00%     102.615ms       8.551ms            12  
2026-09-24 09:53:22                           MaxPool2DWithIndicesBackward0         0.00%      93.858us         0.14%      29.864ms       2.489ms       0.000us         0.00%     102.615ms       8.551ms            12  
2026-09-24 09:53:22                  aten::max_pool2d_with_indices_backward         0.00%     300.545us         0.14%      29.770ms       2.481ms      86.035ms         0.83%     102.615ms       8.551ms            12  
2026-09-24 09:53:22 void cudnn::cnn::reduce_wgrad_nchw_helper<float, flo...         0.00%       0.000us         0.00%       0.000us       0.000us      94.177ms         0.91%      94.177ms     264.543us           356  
2026-09-24 09:53:22 void cudnn::bn_bw_1C11_kernel_new<float, float, floa...         0.00%       0.000us         0.00%       0.000us       0.000us      91.567ms         0.88%      91.567ms       7.631ms            12  
2026-09-24 09:53:22 void wgrad_alg0_engine<float, 128, 6, 8, 3, 3, 5, fa...         0.00%       0.000us         0.00%       0.000us       0.000us      86.328ms         0.83%      86.328ms       5.395ms            16  
2026-09-24 09:53:22 void at::native::(anonymous namespace)::max_pool_bac...         0.00%       0.000us         0.00%       0.000us       0.000us      86.035ms         0.83%      86.035ms       7.170ms            12  
2026-09-24 09:53:22 void cudnn::winograd_nonfused::winogradWgradDelta4x4...         0.00%       0.000us         0.00%       0.000us       0.000us      81.631ms         0.79%      81.631ms     703.717us           116  
2026-09-24 09:53:22 void cudnn::winograd_nonfused::winogradWgradData4x4<...         0.00%       0.000us         0.00%       0.000us       0.000us      76.838ms         0.74%      76.838ms     662.396us           116  
2026-09-24 09:53:22         _5x_cudnn_volta_scudnn_128x64_relu_medium_nn_v1         0.00%       0.000us         0.00%       0.000us       0.000us      76.199ms         0.74%      76.199ms       6.350ms            12  
2026-09-24 09:53:22 _5x_cudnn_volta_scudnn_128x64_relu_xregs_large_nn_v1...         0.00%       0.000us         0.00%       0.000us       0.000us      68.789ms         0.66%      68.789ms       4.299ms            16  
2026-09-24 09:53:22                                                aten::to         0.00%     873.551us         0.02%       4.853ms       5.743us       0.000us         0.00%      58.278ms      68.968us           845  
2026-09-24 09:53:22                                          aten::_to_copy         0.00%     253.228us         0.02%       3.980ms     165.821us       0.000us         0.00%      58.278ms       2.428ms            24  
2026-09-24 09:53:22                                             aten::copy_         0.00%     326.760us         0.01%       3.086ms     128.579us      58.278ms         0.56%      58.278ms       2.428ms            24  
2026-09-24 09:53:22                          Memcpy HtoD (Pinned -> Device)         0.00%       0.000us         0.00%       0.000us       0.000us      58.278ms         0.56%      58.278ms       2.428ms            24  
2026-09-24 09:53:22 void cudnn::bn_fw_tr_1C11_kernel_NCHW<float, float, ...         0.00%       0.000us         0.00%       0.000us       0.000us      57.258ms         0.55%      57.258ms       4.771ms            12  
2026-09-24 09:53:22                                 aten::_foreach_addcdiv_         0.02%       3.646ms         0.20%      41.841ms       3.487ms      18.300ms         0.18%      50.263ms       4.189ms            12  
2026-09-24 09:53:22                                        aten::max_pool2d         0.00%      60.457us         0.02%       3.832ms     319.353us       0.000us         0.00%      50.249ms       4.187ms            12  
2026-09-24 09:53:22                           aten::max_pool2d_with_indices         0.00%     455.255us         0.02%       3.772ms     314.315us      35.310ms         0.34%      50.249ms       4.187ms            12  
2026-09-24 09:53:22 void cudnn::bn_fw_tr_1C11_singleread<float, 512, tru...         0.00%       0.000us         0.00%       0.000us       0.000us      43.712ms         0.42%      43.712ms     237.565us           184  
2026-09-24 09:53:22 void fft2d_c2r_32x32<float, false, false, 0u, false,...         0.00%       0.000us         0.00%       0.000us       0.000us      39.421ms         0.38%      39.421ms       1.232ms            32  
2026-09-24 09:53:22                                 aten::_foreach_addcmul_         0.01%       2.659ms         0.18%      36.350ms       3.029ms      14.063ms         0.14%      38.631ms       3.219ms            12  
2026-09-24 09:53:22 void at::native::(anonymous namespace)::max_pool_for...         0.00%       0.000us         0.00%       0.000us       0.000us      35.310ms         0.34%      35.310ms       2.942ms            12  
2026-09-24 09:53:22 void cudnn::engines_precompiled::scalePackedTensor_k...         0.00%       0.000us         0.00%       0.000us       0.000us      33.459ms         0.32%      33.459ms     643.443us            52  
2026-09-24 09:53:22                                    aten::_foreach_lerp_         0.01%       1.160ms         1.24%     256.988ms      21.416ms      13.892ms         0.13%      32.389ms       2.699ms            12  
2026-09-24 09:53:22                                     aten::_foreach_div_         0.01%       2.019ms         0.17%      34.437ms       2.870ms       9.849ms         0.10%      29.493ms       2.458ms            12  
2026-09-24 09:53:22 void fft2d_r2c_32x32<float, false, 1u, false>(float2...         0.00%       0.000us         0.00%       0.000us       0.000us      25.021ms         0.24%      25.021ms       1.251ms            20  
2026-09-24 09:53:22                                    cudaGetSymbolAddress         0.08%      15.883ms         0.08%      16.303ms      16.303ms       0.000us         0.00%      24.284ms      24.284ms             1  
2026-09-24 09:53:22                                     aten::_foreach_mul_         0.01%       2.112ms         0.12%      24.292ms       2.024ms       9.714ms         0.09%      21.850ms       1.821ms            12  
2026-09-24 09:53:22 void foldedNchwToNchwKernel<float, float, float, tru...         0.00%       0.000us         0.00%       0.000us       0.000us      21.143ms         0.20%      21.143ms       2.643ms             8  
2026-09-24 09:53:22 void cudnn::winograd_nonfused::winogradForwardFilter...         0.00%       0.000us         0.00%       0.000us       0.000us      20.354ms         0.20%      20.354ms      65.237us           312  
2026-09-24 09:53:22 void at::native::(anonymous namespace)::multi_tensor...         0.00%       0.000us         0.00%       0.000us       0.000us      18.300ms         0.18%      18.300ms     381.246us            48  
2026-09-24 09:53:22                                     aten::_foreach_sqrt         0.02%       3.293ms         0.26%      54.032ms       4.503ms       9.861ms         0.10%      18.126ms       1.510ms            12  
2026-09-24 09:53:22                                             aten::fill_         0.01%       2.005ms         0.29%      59.766ms     166.943us      17.754ms         0.17%      17.763ms      49.618us           358  
2026-09-24 09:53:22 void at::native::vectorized_elementwise_kernel<4, at...         0.00%       0.000us         0.00%       0.000us       0.000us      17.754ms         0.17%      17.754ms      49.592us           358  
2026-09-24 09:53:22                                             aten::zero_         0.00%     882.477us         0.22%      45.010ms     130.086us       0.000us         0.00%      17.733ms      51.251us           346  
2026-09-24 09:53:22                                     aten::_foreach_add_         0.02%       3.508ms         0.05%      10.759ms     448.276us       9.778ms         0.09%      17.143ms     714.312us            24  
2026-09-24 09:53:22           cudaOccupancyMaxActiveBlocksPerMultiprocessor         0.05%       9.349ms         0.07%      15.130ms       9.674us       0.000us         0.00%      14.208ms       9.084us          1564  
2026-09-24 09:53:22 void at::native::(anonymous namespace)::multi_tensor...         0.00%       0.000us         0.00%       0.000us       0.000us      14.063ms         0.14%      14.063ms     292.984us            48  
2026-09-24 09:53:22 void at::native::(anonymous namespace)::multi_tensor...         0.00%       0.000us         0.00%       0.000us       0.000us      13.892ms         0.13%      13.892ms     385.883us            36  
2026-09-24 09:53:22 void cudnn::winograd_nonfused::winogradWgradOutput4x...         0.00%       0.000us         0.00%       0.000us       0.000us      12.119ms         0.12%      12.119ms     104.473us           116  
2026-09-24 09:53:22 void fft2d_r2c_32x32<float, true, 0u, false>(float2*...         0.00%       0.000us         0.00%       0.000us       0.000us      10.537ms         0.10%      10.537ms     439.058us            24  
2026-09-24 09:53:22 void cudnn::cnn::wgrad_alg1_engine<float, float, 128...         0.00%       0.000us         0.00%       0.000us       0.000us      10.183ms         0.10%      10.183ms       2.546ms             4  
2026-09-24 09:53:22 void at::native::(anonymous namespace)::multi_tensor...         0.00%       0.000us         0.00%       0.000us       0.000us       9.861ms         0.10%       9.861ms     273.909us            36  
2026-09-24 09:53:22 void at::native::(anonymous namespace)::multi_tensor...         0.00%       0.000us         0.00%       0.000us       0.000us       9.849ms         0.10%       9.849ms     273.577us            36  
2026-09-24 09:53:22 void at::native::(anonymous namespace)::multi_tensor...         0.00%       0.000us         0.00%       0.000us       0.000us       9.778ms         0.09%       9.778ms     407.425us            24  
2026-09-24 09:53:22 void at::native::(anonymous namespace)::multi_tensor...         0.00%       0.000us         0.00%       0.000us       0.000us       9.714ms         0.09%       9.714ms     404.742us            24  
2026-09-24 09:53:22                               aten::adaptive_avg_pool2d         0.00%      64.574us         1.48%     307.404ms      25.617ms       0.000us         0.00%       6.776ms     564.658us            12  
2026-09-24 09:53:22                                              aten::mean         0.00%     536.390us         1.48%     307.340ms      25.612ms       4.834ms         0.05%       6.776ms     564.658us            12  
2026-09-24 09:53:22 enumerate(DataLoader)#_MultiProcessingDataLoaderIter...        30.06%        6.232s        30.79%        6.383s     398.940ms       0.000us         0.00%       6.429ms     401.828us            16  
2026-09-24 09:53:22                                cudaPointerGetAttributes         0.00%     231.025us         0.00%     231.025us       9.626us       6.429ms         0.06%       6.429ms     267.885us            24  
2026-09-24 09:53:22 void nchwAddPaddingKernel<float, float, float, true,...         0.00%       0.000us         0.00%       0.000us       0.000us       5.681ms         0.05%       5.681ms     710.124us             8  
2026-09-24 09:53:22 void fft2d_r2c_32x32<float, false, 0u, false>(float2...         0.00%       0.000us         0.00%       0.000us       0.000us       5.325ms         0.05%       5.325ms     665.572us             8  
2026-09-24 09:53:22 -------------------------------------------------------  ------------  ------------  ------------  ------------  ------------  ------------  ------------  ------------  ------------  ------------  
2026-09-24 09:53:22 Self CPU time total: 20.734s
2026-09-24 09:53:22 Self CUDA time total: 10.363s
2026-09-24 09:53:22 
