2026-09-23 23:13:22 /root/.pyenv/versions/3.11.1/lib/python3.11/site-packages/torchvision/io/image.py:13: UserWarning: Failed to load image Python extension: '/root/.pyenv/versions/3.11.1/lib/python3.11/site-packages/torchvision/image.so: undefined symbol: _ZN3c1017RegisterOperatorsD1Ev'If you don't plan on using image functionality from `torchvision.io`, you can ignore this warning. Otherwise, there might be something wrong with your environment. Did you have `libjpeg` or `libpng` installed before building `torchvision` from source?
2026-09-23 23:13:22   warn(
2026-09-23 23:13:26 /root/.pyenv/versions/3.11.1/lib/python3.11/site-packages/torchvision/datapoints/__init__.py:12: UserWarning: The torchvision.datapoints and torchvision.transforms.v2 namespaces are still Beta. While we do not expect major breaking changes, some APIs may still change according to user feedback. Please submit any feedback you may have in this issue: https://github.com/pytorch/vision/issues/6753, and you can also check out https://github.com/pytorch/vision/issues/7319 to learn more about the APIs that we suspect might involve future changes. You can silence this warning by calling torchvision.disable_beta_transforms_warning().
2026-09-23 23:13:26   warnings.warn(_BETA_TRANSFORMS_WARNING)
2026-09-23 23:13:26 /root/.pyenv/versions/3.11.1/lib/python3.11/site-packages/torchvision/transforms/v2/__init__.py:54: UserWarning: The torchvision.datapoints and torchvision.transforms.v2 namespaces are still Beta. While we do not expect major breaking changes, some APIs may still change according to user feedback. Please submit any feedback you may have in this issue: https://github.com/pytorch/vision/issues/6753, and you can also check out https://github.com/pytorch/vision/issues/7319 to learn more about the APIs that we suspect might involve future changes. You can silence this warning by calling torchvision.disable_beta_transforms_warning().
2026-09-23 23:13:26   warnings.warn(_BETA_TRANSFORMS_WARNING)
2026-09-23 23:13:27 load image
2026-09-23 23:13:27 split dataset
2026-09-23 23:13:27 288 72
2026-09-23 23:13:27 load model
2026-09-23 23:13:27 train model
2026-09-23 23:13:27 3
2026-09-23 23:13:53 Epoch 1/4, Loss: 1.7887 Time: 6.1866
2026-09-23 23:13:53 3
2026-09-23 23:13:53 Epoch 2/4, Loss: 0.2320 Time: 5.9671
2026-09-23 23:13:53 3
2026-09-23 23:13:53 Epoch 3/4, Loss: 0.0040 Time: 5.4082
2026-09-23 23:13:53 3
2026-09-23 23:13:53 Epoch 4/4, Loss: 0.0005 Time: 5.4311
2026-09-23 23:13:53 Train Profiler:
2026-09-23 23:13:53 -------------------------------------------------------  ------------  ------------  ------------  ------------  ------------  ------------  ------------  ------------  ------------  ------------  
2026-09-23 23:13:53                                                    Name    Self CPU %      Self CPU   CPU total %     CPU total  CPU time avg     Self CUDA   Self CUDA %    CUDA total  CUDA time avg    # of Calls  
2026-09-23 23:13:53 -------------------------------------------------------  ------------  ------------  ------------  ------------  ------------  ------------  ------------  ------------  ------------  ------------  
2026-09-23 23:13:53 enumerate(DataLoader)#_MultiProcessingDataLoaderIter...        33.00%        7.044s        33.69%        7.193s     449.566ms       0.000us         0.00%      18.579ms       1.161ms            16  
2026-09-23 23:13:53                                     Command Buffer Full        23.97%        5.118s        23.97%        5.118s       1.909ms     451.130ms         4.39%     451.130ms     168.269us          2681  
2026-09-23 23:13:53                                        cudaLaunchKernel        16.66%        3.557s        29.24%        6.242s     695.546us       0.000us         0.00%     644.850ms      71.858us          8974  
2026-09-23 23:13:53                                   cudaDeviceSynchronize        16.03%        3.422s        16.03%        3.422s     855.568ms       0.000us         0.00%       0.000us       0.000us             4  
2026-09-23 23:13:53                        Runtime Triggered Module Loading         5.90%        1.260s         5.90%        1.260s      17.504ms     131.830ms         1.28%     131.830ms       1.831ms            72  
2026-09-23 23:13:53                                         cudaMemsetAsync         0.85%     181.256ms         0.85%     181.256ms     199.183us       0.000us         0.00%       0.000us       0.000us           910  
2026-09-23 23:13:53                                 aten::cudnn_convolution         0.68%     145.023ms         4.96%        1.060s       1.666ms        1.866s        18.18%        2.290s       3.600ms           636  
2026-09-23 23:13:53                                           cudaHostAlloc         0.66%     141.019ms         0.66%     141.019ms      17.627ms       3.840us         0.00%       3.840us       0.480us             8  
2026-09-23 23:13:53                              aten::convolution_backward         0.35%      75.776ms        12.18%        2.599s       4.087ms        4.584s        44.65%        4.584s       7.207ms           636  
2026-09-23 23:13:53                                   cudaFuncGetAttributes         0.18%      38.285ms         0.18%      38.285ms       1.595ms       0.000us         0.00%       0.000us       0.000us            24  
2026-09-23 23:13:53                                             aten::empty         0.17%      35.229ms         0.19%      40.660ms       6.211us       0.000us         0.00%       0.000us       0.000us          6546  
2026-09-23 23:13:53                                Optimizer.step#Adam.step         0.15%      32.151ms         2.36%     504.028ms      42.002ms       0.000us         0.00%     210.258ms      17.521ms            12  
2026-09-23 23:13:53                                  aten::cudnn_batch_norm         0.14%      29.194ms         1.44%     307.267ms     483.125us     746.928ms         7.28%     816.837ms       1.284ms           636  
2026-09-23 23:13:53                                              aten::add_         0.09%      18.486ms         2.81%     600.267ms     202.519us     631.192ms         6.15%     654.650ms     220.867us          2964  
2026-09-23 23:13:53                         aten::cudnn_batch_norm_backward         0.08%      18.046ms         2.49%     532.346ms     837.022us        1.231s        12.00%        1.231s       1.936ms           636  
2026-09-23 23:13:53                                              cudaMalloc         0.07%      15.481ms         0.07%      15.481ms     140.734us       0.000us         0.00%       0.000us       0.000us           110  
2026-09-23 23:13:53                                    cudaGetSymbolAddress         0.07%      14.407ms         0.07%      14.792ms      14.792ms       0.000us         0.00%      24.290ms      24.290ms             1  
2026-09-23 23:13:53 autograd::engine::evaluate_function: ConvolutionBack...         0.05%      11.175ms        12.91%        2.755s       4.333ms       0.000us         0.00%        4.901s       7.706ms           636  
2026-09-23 23:13:53                                aten::threshold_backward         0.05%      11.097ms         2.18%     466.007ms     792.530us     543.335ms         5.29%     543.335ms     924.039us           588  
2026-09-23 23:13:53                                     aten::empty_strided         0.05%      11.091ms         0.07%      14.338ms       6.261us       0.000us         0.00%       0.000us       0.000us          2290  
2026-09-23 23:13:53 autograd::engine::evaluate_function: CudnnBatchNormB...         0.05%      10.972ms         2.56%     547.185ms     860.354us       0.000us         0.00%        1.231s       1.936ms           636  
2026-09-23 23:13:53           cudaOccupancyMaxActiveBlocksPerMultiprocessor         0.05%      10.253ms         0.07%      15.821ms      10.116us       0.000us         0.00%      14.198ms       9.078us          1564  
2026-09-23 23:13:53 autograd::engine::evaluate_function: torch::autograd...         0.04%       9.039ms         0.09%      19.719ms      10.206us       0.000us         0.00%       0.000us       0.000us          1932  
2026-09-23 23:13:53                                             aten::relu_         0.04%       8.221ms         1.43%     305.241ms     519.117us       0.000us         0.00%     403.232ms     685.768us           588  
2026-09-23 23:13:53                                            Unrecognized         0.04%       7.862ms         0.04%       7.862ms       1.966ms       0.000us         0.00%       0.000us       0.000us             4  
2026-09-23 23:13:53                                         cudaEventRecord         0.04%       7.491ms         0.04%       7.491ms      33.444us       0.000us         0.00%       0.000us       0.000us           224  
2026-09-23 23:13:53                                        aten::clamp_min_         0.03%       6.502ms         1.39%     297.020ms     505.136us     372.696ms         3.63%     403.232ms     685.768us           588  
2026-09-23 23:13:53                                       aten::convolution         0.03%       6.336ms         5.01%        1.071s       1.683ms       0.000us         0.00%        2.290s       3.600ms           636  
2026-09-23 23:13:53                      Optimizer.zero_grad#Adam.zero_grad         0.03%       6.227ms         0.03%       6.227ms     518.914us       0.000us         0.00%       0.000us       0.000us            12  
2026-09-23 23:13:53      autograd::engine::evaluate_function: ReluBackward0         0.02%       5.298ms         2.22%     473.969ms     806.070us       0.000us         0.00%     543.335ms     924.039us           588  
2026-09-23 23:13:53                         torch::autograd::AccumulateGrad         0.02%       5.076ms         0.05%      10.680ms       5.528us       0.000us         0.00%       0.000us       0.000us          1932  
2026-09-23 23:13:53                                      aten::_convolution         0.02%       4.456ms         4.98%        1.064s       1.673ms       0.000us         0.00%        2.290s       3.600ms           636  
2026-09-23 23:13:53                                   Lazy Function Loading         0.02%       3.978ms         0.03%       6.196ms      65.911us     104.796ms         1.02%     104.796ms       1.115ms            94  
2026-09-23 23:13:53                                 CudnnBatchNormBackward0         0.02%       3.867ms         2.51%     536.213ms     843.102us       0.000us         0.00%        1.231s       1.936ms           636  
2026-09-23 23:13:53                                                  detach         0.02%       3.695ms         0.02%       3.695ms       1.913us       0.000us         0.00%       0.000us       0.000us          1932  
2026-09-23 23:13:53                                             aten::addmm         0.02%       3.654ms         0.16%      33.170ms       2.764ms     228.194us         0.00%     376.195us      31.350us            12  
2026-09-23 23:13:53                                  cudaDeviceGetAttribute         0.02%       3.487ms         0.02%       3.487ms      21.132us       0.000us         0.00%       0.000us       0.000us           165  
2026-09-23 23:13:53                                              aten::item         0.01%       3.138ms         0.02%       3.906ms       1.011us       0.000us         0.00%       0.000us       0.000us          3865  
2026-09-23 23:13:53                                    ConvolutionBackward0         0.01%       3.055ms        12.19%        2.602s       4.092ms       0.000us         0.00%        4.584s       7.207ms           636  
2026-09-23 23:13:53                                 aten::_foreach_addcdiv_         0.01%       3.043ms         0.19%      40.967ms       3.414ms      18.307ms         0.18%      50.281ms       4.190ms            12  
2026-09-23 23:13:53                                     aten::_foreach_add_         0.01%       3.018ms         0.05%       9.978ms     415.757us       9.795ms         0.10%      17.161ms     715.060us            24  
2026-09-23 23:13:53                                              aten::view         0.01%       2.938ms         0.01%       2.938ms       2.246us       0.000us         0.00%       0.000us       0.000us          1308  
2026-09-23 23:13:53                            aten::_batch_norm_impl_index         0.01%       2.868ms         1.45%     310.135ms     487.634us       0.000us         0.00%     816.837ms       1.284ms           636  
2026-09-23 23:13:53                                     aten::_foreach_sqrt         0.01%       2.718ms         0.25%      52.634ms       4.386ms       9.880ms         0.10%      18.143ms       1.512ms            12  
2026-09-23 23:13:53                                         cudaMemcpyAsync         0.01%       2.704ms         0.01%       2.704ms     112.679us       0.000us         0.00%       0.000us       0.000us            24  
2026-09-23 23:13:53                                           ReluBackward0         0.01%       2.663ms         2.20%     468.671ms     797.059us       0.000us         0.00%     543.335ms     924.039us           588  
2026-09-23 23:13:53                                        aten::empty_like         0.01%       2.356ms         0.08%      16.978ms      17.503us       0.000us         0.00%       0.000us       0.000us           970  
2026-09-23 23:13:53                                                cudaFree         0.01%       2.264ms         0.01%       2.264ms     566.109us       0.000us         0.00%       0.000us       0.000us             4  
2026-09-23 23:13:53                                 aten::_foreach_addcmul_         0.01%       1.994ms         0.17%      35.992ms       2.999ms      14.071ms         0.14%      38.678ms       3.223ms            12  
2026-09-23 23:13:53                                            aten::detach         0.01%       1.909ms         0.03%       5.604ms       2.901us       0.000us         0.00%       0.000us       0.000us          1932  
2026-09-23 23:13:53                              cudaGetDeviceProperties_v2         0.01%       1.891ms         0.01%       1.891ms     945.328us       0.000us         0.00%       0.000us       0.000us             2  
2026-09-23 23:13:53                                             aten::fill_         0.01%       1.882ms         0.25%      53.351ms     149.025us      17.809ms         0.17%      17.816ms      49.766us           358  
2026-09-23 23:13:53                                     aten::_foreach_mul_         0.01%       1.742ms         0.11%      22.621ms       1.885ms       9.722ms         0.09%      21.858ms       1.821ms            12  
2026-09-23 23:13:53                                     aten::_foreach_div_         0.01%       1.583ms         0.17%      36.436ms       3.036ms       9.862ms         0.10%      29.498ms       2.458ms            12  
2026-09-23 23:13:53                                            aten::conv2d         0.01%       1.568ms         5.02%        1.072s       1.686ms       0.000us         0.00%        2.290s       3.600ms           636  
2026-09-23 23:13:53                                        aten::batch_norm         0.01%       1.361ms         1.46%     311.496ms     489.774us       0.000us         0.00%     816.837ms       1.284ms           636  
2026-09-23 23:13:53                                                aten::mm         0.01%       1.288ms         0.15%      31.907ms       1.329ms     233.054us         0.00%     233.054us       9.711us            24  
2026-09-23 23:13:53       autograd::engine::evaluate_function: AddBackward0         0.01%       1.138ms         0.01%       1.440ms       7.499us       0.000us         0.00%       0.000us       0.000us           192  
2026-09-23 23:13:53                                    aten::_foreach_lerp_         0.00%       1.040ms         1.21%     258.887ms      21.574ms      13.888ms         0.14%      33.522ms       2.794ms            12  
2026-09-23 23:13:53                                             aten::zero_         0.00%     938.258us         0.19%      41.315ms     119.408us       0.000us         0.00%      17.788ms      51.412us           346  
2026-09-23 23:13:53                                       aten::result_type         0.00%     895.802us         0.00%     895.802us       0.093us       0.000us         0.00%       0.000us       0.000us          9660  
2026-09-23 23:13:53                               aten::_local_scalar_dense         0.00%     768.500us         0.00%     768.500us       0.199us       0.000us         0.00%       0.000us       0.000us          3865  
2026-09-23 23:13:53                                                aten::to         0.00%     752.881us         0.02%       4.456ms       5.273us       0.000us         0.00%      58.332ms      69.031us           845  
2026-09-23 23:13:53                                    cudaFuncSetAttribute         0.00%     607.024us         0.00%     641.598us       2.916us       0.000us         0.00%     165.151us       0.751us           220  
2026-09-23 23:13:53                               cudaStreamCreateWithFlags         0.00%     601.772us         0.00%     601.772us      18.805us       0.000us         0.00%       0.000us       0.000us            32  
2026-09-23 23:13:53                                        aten::zeros_like         0.00%     592.613us         0.05%       9.728ms      30.211us       0.000us         0.00%       1.116ms       3.465us           322  
2026-09-23 23:13:53                                     cudaPeekAtLastError         0.00%     579.440us         0.00%     579.440us       0.193us       0.000us         0.00%       0.000us       0.000us          3004  
2026-09-23 23:13:53                                              aten::mean         0.00%     497.020us         1.56%     333.894ms      27.824ms       4.701ms         0.05%       6.603ms     550.267us            12  
2026-09-23 23:13:53                                               aten::div         0.00%     461.988us         0.08%      17.517ms       1.460ms       2.222ms         0.02%       2.222ms     185.201us            12  
2026-09-23 23:13:53                                  aten::nll_loss_forward         0.00%     398.848us         0.17%      35.233ms       2.936ms      53.886us         0.00%      84.862us       7.072us            12  
2026-09-23 23:13:53                           aten::max_pool2d_with_indices         0.00%     393.107us         0.02%       3.757ms     313.090us      35.331ms         0.34%      50.307ms       4.192ms            12  
2026-09-23 23:13:53     autograd::engine::evaluate_function: AddmmBackward0         0.00%     387.477us         0.23%      49.112ms       4.093ms       0.000us         0.00%     384.219us      32.018us            12  
2026-09-23 23:13:53                                      aten::_log_softmax         0.00%     370.166us         0.12%      25.322ms       2.110ms      29.087us         0.00%      37.503us       3.125us            12  
2026-09-23 23:13:53 cudaOccupancyMaxActiveBlocksPerMultiprocessorWithFla...         0.00%     362.386us         0.00%     740.365us       2.068us       0.000us         0.00%       4.253ms      11.880us           358  
2026-09-23 23:13:53                                               aten::sum         0.00%     355.768us         0.08%      16.177ms       1.348ms     151.165us         0.00%     151.165us      12.597us            12  
2026-09-23 23:13:53                                     cudaStreamWaitEvent         0.00%     351.635us         0.00%     351.635us       0.999us       0.000us         0.00%       0.000us       0.000us           352  
2026-09-23 23:13:53                                 aten::nll_loss_backward         0.00%     340.982us         0.09%      19.860ms       1.655ms      40.064us         0.00%      60.638us       5.053us            12  
2026-09-23 23:13:53                                            AddBackward0         0.00%     302.143us         0.00%     302.143us       1.574us       0.000us         0.00%       0.000us       0.000us           192  
2026-09-23 23:13:53                  aten::max_pool2d_with_indices_backward         0.00%     292.832us         0.14%      29.677ms       2.473ms      84.831ms         0.83%     101.483ms       8.457ms            12  
2026-09-23 23:13:53                                                 aten::t         0.00%     272.041us         0.00%     561.695us       9.362us       0.000us         0.00%       0.000us       0.000us            60  
2026-09-23 23:13:53                                             aten::copy_         0.00%     268.678us         0.01%       2.973ms     123.874us      58.332ms         0.57%      58.332ms       2.430ms            24  
2026-09-23 23:13:53                        aten::_log_softmax_backward_data         0.00%     265.708us         0.10%      21.365ms       1.780ms      26.176us         0.00%      26.176us       2.181us            12  
2026-09-23 23:13:53                                          AddmmBackward0         0.00%     263.460us         0.15%      32.492ms       2.708ms       0.000us         0.00%     233.054us      19.421us            12  
2026-09-23 23:13:53 autograd::engine::evaluate_function: NllLossBackward...         0.00%     254.196us         0.09%      20.236ms       1.686ms       0.000us         0.00%      60.638us       5.053us            12  
2026-09-23 23:13:53                                cudaPointerGetAttributes         0.00%     225.447us         0.00%     225.447us       9.394us      18.575ms         0.18%      18.575ms     773.975us            24  
2026-09-23 23:13:53                                   cudaStreamIsCapturing         0.00%     199.230us         0.00%     199.230us       1.748us       0.000us         0.00%       0.000us       0.000us           114  
2026-09-23 23:13:53                                          aten::_to_copy         0.00%     197.889us         0.02%       3.703ms     154.296us       0.000us         0.00%      58.332ms       2.430ms            24  
2026-09-23 23:13:53                                           aten::detach_         0.00%     170.157us         0.00%     264.739us       1.530us       0.000us         0.00%       0.000us       0.000us           173  
2026-09-23 23:13:53                                         aten::transpose         0.00%     166.087us         0.00%     289.654us       4.828us       0.000us         0.00%       0.000us       0.000us            60  
2026-09-23 23:13:53 autograd::engine::evaluate_function: MaxPool2DWithIn...         0.00%     165.450us         0.14%      29.927ms       2.494ms       0.000us         0.00%     101.483ms       8.457ms            12  
2026-09-23 23:13:53                                        aten::as_strided         0.00%     141.827us         0.00%     141.827us       1.970us       0.000us         0.00%       0.000us       0.000us            72  
2026-09-23 23:13:53 autograd::engine::evaluate_function: LogSoftmaxBackw...         0.00%     129.376us         0.10%      21.606ms       1.800ms       0.000us         0.00%      26.176us       2.181us            12  
2026-09-23 23:13:53                                        NllLossBackward0         0.00%     121.589us         0.09%      19.982ms       1.665ms       0.000us         0.00%      60.638us       5.053us            12  
2026-09-23 23:13:53      autograd::engine::evaluate_function: MeanBackward1         0.00%     118.117us         0.08%      17.821ms       1.485ms       0.000us         0.00%       2.222ms     185.201us            12  
2026-09-23 23:13:53                                aten::cross_entropy_loss         0.00%     117.206us         0.29%      60.878ms       5.073ms       0.000us         0.00%     122.365us      10.197us            12  
2026-09-23 23:13:53                                     LogSoftmaxBackward0         0.00%     111.225us         0.10%      21.477ms       1.790ms       0.000us         0.00%      26.176us       2.181us            12  
2026-09-23 23:13:53                                           MeanBackward1         0.00%      97.073us         0.08%      17.703ms       1.475ms       0.000us         0.00%       2.222ms     185.201us            12  
2026-09-23 23:13:53                                                 detach_         0.00%      94.582us         0.00%      94.582us       0.547us       0.000us         0.00%       0.000us       0.000us           173  
2026-09-23 23:13:53                                       aten::log_softmax         0.00%      89.123us         0.12%      25.421ms       2.118ms       0.000us         0.00%      37.503us       3.125us            12  
2026-09-23 23:13:53                           MaxPool2DWithIndicesBackward0         0.00%      85.118us         0.14%      29.762ms       2.480ms       0.000us         0.00%     101.483ms       8.457ms            12  
2026-09-23 23:13:53 -------------------------------------------------------  ------------  ------------  ------------  ------------  ------------  ------------  ------------  ------------  ------------  ------------  
2026-09-23 23:13:53 Self CPU time total: 21.348s
2026-09-23 23:13:53 Self CUDA time total: 10.265s
2026-09-23 23:13:55 
2026-09-23 23:13:55 -------------------------------------------------------  ------------  ------------  ------------  ------------  ------------  ------------  ------------  ------------  ------------  ------------  
2026-09-23 23:13:55                                                    Name    Self CPU %      Self CPU   CPU total %     CPU total  CPU time avg     Self CUDA   Self CUDA %    CUDA total  CUDA time avg    # of Calls  
2026-09-23 23:13:55 -------------------------------------------------------  ------------  ------------  ------------  ------------  ------------  ------------  ------------  ------------  ------------  ------------  
2026-09-23 23:13:55                              aten::convolution_backward         0.35%      75.776ms        12.18%        2.599s       4.087ms        4.584s        44.65%        4.584s       7.207ms           636  
2026-09-23 23:13:55                                 aten::cudnn_convolution         0.68%     145.023ms         4.96%        1.060s       1.666ms        1.866s        18.18%        2.290s       3.600ms           636  
2026-09-23 23:13:55                         aten::cudnn_batch_norm_backward         0.08%      18.046ms         2.49%     532.346ms     837.022us        1.231s        12.00%        1.231s       1.936ms           636  
2026-09-23 23:13:55       _5x_cudnn_volta_scudnn_128x64_relu_interior_nn_v1         0.00%       0.000us         0.00%       0.000us       0.000us     868.521ms         8.46%     868.521ms       2.525ms           344  
2026-09-23 23:13:55                                   volta_sgemm_128x64_tn         0.00%       0.000us         0.00%       0.000us       0.000us     799.759ms         7.79%     799.759ms       2.777ms           288  
2026-09-23 23:13:55                                  aten::cudnn_batch_norm         0.14%      29.194ms         1.44%     307.267ms     483.125us     746.928ms         7.28%     816.837ms       1.284ms           636  
2026-09-23 23:13:55                                   volta_sgemm_128x64_nt         0.00%       0.000us         0.00%       0.000us       0.000us     706.512ms         6.88%     706.512ms       1.802ms           392  
2026-09-23 23:13:55                                              aten::add_         0.09%      18.486ms         2.81%     600.267ms     202.519us     631.192ms         6.15%     654.650ms     220.867us          2964  
2026-09-23 23:13:55 void at::native::vectorized_elementwise_kernel<4, at...         0.00%       0.000us         0.00%       0.000us       0.000us     629.433ms         6.13%     629.433ms       1.589ms           396  
2026-09-23 23:13:55 void cudnn::bn_bw_1C11_kernel_new<float, float, floa...         0.00%       0.000us         0.00%       0.000us       0.000us     597.041ms         5.82%     597.041ms       1.309ms           456  
2026-09-23 23:13:55 _5x_cudnn_turing_scudnn_128x64_stridedB_splitK_xregs...         0.00%       0.000us         0.00%       0.000us       0.000us     589.478ms         5.74%     589.478ms       6.699ms            88  
2026-09-23 23:13:55      _5x_cudnn_volta_scudnn_128x64_stridedB_small_nn_v1         0.00%       0.000us         0.00%       0.000us       0.000us     546.493ms         5.32%     546.493ms       2.679ms           204  
2026-09-23 23:13:55                                aten::threshold_backward         0.05%      11.097ms         2.18%     466.007ms     792.530us     543.335ms         5.29%     543.335ms     924.039us           588  
2026-09-23 23:13:55 void at::native::vectorized_elementwise_kernel<4, at...         0.00%       0.000us         0.00%       0.000us       0.000us     543.335ms         5.29%     543.335ms     924.039us           588  
2026-09-23 23:13:55 void cudnn::bn_bw_1C11_kernel_new<float, float, floa...         0.00%       0.000us         0.00%       0.000us       0.000us     537.761ms         5.24%     537.761ms       4.074ms           132  
2026-09-23 23:13:55                                     Command Buffer Full        23.97%        5.118s        23.97%        5.118s       1.909ms     451.130ms         4.39%     451.130ms     168.269us          2681  
2026-09-23 23:13:55                                        aten::clamp_min_         0.03%       6.502ms         1.39%     297.020ms     505.136us     372.696ms         3.63%     403.232ms     685.768us           588  
2026-09-23 23:13:55 void at::native::vectorized_elementwise_kernel<4, at...         0.00%       0.000us         0.00%       0.000us       0.000us     372.696ms         3.63%     372.696ms     633.836us           588  
2026-09-23 23:13:55         _5x_cudnn_volta_scudnn_128x128_relu_small_nn_v1         0.00%       0.000us         0.00%       0.000us       0.000us     338.563ms         3.30%     338.563ms       5.290ms            64  
2026-09-23 23:13:55 void cudnn::bn_fw_tr_1C11_kernel_NCHW<float, float, ...         0.00%       0.000us         0.00%       0.000us       0.000us     332.222ms         3.24%     332.222ms       2.517ms           132  
2026-09-23 23:13:55                                   volta_sgemm_128x64_nn         0.00%       0.000us         0.00%       0.000us       0.000us     314.805ms         3.07%     314.805ms       1.574ms           200  
2026-09-23 23:13:55 void cudnn::bn_fw_tr_1C11_kernel_NCHW<float, float, ...         0.00%       0.000us         0.00%       0.000us       0.000us     313.891ms         3.06%     313.891ms       1.019ms           308  
2026-09-23 23:13:55                                    volta_sgemm_64x64_tn         0.00%       0.000us         0.00%       0.000us       0.000us     303.479ms         2.96%     303.479ms       4.463ms            68  
2026-09-23 23:13:55 void cudnn::cnn::wgrad_alg1_engine<float, float, 128...         0.00%       0.000us         0.00%       0.000us       0.000us     289.202ms         2.82%     289.202ms       5.164ms            56  
2026-09-23 23:13:55 void cudnn::detail::dgrad_engine<float, 512, 6, 5, 3...         0.00%       0.000us         0.00%       0.000us       0.000us     227.444ms         2.22%     227.444ms       9.477ms            24  
2026-09-23 23:13:55 void cudnn::winograd_nonfused::winogradForwardData4x...         0.00%       0.000us         0.00%       0.000us       0.000us     195.804ms         1.91%     195.804ms     627.578us           312  
2026-09-23 23:13:55 void cudnn::winograd_nonfused::winogradForwardOutput...         0.00%       0.000us         0.00%       0.000us       0.000us     179.110ms         1.74%     179.110ms     574.070us           312  
2026-09-23 23:13:55 void cudnn::detail::dgrad_engine<float, 128, 6, 8, 3...         0.00%       0.000us         0.00%       0.000us       0.000us     162.911ms         1.59%     162.911ms       5.818ms            28  
2026-09-23 23:13:55                        Runtime Triggered Module Loading         5.90%        1.260s         5.90%        1.260s      17.504ms     131.830ms         1.28%     131.830ms       1.831ms            72  
2026-09-23 23:13:55                                    volta_sgemm_64x64_nt         0.00%       0.000us         0.00%       0.000us       0.000us     130.111ms         1.27%     130.111ms       1.807ms            72  
2026-09-23 23:13:55                                Optimizer.step#Adam.step         0.00%       0.000us         0.00%       0.000us       0.000us     130.050ms         1.27%     130.050ms      10.837ms            12  
2026-09-23 23:13:55                                   volta_gcgemm_64x32_nt         0.00%       0.000us         0.00%       0.000us       0.000us     128.198ms         1.25%     128.198ms       4.006ms            32  
2026-09-23 23:13:55                                   Lazy Function Loading         0.02%       3.978ms         0.03%       6.196ms      65.911us     104.796ms         1.02%     104.796ms       1.115ms            94  
2026-09-23 23:13:55 void cudnn::cnn::reduce_wgrad_nchw_helper<float, flo...         0.00%       0.000us         0.00%       0.000us       0.000us      94.144ms         0.92%      94.144ms     264.449us           356  
2026-09-23 23:13:55 void cudnn::bn_bw_1C11_kernel_new<float, float, floa...         0.00%       0.000us         0.00%       0.000us       0.000us      91.675ms         0.89%      91.675ms       7.640ms            12  
2026-09-23 23:13:55                  aten::max_pool2d_with_indices_backward         0.00%     292.832us         0.14%      29.677ms       2.473ms      84.831ms         0.83%     101.483ms       8.457ms            12  
2026-09-23 23:13:55 void at::native::(anonymous namespace)::max_pool_bac...         0.00%       0.000us         0.00%       0.000us       0.000us      84.831ms         0.83%      84.831ms       7.069ms            12  
2026-09-23 23:13:55 void wgrad_alg0_engine<float, 128, 6, 8, 3, 3, 5, fa...         0.00%       0.000us         0.00%       0.000us       0.000us      83.924ms         0.82%      83.924ms       5.245ms            16  
2026-09-23 23:13:55 void cudnn::winograd_nonfused::winogradWgradDelta4x4...         0.00%       0.000us         0.00%       0.000us       0.000us      81.759ms         0.80%      81.759ms     704.819us           116  
2026-09-23 23:13:55 void cudnn::winograd_nonfused::winogradWgradData4x4<...         0.00%       0.000us         0.00%       0.000us       0.000us      76.839ms         0.75%      76.839ms     662.408us           116  
2026-09-23 23:13:55         _5x_cudnn_volta_scudnn_128x64_relu_medium_nn_v1         0.00%       0.000us         0.00%       0.000us       0.000us      75.193ms         0.73%      75.193ms       6.266ms            12  
2026-09-23 23:13:55 _5x_cudnn_volta_scudnn_128x64_relu_xregs_large_nn_v1...         0.00%       0.000us         0.00%       0.000us       0.000us      70.082ms         0.68%      70.082ms       4.380ms            16  
2026-09-23 23:13:55                                             aten::copy_         0.00%     268.678us         0.01%       2.973ms     123.874us      58.332ms         0.57%      58.332ms       2.430ms            24  
2026-09-23 23:13:55                          Memcpy HtoD (Pinned -> Device)         0.00%       0.000us         0.00%       0.000us       0.000us      58.332ms         0.57%      58.332ms       2.430ms            24  
2026-09-23 23:13:55 void cudnn::bn_fw_tr_1C11_kernel_NCHW<float, float, ...         0.00%       0.000us         0.00%       0.000us       0.000us      57.411ms         0.56%      57.411ms       4.784ms            12  
2026-09-23 23:13:55 void cudnn::bn_fw_tr_1C11_singleread<float, 512, tru...         0.00%       0.000us         0.00%       0.000us       0.000us      43.404ms         0.42%      43.404ms     235.890us           184  
2026-09-23 23:13:55 void fft2d_c2r_32x32<float, false, false, 0u, false,...         0.00%       0.000us         0.00%       0.000us       0.000us      38.937ms         0.38%      38.937ms       1.217ms            32  
2026-09-23 23:13:55                           aten::max_pool2d_with_indices         0.00%     393.107us         0.02%       3.757ms     313.090us      35.331ms         0.34%      50.307ms       4.192ms            12  
2026-09-23 23:13:55 void at::native::(anonymous namespace)::max_pool_for...         0.00%       0.000us         0.00%       0.000us       0.000us      35.331ms         0.34%      35.331ms       2.944ms            12  
2026-09-23 23:13:55 void cudnn::engines_precompiled::scalePackedTensor_k...         0.00%       0.000us         0.00%       0.000us       0.000us      33.249ms         0.32%      33.249ms     639.402us            52  
2026-09-23 23:13:55 void fft2d_r2c_32x32<float, false, 1u, false>(float2...         0.00%       0.000us         0.00%       0.000us       0.000us      25.053ms         0.24%      25.053ms       1.253ms            20  
2026-09-23 23:13:55 void foldedNchwToNchwKernel<float, float, float, tru...         0.00%       0.000us         0.00%       0.000us       0.000us      21.096ms         0.21%      21.096ms       2.637ms             8  
2026-09-23 23:13:55 void cudnn::winograd_nonfused::winogradForwardFilter...         0.00%       0.000us         0.00%       0.000us       0.000us      20.337ms         0.20%      20.337ms      65.182us           312  
2026-09-23 23:13:55                                cudaPointerGetAttributes         0.00%     225.447us         0.00%     225.447us       9.394us      18.575ms         0.18%      18.575ms     773.975us            24  
2026-09-23 23:13:55                                 aten::_foreach_addcdiv_         0.01%       3.043ms         0.19%      40.967ms       3.414ms      18.307ms         0.18%      50.281ms       4.190ms            12  
2026-09-23 23:13:55 void at::native::(anonymous namespace)::multi_tensor...         0.00%       0.000us         0.00%       0.000us       0.000us      18.307ms         0.18%      18.307ms     381.406us            48  
2026-09-23 23:13:55                                             aten::fill_         0.01%       1.882ms         0.25%      53.351ms     149.025us      17.809ms         0.17%      17.816ms      49.766us           358  
2026-09-23 23:13:55 void at::native::vectorized_elementwise_kernel<4, at...         0.00%       0.000us         0.00%       0.000us       0.000us      17.809ms         0.17%      17.809ms      49.746us           358  
2026-09-23 23:13:55                                 aten::_foreach_addcmul_         0.01%       1.994ms         0.17%      35.992ms       2.999ms      14.071ms         0.14%      38.678ms       3.223ms            12  
2026-09-23 23:13:55 void at::native::(anonymous namespace)::multi_tensor...         0.00%       0.000us         0.00%       0.000us       0.000us      14.071ms         0.14%      14.071ms     293.156us            48  
2026-09-23 23:13:55                                    aten::_foreach_lerp_         0.00%       1.040ms         1.21%     258.887ms      21.574ms      13.888ms         0.14%      33.522ms       2.794ms            12  
2026-09-23 23:13:55 void at::native::(anonymous namespace)::multi_tensor...         0.00%       0.000us         0.00%       0.000us       0.000us      13.888ms         0.14%      13.888ms     385.778us            36  
2026-09-23 23:13:55 void cudnn::winograd_nonfused::winogradWgradOutput4x...         0.00%       0.000us         0.00%       0.000us       0.000us      11.697ms         0.11%      11.697ms     100.837us           116  
2026-09-23 23:13:55 void fft2d_r2c_32x32<float, true, 0u, false>(float2*...         0.00%       0.000us         0.00%       0.000us       0.000us      10.588ms         0.10%      10.588ms     441.185us            24  
2026-09-23 23:13:55 void cudnn::cnn::wgrad_alg1_engine<float, float, 128...         0.00%       0.000us         0.00%       0.000us       0.000us       9.903ms         0.10%       9.903ms       2.476ms             4  
2026-09-23 23:13:55                                     aten::_foreach_sqrt         0.01%       2.718ms         0.25%      52.634ms       4.386ms       9.880ms         0.10%      18.143ms       1.512ms            12  
2026-09-23 23:13:55 void at::native::(anonymous namespace)::multi_tensor...         0.00%       0.000us         0.00%       0.000us       0.000us       9.880ms         0.10%       9.880ms     274.446us            36  
2026-09-23 23:13:55                                     aten::_foreach_div_         0.01%       1.583ms         0.17%      36.436ms       3.036ms       9.862ms         0.10%      29.498ms       2.458ms            12  
2026-09-23 23:13:55 void at::native::(anonymous namespace)::multi_tensor...         0.00%       0.000us         0.00%       0.000us       0.000us       9.862ms         0.10%       9.862ms     273.932us            36  
2026-09-23 23:13:55                                     aten::_foreach_add_         0.01%       3.018ms         0.05%       9.978ms     415.757us       9.795ms         0.10%      17.161ms     715.060us            24  
2026-09-23 23:13:55 void at::native::(anonymous namespace)::multi_tensor...         0.00%       0.000us         0.00%       0.000us       0.000us       9.795ms         0.10%       9.795ms     408.119us            24  
2026-09-23 23:13:55                                     aten::_foreach_mul_         0.01%       1.742ms         0.11%      22.621ms       1.885ms       9.722ms         0.09%      21.858ms       1.821ms            12  
2026-09-23 23:13:55 void at::native::(anonymous namespace)::multi_tensor...         0.00%       0.000us         0.00%       0.000us       0.000us       9.722ms         0.09%       9.722ms     405.094us            24  
2026-09-23 23:13:55 void nchwAddPaddingKernel<float, float, float, true,...         0.00%       0.000us         0.00%       0.000us       0.000us       5.692ms         0.06%       5.692ms     711.445us             8  
2026-09-23 23:13:55 void fft2d_r2c_32x32<float, false, 0u, false>(float2...         0.00%       0.000us         0.00%       0.000us       0.000us       5.289ms         0.05%       5.289ms     661.110us             8  
2026-09-23 23:13:55 void cudnn::bn_bw_1C11_singleread<float, 512, true, ...         0.00%       0.000us         0.00%       0.000us       0.000us       4.956ms         0.05%       4.956ms     137.661us            36  
2026-09-23 23:13:55                                              aten::mean         0.00%     497.020us         1.56%     333.894ms      27.824ms       4.701ms         0.05%       6.603ms     550.267us            12  
2026-09-23 23:13:55 void at::native::reduce_kernel<512, 1, at::native::R...         0.00%       0.000us         0.00%       0.000us       0.000us       4.701ms         0.05%       4.701ms     391.743us            12  
2026-09-23 23:13:55                                         Memset (Device)         0.00%       0.000us         0.00%       0.000us       0.000us       3.225ms         0.03%       3.225ms      11.944us           270  
2026-09-23 23:13:55                                               aten::div         0.00%     461.988us         0.08%      17.517ms       1.460ms       2.222ms         0.02%       2.222ms     185.201us            12  
2026-09-23 23:13:55 void at::native::elementwise_kernel<128, 2, at::nati...         0.00%       0.000us         0.00%       0.000us       0.000us       2.222ms         0.02%       2.222ms     185.201us            12  
2026-09-23 23:13:55 void at::native::vectorized_elementwise_kernel<2, at...         0.00%       0.000us         0.00%       0.000us       0.000us       1.758ms         0.02%       1.758ms       2.765us           636  
2026-09-23 23:13:55 void cask__5x_cudnn::computeOffsetsKernel<false, fal...         0.00%       0.000us         0.00%       0.000us       0.000us       1.321ms         0.01%       1.321ms       3.030us           436  
2026-09-23 23:13:55 void cask__5x_cudnn::computeOffsetsKernel<true, fals...         0.00%       0.000us         0.00%       0.000us       0.000us     640.509us         0.01%     640.509us       3.140us           204  
2026-09-23 23:13:55 cask__5x_cudnn::computeBOffsetsKernel(cask__5x_cudnn...         0.00%       0.000us         0.00%       0.000us       0.000us     481.661us         0.00%     481.661us       2.361us           204  
2026-09-23 23:13:55                                                aten::mm         0.01%       1.288ms         0.15%      31.907ms       1.329ms     233.054us         0.00%     233.054us       9.711us            24  
2026-09-23 23:13:55 cask__5x_cudnn::computeWgradSplitKOffsetsKernel(cask...         0.00%       0.000us         0.00%       0.000us       0.000us     232.856us         0.00%     232.856us       2.646us            88  
2026-09-23 23:13:55                                             aten::addmm         0.02%       3.654ms         0.16%      33.170ms       2.764ms     228.194us         0.00%     376.195us      31.350us            12  
2026-09-23 23:13:55 cask__5x_cudnn::computeWgradBOffsetsKernel(cask__5x_...         0.00%       0.000us         0.00%       0.000us       0.000us     215.645us         0.00%     215.645us       2.451us            88  
2026-09-23 23:13:55                                               aten::sum         0.00%     355.768us         0.08%      16.177ms       1.348ms     151.165us         0.00%     151.165us      12.597us            12  
2026-09-23 23:13:55 void at::native::reduce_kernel<256, 2, at::native::R...         0.00%       0.000us         0.00%       0.000us       0.000us     151.165us         0.00%     151.165us      12.597us            12  
2026-09-23 23:13:55                                   volta_sgemm_32x128_tn         0.00%       0.000us         0.00%       0.000us       0.000us     133.952us         0.00%     133.952us      16.744us             8  
2026-09-23 23:13:55                                   volta_sgemm_128x32_nn         0.00%       0.000us         0.00%       0.000us       0.000us     103.455us         0.00%     103.455us       8.621us            12  
2026-09-23 23:13:55                          volta_sgemm_32x32_sliced1x4_nt         0.00%       0.000us         0.00%       0.000us       0.000us     101.951us         0.00%     101.951us      12.744us             8  
2026-09-23 23:13:55 void nchwToFoldedNchwKernel<float, float, float, tru...         0.00%       0.000us         0.00%       0.000us       0.000us      63.615us         0.00%      63.615us       7.952us             8  
2026-09-23 23:13:55 void cublasLt::splitKreduce_kernel<32, 16, int, floa...         0.00%       0.000us         0.00%       0.000us       0.000us      54.786us         0.00%      54.786us       4.565us            12  
2026-09-23 23:13:55                                  aten::nll_loss_forward         0.00%     398.848us         0.17%      35.233ms       2.936ms      53.886us         0.00%      84.862us       7.072us            12  
2026-09-23 23:13:55 void at::native::(anonymous namespace)::nll_loss_for...         0.00%       0.000us         0.00%       0.000us       0.000us      53.886us         0.00%      53.886us       4.490us            12  
2026-09-23 23:13:55                                 aten::nll_loss_backward         0.00%     340.982us         0.09%      19.860ms       1.655ms      40.064us         0.00%      60.638us       5.053us            12  
2026-09-23 23:13:55 void at::native::(anonymous namespace)::nll_loss_bac...         0.00%       0.000us         0.00%       0.000us       0.000us      40.064us         0.00%      40.064us       3.339us            12  
2026-09-23 23:13:55 -------------------------------------------------------  ------------  ------------  ------------  ------------  ------------  ------------  ------------  ------------  ------------  ------------  
2026-09-23 23:13:55 Self CPU time total: 21.348s
2026-09-23 23:13:55 Self CUDA time total: 10.265s
2026-09-23 23:13:56 
