2026-09-23 16:42:53 /root/.pyenv/versions/3.11.1/lib/python3.11/site-packages/torchvision/io/image.py:13: UserWarning: Failed to load image Python extension: '/root/.pyenv/versions/3.11.1/lib/python3.11/site-packages/torchvision/image.so: undefined symbol: _ZN3c1017RegisterOperatorsD1Ev'If you don't plan on using image functionality from `torchvision.io`, you can ignore this warning. Otherwise, there might be something wrong with your environment. Did you have `libjpeg` or `libpng` installed before building `torchvision` from source?
2026-09-23 16:42:53   warn(
2026-09-23 16:42:57 /root/.pyenv/versions/3.11.1/lib/python3.11/site-packages/torchvision/datapoints/__init__.py:12: UserWarning: The torchvision.datapoints and torchvision.transforms.v2 namespaces are still Beta. While we do not expect major breaking changes, some APIs may still change according to user feedback. Please submit any feedback you may have in this issue: https://github.com/pytorch/vision/issues/6753, and you can also check out https://github.com/pytorch/vision/issues/7319 to learn more about the APIs that we suspect might involve future changes. You can silence this warning by calling torchvision.disable_beta_transforms_warning().
2026-09-23 16:42:57   warnings.warn(_BETA_TRANSFORMS_WARNING)
2026-09-23 16:42:57 /root/.pyenv/versions/3.11.1/lib/python3.11/site-packages/torchvision/transforms/v2/__init__.py:54: UserWarning: The torchvision.datapoints and torchvision.transforms.v2 namespaces are still Beta. While we do not expect major breaking changes, some APIs may still change according to user feedback. Please submit any feedback you may have in this issue: https://github.com/pytorch/vision/issues/6753, and you can also check out https://github.com/pytorch/vision/issues/7319 to learn more about the APIs that we suspect might involve future changes. You can silence this warning by calling torchvision.disable_beta_transforms_warning().
2026-09-23 16:42:57   warnings.warn(_BETA_TRANSFORMS_WARNING)
2026-09-23 16:43:29 load image
2026-09-23 16:43:29 split dataset
2026-09-23 16:43:29 288 72
2026-09-23 16:43:29 load model
2026-09-23 16:43:29 train model
2026-09-23 16:43:29 3
2026-09-23 16:43:29 Epoch 1/4, Loss: 1.8515 Time: 8.6476
2026-09-23 16:43:29 3
2026-09-23 16:43:29 Epoch 2/4, Loss: 0.2983 Time: 6.5608
2026-09-23 16:43:29 3
2026-09-23 16:43:29 Epoch 3/4, Loss: 0.0057 Time: 6.6767
2026-09-23 16:43:29 3
2026-09-23 16:43:29 Epoch 4/4, Loss: 0.0005 Time: 6.7444
2026-09-23 16:43:29 Train Profiler:
2026-09-23 16:43:29 -------------------------------------------------------  ------------  ------------  ------------  ------------  ------------  ------------  ------------  ------------  ------------  ------------  
2026-09-23 16:43:29                                                    Name    Self CPU %      Self CPU   CPU total %     CPU total  CPU time avg     Self CUDA   Self CUDA %    CUDA total  CUDA time avg    # of Calls  
2026-09-23 16:43:29 -------------------------------------------------------  ------------  ------------  ------------  ------------  ------------  ------------  ------------  ------------  ------------  ------------  
2026-09-23 16:43:29 enumerate(DataLoader)#_SingleProcessDataLoaderIter._...        58.06%       12.628s        70.82%       15.404s     962.742ms       0.000us         0.00%       0.000us       0.000us            16  
2026-09-23 16:43:29                                         cudaMemcpyAsync        13.49%        2.935s        13.49%        2.935s     122.290ms       0.000us         0.00%       0.000us       0.000us            24  
2026-09-23 16:43:29                        Runtime Triggered Module Loading         5.95%        1.294s         5.95%        1.294s      17.978ms     132.024ms         1.22%     132.024ms       1.834ms            72  
2026-09-23 16:43:29                                   cudaDeviceSynchronize         4.45%     967.373ms         4.45%     967.373ms     241.843ms       0.000us         0.00%       0.000us       0.000us             4  
2026-09-23 16:43:29                                              aten::mul_         3.19%     694.090ms         3.26%     710.005ms     616.324us       0.000us         0.00%       0.000us       0.000us          1152  
2026-09-23 16:43:29                                               aten::sub         2.90%     630.128ms         2.90%     630.128ms     546.986us       0.000us         0.00%       0.000us       0.000us          1152  
2026-09-23 16:43:29                                              aten::div_         2.65%     575.623ms         2.65%     575.623ms     499.673us       0.000us         0.00%       0.000us       0.000us          1152  
2026-09-23 16:43:29                                        cudaLaunchKernel         2.62%     570.460ms         6.10%        1.327s     147.851us       0.000us         0.00%     197.447ms      22.002us          8974  
2026-09-23 16:43:29                                             aten::copy_         2.62%     569.893ms        16.12%        3.505s       1.506ms     162.334ms         1.50%     162.334ms      69.731us          2328  
2026-09-23 16:43:29                                               aten::cat         1.01%     220.741ms         1.02%     220.975ms      18.415ms       0.000us         0.00%       0.000us       0.000us            12  
2026-09-23 16:43:29                                 aten::cudnn_convolution         0.63%     137.361ms         1.01%     220.517ms     346.724us        2.001s        18.49%        2.171s       3.413ms           636  
2026-09-23 16:43:29                              aten::convolution_backward         0.31%      68.355ms         2.77%     601.903ms     946.389us        4.899s        45.26%        4.899s       7.703ms           636  
2026-09-23 16:43:29                                             aten::empty         0.18%      38.590ms         0.20%      44.562ms       5.027us       0.000us         0.00%       0.000us       0.000us          8865  
2026-09-23 16:43:29                                   cudaFuncGetAttributes         0.18%      38.410ms         0.18%      38.410ms       1.600ms       0.000us         0.00%       0.000us       0.000us            24  
2026-09-23 16:43:29                                Optimizer.step#Adam.step         0.15%      32.545ms         1.74%     377.426ms      31.452ms       0.000us         0.00%     102.966ms       8.581ms            12  
2026-09-23 16:43:29                                  aten::cudnn_batch_norm         0.12%      26.193ms         0.31%      67.087ms     105.483us     749.794ms         6.93%     771.668ms       1.213ms           636  
2026-09-23 16:43:29                                     aten::empty_strided         0.11%      24.445ms         0.13%      27.825ms       6.057us       0.000us         0.00%       0.000us       0.000us          4594  
2026-09-23 16:43:29                                              aten::view         0.10%      21.779ms         0.10%      21.779ms       4.560us       0.000us         0.00%       0.000us       0.000us          4776  
2026-09-23 16:43:29                                          aten::_to_copy         0.09%      19.072ms        16.27%        3.538s       1.520ms       0.000us         0.00%     162.334ms      69.731us          2328  
2026-09-23 16:43:29                                              cudaMalloc         0.08%      17.174ms         0.08%      17.174ms     156.130us       0.000us         0.00%       0.000us       0.000us           110  
2026-09-23 16:43:29                                              aten::add_         0.08%      16.597ms         0.19%      40.666ms      13.720us     628.256ms         5.80%     633.259ms     213.650us          2964  
2026-09-23 16:43:29                         aten::cudnn_batch_norm_backward         0.07%      16.281ms         0.21%      45.305ms      71.234us        1.233s        11.39%        1.233s       1.938ms           636  
2026-09-23 16:43:29                                    cudaGetSymbolAddress         0.06%      12.236ms         0.06%      12.589ms      12.589ms       0.000us         0.00%      24.306ms      24.306ms             1  
2026-09-23 16:43:29           cudaOccupancyMaxActiveBlocksPerMultiprocessor         0.05%      11.153ms         0.08%      16.516ms      10.560us       0.000us         0.00%      14.191ms       9.074us          1564  
2026-09-23 16:43:29                                           aten::permute         0.05%      10.847ms         0.07%      15.331ms      13.308us       0.000us         0.00%       0.000us       0.000us          1152  
2026-09-23 16:43:29                                aten::threshold_backward         0.04%       9.514ms         0.12%      25.237ms      42.921us     540.025ms         4.99%     540.025ms     918.409us           588  
2026-09-23 16:43:29 autograd::engine::evaluate_function: CudnnBatchNormB...         0.04%       9.211ms         0.27%      57.820ms      90.912us       0.000us         0.00%        1.233s       1.938ms           636  
2026-09-23 16:43:29 autograd::engine::evaluate_function: ConvolutionBack...         0.04%       9.081ms         2.84%     617.700ms     971.226us       0.000us         0.00%        5.214s       8.198ms           636  
2026-09-23 16:43:29 autograd::engine::evaluate_function: torch::autograd...         0.04%       8.521ms         0.08%      17.515ms       9.066us       0.000us         0.00%       0.000us       0.000us          1932  
2026-09-23 16:43:29                                                aten::to         0.04%       8.103ms        16.31%        3.548s     536.242us       0.000us         0.00%     162.334ms      24.533us          6617  
2026-09-23 16:43:29                                             aten::relu_         0.03%       7.169ms         0.18%      38.310ms      65.153us       0.000us         0.00%     381.258ms     648.398us           588  
2026-09-23 16:43:29                      Optimizer.zero_grad#Adam.zero_grad         0.03%       6.321ms         0.03%       6.321ms     526.725us       0.000us         0.00%       0.000us       0.000us            12  
2026-09-23 16:43:29                                        aten::lift_fresh         0.03%       6.206ms         0.03%       6.206ms       1.705us       0.000us         0.00%       0.000us       0.000us          3641  
2026-09-23 16:43:29                                       aten::convolution         0.03%       5.823ms         1.06%     230.358ms     362.198us       0.000us         0.00%        2.171s       3.413ms           636  
2026-09-23 16:43:29                                        aten::clamp_min_         0.03%       5.627ms         0.14%      31.141ms      52.961us     370.997ms         3.43%     381.258ms     648.398us           588  
2026-09-23 16:43:29                                        aten::as_strided         0.02%       4.637ms         0.02%       4.637ms       3.752us       0.000us         0.00%       0.000us       0.000us          1236  
2026-09-23 16:43:29      autograd::engine::evaluate_function: ReluBackward0         0.02%       4.539ms         0.15%      32.134ms      54.650us       0.000us         0.00%     540.025ms     918.409us           588  
2026-09-23 16:43:29                                   Lazy Function Loading         0.02%       4.377ms         0.02%       4.377ms      46.566us     108.343ms         1.00%     108.343ms       1.153ms            94  
2026-09-23 16:43:29                         torch::autograd::AccumulateGrad         0.02%       4.310ms         0.04%       8.994ms       4.655us       0.000us         0.00%       0.000us       0.000us          1932  
2026-09-23 16:43:29                                      aten::_convolution         0.02%       4.019ms         1.03%     224.535ms     353.043us       0.000us         0.00%        2.171s       3.413ms           636  
2026-09-23 16:43:29                                             aten::addmm         0.02%       3.667ms         0.08%      17.120ms       1.427ms     244.444us         0.00%     337.756us      28.146us            12  
2026-09-23 16:43:29                                  cudaDeviceGetAttribute         0.02%       3.338ms         0.02%       3.338ms      20.232us       0.000us         0.00%       0.000us       0.000us           165  
2026-09-23 16:43:29                                 CudnnBatchNormBackward0         0.02%       3.304ms         0.22%      48.609ms      76.429us       0.000us         0.00%        1.233s       1.938ms           636  
2026-09-23 16:43:29                                     aten::_foreach_add_         0.01%       3.235ms         0.03%       5.464ms     227.648us       9.709ms         0.09%      10.537ms     439.058us            24  
2026-09-23 16:43:29                                              aten::item         0.01%       3.171ms         0.02%       3.988ms       1.031us       0.000us         0.00%       0.000us       0.000us          3868  
2026-09-23 16:43:29                                                  detach         0.01%       3.014ms         0.01%       3.014ms       1.560us       0.000us         0.00%       0.000us       0.000us          1932  
2026-09-23 16:43:29                                 aten::_foreach_addcdiv_         0.01%       2.823ms         0.02%       3.424ms     285.368us      18.245ms         0.17%      19.774ms       1.648ms            12  
2026-09-23 16:43:29                                     aten::_foreach_sqrt         0.01%       2.813ms         0.19%      40.864ms       3.405ms       9.813ms         0.09%      12.306ms       1.026ms            12  
2026-09-23 16:43:29                                         cudaMemsetAsync         0.01%       2.709ms         0.01%       2.709ms       2.977us       0.000us         0.00%       0.000us       0.000us           910  
2026-09-23 16:43:29                            aten::_batch_norm_impl_index         0.01%       2.620ms         0.32%      69.707ms     109.602us       0.000us         0.00%     771.668ms       1.213ms           636  
2026-09-23 16:43:29                                    ConvolutionBackward0         0.01%       2.551ms         2.78%     604.454ms     950.400us       0.000us         0.00%        4.899s       7.703ms           636  
2026-09-23 16:43:29                                            Unrecognized         0.01%       2.494ms         0.01%       2.494ms     623.409us       0.000us         0.00%       0.000us       0.000us             4  
2026-09-23 16:43:29                                           ReluBackward0         0.01%       2.358ms         0.13%      27.596ms      46.932us       0.000us         0.00%     540.025ms     918.409us           588  
2026-09-23 16:43:29                                                cudaFree         0.01%       2.278ms         0.01%       2.278ms     569.468us       0.000us         0.00%       0.000us       0.000us             4  
2026-09-23 16:43:29                                        aten::empty_like         0.01%       2.233ms         0.08%      16.676ms      17.192us       0.000us         0.00%       0.000us       0.000us           970  
2026-09-23 16:43:29                              cudaGetDeviceProperties_v2         0.01%       2.019ms         0.01%       2.019ms       1.009ms       0.000us         0.00%       0.000us       0.000us             2  
2026-09-23 16:43:29                                             aten::fill_         0.01%       1.989ms         0.05%      10.651ms      29.753us      17.091ms         0.16%      17.097ms      47.758us           358  
2026-09-23 16:43:29                                 aten::_foreach_addcmul_         0.01%       1.943ms         0.03%       5.898ms     491.486us      14.003ms         0.13%      17.502ms       1.459ms            12  
2026-09-23 16:43:29                                     aten::_foreach_div_         0.01%       1.771ms         0.05%      11.892ms     991.027us       9.811ms         0.09%      12.292ms       1.024ms            12  
2026-09-23 16:43:29                                     aten::_foreach_mul_         0.01%       1.771ms         0.04%       9.689ms     807.423us       9.654ms         0.09%      12.081ms       1.007ms            12  
2026-09-23 16:43:29                                            aten::detach         0.01%       1.670ms         0.02%       4.684ms       2.425us       0.000us         0.00%       0.000us       0.000us          1932  
2026-09-23 16:43:29                                            aten::conv2d         0.01%       1.345ms         1.07%     231.703ms     364.312us       0.000us         0.00%        2.171s       3.413ms           636  
2026-09-23 16:43:29                                           cudaHostAlloc         0.01%       1.154ms         0.01%       1.154ms     576.785us       0.000us         0.00%       0.000us       0.000us             2  
2026-09-23 16:43:29                                        aten::batch_norm         0.01%       1.142ms         0.33%      70.849ms     111.398us       0.000us         0.00%     771.668ms       1.213ms           636  
2026-09-23 16:43:29                                                aten::mm         0.01%       1.109ms         0.01%       1.694ms      70.592us     262.464us         0.00%     262.464us      10.936us            24  
2026-09-23 16:43:29       autograd::engine::evaluate_function: AddBackward0         0.00%       1.081ms         0.01%       1.318ms       6.866us       0.000us         0.00%       0.000us       0.000us           192  
2026-09-23 16:43:29                                    aten::_foreach_lerp_         0.00%     993.229us         1.16%     252.747ms      21.062ms      13.822ms         0.13%      17.314ms       1.443ms            12  
2026-09-23 16:43:29                                       aten::result_type         0.00%     925.034us         0.00%     925.034us       0.096us       0.000us         0.00%       0.000us       0.000us          9660  
2026-09-23 16:43:29                                             aten::zero_         0.00%     916.009us         0.03%       5.581ms      16.129us       0.000us         0.00%      17.068ms      49.330us           346  
2026-09-23 16:43:29                               aten::_local_scalar_dense         0.00%     816.689us         0.00%     816.689us       0.211us       0.000us         0.00%       0.000us       0.000us          3868  
2026-09-23 16:43:29                                        aten::zeros_like         0.00%     695.131us         0.05%      10.157ms      31.543us       0.000us         0.00%       1.159ms       3.600us           322  
2026-09-23 16:43:29                                             aten::stack         0.00%     604.756us         1.02%     221.658ms      18.472ms       0.000us         0.00%       0.000us       0.000us            12  
2026-09-23 16:43:29                                              aten::mean         0.00%     544.014us         1.54%     335.382ms      27.948ms       5.164ms         0.05%       6.905ms     575.399us            12  
2026-09-23 16:43:29                                     cudaPeekAtLastError         0.00%     538.800us         0.00%     538.800us       0.179us       0.000us         0.00%       0.000us       0.000us          3004  
2026-09-23 16:43:29                                    cudaFuncSetAttribute         0.00%     538.575us         0.00%     618.160us       2.810us       0.000us         0.00%     172.893us       0.786us           220  
2026-09-23 16:43:29                               cudaStreamCreateWithFlags         0.00%     521.276us         0.00%     521.276us      16.290us       0.000us         0.00%       0.000us       0.000us            32  
2026-09-23 16:43:29                                               aten::div         0.00%     462.451us         0.05%      11.503ms     958.567us       2.403ms         0.02%       2.403ms     200.241us            12  
2026-09-23 16:43:29                                   cudaStreamSynchronize         0.00%     451.415us         0.00%     451.415us      18.809us       0.000us         0.00%       0.000us       0.000us            24  
2026-09-23 16:43:29                           aten::max_pool2d_with_indices         0.00%     446.271us         0.02%       3.743ms     311.909us      37.244ms         0.34%      52.221ms       4.352ms            12  
2026-09-23 16:43:29                                 aten::nll_loss_backward         0.00%     397.624us         0.01%       1.146ms      95.463us      44.929us         0.00%      68.000us       5.667us            12  
2026-09-23 16:43:29                                  aten::nll_loss_forward         0.00%     373.771us         0.04%       7.679ms     639.887us      60.512us         0.00%      78.845us       6.570us            12  
2026-09-23 16:43:29                                     cudaStreamWaitEvent         0.00%     364.233us         0.00%     364.233us       1.035us       0.000us         0.00%       0.000us       0.000us           352  
2026-09-23 16:43:29                                      aten::_log_softmax         0.00%     360.599us         0.08%      17.690ms       1.474ms      32.414us         0.00%      41.054us       3.421us            12  
2026-09-23 16:43:29 cudaOccupancyMaxActiveBlocksPerMultiprocessorWithFla...         0.00%     348.328us         0.00%     565.407us       1.579us       0.000us         0.00%       4.250ms      11.873us           358  
2026-09-23 16:43:29                                               aten::sum         0.00%     338.180us         0.04%       8.947ms     745.583us     169.409us         0.00%     169.409us      14.117us            12  
2026-09-23 16:43:29     autograd::engine::evaluate_function: AddmmBackward0         0.00%     329.567us         0.05%      11.475ms     956.221us       0.000us         0.00%     431.873us      35.989us            12  
2026-09-23 16:43:29 autograd::engine::evaluate_function: NllLossBackward...         0.00%     282.307us         0.01%       1.571ms     130.879us       0.000us         0.00%      68.000us       5.667us            12  
2026-09-23 16:43:29                                         cudaEventRecord         0.00%     276.881us         0.00%     276.881us       1.384us       0.000us         0.00%       0.000us       0.000us           200  
2026-09-23 16:43:29                  aten::max_pool2d_with_indices_backward         0.00%     268.645us         0.00%     690.887us      57.574us      92.373ms         0.85%     108.259ms       9.022ms            12  
2026-09-23 16:43:29                                                 aten::t         0.00%     247.111us         0.00%     515.741us       8.596us       0.000us         0.00%       0.000us       0.000us            60  
2026-09-23 16:43:29                                   cudaStreamIsCapturing         0.00%     239.267us         0.00%     239.267us       2.099us       0.000us         0.00%       0.000us       0.000us           114  
2026-09-23 16:43:29                                            AddBackward0         0.00%     237.181us         0.00%     237.181us       1.235us       0.000us         0.00%       0.000us       0.000us           192  
2026-09-23 16:43:29                        aten::_log_softmax_backward_data         0.00%     232.045us         0.00%     389.619us      32.468us      29.341us         0.00%      29.341us       2.445us            12  
2026-09-23 16:43:29                                           aten::detach_         0.00%     202.481us         0.00%     357.945us       1.935us       0.000us         0.00%       0.000us       0.000us           185  
2026-09-23 16:43:29                                          AddmmBackward0         0.00%     189.014us         0.01%       2.148ms     179.031us       0.000us         0.00%     262.464us      21.872us            12  
2026-09-23 16:43:29                                         aten::transpose         0.00%     159.746us         0.00%     268.630us       4.477us       0.000us         0.00%       0.000us       0.000us            60  
2026-09-23 16:43:29                                                 detach_         0.00%     155.464us         0.00%     155.464us       0.840us       0.000us         0.00%       0.000us       0.000us           185  
2026-09-23 16:43:29                                           MeanBackward1         0.00%     143.624us         0.05%      11.735ms     977.908us       0.000us         0.00%       2.403ms     200.241us            12  
2026-09-23 16:43:29                                        NllLossBackward0         0.00%     142.689us         0.01%       1.288ms     107.354us       0.000us         0.00%      68.000us       5.667us            12  
2026-09-23 16:43:29 autograd::engine::evaluate_function: MaxPool2DWithIn...         0.00%     124.026us         0.00%     894.768us      74.564us       0.000us         0.00%     108.259ms       9.022ms            12  
2026-09-23 16:43:29 -------------------------------------------------------  ------------  ------------  ------------  ------------  ------------  ------------  ------------  ------------  ------------  ------------  
2026-09-23 16:43:29 Self CPU time total: 21.750s
2026-09-23 16:43:29 Self CUDA time total: 10.824s
2026-09-23 16:43:32 
2026-09-23 16:43:32 -------------------------------------------------------  ------------  ------------  ------------  ------------  ------------  ------------  ------------  ------------  ------------  ------------  
2026-09-23 16:43:32                                                    Name    Self CPU %      Self CPU   CPU total %     CPU total  CPU time avg     Self CUDA   Self CUDA %    CUDA total  CUDA time avg    # of Calls  
2026-09-23 16:43:32 -------------------------------------------------------  ------------  ------------  ------------  ------------  ------------  ------------  ------------  ------------  ------------  ------------  
2026-09-23 16:43:32                              aten::convolution_backward         0.31%      68.355ms         2.77%     601.903ms     946.389us        4.899s        45.26%        4.899s       7.703ms           636  
2026-09-23 16:43:32                                 aten::cudnn_convolution         0.63%     137.361ms         1.01%     220.517ms     346.724us        2.001s        18.49%        2.171s       3.413ms           636  
2026-09-23 16:43:32                         aten::cudnn_batch_norm_backward         0.07%      16.281ms         0.21%      45.305ms      71.234us        1.233s        11.39%        1.233s       1.938ms           636  
2026-09-23 16:43:32       _5x_cudnn_volta_scudnn_128x64_relu_interior_nn_v1         0.00%       0.000us         0.00%       0.000us       0.000us     938.860ms         8.67%     938.860ms       2.729ms           344  
2026-09-23 16:43:32                                   volta_sgemm_128x64_tn         0.00%       0.000us         0.00%       0.000us       0.000us     846.281ms         7.82%     846.281ms       2.938ms           288  
2026-09-23 16:43:32                                   volta_sgemm_128x64_nt         0.00%       0.000us         0.00%       0.000us       0.000us     770.602ms         7.12%     770.602ms       1.966ms           392  
2026-09-23 16:43:32                                  aten::cudnn_batch_norm         0.12%      26.193ms         0.31%      67.087ms     105.483us     749.794ms         6.93%     771.668ms       1.213ms           636  
2026-09-23 16:43:32 _5x_cudnn_turing_scudnn_128x64_stridedB_splitK_xregs...         0.00%       0.000us         0.00%       0.000us       0.000us     642.465ms         5.94%     642.465ms       7.301ms            88  
2026-09-23 16:43:32                                              aten::add_         0.08%      16.597ms         0.19%      40.666ms      13.720us     628.256ms         5.80%     633.259ms     213.650us          2964  
2026-09-23 16:43:32 void at::native::vectorized_elementwise_kernel<4, at...         0.00%       0.000us         0.00%       0.000us       0.000us     626.366ms         5.79%     626.366ms       1.582ms           396  
2026-09-23 16:43:32 void cudnn::bn_bw_1C11_kernel_new<float, float, floa...         0.00%       0.000us         0.00%       0.000us       0.000us     599.316ms         5.54%     599.316ms       1.314ms           456  
2026-09-23 16:43:32      _5x_cudnn_volta_scudnn_128x64_stridedB_small_nn_v1         0.00%       0.000us         0.00%       0.000us       0.000us     596.901ms         5.51%     596.901ms       2.926ms           204  
2026-09-23 16:43:32                                aten::threshold_backward         0.04%       9.514ms         0.12%      25.237ms      42.921us     540.025ms         4.99%     540.025ms     918.409us           588  
2026-09-23 16:43:32 void at::native::vectorized_elementwise_kernel<4, at...         0.00%       0.000us         0.00%       0.000us       0.000us     540.025ms         4.99%     540.025ms     918.409us           588  
2026-09-23 16:43:32 void cudnn::bn_bw_1C11_kernel_new<float, float, floa...         0.00%       0.000us         0.00%       0.000us       0.000us     537.027ms         4.96%     537.027ms       4.068ms           132  
2026-09-23 16:43:32                                        aten::clamp_min_         0.03%       5.627ms         0.14%      31.141ms      52.961us     370.997ms         3.43%     381.258ms     648.398us           588  
2026-09-23 16:43:32 void at::native::vectorized_elementwise_kernel<4, at...         0.00%       0.000us         0.00%       0.000us       0.000us     370.997ms         3.43%     370.997ms     630.947us           588  
2026-09-23 16:43:32         _5x_cudnn_volta_scudnn_128x128_relu_small_nn_v1         0.00%       0.000us         0.00%       0.000us       0.000us     358.760ms         3.31%     358.760ms       5.606ms            64  
2026-09-23 16:43:32                                   volta_sgemm_128x64_nn         0.00%       0.000us         0.00%       0.000us       0.000us     347.077ms         3.21%     347.077ms       1.735ms           200  
2026-09-23 16:43:32 void cudnn::bn_fw_tr_1C11_kernel_NCHW<float, float, ...         0.00%       0.000us         0.00%       0.000us       0.000us     332.604ms         3.07%     332.604ms       2.520ms           132  
2026-09-23 16:43:32 void cudnn::cnn::wgrad_alg1_engine<float, float, 128...         0.00%       0.000us         0.00%       0.000us       0.000us     327.029ms         3.02%     327.029ms       5.840ms            56  
2026-09-23 16:43:32 void cudnn::bn_fw_tr_1C11_kernel_NCHW<float, float, ...         0.00%       0.000us         0.00%       0.000us       0.000us     315.112ms         2.91%     315.112ms       1.023ms           308  
2026-09-23 16:43:32                                    volta_sgemm_64x64_tn         0.00%       0.000us         0.00%       0.000us       0.000us     302.667ms         2.80%     302.667ms       4.451ms            68  
2026-09-23 16:43:32 void cudnn::detail::dgrad_engine<float, 512, 6, 5, 3...         0.00%       0.000us         0.00%       0.000us       0.000us     241.013ms         2.23%     241.013ms      10.042ms            24  
2026-09-23 16:43:32 void cudnn::winograd_nonfused::winogradForwardData4x...         0.00%       0.000us         0.00%       0.000us       0.000us     195.400ms         1.81%     195.400ms     626.283us           312  
2026-09-23 16:43:32 void cudnn::detail::dgrad_engine<float, 128, 6, 8, 3...         0.00%       0.000us         0.00%       0.000us       0.000us     179.509ms         1.66%     179.509ms       6.411ms            28  
2026-09-23 16:43:32 void cudnn::winograd_nonfused::winogradForwardOutput...         0.00%       0.000us         0.00%       0.000us       0.000us     179.015ms         1.65%     179.015ms     573.767us           312  
2026-09-23 16:43:32                                             aten::copy_         2.62%     569.893ms        16.12%        3.505s       1.506ms     162.334ms         1.50%     162.334ms      69.731us          2328  
2026-09-23 16:43:32                        Memcpy HtoD (Pageable -> Device)         0.00%       0.000us         0.00%       0.000us       0.000us     162.334ms         1.50%     162.334ms       6.764ms            24  
2026-09-23 16:43:32                                   volta_gcgemm_64x32_nt         0.00%       0.000us         0.00%       0.000us       0.000us     142.965ms         1.32%     142.965ms       4.468ms            32  
2026-09-23 16:43:32                                    volta_sgemm_64x64_nt         0.00%       0.000us         0.00%       0.000us       0.000us     139.141ms         1.29%     139.141ms       1.933ms            72  
2026-09-23 16:43:32                                Optimizer.step#Adam.step         0.00%       0.000us         0.00%       0.000us       0.000us     136.210ms         1.26%     136.210ms      11.351ms            12  
2026-09-23 16:43:32                        Runtime Triggered Module Loading         5.95%        1.294s         5.95%        1.294s      17.978ms     132.024ms         1.22%     132.024ms       1.834ms            72  
2026-09-23 16:43:32                                   Lazy Function Loading         0.02%       4.377ms         0.02%       4.377ms      46.566us     108.343ms         1.00%     108.343ms       1.153ms            94  
2026-09-23 16:43:32 void cudnn::cnn::reduce_wgrad_nchw_helper<float, flo...         0.00%       0.000us         0.00%       0.000us       0.000us      94.154ms         0.87%      94.154ms     264.477us           356  
2026-09-23 16:43:32                  aten::max_pool2d_with_indices_backward         0.00%     268.645us         0.00%     690.887us      57.574us      92.373ms         0.85%     108.259ms       9.022ms            12  
2026-09-23 16:43:32 void at::native::(anonymous namespace)::max_pool_bac...         0.00%       0.000us         0.00%       0.000us       0.000us      92.373ms         0.85%      92.373ms       7.698ms            12  
2026-09-23 16:43:32 void cudnn::bn_bw_1C11_kernel_new<float, float, floa...         0.00%       0.000us         0.00%       0.000us       0.000us      91.269ms         0.84%      91.269ms       7.606ms            12  
2026-09-23 16:43:32 void wgrad_alg0_engine<float, 128, 6, 8, 3, 3, 5, fa...         0.00%       0.000us         0.00%       0.000us       0.000us      91.149ms         0.84%      91.149ms       5.697ms            16  
2026-09-23 16:43:32         _5x_cudnn_volta_scudnn_128x64_relu_medium_nn_v1         0.00%       0.000us         0.00%       0.000us       0.000us      81.427ms         0.75%      81.427ms       6.786ms            12  
2026-09-23 16:43:32 void cudnn::winograd_nonfused::winogradWgradDelta4x4...         0.00%       0.000us         0.00%       0.000us       0.000us      81.348ms         0.75%      81.348ms     701.279us           116  
2026-09-23 16:43:32 void cudnn::winograd_nonfused::winogradWgradData4x4<...         0.00%       0.000us         0.00%       0.000us       0.000us      76.259ms         0.70%      76.259ms     657.401us           116  
2026-09-23 16:43:32 _5x_cudnn_volta_scudnn_128x64_relu_xregs_large_nn_v1...         0.00%       0.000us         0.00%       0.000us       0.000us      75.729ms         0.70%      75.729ms       4.733ms            16  
2026-09-23 16:43:32 void cudnn::bn_fw_tr_1C11_kernel_NCHW<float, float, ...         0.00%       0.000us         0.00%       0.000us       0.000us      57.659ms         0.53%      57.659ms       4.805ms            12  
2026-09-23 16:43:32 void cudnn::bn_fw_tr_1C11_singleread<float, 512, tru...         0.00%       0.000us         0.00%       0.000us       0.000us      44.419ms         0.41%      44.419ms     241.407us           184  
2026-09-23 16:43:32 void fft2d_c2r_32x32<float, false, false, 0u, false,...         0.00%       0.000us         0.00%       0.000us       0.000us      40.111ms         0.37%      40.111ms       1.253ms            32  
2026-09-23 16:43:32                           aten::max_pool2d_with_indices         0.00%     446.271us         0.02%       3.743ms     311.909us      37.244ms         0.34%      52.221ms       4.352ms            12  
2026-09-23 16:43:32 void at::native::(anonymous namespace)::max_pool_for...         0.00%       0.000us         0.00%       0.000us       0.000us      37.244ms         0.34%      37.244ms       3.104ms            12  
2026-09-23 16:43:32 void cudnn::engines_precompiled::scalePackedTensor_k...         0.00%       0.000us         0.00%       0.000us       0.000us      33.682ms         0.31%      33.682ms     647.738us            52  
2026-09-23 16:43:32 void fft2d_r2c_32x32<float, false, 1u, false>(float2...         0.00%       0.000us         0.00%       0.000us       0.000us      25.542ms         0.24%      25.542ms       1.277ms            20  
2026-09-23 16:43:32 void foldedNchwToNchwKernel<float, float, float, tru...         0.00%       0.000us         0.00%       0.000us       0.000us      21.225ms         0.20%      21.225ms       2.653ms             8  
2026-09-23 16:43:32 void cudnn::winograd_nonfused::winogradForwardFilter...         0.00%       0.000us         0.00%       0.000us       0.000us      20.452ms         0.19%      20.452ms      65.550us           312  
2026-09-23 16:43:32                                 aten::_foreach_addcdiv_         0.01%       2.823ms         0.02%       3.424ms     285.368us      18.245ms         0.17%      19.774ms       1.648ms            12  
2026-09-23 16:43:32 void at::native::(anonymous namespace)::multi_tensor...         0.00%       0.000us         0.00%       0.000us       0.000us      18.245ms         0.17%      18.245ms     380.101us            48  
2026-09-23 16:43:32                                             aten::fill_         0.01%       1.989ms         0.05%      10.651ms      29.753us      17.091ms         0.16%      17.097ms      47.758us           358  
2026-09-23 16:43:32 void at::native::vectorized_elementwise_kernel<4, at...         0.00%       0.000us         0.00%       0.000us       0.000us      17.091ms         0.16%      17.091ms      47.741us           358  
2026-09-23 16:43:32                                 aten::_foreach_addcmul_         0.01%       1.943ms         0.03%       5.898ms     491.486us      14.003ms         0.13%      17.502ms       1.459ms            12  
2026-09-23 16:43:32 void at::native::(anonymous namespace)::multi_tensor...         0.00%       0.000us         0.00%       0.000us       0.000us      14.003ms         0.13%      14.003ms     291.726us            48  
2026-09-23 16:43:32                                    aten::_foreach_lerp_         0.00%     993.229us         1.16%     252.747ms      21.062ms      13.822ms         0.13%      17.314ms       1.443ms            12  
2026-09-23 16:43:32 void at::native::(anonymous namespace)::multi_tensor...         0.00%       0.000us         0.00%       0.000us       0.000us      13.822ms         0.13%      13.822ms     383.935us            36  
2026-09-23 16:43:32 void cudnn::winograd_nonfused::winogradWgradOutput4x...         0.00%       0.000us         0.00%       0.000us       0.000us      12.885ms         0.12%      12.885ms     111.077us           116  
2026-09-23 16:43:32 void fft2d_r2c_32x32<float, true, 0u, false>(float2*...         0.00%       0.000us         0.00%       0.000us       0.000us      10.603ms         0.10%      10.603ms     441.799us            24  
2026-09-23 16:43:32 void cudnn::cnn::wgrad_alg1_engine<float, float, 128...         0.00%       0.000us         0.00%       0.000us       0.000us      10.567ms         0.10%      10.567ms       2.642ms             4  
2026-09-23 16:43:32                                     aten::_foreach_sqrt         0.01%       2.813ms         0.19%      40.864ms       3.405ms       9.813ms         0.09%      12.306ms       1.026ms            12  
2026-09-23 16:43:32 void at::native::(anonymous namespace)::multi_tensor...         0.00%       0.000us         0.00%       0.000us       0.000us       9.813ms         0.09%       9.813ms     272.573us            36  
2026-09-23 16:43:32                                     aten::_foreach_div_         0.01%       1.771ms         0.05%      11.892ms     991.027us       9.811ms         0.09%      12.292ms       1.024ms            12  
2026-09-23 16:43:32 void at::native::(anonymous namespace)::multi_tensor...         0.00%       0.000us         0.00%       0.000us       0.000us       9.811ms         0.09%       9.811ms     272.529us            36  
2026-09-23 16:43:32                                     aten::_foreach_add_         0.01%       3.235ms         0.03%       5.464ms     227.648us       9.709ms         0.09%      10.537ms     439.058us            24  
2026-09-23 16:43:32 void at::native::(anonymous namespace)::multi_tensor...         0.00%       0.000us         0.00%       0.000us       0.000us       9.709ms         0.09%       9.709ms     404.550us            24  
2026-09-23 16:43:32                                     aten::_foreach_mul_         0.01%       1.771ms         0.04%       9.689ms     807.423us       9.654ms         0.09%      12.081ms       1.007ms            12  
2026-09-23 16:43:32 void at::native::(anonymous namespace)::multi_tensor...         0.00%       0.000us         0.00%       0.000us       0.000us       9.654ms         0.09%       9.654ms     402.262us            24  
2026-09-23 16:43:32 void nchwAddPaddingKernel<float, float, float, true,...         0.00%       0.000us         0.00%       0.000us       0.000us       5.663ms         0.05%       5.663ms     707.909us             8  
2026-09-23 16:43:32 void fft2d_r2c_32x32<float, false, 0u, false>(float2...         0.00%       0.000us         0.00%       0.000us       0.000us       5.280ms         0.05%       5.280ms     660.057us             8  
2026-09-23 16:43:32                                              aten::mean         0.00%     544.014us         1.54%     335.382ms      27.948ms       5.164ms         0.05%       6.905ms     575.399us            12  
2026-09-23 16:43:32 void at::native::reduce_kernel<512, 1, at::native::R...         0.00%       0.000us         0.00%       0.000us       0.000us       5.164ms         0.05%       5.164ms     430.369us            12  
2026-09-23 16:43:32 void cudnn::bn_bw_1C11_singleread<float, 512, true, ...         0.00%       0.000us         0.00%       0.000us       0.000us       5.030ms         0.05%       5.030ms     139.729us            36  
2026-09-23 16:43:32                                         Memset (Device)         0.00%       0.000us         0.00%       0.000us       0.000us       3.242ms         0.03%       3.242ms      12.006us           270  
2026-09-23 16:43:32                                               aten::div         0.00%     462.451us         0.05%      11.503ms     958.567us       2.403ms         0.02%       2.403ms     200.241us            12  
2026-09-23 16:43:32 void at::native::elementwise_kernel<128, 2, at::nati...         0.00%       0.000us         0.00%       0.000us       0.000us       2.403ms         0.02%       2.403ms     200.241us            12  
2026-09-23 16:43:32 void at::native::vectorized_elementwise_kernel<2, at...         0.00%       0.000us         0.00%       0.000us       0.000us       1.890ms         0.02%       1.890ms       2.972us           636  
2026-09-23 16:43:32 void cask__5x_cudnn::computeOffsetsKernel<false, fal...         0.00%       0.000us         0.00%       0.000us       0.000us       1.417ms         0.01%       1.417ms       3.249us           436  
2026-09-23 16:43:32 void cask__5x_cudnn::computeOffsetsKernel<true, fals...         0.00%       0.000us         0.00%       0.000us       0.000us     688.919us         0.01%     688.919us       3.377us           204  
2026-09-23 16:43:32 cask__5x_cudnn::computeBOffsetsKernel(cask__5x_cudnn...         0.00%       0.000us         0.00%       0.000us       0.000us     518.426us         0.00%     518.426us       2.541us           204  
2026-09-23 16:43:32                                                aten::mm         0.01%       1.109ms         0.01%       1.694ms      70.592us     262.464us         0.00%     262.464us      10.936us            24  
2026-09-23 16:43:32 cask__5x_cudnn::computeWgradSplitKOffsetsKernel(cask...         0.00%       0.000us         0.00%       0.000us       0.000us     249.468us         0.00%     249.468us       2.835us            88  
2026-09-23 16:43:32                                             aten::addmm         0.02%       3.667ms         0.08%      17.120ms       1.427ms     244.444us         0.00%     337.756us      28.146us            12  
2026-09-23 16:43:32 cask__5x_cudnn::computeWgradBOffsetsKernel(cask__5x_...         0.00%       0.000us         0.00%       0.000us       0.000us     231.716us         0.00%     231.716us       2.633us            88  
2026-09-23 16:43:32                                               aten::sum         0.00%     338.180us         0.04%       8.947ms     745.583us     169.409us         0.00%     169.409us      14.117us            12  
2026-09-23 16:43:32 void at::native::reduce_kernel<256, 2, at::native::R...         0.00%       0.000us         0.00%       0.000us       0.000us     169.409us         0.00%     169.409us      14.117us            12  
2026-09-23 16:43:32                                   volta_sgemm_32x128_tn         0.00%       0.000us         0.00%       0.000us       0.000us     142.814us         0.00%     142.814us      17.852us             8  
2026-09-23 16:43:32                          volta_sgemm_32x32_sliced1x4_nt         0.00%       0.000us         0.00%       0.000us       0.000us     116.448us         0.00%     116.448us      14.556us             8  
2026-09-23 16:43:32                                   volta_sgemm_128x32_nn         0.00%       0.000us         0.00%       0.000us       0.000us     116.448us         0.00%     116.448us       9.704us            12  
2026-09-23 16:43:32 void nchwToFoldedNchwKernel<float, float, float, tru...         0.00%       0.000us         0.00%       0.000us       0.000us      69.791us         0.00%      69.791us       8.724us             8  
2026-09-23 16:43:32                                  aten::nll_loss_forward         0.00%     373.771us         0.04%       7.679ms     639.887us      60.512us         0.00%      78.845us       6.570us            12  
2026-09-23 16:43:32 void at::native::(anonymous namespace)::nll_loss_for...         0.00%       0.000us         0.00%       0.000us       0.000us      60.512us         0.00%      60.512us       5.043us            12  
2026-09-23 16:43:32 void cublasLt::splitKreduce_kernel<32, 16, int, floa...         0.00%       0.000us         0.00%       0.000us       0.000us      59.904us         0.00%      59.904us       4.992us            12  
2026-09-23 16:43:32                                 aten::nll_loss_backward         0.00%     397.624us         0.01%       1.146ms      95.463us      44.929us         0.00%      68.000us       5.667us            12  
2026-09-23 16:43:32 void at::native::(anonymous namespace)::nll_loss_bac...         0.00%       0.000us         0.00%       0.000us       0.000us      44.929us         0.00%      44.929us       3.744us            12  
2026-09-23 16:43:32                          volta_sgemm_32x32_sliced1x4_tn         0.00%       0.000us         0.00%       0.000us       0.000us      41.726us         0.00%      41.726us      10.431us             4  
2026-09-23 16:43:32                                      aten::_log_softmax         0.00%     360.599us         0.08%      17.690ms       1.474ms      32.414us         0.00%      41.054us       3.421us            12  
2026-09-23 16:43:32 -------------------------------------------------------  ------------  ------------  ------------  ------------  ------------  ------------  ------------  ------------  ------------  ------------  
2026-09-23 16:43:32 Self CPU time total: 21.750s
2026-09-23 16:43:32 Self CUDA time total: 10.824s
2026-09-23 16:43:33 
