2026-09-24 18:10:19 load image
2026-09-24 18:10:19 split dataset
2026-09-24 18:10:19 288 72 items
2026-09-24 18:10:19 3 batch
2026-09-24 18:10:19 Prepare Time: 4.660985
2026-09-24 18:10:19 load model
2026-09-24 18:10:19 train model
2026-09-24 18:10:19 Epoch 1/4, Loss: 1.9211 Time: 7.6894
2026-09-24 18:10:19 Epoch 2/4, Loss: 0.3515 Time: 3.0450
2026-09-24 18:10:19 Epoch 3/4, Loss: 0.0062 Time: 3.2798
2026-09-24 18:10:19 Epoch 4/4, Loss: 0.0023 Time: 3.3494
2026-09-24 18:10:19 Train Profiler:
2026-09-24 18:10:19 -------------------------------------------------------  ------------  ------------  ------------  ------------  ------------  ------------  ------------  ------------  ------------  ------------  
2026-09-24 18:10:19                                                    Name    Self CPU %      Self CPU   CPU total %     CPU total  CPU time avg     Self CUDA   Self CUDA %    CUDA total  CUDA time avg    # of Calls  
2026-09-24 18:10:19 -------------------------------------------------------  ------------  ------------  ------------  ------------  ------------  ------------  ------------  ------------  ------------  ------------  
2026-09-24 18:10:19                                                aten::to         0.01%     389.329us        64.02%        4.399s       8.575ms       0.000us         0.00%       2.874ms       5.603us           513  
2026-09-24 18:10:19                                          aten::_to_copy         0.00%     257.279us        64.01%        4.399s     162.913ms       0.000us         0.00%       2.874ms     106.449us            27  
2026-09-24 18:10:19                                             aten::copy_         0.01%     501.934us        64.00%        4.398s     162.890ms       2.874ms         0.04%       2.874ms     106.449us            27  
2026-09-24 18:10:19                                   cudaStreamSynchronize        63.99%        4.397s        63.99%        4.397s     244.274ms       0.000us         0.00%       0.000us       0.000us            18  
2026-09-24 18:10:19                                   cudaDeviceSynchronize        32.06%        2.203s        32.06%        2.203s     734.374ms       0.000us         0.00%       0.000us       0.000us             3  
2026-09-24 18:10:19 autograd::engine::evaluate_function: ConvolutionBack...         0.09%       6.297ms         0.86%      58.828ms     123.329us       0.000us         0.00%        3.559s       7.462ms           477  
2026-09-24 18:10:19                                    ConvolutionBackward0         0.02%       1.578ms         0.72%      49.684ms     104.160us       0.000us         0.00%        3.365s       7.054ms           477  
2026-09-24 18:10:19                              aten::convolution_backward         0.42%      29.134ms         0.70%      48.106ms     100.851us        3.365s        48.62%        3.365s       7.054ms           477  
2026-09-24 18:10:19                                        cudaLaunchKernel         0.70%      48.092ms         0.70%      48.092ms       7.547us       0.000us         0.00%       0.000us       0.000us          6372  
2026-09-24 18:10:19                                        aten::batch_norm         0.01%     807.276us         0.54%      37.346ms      78.293us       0.000us         0.00%     431.195ms     903.973us           477  
2026-09-24 18:10:19                            aten::_batch_norm_impl_index         0.03%       1.855ms         0.53%      36.539ms      76.601us       0.000us         0.00%     431.195ms     903.973us           477  
2026-09-24 18:10:19                                  aten::cudnn_batch_norm         0.24%      16.521ms         0.50%      34.684ms      72.712us     431.195ms         6.23%     431.195ms     903.973us           477  
2026-09-24 18:10:19                                            aten::conv2d         0.02%       1.075ms         0.50%      34.466ms      72.255us       0.000us         0.00%        1.279s       2.682ms           477  
2026-09-24 18:10:19 autograd::engine::evaluate_function: CudnnBatchNormB...         0.10%       6.702ms         0.49%      33.492ms      70.214us       0.000us         0.00%     709.158ms       1.487ms           477  
2026-09-24 18:10:19                                       aten::convolution         0.06%       3.940ms         0.49%      33.391ms      70.001us       0.000us         0.00%        1.279s       2.682ms           477  
2026-09-24 18:10:19                                      aten::_convolution         0.04%       2.767ms         0.43%      29.451ms      61.742us       0.000us         0.00%        1.279s       2.682ms           477  
2026-09-24 18:10:19                                 CudnnBatchNormBackward0         0.03%       1.940ms         0.39%      26.790ms      56.163us       0.000us         0.00%     709.158ms       1.487ms           477  
2026-09-24 18:10:19                                 aten::cudnn_convolution         0.27%      18.215ms         0.39%      26.684ms      55.942us        1.279s        18.49%        1.279s       2.682ms           477  
2026-09-24 18:10:19                         aten::cudnn_batch_norm_backward         0.16%      11.067ms         0.36%      24.850ms      52.096us     709.158ms        10.25%     709.158ms       1.487ms           477  
2026-09-24 18:10:19 enumerate(DataLoader)#_SingleProcessDataLoaderIter._...         0.13%       8.602ms         0.36%      24.465ms       2.039ms       0.000us         0.00%       2.203ms     183.610us            12  
2026-09-24 18:10:19                                             aten::empty         0.34%      23.608ms         0.34%      23.608ms       4.909us       0.000us         0.00%       0.000us       0.000us          4809  
2026-09-24 18:10:19                                              aten::add_         0.15%      10.027ms         0.23%      16.028ms      20.708us     387.862ms         5.60%     387.862ms     501.114us           774  
2026-09-24 18:10:19      autograd::engine::evaluate_function: ReluBackward0         0.05%       3.415ms         0.23%      15.485ms      35.113us       0.000us         0.00%     333.524ms     756.291us           441  
2026-09-24 18:10:19 autograd::engine::evaluate_function: torch::autograd...         0.10%       6.545ms         0.20%      13.668ms       9.433us       0.000us         0.00%       0.000us       0.000us          1449  
2026-09-24 18:10:19                                             aten::relu_         0.07%       5.057ms         0.18%      12.486ms      28.313us       0.000us         0.00%     227.960ms     516.917us           441  
2026-09-24 18:10:19                                           ReluBackward0         0.02%       1.484ms         0.18%      12.070ms      27.370us       0.000us         0.00%     333.524ms     756.291us           441  
2026-09-24 18:10:19                                Optimizer.step#Adam.step         0.13%       8.756ms         0.18%      12.026ms       1.336ms       0.000us         0.00%      68.360ms       7.596ms             9  
2026-09-24 18:10:19                                aten::threshold_backward         0.10%       6.721ms         0.15%      10.586ms      24.005us     333.524ms         4.82%     333.524ms     756.291us           441  
2026-09-24 18:10:19                                        aten::clamp_min_         0.06%       4.063ms         0.11%       7.429ms      16.845us     227.960ms         3.29%     227.960ms     516.917us           441  
2026-09-24 18:10:19                                            Unrecognized         0.10%       7.167ms         0.10%       7.167ms       2.389ms       0.000us         0.00%       0.000us       0.000us             3  
2026-09-24 18:10:19                         torch::autograd::AccumulateGrad         0.05%       3.321ms         0.10%       7.123ms       4.916us       0.000us         0.00%       0.000us       0.000us          1449  
2026-09-24 18:10:19                                        aten::empty_like         0.02%       1.141ms         0.07%       4.956ms      10.198us       0.000us         0.00%       0.000us       0.000us           486  
2026-09-24 18:10:19                                            aten::select         0.06%       3.785ms         0.07%       4.542ms       2.628us       0.000us         0.00%       0.000us       0.000us          1728  
2026-09-24 18:10:19                      Optimizer.zero_grad#Adam.zero_grad         0.06%       4.365ms         0.06%       4.365ms     485.043us       0.000us         0.00%       0.000us       0.000us             9  
2026-09-24 18:10:19                                             aten::stack         0.01%     948.215us         0.06%       3.946ms     219.216us       0.000us         0.00%       2.203ms     122.406us            18  
2026-09-24 18:10:19                                            aten::detach         0.02%       1.602ms         0.06%       3.873ms       2.657us       0.000us         0.00%       0.000us       0.000us          1458  
2026-09-24 18:10:19                                                  detach         0.03%       2.271ms         0.03%       2.271ms       1.558us       0.000us         0.00%       0.000us       0.000us          1458  
2026-09-24 18:10:19                                               aten::cat         0.02%       1.099ms         0.03%       2.020ms     112.201us       2.203ms         0.03%       2.203ms     122.406us            18  
2026-09-24 18:10:19                                              aten::view         0.03%       1.917ms         0.03%       1.917ms       1.901us       0.000us         0.00%       0.000us       0.000us          1008  
2026-09-24 18:10:19                                     aten::_foreach_add_         0.02%       1.384ms         0.03%       1.815ms     201.617us      78.589us         0.00%      78.589us       8.732us             9  
2026-09-24 18:10:19     autograd::engine::evaluate_function: AddmmBackward0         0.00%     232.217us         0.02%       1.625ms     180.567us       0.000us         0.00%     336.604us      37.400us             9  
2026-09-24 18:10:19                                      aten::_fused_adam_         0.02%       1.111ms         0.02%       1.430ms     158.877us      68.282ms         0.99%      68.282ms       7.587ms             9  
2026-09-24 18:10:19                                         cudaMemsetAsync         0.02%       1.285ms         0.02%       1.285ms       2.010us       0.000us         0.00%       0.000us       0.000us           639  
2026-09-24 18:10:19                                        aten::as_strided         0.02%       1.183ms         0.02%       1.183ms       0.447us       0.000us         0.00%       0.000us       0.000us          2646  
2026-09-24 18:10:19 autograd::engine::evaluate_function: NllLossBackward...         0.00%     179.936us         0.02%       1.079ms     119.926us       0.000us         0.00%      51.133us       5.681us             9  
2026-09-24 18:10:19                                            aten::linear         0.00%      84.657us         0.02%       1.062ms     117.947us       0.000us         0.00%     200.030us      22.226us             9  
2026-09-24 18:10:19                                          AddmmBackward0         0.00%     131.266us         0.02%       1.049ms     116.527us       0.000us         0.00%     208.734us      23.193us             9  
2026-09-24 18:10:19                                         aten::unsqueeze         0.01%     607.853us         0.01%     953.660us       1.104us       0.000us         0.00%       0.000us       0.000us           864  
2026-09-24 18:10:19       autograd::engine::evaluate_function: AddBackward0         0.01%     794.093us         0.01%     936.870us       6.506us       0.000us         0.00%       0.000us       0.000us           144  
2026-09-24 18:10:19                                        NllLossBackward0         0.00%      72.137us         0.01%     899.399us      99.933us       0.000us         0.00%      51.133us       5.681us             9  
2026-09-24 18:10:19                                             aten::addmm         0.01%     637.492us         0.01%     863.671us      95.963us     200.030us         0.00%     200.030us      22.226us             9  
2026-09-24 18:10:19                                 aten::nll_loss_backward         0.00%     275.212us         0.01%     827.262us      91.918us      34.173us         0.00%      51.133us       5.681us             9  
2026-09-24 18:10:19                                             aten::fill_         0.00%     301.947us         0.01%     766.138us      28.375us       8.990ms         0.13%       8.990ms     332.976us            27  
2026-09-24 18:10:19                                                aten::mm         0.01%     593.742us         0.01%     747.744us      41.541us     208.734us         0.00%     208.734us      11.596us            18  
2026-09-24 18:10:19                                aten::cross_entropy_loss         0.00%      55.531us         0.01%     724.659us      80.518us       0.000us         0.00%      68.704us       7.634us             9  
2026-09-24 18:10:19                                             aten::zero_         0.00%      97.847us         0.01%     642.525us      35.696us       0.000us         0.00%       8.973ms     498.508us            18  
2026-09-24 18:10:19      autograd::engine::evaluate_function: MeanBackward1         0.00%      69.716us         0.01%     627.525us      69.725us       0.000us         0.00%       1.704ms     189.347us             9  
2026-09-24 18:10:19 autograd::engine::evaluate_function: MaxPool2DWithIn...         0.00%      92.894us         0.01%     590.358us      65.595us       0.000us         0.00%      78.314ms       8.702ms             9  
2026-09-24 18:10:19                                           MeanBackward1         0.00%      60.427us         0.01%     557.809us      61.979us       0.000us         0.00%       1.704ms     189.347us             9  
2026-09-24 18:10:19                                               aten::sub         0.00%     279.638us         0.01%     498.683us      55.409us       3.642ms         0.05%       3.642ms     404.670us             9  
2026-09-24 18:10:19                           MaxPool2DWithIndicesBackward0         0.00%      38.526us         0.01%     497.464us      55.274us       0.000us         0.00%      78.314ms       8.702ms             9  
2026-09-24 18:10:19                                     aten::empty_strided         0.01%     468.491us         0.01%     468.491us      13.014us       0.000us         0.00%       0.000us       0.000us            36  
2026-09-24 18:10:19                  aten::max_pool2d_with_indices_backward         0.00%     176.601us         0.01%     458.938us      50.993us      69.358ms         1.00%      78.314ms       8.702ms             9  
2026-09-24 18:10:19                                               aten::div         0.00%     324.152us         0.01%     437.549us      48.617us       1.704ms         0.02%       1.704ms     189.347us             9  
2026-09-24 18:10:19                                         cudaMemcpyAsync         0.01%     420.878us         0.01%     420.878us      23.382us       0.000us         0.00%       0.000us       0.000us            18  
2026-09-24 18:10:19                               aten::adaptive_avg_pool2d         0.00%      38.241us         0.01%     391.859us      43.540us       0.000us         0.00%       3.716ms     412.922us             9  
2026-09-24 18:10:19 autograd::engine::evaluate_function: LogSoftmaxBackw...         0.00%      77.867us         0.01%     378.268us      42.030us       0.000us         0.00%      21.697us       2.411us             9  
2026-09-24 18:10:19                                         aten::ones_like         0.00%      36.587us         0.01%     376.097us      41.789us       0.000us         0.00%      17.215us       1.913us             9  
2026-09-24 18:10:19                                        aten::max_pool2d         0.00%      33.340us         0.01%     373.633us      41.515us       0.000us         0.00%      18.013ms       2.001ms             9  
2026-09-24 18:10:19                                              aten::mean         0.00%     262.313us         0.01%     353.618us      39.291us       3.716ms         0.05%       3.716ms     412.922us             9  
2026-09-24 18:10:19                           aten::max_pool2d_with_indices         0.00%     250.867us         0.00%     340.293us      37.810us      18.013ms         0.26%      18.013ms       2.001ms             9  
2026-09-24 18:10:19                                       aten::log_softmax         0.00%      56.602us         0.00%     335.780us      37.309us       0.000us         0.00%      24.224us       2.692us             9  
2026-09-24 18:10:19                                       aten::nll_loss_nd         0.00%      32.628us         0.00%     333.348us      37.039us       0.000us         0.00%      44.480us       4.942us             9  
2026-09-24 18:10:19                                                 aten::t         0.00%     169.660us         0.00%     332.767us       7.395us       0.000us         0.00%       0.000us       0.000us            45  
2026-09-24 18:10:19                                               aten::sum         0.00%     207.642us         0.00%     315.485us      35.054us     127.870us         0.00%     127.870us      14.208us             9  
2026-09-24 18:10:19                                          aten::nll_loss         0.00%      28.308us         0.00%     300.720us      33.413us       0.000us         0.00%      44.480us       4.942us             9  
2026-09-24 18:10:19                                     LogSoftmaxBackward0         0.00%      59.557us         0.00%     300.401us      33.378us       0.000us         0.00%      21.697us       2.411us             9  
2026-09-24 18:10:19                                          aten::randperm         0.00%     126.126us         0.00%     296.266us      24.689us       0.000us         0.00%       0.000us       0.000us            12  
2026-09-24 18:10:19                                      aten::_log_softmax         0.00%     188.838us         0.00%     272.573us      30.286us      24.224us         0.00%      24.224us       2.692us             9  
2026-09-24 18:10:19                                  aten::nll_loss_forward         0.00%     185.978us         0.00%     272.412us      30.268us      44.480us         0.00%      44.480us       4.942us             9  
2026-09-24 18:10:19                                              aten::mul_         0.00%     161.005us         0.00%     245.400us      27.267us       3.623ms         0.05%       3.623ms     402.551us             9  
2026-09-24 18:10:19                        aten::_log_softmax_backward_data         0.00%     156.245us         0.00%     240.844us      26.760us      21.697us         0.00%      21.697us       2.411us             9  
2026-09-24 18:10:19                                     cudaPeekAtLastError         0.00%     227.482us         0.00%     227.482us       0.214us       0.000us         0.00%       0.000us       0.000us          1062  
2026-09-24 18:10:19                                              aten::div_         0.00%     140.528us         0.00%     225.510us      25.057us       3.651ms         0.05%       3.651ms     405.701us             9  
2026-09-24 18:10:19                                       aten::result_type         0.00%     190.651us         0.00%     190.651us       0.132us       0.000us         0.00%       0.000us       0.000us          1449  
2026-09-24 18:10:19                                    cudaFuncSetAttribute         0.00%     176.392us         0.00%     176.392us       2.178us       0.000us         0.00%       0.000us       0.000us            81  
2026-09-24 18:10:19                                         aten::transpose         0.00%      93.240us         0.00%     163.107us       3.625us       0.000us         0.00%       0.000us       0.000us            45  
2026-09-24 18:10:19                                            AddBackward0         0.00%     142.777us         0.00%     142.777us       0.992us       0.000us         0.00%       0.000us       0.000us           144  
2026-09-24 18:10:19         autograd::engine::evaluate_function: TBackward0         0.00%      51.660us         0.00%     119.413us      13.268us       0.000us         0.00%       0.000us       0.000us             9  
2026-09-24 18:10:19      autograd::engine::evaluate_function: ViewBackward0         0.00%      46.909us         0.00%     103.967us      11.552us       0.000us         0.00%       0.000us       0.000us             9  
2026-09-24 18:10:19                                           aten::flatten         0.00%      30.843us         0.00%      83.641us       9.293us       0.000us         0.00%       0.000us       0.000us             9  
2026-09-24 18:10:19                                              TBackward0         0.00%      17.914us         0.00%      67.753us       7.528us       0.000us         0.00%       0.000us       0.000us             9  
2026-09-24 18:10:19                                            aten::expand         0.00%      49.719us         0.00%      59.833us       6.648us       0.000us         0.00%       0.000us       0.000us             9  
2026-09-24 18:10:19                                           ViewBackward0         0.00%      25.155us         0.00%      57.058us       6.340us       0.000us         0.00%       0.000us       0.000us             9  
2026-09-24 18:10:19                                           aten::random_         0.00%      50.534us         0.00%      50.534us       8.422us       0.000us         0.00%       0.000us       0.000us             6  
2026-09-24 18:10:19                                           aten::reshape         0.00%      12.157us         0.00%      31.903us       3.545us       0.000us         0.00%       0.000us       0.000us             9  
2026-09-24 18:10:19                                   cudaStreamIsCapturing         0.00%      25.525us         0.00%      25.525us       2.836us       0.000us         0.00%       0.000us       0.000us             9  
2026-09-24 18:10:19                                              aten::item         0.00%      15.647us         0.00%      22.622us       3.770us       0.000us         0.00%       0.000us       0.000us             6  
2026-09-24 18:10:19                                     aten::scalar_tensor         0.00%      21.207us         0.00%      21.207us       3.535us       0.000us         0.00%       0.000us       0.000us             6  
2026-09-24 18:10:19                                           aten::resize_         0.00%      16.749us         0.00%      16.749us       0.798us       0.000us         0.00%       0.000us       0.000us            21  
2026-09-24 18:10:19 -------------------------------------------------------  ------------  ------------  ------------  ------------  ------------  ------------  ------------  ------------  ------------  ------------  
2026-09-24 18:10:19 Self CPU time total: 6.871s
2026-09-24 18:10:19 Self CUDA time total: 6.921s
2026-09-24 18:10:20 
2026-09-24 18:10:20 -------------------------------------------------------  ------------  ------------  ------------  ------------  ------------  ------------  ------------  ------------  ------------  ------------  
2026-09-24 18:10:20                                                    Name    Self CPU %      Self CPU   CPU total %     CPU total  CPU time avg     Self CUDA   Self CUDA %    CUDA total  CUDA time avg    # of Calls  
2026-09-24 18:10:20 -------------------------------------------------------  ------------  ------------  ------------  ------------  ------------  ------------  ------------  ------------  ------------  ------------  
2026-09-24 18:10:20 autograd::engine::evaluate_function: ConvolutionBack...         0.09%       6.297ms         0.86%      58.828ms     123.329us       0.000us         0.00%        3.559s       7.462ms           477  
2026-09-24 18:10:20                                    ConvolutionBackward0         0.02%       1.578ms         0.72%      49.684ms     104.160us       0.000us         0.00%        3.365s       7.054ms           477  
2026-09-24 18:10:20                              aten::convolution_backward         0.42%      29.134ms         0.70%      48.106ms     100.851us        3.365s        48.62%        3.365s       7.054ms           477  
2026-09-24 18:10:20                                            aten::conv2d         0.02%       1.075ms         0.50%      34.466ms      72.255us       0.000us         0.00%        1.279s       2.682ms           477  
2026-09-24 18:10:20                                       aten::convolution         0.06%       3.940ms         0.49%      33.391ms      70.001us       0.000us         0.00%        1.279s       2.682ms           477  
2026-09-24 18:10:20                                      aten::_convolution         0.04%       2.767ms         0.43%      29.451ms      61.742us       0.000us         0.00%        1.279s       2.682ms           477  
2026-09-24 18:10:20                                 aten::cudnn_convolution         0.27%      18.215ms         0.39%      26.684ms      55.942us        1.279s        18.49%        1.279s       2.682ms           477  
2026-09-24 18:10:20 autograd::engine::evaluate_function: CudnnBatchNormB...         0.10%       6.702ms         0.49%      33.492ms      70.214us       0.000us         0.00%     709.158ms       1.487ms           477  
2026-09-24 18:10:20                                 CudnnBatchNormBackward0         0.03%       1.940ms         0.39%      26.790ms      56.163us       0.000us         0.00%     709.158ms       1.487ms           477  
2026-09-24 18:10:20                         aten::cudnn_batch_norm_backward         0.16%      11.067ms         0.36%      24.850ms      52.096us     709.158ms        10.25%     709.158ms       1.487ms           477  
2026-09-24 18:10:20                                   volta_sgemm_128x64_nt         0.00%       0.000us         0.00%       0.000us       0.000us     636.138ms         9.19%     636.138ms       1.963ms           324  
2026-09-24 18:10:20       _5x_cudnn_volta_scudnn_128x64_relu_interior_nn_v1         0.00%       0.000us         0.00%       0.000us       0.000us     625.983ms         9.05%     625.983ms       2.318ms           270  
2026-09-24 18:10:20                                   volta_sgemm_128x64_tn         0.00%       0.000us         0.00%       0.000us       0.000us     613.453ms         8.86%     613.453ms       2.964ms           207  
2026-09-24 18:10:20      _5x_cudnn_volta_scudnn_128x64_stridedB_small_nn_v1         0.00%       0.000us         0.00%       0.000us       0.000us     435.698ms         6.30%     435.698ms       2.848ms           153  
2026-09-24 18:10:20                                        aten::batch_norm         0.01%     807.276us         0.54%      37.346ms      78.293us       0.000us         0.00%     431.195ms     903.973us           477  
2026-09-24 18:10:20                            aten::_batch_norm_impl_index         0.03%       1.855ms         0.53%      36.539ms      76.601us       0.000us         0.00%     431.195ms     903.973us           477  
2026-09-24 18:10:20                                  aten::cudnn_batch_norm         0.24%      16.521ms         0.50%      34.684ms      72.712us     431.195ms         6.23%     431.195ms     903.973us           477  
2026-09-24 18:10:20                                              aten::add_         0.15%      10.027ms         0.23%      16.028ms      20.708us     387.862ms         5.60%     387.862ms     501.114us           774  
2026-09-24 18:10:20 void at::native::vectorized_elementwise_kernel<4, at...         0.00%       0.000us         0.00%       0.000us       0.000us     386.565ms         5.59%     386.565ms       1.302ms           297  
2026-09-24 18:10:20 void cudnn::bn_bw_1C11_kernel_new<float, float, floa...         0.00%       0.000us         0.00%       0.000us       0.000us     344.419ms         4.98%     344.419ms     933.386us           369  
2026-09-24 18:10:20      autograd::engine::evaluate_function: ReluBackward0         0.05%       3.415ms         0.23%      15.485ms      35.113us       0.000us         0.00%     333.524ms     756.291us           441  
2026-09-24 18:10:20                                           ReluBackward0         0.02%       1.484ms         0.18%      12.070ms      27.370us       0.000us         0.00%     333.524ms     756.291us           441  
2026-09-24 18:10:20                                aten::threshold_backward         0.10%       6.721ms         0.15%      10.586ms      24.005us     333.524ms         4.82%     333.524ms     756.291us           441  
2026-09-24 18:10:20 void at::native::vectorized_elementwise_kernel<4, at...         0.00%       0.000us         0.00%       0.000us       0.000us     333.524ms         4.82%     333.524ms     756.291us           441  
2026-09-24 18:10:20 void cudnn::bn_bw_1C11_kernel_new<float, float, floa...         0.00%       0.000us         0.00%       0.000us       0.000us     311.138ms         4.50%     311.138ms       3.143ms            99  
2026-09-24 18:10:20         _5x_cudnn_volta_scudnn_128x128_relu_small_nn_v1         0.00%       0.000us         0.00%       0.000us       0.000us     294.267ms         4.25%     294.267ms       4.671ms            63  
2026-09-24 18:10:20 void cudnn::cnn::wgrad_alg1_engine<float, float, 128...         0.00%       0.000us         0.00%       0.000us       0.000us     273.807ms         3.96%     273.807ms       4.346ms            63  
2026-09-24 18:10:20 void cudnn::detail::dgrad_engine<float, 512, 6, 5, 3...         0.00%       0.000us         0.00%       0.000us       0.000us     260.795ms         3.77%     260.795ms       9.659ms            27  
2026-09-24 18:10:20 _5x_cudnn_turing_scudnn_128x64_stridedB_splitK_xregs...         0.00%       0.000us         0.00%       0.000us       0.000us     238.235ms         3.44%     238.235ms       6.618ms            36  
2026-09-24 18:10:20                                             aten::relu_         0.07%       5.057ms         0.18%      12.486ms      28.313us       0.000us         0.00%     227.960ms     516.917us           441  
2026-09-24 18:10:20                                        aten::clamp_min_         0.06%       4.063ms         0.11%       7.429ms      16.845us     227.960ms         3.29%     227.960ms     516.917us           441  
2026-09-24 18:10:20 void at::native::vectorized_elementwise_kernel<4, at...         0.00%       0.000us         0.00%       0.000us       0.000us     227.960ms         3.29%     227.960ms     516.917us           441  
2026-09-24 18:10:20                                    volta_sgemm_64x64_tn         0.00%       0.000us         0.00%       0.000us       0.000us     223.269ms         3.23%     223.269ms       4.962ms            45  
2026-09-24 18:10:20                                   volta_sgemm_128x64_nn         0.00%       0.000us         0.00%       0.000us       0.000us     207.032ms         2.99%     207.032ms       1.534ms           135  
2026-09-24 18:10:20 void cudnn::detail::dgrad_engine<float, 128, 6, 8, 3...         0.00%       0.000us         0.00%       0.000us       0.000us     200.119ms         2.89%     200.119ms       7.412ms            27  
2026-09-24 18:10:20 void cudnn::bn_fw_tr_1C11_kernel_NCHW<float, float, ...         0.00%       0.000us         0.00%       0.000us       0.000us     190.772ms         2.76%     190.772ms       1.927ms            99  
2026-09-24 18:10:20 void cudnn::bn_fw_tr_1C11_kernel_NCHW<float, float, ...         0.00%       0.000us         0.00%       0.000us       0.000us     188.776ms         2.73%     188.776ms     655.473us           288  
2026-09-24 18:10:20 void cudnn::winograd_nonfused::winogradForwardData4x...         0.00%       0.000us         0.00%       0.000us       0.000us     112.690ms         1.63%     112.690ms     481.581us           234  
2026-09-24 18:10:20                                    volta_sgemm_64x64_nt         0.00%       0.000us         0.00%       0.000us       0.000us     105.450ms         1.52%     105.450ms       1.953ms            54  
2026-09-24 18:10:20 void cudnn::winograd_nonfused::winogradForwardOutput...         0.00%       0.000us         0.00%       0.000us       0.000us     100.476ms         1.45%     100.476ms     429.386us           234  
2026-09-24 18:10:20 autograd::engine::evaluate_function: MaxPool2DWithIn...         0.00%      92.894us         0.01%     590.358us      65.595us       0.000us         0.00%      78.314ms       8.702ms             9  
2026-09-24 18:10:20                           MaxPool2DWithIndicesBackward0         0.00%      38.526us         0.01%     497.464us      55.274us       0.000us         0.00%      78.314ms       8.702ms             9  
2026-09-24 18:10:20                  aten::max_pool2d_with_indices_backward         0.00%     176.601us         0.01%     458.938us      50.993us      69.358ms         1.00%      78.314ms       8.702ms             9  
2026-09-24 18:10:20 void at::native::(anonymous namespace)::max_pool_bac...         0.00%       0.000us         0.00%       0.000us       0.000us      69.358ms         1.00%      69.358ms       7.706ms             9  
2026-09-24 18:10:20                                Optimizer.step#Adam.step         0.00%       0.000us         0.00%       0.000us       0.000us      68.407ms         0.99%      68.407ms       7.601ms             9  
2026-09-24 18:10:20                                Optimizer.step#Adam.step         0.13%       8.756ms         0.18%      12.026ms       1.336ms       0.000us         0.00%      68.360ms       7.596ms             9  
2026-09-24 18:10:20                                      aten::_fused_adam_         0.02%       1.111ms         0.02%       1.430ms     158.877us      68.282ms         0.99%      68.282ms       7.587ms             9  
2026-09-24 18:10:20 void at::native::(anonymous namespace)::multi_tensor...         0.00%       0.000us         0.00%       0.000us       0.000us      68.282ms         0.99%      68.282ms       1.517ms            45  
2026-09-24 18:10:20 void wgrad_alg0_engine<float, 128, 6, 8, 3, 3, 5, fa...         0.00%       0.000us         0.00%       0.000us       0.000us      61.238ms         0.88%      61.238ms       6.804ms             9  
2026-09-24 18:10:20 void cudnn::winograd_nonfused::winogradWgradDelta4x4...         0.00%       0.000us         0.00%       0.000us       0.000us      58.066ms         0.84%      58.066ms     496.292us           117  
2026-09-24 18:10:20 void cudnn::winograd_nonfused::winogradWgradData4x4<...         0.00%       0.000us         0.00%       0.000us       0.000us      54.867ms         0.79%      54.867ms     468.945us           117  
2026-09-24 18:10:20 void cudnn::bn_bw_1C11_kernel_new<float, float, floa...         0.00%       0.000us         0.00%       0.000us       0.000us      53.602ms         0.77%      53.602ms       5.956ms             9  
2026-09-24 18:10:20 void cudnn::cnn::reduce_wgrad_nchw_helper<float, flo...         0.00%       0.000us         0.00%       0.000us       0.000us      49.738ms         0.72%      49.738ms     197.372us           252  
2026-09-24 18:10:20         _5x_cudnn_volta_scudnn_128x64_relu_medium_nn_v1         0.00%       0.000us         0.00%       0.000us       0.000us      38.349ms         0.55%      38.349ms       4.261ms             9  
2026-09-24 18:10:20 void cudnn::bn_fw_tr_1C11_kernel_NCHW<float, float, ...         0.00%       0.000us         0.00%       0.000us       0.000us      33.440ms         0.48%      33.440ms       3.716ms             9  
2026-09-24 18:10:20 void cudnn::engines_precompiled::scalePackedTensor_k...         0.00%       0.000us         0.00%       0.000us       0.000us      26.881ms         0.39%      26.881ms     497.800us            54  
2026-09-24 18:10:20 void cudnn::bn_fw_tr_1C11_singleread<float, 512, tru...         0.00%       0.000us         0.00%       0.000us       0.000us      18.207ms         0.26%      18.207ms     224.774us            81  
2026-09-24 18:10:20                                        aten::max_pool2d         0.00%      33.340us         0.01%     373.633us      41.515us       0.000us         0.00%      18.013ms       2.001ms             9  
2026-09-24 18:10:20                           aten::max_pool2d_with_indices         0.00%     250.867us         0.00%     340.293us      37.810us      18.013ms         0.26%      18.013ms       2.001ms             9  
2026-09-24 18:10:20 void at::native::(anonymous namespace)::max_pool_for...         0.00%       0.000us         0.00%       0.000us       0.000us      18.013ms         0.26%      18.013ms       2.001ms             9  
2026-09-24 18:10:20 void cudnn::winograd_nonfused::winogradWgradOutput4x...         0.00%       0.000us         0.00%       0.000us       0.000us      12.951ms         0.19%      12.951ms     110.696us           117  
2026-09-24 18:10:20 void cudnn::winograd_nonfused::winogradForwardFilter...         0.00%       0.000us         0.00%       0.000us       0.000us      11.975ms         0.17%      11.975ms      51.177us           234  
2026-09-24 18:10:20                                             aten::fill_         0.00%     301.947us         0.01%     766.138us      28.375us       8.990ms         0.13%       8.990ms     332.976us            27  
2026-09-24 18:10:20 void at::native::vectorized_elementwise_kernel<4, at...         0.00%       0.000us         0.00%       0.000us       0.000us       8.990ms         0.13%       8.990ms     332.976us            27  
2026-09-24 18:10:20                                             aten::zero_         0.00%      97.847us         0.01%     642.525us      35.696us       0.000us         0.00%       8.973ms     498.508us            18  
2026-09-24 18:10:20                               aten::adaptive_avg_pool2d         0.00%      38.241us         0.01%     391.859us      43.540us       0.000us         0.00%       3.716ms     412.922us             9  
2026-09-24 18:10:20                                              aten::mean         0.00%     262.313us         0.01%     353.618us      39.291us       3.716ms         0.05%       3.716ms     412.922us             9  
2026-09-24 18:10:20 void at::native::reduce_kernel<512, 1, at::native::R...         0.00%       0.000us         0.00%       0.000us       0.000us       3.716ms         0.05%       3.716ms     412.922us             9  
2026-09-24 18:10:20                                              aten::div_         0.00%     140.528us         0.00%     225.510us      25.057us       3.651ms         0.05%       3.651ms     405.701us             9  
2026-09-24 18:10:20 void at::native::elementwise_kernel<128, 2, at::nati...         0.00%       0.000us         0.00%       0.000us       0.000us       3.651ms         0.05%       3.651ms     405.701us             9  
2026-09-24 18:10:20                                               aten::sub         0.00%     279.638us         0.01%     498.683us      55.409us       3.642ms         0.05%       3.642ms     404.670us             9  
2026-09-24 18:10:20 void at::native::elementwise_kernel<128, 2, at::nati...         0.00%       0.000us         0.00%       0.000us       0.000us       3.642ms         0.05%       3.642ms     404.670us             9  
2026-09-24 18:10:20                                              aten::mul_         0.00%     161.005us         0.00%     245.400us      27.267us       3.623ms         0.05%       3.623ms     402.551us             9  
2026-09-24 18:10:20 void at::native::vectorized_elementwise_kernel<4, at...         0.00%       0.000us         0.00%       0.000us       0.000us       3.623ms         0.05%       3.623ms     402.551us             9  
2026-09-24 18:10:20                                                aten::to         0.01%     389.329us        64.02%        4.399s       8.575ms       0.000us         0.00%       2.874ms       5.603us           513  
2026-09-24 18:10:20                                          aten::_to_copy         0.00%     257.279us        64.01%        4.399s     162.913ms       0.000us         0.00%       2.874ms     106.449us            27  
2026-09-24 18:10:20                                             aten::copy_         0.01%     501.934us        64.00%        4.398s     162.890ms       2.874ms         0.04%       2.874ms     106.449us            27  
2026-09-24 18:10:20 void at::native::unrolled_elementwise_kernel<at::nat...         0.00%       0.000us         0.00%       0.000us       0.000us       2.866ms         0.04%       2.866ms     318.434us             9  
2026-09-24 18:10:20 enumerate(DataLoader)#_SingleProcessDataLoaderIter._...         0.00%       0.000us         0.00%       0.000us       0.000us       2.363ms         0.03%       2.363ms     262.587us             9  
2026-09-24 18:10:20 enumerate(DataLoader)#_SingleProcessDataLoaderIter._...         0.13%       8.602ms         0.36%      24.465ms       2.039ms       0.000us         0.00%       2.203ms     183.610us            12  
2026-09-24 18:10:20                                             aten::stack         0.01%     948.215us         0.06%       3.946ms     219.216us       0.000us         0.00%       2.203ms     122.406us            18  
2026-09-24 18:10:20                                               aten::cat         0.02%       1.099ms         0.03%       2.020ms     112.201us       2.203ms         0.03%       2.203ms     122.406us            18  
2026-09-24 18:10:20 void at::native::(anonymous namespace)::CatArrayBatc...         0.00%       0.000us         0.00%       0.000us       0.000us       2.174ms         0.03%       2.174ms     241.606us             9  
2026-09-24 18:10:20      autograd::engine::evaluate_function: MeanBackward1         0.00%      69.716us         0.01%     627.525us      69.725us       0.000us         0.00%       1.704ms     189.347us             9  
2026-09-24 18:10:20                                           MeanBackward1         0.00%      60.427us         0.01%     557.809us      61.979us       0.000us         0.00%       1.704ms     189.347us             9  
2026-09-24 18:10:20                                               aten::div         0.00%     324.152us         0.01%     437.549us      48.617us       1.704ms         0.02%       1.704ms     189.347us             9  
2026-09-24 18:10:20 void at::native::elementwise_kernel<128, 2, at::nati...         0.00%       0.000us         0.00%       0.000us       0.000us       1.704ms         0.02%       1.704ms     189.347us             9  
2026-09-24 18:10:20 void at::native::vectorized_elementwise_kernel<4, at...         0.00%       0.000us         0.00%       0.000us       0.000us       1.297ms         0.02%       1.297ms       2.719us           477  
2026-09-24 18:10:20 void cask__5x_cudnn::computeOffsetsKernel<false, fal...         0.00%       0.000us         0.00%       0.000us       0.000us       1.042ms         0.02%       1.042ms       3.048us           342  
2026-09-24 18:10:20 void cask__5x_cudnn::computeOffsetsKernel<true, fals...         0.00%       0.000us         0.00%       0.000us       0.000us     508.575us         0.01%     508.575us       3.324us           153  
2026-09-24 18:10:20                                         Memset (Device)         0.00%       0.000us         0.00%       0.000us       0.000us     508.480us         0.01%     508.480us       3.531us           144  
2026-09-24 18:10:20 cask__5x_cudnn::computeBOffsetsKernel(cask__5x_cudnn...         0.00%       0.000us         0.00%       0.000us       0.000us     383.544us         0.01%     383.544us       2.507us           153  
2026-09-24 18:10:20     autograd::engine::evaluate_function: AddmmBackward0         0.00%     232.217us         0.02%       1.625ms     180.567us       0.000us         0.00%     336.604us      37.400us             9  
2026-09-24 18:10:20                                          AddmmBackward0         0.00%     131.266us         0.02%       1.049ms     116.527us       0.000us         0.00%     208.734us      23.193us             9  
2026-09-24 18:10:20                                                aten::mm         0.01%     593.742us         0.01%     747.744us      41.541us     208.734us         0.00%     208.734us      11.596us            18  
2026-09-24 18:10:20                                            aten::linear         0.00%      84.657us         0.02%       1.062ms     117.947us       0.000us         0.00%     200.030us      22.226us             9  
2026-09-24 18:10:20                                             aten::addmm         0.01%     637.492us         0.01%     863.671us      95.963us     200.030us         0.00%     200.030us      22.226us             9  
2026-09-24 18:10:20                                   volta_sgemm_32x128_tn         0.00%       0.000us         0.00%       0.000us       0.000us     154.846us         0.00%     154.846us      17.205us             9  
2026-09-24 18:10:20                                               aten::sum         0.00%     207.642us         0.00%     315.485us      35.054us     127.870us         0.00%     127.870us      14.208us             9  
2026-09-24 18:10:20 void at::native::reduce_kernel<256, 2, at::native::R...         0.00%       0.000us         0.00%       0.000us       0.000us     127.870us         0.00%     127.870us      14.208us             9  
2026-09-24 18:10:20 -------------------------------------------------------  ------------  ------------  ------------  ------------  ------------  ------------  ------------  ------------  ------------  ------------  
2026-09-24 18:10:20 Self CPU time total: 6.871s
2026-09-24 18:10:20 Self CUDA time total: 6.921s
2026-09-24 18:10:21 
2026-09-24 18:10:21 Train 1st Epoch Profiler:
2026-09-24 18:10:21 -------------------------------------------------------  ------------  ------------  ------------  ------------  ------------  ------------  ------------  ------------  ------------  ------------  
2026-09-24 18:10:21                                                    Name    Self CPU %      Self CPU   CPU total %     CPU total  CPU time avg     Self CUDA   Self CUDA %    CUDA total  CUDA time avg    # of Calls  
2026-09-24 18:10:21 -------------------------------------------------------  ------------  ------------  ------------  ------------  ------------  ------------  ------------  ------------  ------------  ------------  
2026-09-24 18:10:21                                        cudaLaunchKernel        12.85%     935.690ms        40.05%        2.917s       1.119ms       0.000us         0.00%     147.589ms      56.613us          2607  
2026-09-24 18:10:21                                            Unrecognized        39.88%        2.905s        39.88%        2.905s      20.174ms     179.826ms         7.74%     179.826ms       1.249ms           144  
2026-09-24 18:10:21                                            aten::conv2d         0.01%     423.445us        25.41%        1.851s      11.643ms       0.000us         0.00%     612.541ms       3.852ms           159  
2026-09-24 18:10:21                                       aten::convolution         0.02%       1.480ms        25.41%        1.851s      11.640ms       0.000us         0.00%     612.541ms       3.852ms           159  
2026-09-24 18:10:21                                      aten::_convolution         0.01%       1.085ms        25.39%        1.849s      11.631ms       0.000us         0.00%     612.541ms       3.852ms           159  
2026-09-24 18:10:21                                 aten::cudnn_convolution        19.80%        1.442s        25.37%        1.848s      11.624ms     496.160ms        21.35%     612.541ms       3.852ms           159  
2026-09-24 18:10:21                                                aten::to         0.00%     153.183us        16.39%        1.194s       6.981ms       0.000us         0.00%       2.657ms      15.536us           171  
2026-09-24 18:10:21                                          aten::_to_copy         0.00%      89.596us        16.39%        1.194s     132.618ms       0.000us         0.00%       2.657ms     295.184us             9  
2026-09-24 18:10:21                                             aten::copy_         0.06%       4.589ms        16.38%        1.193s     132.571ms       1.156ms         0.05%       2.657ms     295.184us             9  
2026-09-24 18:10:21 autograd::engine::evaluate_function: ConvolutionBack...         0.03%       2.505ms        12.06%     878.531ms       5.525ms       0.000us         0.00%        1.130s       7.108ms           159  
2026-09-24 18:10:21                                    ConvolutionBackward0         0.01%     702.184us        12.01%     874.966ms       5.503ms       0.000us         0.00%        1.065s       6.700ms           159  
2026-09-24 18:10:21                              aten::convolution_backward         0.43%      31.565ms        12.00%     874.264ms       5.499ms        1.065s        45.84%        1.065s       6.700ms           159  
2026-09-24 18:10:21                                   cudaStreamSynchronize         9.99%     727.720ms         9.99%     727.720ms     121.287ms       0.000us         0.00%       0.000us       0.000us             6  
2026-09-24 18:10:21                                   cudaDeviceSynchronize         9.97%     726.431ms         9.97%     726.431ms     726.431ms       0.000us         0.00%       0.000us       0.000us             1  
2026-09-24 18:10:21                                        aten::batch_norm         0.00%     283.141us         5.61%     408.736ms       2.571ms       0.000us         0.00%     159.867ms       1.005ms           159  
2026-09-24 18:10:21                            aten::_batch_norm_impl_index         0.01%     713.300us         5.61%     408.453ms       2.569ms       0.000us         0.00%     159.867ms       1.005ms           159  
2026-09-24 18:10:21                                  aten::cudnn_batch_norm         5.03%     366.430ms         5.60%     407.739ms       2.564ms     146.223ms         6.29%     159.867ms       1.005ms           159  
2026-09-24 18:10:21 enumerate(DataLoader)#_SingleProcessDataLoaderIter._...         0.04%       3.214ms         3.71%     270.148ms      67.537ms       0.000us         0.00%       2.044ms     511.070us             4  
2026-09-24 18:10:21                                             aten::stack         0.00%     331.465us         3.63%     264.747ms      44.125ms       0.000us         0.00%       2.044ms     340.713us             6  
2026-09-24 18:10:21                                               aten::cat         0.09%       6.919ms         3.63%     264.076ms      44.013ms     893.276us         0.04%       2.044ms     340.713us             6  
2026-09-24 18:10:21                               aten::adaptive_avg_pool2d         0.00%      23.142us         3.46%     252.270ms      84.090ms       0.000us         0.00%       2.447ms     815.783us             3  
2026-09-24 18:10:21                                              aten::mean         0.00%     175.073us         3.46%     252.247ms      84.082ms       1.218ms         0.05%       2.447ms     815.783us             3  
2026-09-24 18:10:21                                              aten::mul_         0.00%     111.314us         2.82%     205.110ms      68.370ms       1.194ms         0.05%       2.375ms     791.815us             3  
2026-09-24 18:10:21                                Optimizer.step#Adam.step         0.09%       6.693ms         2.79%     202.858ms      67.619ms       0.000us         0.00%      44.050ms      14.683ms             3  
2026-09-24 18:10:21                                     aten::_foreach_add_         0.01%     503.222us         2.27%     165.097ms      55.032ms      25.311us         0.00%      48.639us      16.213us             3  
2026-09-24 18:10:21                                               aten::sub         0.00%     141.493us         1.88%     137.182ms      45.727ms       1.340ms         0.06%       2.944ms     981.447us             3  
2026-09-24 18:10:21                                aten::cross_entropy_loss         0.00%      55.007us         0.58%      42.569ms      14.190ms       0.000us         0.00%      35.011us      11.670us             3  
2026-09-24 18:10:21 autograd::engine::evaluate_function: CudnnBatchNormB...         0.03%       2.392ms         0.55%      40.305ms     253.493us       0.000us         0.00%     235.291ms       1.480ms           159  
2026-09-24 18:10:21                                             aten::relu_         0.03%       1.857ms         0.53%      38.468ms     261.685us       0.000us         0.00%      82.030ms     558.026us           147  
2026-09-24 18:10:21                                 CudnnBatchNormBackward0         0.01%     699.505us         0.52%      37.913ms     238.447us       0.000us         0.00%     235.291ms       1.480ms           159  
2026-09-24 18:10:21                         aten::cudnn_batch_norm_backward         0.06%       4.615ms         0.51%      37.214ms     234.047us     235.291ms        10.12%     235.291ms       1.480ms           159  
2026-09-24 18:10:21                                        aten::clamp_min_         0.08%       5.657ms         0.50%      36.611ms     249.052us      75.748ms         3.26%      82.030ms     558.026us           147  
2026-09-24 18:10:21                                            aten::linear         0.00%      72.705us         0.42%      30.663ms      10.221ms       0.000us         0.00%     144.191us      48.064us             3  
2026-09-24 18:10:21                                             aten::addmm         0.11%       8.059ms         0.42%      30.550ms      10.183ms      63.807us         0.00%     144.191us      48.064us             3  
2026-09-24 18:10:21     autograd::engine::evaluate_function: AddmmBackward0         0.00%     115.797us         0.39%      28.654ms       9.551ms       0.000us         0.00%      95.520us      31.840us             3  
2026-09-24 18:10:21                                               aten::sum         0.00%      98.986us         0.38%      27.574ms       9.191ms      35.648us         0.00%      35.648us      11.883us             3  
2026-09-24 18:10:21      autograd::engine::evaluate_function: ReluBackward0         0.02%       1.201ms         0.33%      24.162ms     164.371us       0.000us         0.00%     111.361ms     757.557us           147  
2026-09-24 18:10:21                                       aten::log_softmax         0.00%      33.146us         0.33%      23.866ms       7.955ms       0.000us         0.00%      12.192us       4.064us             3  
2026-09-24 18:10:21                                      aten::_log_softmax         0.00%     136.193us         0.33%      23.830ms       7.943ms       7.008us         0.00%      12.192us       4.064us             3  
2026-09-24 18:10:21                                           ReluBackward0         0.01%     536.063us         0.32%      22.961ms     156.199us       0.000us         0.00%     111.361ms     757.557us           147  
2026-09-24 18:10:21                                aten::threshold_backward         0.04%       2.571ms         0.31%      22.425ms     152.553us     111.361ms         4.79%     111.361ms     757.557us           147  
2026-09-24 18:10:21                                       aten::nll_loss_nd         0.00%      18.220us         0.26%      18.648ms       6.216ms       0.000us         0.00%      22.819us       7.606us             3  
2026-09-24 18:10:21                                          aten::nll_loss         0.00%      24.528us         0.26%      18.630ms       6.210ms       0.000us         0.00%      22.819us       7.606us             3  
2026-09-24 18:10:21                                  aten::nll_loss_forward         0.09%       6.545ms         0.26%      18.605ms       6.202ms      12.928us         0.00%      22.819us       7.606us             3  
2026-09-24 18:10:21                                              aten::div_         0.04%       3.231ms         0.24%      17.652ms       5.884ms       1.375ms         0.06%       3.076ms       1.025ms             3  
2026-09-24 18:10:21                                      aten::_fused_adam_         0.14%      10.484ms         0.24%      17.641ms       5.880ms      21.964ms         0.95%      42.768ms      14.256ms             3  
2026-09-24 18:10:21                                             aten::fill_         0.03%       2.321ms         0.23%      16.646ms      33.834us       4.218ms         0.18%       4.222ms       8.580us           492  
2026-09-24 18:10:21                                              cudaMalloc         0.21%      15.126ms         0.21%      15.126ms     144.059us       0.000us         0.00%       0.000us       0.000us           105  
2026-09-24 18:10:21                                             aten::empty         0.14%       9.888ms         0.21%      15.095ms       8.558us       0.000us         0.00%       0.000us       0.000us          1764  
2026-09-24 18:10:21           cudaOccupancyMaxActiveBlocksPerMultiprocessor         0.02%       1.401ms         0.18%      13.394ms      17.327us       0.000us         0.00%      10.677ms      13.813us           773  
2026-09-24 18:10:21                                    cudaGetSymbolAddress         0.16%      11.739ms         0.16%      11.903ms      11.903ms       0.000us         0.00%      18.257ms      18.257ms             1  
2026-09-24 18:10:21                                         aten::ones_like         0.00%      18.333us         0.15%      11.121ms       3.707ms       0.000us         0.00%       8.548us       2.849us             3  
2026-09-24 18:10:21                                        aten::empty_like         0.01%     893.227us         0.14%      10.451ms      21.594us       0.000us         0.00%       0.000us       0.000us           484  
2026-09-24 18:10:21                                        aten::zeros_like         0.01%     713.926us         0.13%       9.703ms      30.134us       0.000us         0.00%       1.002ms       3.112us           322  
2026-09-24 18:10:21                                        aten::max_pool2d         0.00%      21.079us         0.11%       7.701ms       2.567ms       0.000us         0.00%      18.846ms       6.282ms             3  
2026-09-24 18:10:21                           aten::max_pool2d_with_indices         0.00%     163.890us         0.11%       7.680ms       2.560ms       7.711ms         0.33%      18.846ms       6.282ms             3  
2026-09-24 18:10:21 cudaOccupancyMaxActiveBlocksPerMultiprocessorWithFla...         0.00%     257.625us         0.10%       7.160ms      42.619us       0.000us         0.00%       3.197ms      19.031us           168  
2026-09-24 18:10:21                                             aten::zero_         0.02%       1.258ms         0.09%       6.882ms      14.074us       0.000us         0.00%       4.213ms       8.616us           489  
2026-09-24 18:10:21                                              aten::add_         0.05%       3.808ms         0.08%       6.087ms      23.592us     129.338ms         5.57%     132.429ms     513.289us           258  
2026-09-24 18:10:21 autograd::engine::evaluate_function: torch::autograd...         0.03%       2.364ms         0.07%       5.011ms      10.375us       0.000us         0.00%       0.000us       0.000us           483  
2026-09-24 18:10:21                                     aten::empty_strided         0.03%       2.290ms         0.06%       4.542ms      13.600us       0.000us         0.00%       0.000us       0.000us           334  
2026-09-24 18:10:21                                             aten::zeros         0.01%     378.526us         0.05%       3.714ms      23.071us       0.000us         0.00%     231.324us       1.437us           161  
2026-09-24 18:10:21                                  cudaDeviceGetAttribute         0.04%       2.807ms         0.04%       2.807ms      40.685us       0.000us         0.00%       0.000us       0.000us            69  
2026-09-24 18:10:21                         torch::autograd::AccumulateGrad         0.02%       1.229ms         0.04%       2.647ms       5.481us       0.000us         0.00%       0.000us       0.000us           483  
2026-09-24 18:10:21                                                cudaFree         0.03%       2.432ms         0.03%       2.432ms     608.004us       0.000us         0.00%       0.000us       0.000us             4  
2026-09-24 18:10:21                              cudaGetDeviceProperties_v2         0.02%       1.648ms         0.02%       1.648ms     824.052us       0.000us         0.00%       0.000us       0.000us             2  
2026-09-24 18:10:21                                            aten::detach         0.01%     561.907us         0.02%       1.452ms       2.988us       0.000us         0.00%       0.000us       0.000us           486  
2026-09-24 18:10:21                                            aten::select         0.02%       1.209ms         0.02%       1.435ms       2.491us       0.000us         0.00%       0.000us       0.000us           576  
2026-09-24 18:10:21                                           cudaHostAlloc         0.02%       1.339ms         0.02%       1.339ms     669.475us       0.000us         0.00%       0.000us       0.000us             2  
2026-09-24 18:10:21                      Optimizer.zero_grad#Adam.zero_grad         0.01%       1.090ms         0.01%       1.090ms     363.291us       0.000us         0.00%       0.000us       0.000us             3  
2026-09-24 18:10:21                                          AddmmBackward0         0.00%      88.368us         0.01%     942.089us     314.030us       0.000us         0.00%      59.872us      19.957us             3  
2026-09-24 18:10:21                                                  detach         0.01%     890.434us         0.01%     890.434us       1.832us       0.000us         0.00%       0.000us       0.000us           486  
2026-09-24 18:10:21                                              aten::view         0.01%     783.665us         0.01%     783.665us       2.332us       0.000us         0.00%       0.000us       0.000us           336  
2026-09-24 18:10:21                                                aten::mm         0.01%     452.552us         0.01%     777.297us     129.549us      59.872us         0.00%      59.872us       9.979us             6  
2026-09-24 18:10:21      autograd::engine::evaluate_function: MeanBackward1         0.00%      27.918us         0.01%     568.186us     189.395us       0.000us         0.00%     506.077us     168.692us             3  
2026-09-24 18:10:21                                           MeanBackward1         0.00%      31.822us         0.01%     540.268us     180.089us       0.000us         0.00%     506.077us     168.692us             3  
2026-09-24 18:10:21                                         cudaMemsetAsync         0.01%     530.911us         0.01%     530.911us       2.469us       0.000us         0.00%       0.000us       0.000us           215  
2026-09-24 18:10:21                                               aten::div         0.00%     143.203us         0.01%     484.408us     161.469us     506.077us         0.02%     506.077us     168.692us             3  
2026-09-24 18:10:21                               cudaStreamCreateWithFlags         0.01%     462.970us         0.01%     462.970us      14.468us       0.000us         0.00%       0.000us       0.000us            32  
2026-09-24 18:10:21 autograd::engine::evaluate_function: NllLossBackward...         0.00%      74.003us         0.01%     439.777us     146.592us       0.000us         0.00%      14.816us       4.939us             3  
2026-09-24 18:10:21                                        NllLossBackward0         0.00%      31.570us         0.01%     365.774us     121.925us       0.000us         0.00%      14.816us       4.939us             3  
2026-09-24 18:10:21                                        aten::as_strided         0.00%     362.052us         0.00%     362.052us       0.410us       0.000us         0.00%       0.000us       0.000us           882  
2026-09-24 18:10:21                                 aten::nll_loss_backward         0.00%     100.804us         0.00%     334.204us     111.401us       9.856us         0.00%      14.816us       4.939us             3  
2026-09-24 18:10:21                                         aten::unsqueeze         0.00%     221.490us         0.00%     325.453us       1.130us       0.000us         0.00%       0.000us       0.000us           288  
2026-09-24 18:10:21       autograd::engine::evaluate_function: AddBackward0         0.00%     268.583us         0.00%     314.190us       6.546us       0.000us         0.00%       0.000us       0.000us            48  
2026-09-24 18:10:21 autograd::engine::evaluate_function: MaxPool2DWithIn...         0.00%      31.067us         0.00%     242.420us      80.807us       0.000us         0.00%      25.828ms       8.609ms             3  
2026-09-24 18:10:21                           MaxPool2DWithIndicesBackward0         0.00%      23.904us         0.00%     211.353us      70.451us       0.000us         0.00%      25.828ms       8.609ms             3  
2026-09-24 18:10:21                                     cudaPeekAtLastError         0.00%     208.473us         0.00%     208.473us       0.185us       0.000us         0.00%       0.000us       0.000us          1128  
2026-09-24 18:10:21                  aten::max_pool2d_with_indices_backward         0.00%      66.668us         0.00%     187.449us      62.483us      22.853ms         0.98%      25.828ms       8.609ms             3  
2026-09-24 18:10:21                                   cudaStreamIsCapturing         0.00%     180.290us         0.00%     180.290us       1.803us       0.000us         0.00%       0.000us       0.000us           100  
2026-09-24 18:10:21 autograd::engine::evaluate_function: LogSoftmaxBackw...         0.00%      26.367us         0.00%     154.027us      51.342us       0.000us         0.00%       6.272us       2.091us             3  
2026-09-24 18:10:21                                                 aten::t         0.00%      73.662us         0.00%     138.215us       9.214us       0.000us         0.00%       0.000us       0.000us            15  
2026-09-24 18:10:21                                     LogSoftmaxBackward0         0.00%      29.226us         0.00%     127.660us      42.553us       0.000us         0.00%       6.272us       2.091us             3  
2026-09-24 18:10:21                                          aten::randperm         0.00%      47.337us         0.00%     109.846us      27.461us       0.000us         0.00%       0.000us       0.000us             4  
2026-09-24 18:10:21                                         cudaMemcpyAsync         0.00%     108.282us         0.00%     108.282us      18.047us       0.000us         0.00%       0.000us       0.000us             6  
2026-09-24 18:10:21                                    cudaFuncSetAttribute         0.00%      64.492us         0.00%     101.004us       3.741us       0.000us         0.00%     105.056us       3.891us            27  
2026-09-24 18:10:21                        aten::_log_softmax_backward_data         0.00%      55.616us         0.00%      98.434us      32.811us       6.272us         0.00%       6.272us       2.091us             3  
2026-09-24 18:10:21                                         aten::transpose         0.00%      35.938us         0.00%      64.553us       4.304us       0.000us         0.00%       0.000us       0.000us            15  
2026-09-24 18:10:21                                       aten::result_type         0.00%      53.682us         0.00%      53.682us       0.111us       0.000us         0.00%       0.000us       0.000us           483  
2026-09-24 18:10:21         autograd::engine::evaluate_function: TBackward0         0.00%      17.183us         0.00%      49.724us      16.575us       0.000us         0.00%       0.000us       0.000us             3  
2026-09-24 18:10:21 -------------------------------------------------------  ------------  ------------  ------------  ------------  ------------  ------------  ------------  ------------  ------------  ------------  
2026-09-24 18:10:21 Self CPU time total: 7.284s
2026-09-24 18:10:21 Self CUDA time total: 2.324s
2026-09-24 18:10:21 
2026-09-24 18:10:21 -------------------------------------------------------  ------------  ------------  ------------  ------------  ------------  ------------  ------------  ------------  ------------  ------------  
2026-09-24 18:10:21                                                    Name    Self CPU %      Self CPU   CPU total %     CPU total  CPU time avg     Self CUDA   Self CUDA %    CUDA total  CUDA time avg    # of Calls  
2026-09-24 18:10:21 -------------------------------------------------------  ------------  ------------  ------------  ------------  ------------  ------------  ------------  ------------  ------------  ------------  
2026-09-24 18:10:21 autograd::engine::evaluate_function: ConvolutionBack...         0.03%       2.505ms        12.06%     878.531ms       5.525ms       0.000us         0.00%        1.130s       7.108ms           159  
2026-09-24 18:10:21                                    ConvolutionBackward0         0.01%     702.184us        12.01%     874.966ms       5.503ms       0.000us         0.00%        1.065s       6.700ms           159  
2026-09-24 18:10:21                              aten::convolution_backward         0.43%      31.565ms        12.00%     874.264ms       5.499ms        1.065s        45.84%        1.065s       6.700ms           159  
2026-09-24 18:10:21                                            aten::conv2d         0.01%     423.445us        25.41%        1.851s      11.643ms       0.000us         0.00%     612.541ms       3.852ms           159  
2026-09-24 18:10:21                                       aten::convolution         0.02%       1.480ms        25.41%        1.851s      11.640ms       0.000us         0.00%     612.541ms       3.852ms           159  
2026-09-24 18:10:21                                      aten::_convolution         0.01%       1.085ms        25.39%        1.849s      11.631ms       0.000us         0.00%     612.541ms       3.852ms           159  
2026-09-24 18:10:21                                 aten::cudnn_convolution        19.80%        1.442s        25.37%        1.848s      11.624ms     496.160ms        21.35%     612.541ms       3.852ms           159  
2026-09-24 18:10:21       _5x_cudnn_volta_scudnn_128x64_relu_interior_nn_v1         0.00%       0.000us         0.00%       0.000us       0.000us     244.349ms        10.51%     244.349ms       2.715ms            90  
2026-09-24 18:10:21 autograd::engine::evaluate_function: CudnnBatchNormB...         0.03%       2.392ms         0.55%      40.305ms     253.493us       0.000us         0.00%     235.291ms       1.480ms           159  
2026-09-24 18:10:21                                 CudnnBatchNormBackward0         0.01%     699.505us         0.52%      37.913ms     238.447us       0.000us         0.00%     235.291ms       1.480ms           159  
2026-09-24 18:10:21                         aten::cudnn_batch_norm_backward         0.06%       4.615ms         0.51%      37.214ms     234.047us     235.291ms        10.12%     235.291ms       1.480ms           159  
2026-09-24 18:10:21                                   volta_sgemm_128x64_nt         0.00%       0.000us         0.00%       0.000us       0.000us     202.948ms         8.73%     202.948ms       1.879ms           108  
2026-09-24 18:10:21                                   volta_sgemm_128x64_tn         0.00%       0.000us         0.00%       0.000us       0.000us     197.346ms         8.49%     197.346ms       2.860ms            69  
2026-09-24 18:10:21                                            Unrecognized        39.88%        2.905s        39.88%        2.905s      20.174ms     179.826ms         7.74%     179.826ms       1.249ms           144  
2026-09-24 18:10:21                                        aten::batch_norm         0.00%     283.141us         5.61%     408.736ms       2.571ms       0.000us         0.00%     159.867ms       1.005ms           159  
2026-09-24 18:10:21                            aten::_batch_norm_impl_index         0.01%     713.300us         5.61%     408.453ms       2.569ms       0.000us         0.00%     159.867ms       1.005ms           159  
2026-09-24 18:10:21                                  aten::cudnn_batch_norm         5.03%     366.430ms         5.60%     407.739ms       2.564ms     146.223ms         6.29%     159.867ms       1.005ms           159  
2026-09-24 18:10:21                                        cudaLaunchKernel        12.85%     935.690ms        40.05%        2.917s       1.119ms       0.000us         0.00%     147.589ms      56.613us          2607  
2026-09-24 18:10:21      _5x_cudnn_volta_scudnn_128x64_stridedB_small_nn_v1         0.00%       0.000us         0.00%       0.000us       0.000us     133.568ms         5.75%     133.568ms       2.619ms            51  
2026-09-24 18:10:21                                              aten::add_         0.05%       3.808ms         0.08%       6.087ms      23.592us     129.338ms         5.57%     132.429ms     513.289us           258  
2026-09-24 18:10:21 void at::native::vectorized_elementwise_kernel<4, at...         0.00%       0.000us         0.00%       0.000us       0.000us     128.863ms         5.54%     128.863ms       1.302ms            99  
2026-09-24 18:10:21 void cudnn::bn_bw_1C11_kernel_new<float, float, floa...         0.00%       0.000us         0.00%       0.000us       0.000us     114.032ms         4.91%     114.032ms     927.086us           123  
2026-09-24 18:10:21         _5x_cudnn_volta_scudnn_128x128_relu_small_nn_v1         0.00%       0.000us         0.00%       0.000us       0.000us     113.170ms         4.87%     113.170ms       5.389ms            21  
2026-09-24 18:10:21      autograd::engine::evaluate_function: ReluBackward0         0.02%       1.201ms         0.33%      24.162ms     164.371us       0.000us         0.00%     111.361ms     757.557us           147  
2026-09-24 18:10:21                                           ReluBackward0         0.01%     536.063us         0.32%      22.961ms     156.199us       0.000us         0.00%     111.361ms     757.557us           147  
2026-09-24 18:10:21                                aten::threshold_backward         0.04%       2.571ms         0.31%      22.425ms     152.553us     111.361ms         4.79%     111.361ms     757.557us           147  
2026-09-24 18:10:21 void at::native::vectorized_elementwise_kernel<4, at...         0.00%       0.000us         0.00%       0.000us       0.000us     111.361ms         4.79%     111.361ms     757.557us           147  
2026-09-24 18:10:21 void cudnn::bn_bw_1C11_kernel_new<float, float, floa...         0.00%       0.000us         0.00%       0.000us       0.000us     103.392ms         4.45%     103.392ms       3.133ms            33  
2026-09-24 18:10:21                                   volta_sgemm_128x64_nn         0.00%       0.000us         0.00%       0.000us       0.000us      82.819ms         3.56%      82.819ms       1.840ms            45  
2026-09-24 18:10:21 void cudnn::cnn::wgrad_alg1_engine<float, float, 128...         0.00%       0.000us         0.00%       0.000us       0.000us      82.680ms         3.56%      82.680ms       3.937ms            21  
2026-09-24 18:10:21                                             aten::relu_         0.03%       1.857ms         0.53%      38.468ms     261.685us       0.000us         0.00%      82.030ms     558.026us           147  
2026-09-24 18:10:21                                        aten::clamp_min_         0.08%       5.657ms         0.50%      36.611ms     249.052us      75.748ms         3.26%      82.030ms     558.026us           147  
2026-09-24 18:10:21 void cudnn::detail::dgrad_engine<float, 512, 6, 5, 3...         0.00%       0.000us         0.00%       0.000us       0.000us      77.409ms         3.33%      77.409ms       8.601ms             9  
2026-09-24 18:10:21 void at::native::vectorized_elementwise_kernel<4, at...         0.00%       0.000us         0.00%       0.000us       0.000us      75.748ms         3.26%      75.748ms     515.290us           147  
2026-09-24 18:10:21 _5x_cudnn_turing_scudnn_128x64_stridedB_splitK_xregs...         0.00%       0.000us         0.00%       0.000us       0.000us      74.645ms         3.21%      74.645ms       6.220ms            12  
2026-09-24 18:10:21                                    volta_sgemm_64x64_tn         0.00%       0.000us         0.00%       0.000us       0.000us      74.248ms         3.19%      74.248ms       4.950ms            15  
2026-09-24 18:10:21 void cudnn::detail::dgrad_engine<float, 128, 6, 8, 3...         0.00%       0.000us         0.00%       0.000us       0.000us      65.023ms         2.80%      65.023ms       7.225ms             9  
2026-09-24 18:10:21 void cudnn::bn_fw_tr_1C11_kernel_NCHW<float, float, ...         0.00%       0.000us         0.00%       0.000us       0.000us      64.994ms         2.80%      64.994ms       1.970ms            33  
2026-09-24 18:10:21 void cudnn::bn_fw_tr_1C11_kernel_NCHW<float, float, ...         0.00%       0.000us         0.00%       0.000us       0.000us      63.722ms         2.74%      63.722ms     663.769us            96  
2026-09-24 18:10:21                                Optimizer.step#Adam.step         0.09%       6.693ms         2.79%     202.858ms      67.619ms       0.000us         0.00%      44.050ms      14.683ms             3  
2026-09-24 18:10:21                                      aten::_fused_adam_         0.14%      10.484ms         0.24%      17.641ms       5.880ms      21.964ms         0.95%      42.768ms      14.256ms             3  
2026-09-24 18:10:21                                Optimizer.step#Adam.step         0.00%       0.000us         0.00%       0.000us       0.000us      41.370ms         1.78%      41.370ms      13.790ms             3  
2026-09-24 18:10:21 void cudnn::winograd_nonfused::winogradForwardData4x...         0.00%       0.000us         0.00%       0.000us       0.000us      37.578ms         1.62%      37.578ms     481.769us            78  
2026-09-24 18:10:21                                    volta_sgemm_64x64_nt         0.00%       0.000us         0.00%       0.000us       0.000us      34.795ms         1.50%      34.795ms       1.933ms            18  
2026-09-24 18:10:21 void cudnn::winograd_nonfused::winogradForwardOutput...         0.00%       0.000us         0.00%       0.000us       0.000us      33.475ms         1.44%      33.475ms     429.165us            78  
2026-09-24 18:10:21 autograd::engine::evaluate_function: MaxPool2DWithIn...         0.00%      31.067us         0.00%     242.420us      80.807us       0.000us         0.00%      25.828ms       8.609ms             3  
2026-09-24 18:10:21                           MaxPool2DWithIndicesBackward0         0.00%      23.904us         0.00%     211.353us      70.451us       0.000us         0.00%      25.828ms       8.609ms             3  
2026-09-24 18:10:21                  aten::max_pool2d_with_indices_backward         0.00%      66.668us         0.00%     187.449us      62.483us      22.853ms         0.98%      25.828ms       8.609ms             3  
2026-09-24 18:10:21 void at::native::(anonymous namespace)::max_pool_bac...         0.00%       0.000us         0.00%       0.000us       0.000us      22.853ms         0.98%      22.853ms       7.618ms             3  
2026-09-24 18:10:21 void at::native::(anonymous namespace)::multi_tensor...         0.00%       0.000us         0.00%       0.000us       0.000us      21.964ms         0.95%      21.964ms       1.464ms            15  
2026-09-24 18:10:21 void cudnn::winograd_nonfused::winogradWgradDelta4x4...         0.00%       0.000us         0.00%       0.000us       0.000us      19.276ms         0.83%      19.276ms     494.246us            39  
2026-09-24 18:10:21                                        aten::max_pool2d         0.00%      21.079us         0.11%       7.701ms       2.567ms       0.000us         0.00%      18.846ms       6.282ms             3  
2026-09-24 18:10:21                           aten::max_pool2d_with_indices         0.00%     163.890us         0.11%       7.680ms       2.560ms       7.711ms         0.33%      18.846ms       6.282ms             3  
2026-09-24 18:10:21 void cudnn::winograd_nonfused::winogradWgradData4x4<...         0.00%       0.000us         0.00%       0.000us       0.000us      18.279ms         0.79%      18.279ms     468.680us            39  
2026-09-24 18:10:21                                    cudaGetSymbolAddress         0.16%      11.739ms         0.16%      11.903ms      11.903ms       0.000us         0.00%      18.257ms      18.257ms             1  
2026-09-24 18:10:21 void cudnn::bn_bw_1C11_kernel_new<float, float, floa...         0.00%       0.000us         0.00%       0.000us       0.000us      17.865ms         0.77%      17.865ms       5.955ms             3  
2026-09-24 18:10:21 void wgrad_alg0_engine<float, 128, 6, 8, 3, 3, 5, fa...         0.00%       0.000us         0.00%       0.000us       0.000us      17.835ms         0.77%      17.835ms       5.945ms             3  
2026-09-24 18:10:21         _5x_cudnn_volta_scudnn_128x64_relu_medium_nn_v1         0.00%       0.000us         0.00%       0.000us       0.000us      17.777ms         0.76%      17.777ms       5.926ms             3  
2026-09-24 18:10:21 void cudnn::cnn::reduce_wgrad_nchw_helper<float, flo...         0.00%       0.000us         0.00%       0.000us       0.000us      16.581ms         0.71%      16.581ms     197.388us            84  
2026-09-24 18:10:21 void cudnn::bn_fw_tr_1C11_kernel_NCHW<float, float, ...         0.00%       0.000us         0.00%       0.000us       0.000us      11.477ms         0.49%      11.477ms       3.826ms             3  
2026-09-24 18:10:21           cudaOccupancyMaxActiveBlocksPerMultiprocessor         0.02%       1.401ms         0.18%      13.394ms      17.327us       0.000us         0.00%      10.677ms      13.813us           773  
2026-09-24 18:10:21 void cudnn::engines_precompiled::scalePackedTensor_k...         0.00%       0.000us         0.00%       0.000us       0.000us       8.768ms         0.38%       8.768ms     487.091us            18  
2026-09-24 18:10:21 void at::native::(anonymous namespace)::max_pool_for...         0.00%       0.000us         0.00%       0.000us       0.000us       7.711ms         0.33%       7.711ms       2.570ms             3  
2026-09-24 18:10:21 void cudnn::bn_fw_tr_1C11_singleread<float, 512, tru...         0.00%       0.000us         0.00%       0.000us       0.000us       6.030ms         0.26%       6.030ms     223.334us            27  
2026-09-24 18:10:21                                             aten::fill_         0.03%       2.321ms         0.23%      16.646ms      33.834us       4.218ms         0.18%       4.222ms       8.580us           492  
2026-09-24 18:10:21 void at::native::vectorized_elementwise_kernel<4, at...         0.00%       0.000us         0.00%       0.000us       0.000us       4.218ms         0.18%       4.218ms       8.573us           492  
2026-09-24 18:10:21                                             aten::zero_         0.02%       1.258ms         0.09%       6.882ms      14.074us       0.000us         0.00%       4.213ms       8.616us           489  
2026-09-24 18:10:21 void cudnn::winograd_nonfused::winogradForwardFilter...         0.00%       0.000us         0.00%       0.000us       0.000us       3.997ms         0.17%       3.997ms      51.245us            78  
2026-09-24 18:10:21 void cudnn::winograd_nonfused::winogradWgradOutput4x...         0.00%       0.000us         0.00%       0.000us       0.000us       3.962ms         0.17%       3.962ms     101.584us            39  
2026-09-24 18:10:21 cudaOccupancyMaxActiveBlocksPerMultiprocessorWithFla...         0.00%     257.625us         0.10%       7.160ms      42.619us       0.000us         0.00%       3.197ms      19.031us           168  
2026-09-24 18:10:21                                              aten::div_         0.04%       3.231ms         0.24%      17.652ms       5.884ms       1.375ms         0.06%       3.076ms       1.025ms             3  
2026-09-24 18:10:21                                               aten::sub         0.00%     141.493us         1.88%     137.182ms      45.727ms       1.340ms         0.06%       2.944ms     981.447us             3  
2026-09-24 18:10:21                                                aten::to         0.00%     153.183us        16.39%        1.194s       6.981ms       0.000us         0.00%       2.657ms      15.536us           171  
2026-09-24 18:10:21                                          aten::_to_copy         0.00%      89.596us        16.39%        1.194s     132.618ms       0.000us         0.00%       2.657ms     295.184us             9  
2026-09-24 18:10:21                                             aten::copy_         0.06%       4.589ms        16.38%        1.193s     132.571ms       1.156ms         0.05%       2.657ms     295.184us             9  
2026-09-24 18:10:21                               aten::adaptive_avg_pool2d         0.00%      23.142us         3.46%     252.270ms      84.090ms       0.000us         0.00%       2.447ms     815.783us             3  
2026-09-24 18:10:21                                              aten::mean         0.00%     175.073us         3.46%     252.247ms      84.082ms       1.218ms         0.05%       2.447ms     815.783us             3  
2026-09-24 18:10:21                                              aten::mul_         0.00%     111.314us         2.82%     205.110ms      68.370ms       1.194ms         0.05%       2.375ms     791.815us             3  
2026-09-24 18:10:21 enumerate(DataLoader)#_SingleProcessDataLoaderIter._...         0.04%       3.214ms         3.71%     270.148ms      67.537ms       0.000us         0.00%       2.044ms     511.070us             4  
2026-09-24 18:10:21                                             aten::stack         0.00%     331.465us         3.63%     264.747ms      44.125ms       0.000us         0.00%       2.044ms     340.713us             6  
2026-09-24 18:10:21                                               aten::cat         0.09%       6.919ms         3.63%     264.076ms      44.013ms     893.276us         0.04%       2.044ms     340.713us             6  
2026-09-24 18:10:21 void at::native::elementwise_kernel<128, 2, at::nati...         0.00%       0.000us         0.00%       0.000us       0.000us       1.375ms         0.06%       1.375ms     458.259us             3  
2026-09-24 18:10:21 void at::native::elementwise_kernel<128, 2, at::nati...         0.00%       0.000us         0.00%       0.000us       0.000us       1.340ms         0.06%       1.340ms     446.825us             3  
2026-09-24 18:10:21 void at::native::reduce_kernel<512, 1, at::native::R...         0.00%       0.000us         0.00%       0.000us       0.000us       1.218ms         0.05%       1.218ms     405.961us             3  
2026-09-24 18:10:21 void at::native::vectorized_elementwise_kernel<4, at...         0.00%       0.000us         0.00%       0.000us       0.000us       1.194ms         0.05%       1.194ms     398.153us             3  
2026-09-24 18:10:21 void at::native::unrolled_elementwise_kernel<at::nat...         0.00%       0.000us         0.00%       0.000us       0.000us       1.153ms         0.05%       1.153ms     384.222us             3  
2026-09-24 18:10:21                                        aten::zeros_like         0.01%     713.926us         0.13%       9.703ms      30.134us       0.000us         0.00%       1.002ms       3.112us           322  
2026-09-24 18:10:21 enumerate(DataLoader)#_SingleProcessDataLoaderIter._...         0.00%       0.000us         0.00%       0.000us       0.000us     939.227us         0.04%     939.227us     313.076us             3  
2026-09-24 18:10:21 void at::native::(anonymous namespace)::CatArrayBatc...         0.00%       0.000us         0.00%       0.000us       0.000us     881.628us         0.04%     881.628us     293.876us             3  
2026-09-24 18:10:21      autograd::engine::evaluate_function: MeanBackward1         0.00%      27.918us         0.01%     568.186us     189.395us       0.000us         0.00%     506.077us     168.692us             3  
2026-09-24 18:10:21                                           MeanBackward1         0.00%      31.822us         0.01%     540.268us     180.089us       0.000us         0.00%     506.077us     168.692us             3  
2026-09-24 18:10:21                                               aten::div         0.00%     143.203us         0.01%     484.408us     161.469us     506.077us         0.02%     506.077us     168.692us             3  
2026-09-24 18:10:21 void at::native::elementwise_kernel<128, 2, at::nati...         0.00%       0.000us         0.00%       0.000us       0.000us     506.077us         0.02%     506.077us     168.692us             3  
2026-09-24 18:10:21 void at::native::vectorized_elementwise_kernel<4, at...         0.00%       0.000us         0.00%       0.000us       0.000us     475.649us         0.02%     475.649us       2.992us           159  
2026-09-24 18:10:21 void cask__5x_cudnn::computeOffsetsKernel<false, fal...         0.00%       0.000us         0.00%       0.000us       0.000us     386.624us         0.02%     386.624us       3.391us           114  
2026-09-24 18:10:21                                             aten::zeros         0.01%     378.526us         0.05%       3.714ms      23.071us       0.000us         0.00%     231.324us       1.437us           161  
2026-09-24 18:10:21                                         Memset (Device)         0.00%       0.000us         0.00%       0.000us       0.000us     170.816us         0.01%     170.816us       3.416us            50  
2026-09-24 18:10:21 void cask__5x_cudnn::computeOffsetsKernel<true, fals...         0.00%       0.000us         0.00%       0.000us       0.000us     157.408us         0.01%     157.408us       3.086us            51  
2026-09-24 18:10:21                                            aten::linear         0.00%      72.705us         0.42%      30.663ms      10.221ms       0.000us         0.00%     144.191us      48.064us             3  
2026-09-24 18:10:21                                             aten::addmm         0.11%       8.059ms         0.42%      30.550ms      10.183ms      63.807us         0.00%     144.191us      48.064us             3  
2026-09-24 18:10:21 -------------------------------------------------------  ------------  ------------  ------------  ------------  ------------  ------------  ------------  ------------  ------------  ------------  
2026-09-24 18:10:21 Self CPU time total: 7.284s
2026-09-24 18:10:21 Self CUDA time total: 2.324s
2026-09-24 18:10:22 
2026-09-24 18:10:22 total time:22.024580
