2026-09-24 18:45:35 load image
2026-09-24 18:45:35 split dataset
2026-09-24 18:45:35 288 72 items
2026-09-24 18:45:35 3 batch
2026-09-24 18:45:35 Prepare Time: 2.218531
2026-09-24 18:45:35 load model
2026-09-24 18:45:35 train model
2026-09-24 18:45:35 Epoch 1/4, Loss: 1.9710 Time: 3.9965
2026-09-24 18:45:35 Epoch 2/4, Loss: 0.3731 Time: 3.3114
2026-09-24 18:45:35 Epoch 3/4, Loss: 0.0078 Time: 3.4404
2026-09-24 18:45:35 Epoch 4/4, Loss: 0.0009 Time: 3.1191
2026-09-24 18:45:35 Train Profiler:
2026-09-24 18:45:35 -------------------------------------------------------  ------------  ------------  ------------  ------------  ------------  ------------  ------------  ------------  ------------  ------------  
2026-09-24 18:45:35                                                    Name    Self CPU %      Self CPU   CPU total %     CPU total  CPU time avg     Self CUDA   Self CUDA %    CUDA total  CUDA time avg    # of Calls  
2026-09-24 18:45:35 -------------------------------------------------------  ------------  ------------  ------------  ------------  ------------  ------------  ------------  ------------  ------------  ------------  
2026-09-24 18:45:35                                                aten::to         0.01%     419.845us        63.58%        4.238s       8.262ms       0.000us         0.00%       2.956ms       5.762us           513  
2026-09-24 18:45:35                                             aten::copy_         0.01%     936.882us        63.58%        4.238s      78.485ms      10.507ms         0.16%      10.507ms     194.573us            54  
2026-09-24 18:45:35                                          aten::_to_copy         0.00%     241.603us        63.57%        4.238s     156.960ms       0.000us         0.00%       2.956ms     109.479us            27  
2026-09-24 18:45:35                                   cudaStreamSynchronize        63.55%        4.236s        63.55%        4.236s     235.346ms       0.000us         0.00%       0.000us       0.000us            18  
2026-09-24 18:45:35                                   cudaDeviceSynchronize        31.77%        2.118s        31.77%        2.118s     706.035ms       0.000us         0.00%       0.000us       0.000us             3  
2026-09-24 18:45:35 autograd::engine::evaluate_function: ConvolutionBack...         0.10%       6.773ms         1.08%      72.292ms     151.556us       0.000us         0.00%        3.332s       6.986ms           477  
2026-09-24 18:45:35                                    ConvolutionBackward0         0.03%       1.667ms         0.94%      62.579ms     131.194us       0.000us         0.00%        3.137s       6.576ms           477  
2026-09-24 18:45:35                              aten::convolution_backward         0.52%      34.900ms         0.91%      60.913ms     127.699us        3.133s        46.52%        3.137s       6.576ms           477  
2026-09-24 18:45:35                                        cudaLaunchKernel         0.72%      47.721ms         0.72%      47.721ms       7.468us       0.000us         0.00%       0.000us       0.000us          6390  
2026-09-24 18:45:35                                        aten::batch_norm         0.01%     867.817us         0.68%      45.233ms      94.828us       0.000us         0.00%     401.317ms     841.335us           477  
2026-09-24 18:45:35                                            aten::conv2d         0.02%       1.223ms         0.67%      44.488ms      93.266us       0.000us         0.00%        1.425s       2.987ms           477  
2026-09-24 18:45:35                            aten::_batch_norm_impl_index         0.03%       1.980ms         0.67%      44.365ms      93.008us       0.000us         0.00%     401.317ms     841.335us           477  
2026-09-24 18:45:35                                       aten::convolution         0.06%       4.160ms         0.65%      43.264ms      90.701us       0.000us         0.00%        1.425s       2.987ms           477  
2026-09-24 18:45:35                                  aten::cudnn_batch_norm         0.27%      18.253ms         0.64%      42.385ms      88.858us     401.317ms         5.96%     401.317ms     841.335us           477  
2026-09-24 18:45:35                                      aten::_convolution         0.04%       2.996ms         0.59%      39.104ms      81.979us       0.000us         0.00%        1.425s       2.987ms           477  
2026-09-24 18:45:35 autograd::engine::evaluate_function: CudnnBatchNormB...         0.10%       6.785ms         0.58%      38.605ms      80.932us       0.000us         0.00%     633.822ms       1.329ms           477  
2026-09-24 18:45:35                                 aten::cudnn_convolution         0.34%      22.514ms         0.53%      35.418ms      74.252us        1.421s        21.10%        1.421s       2.979ms           477  
2026-09-24 18:45:35                                 CudnnBatchNormBackward0         0.03%       1.902ms         0.48%      31.819ms      66.708us       0.000us         0.00%     633.822ms       1.329ms           477  
2026-09-24 18:45:35                         aten::cudnn_batch_norm_backward         0.18%      12.024ms         0.45%      29.917ms      62.720us     633.822ms         9.41%     633.822ms       1.329ms           477  
2026-09-24 18:45:35                                             aten::empty         0.39%      25.906ms         0.39%      25.906ms       5.357us       0.000us         0.00%       0.000us       0.000us          4836  
2026-09-24 18:45:35 enumerate(DataLoader)#_SingleProcessDataLoaderIter._...         0.13%       8.504ms         0.36%      23.809ms       1.984ms       0.000us         0.00%       2.677ms     223.068us            12  
2026-09-24 18:45:35                                              aten::add_         0.16%      10.802ms         0.26%      17.257ms      22.296us     390.315ms         5.80%     390.315ms     504.282us           774  
2026-09-24 18:45:35      autograd::engine::evaluate_function: ReluBackward0         0.05%       3.418ms         0.24%      16.176ms      36.680us       0.000us         0.00%     336.451ms     762.928us           441  
2026-09-24 18:45:35 autograd::engine::evaluate_function: torch::autograd...         0.10%       6.599ms         0.21%      14.043ms       9.691us       0.000us         0.00%       0.000us       0.000us          1449  
2026-09-24 18:45:35                                             aten::relu_         0.08%       5.450ms         0.20%      13.532ms      30.685us       0.000us         0.00%     229.038ms     519.361us           441  
2026-09-24 18:45:35                                           ReluBackward0         0.02%       1.502ms         0.19%      12.757ms      28.929us       0.000us         0.00%     336.451ms     762.928us           441  
2026-09-24 18:45:35                                Optimizer.step#Adam.step         0.13%       8.772ms         0.18%      11.992ms       1.332ms       0.000us         0.00%      73.305ms       8.145ms             9  
2026-09-24 18:45:35                                aten::threshold_backward         0.11%       7.222ms         0.17%      11.256ms      25.524us     336.451ms         5.00%     336.451ms     762.928us           441  
2026-09-24 18:45:35                                         cudaMemsetAsync         0.13%       8.645ms         0.13%       8.645ms       6.197us       0.000us         0.00%       0.000us       0.000us          1395  
2026-09-24 18:45:35                             cudaLaunchCooperativeKernel         0.13%       8.619ms         0.13%       8.619ms       9.034us       0.000us         0.00%       0.000us       0.000us           954  
2026-09-24 18:45:35                                        aten::clamp_min_         0.07%       4.398ms         0.12%       8.082ms      18.328us     229.038ms         3.40%     229.038ms     519.361us           441  
2026-09-24 18:45:35                         torch::autograd::AccumulateGrad         0.05%       3.483ms         0.11%       7.444ms       5.137us       0.000us         0.00%       0.000us       0.000us          1449  
2026-09-24 18:45:35                                            Unrecognized         0.10%       6.931ms         0.10%       6.931ms       2.310ms       0.000us         0.00%       0.000us       0.000us             3  
2026-09-24 18:45:35                                        aten::empty_like         0.02%       1.187ms         0.09%       5.835ms      11.578us       0.000us         0.00%       0.000us       0.000us           504  
2026-09-24 18:45:35                      Optimizer.zero_grad#Adam.zero_grad         0.07%       4.685ms         0.07%       4.685ms     520.540us       0.000us         0.00%       0.000us       0.000us             9  
2026-09-24 18:45:35                                            aten::select         0.05%       3.634ms         0.07%       4.376ms       2.533us       0.000us         0.00%       0.000us       0.000us          1728  
2026-09-24 18:45:35                                            aten::detach         0.03%       1.704ms         0.06%       4.036ms       2.768us       0.000us         0.00%       0.000us       0.000us          1458  
2026-09-24 18:45:35                                             aten::stack         0.01%     825.791us         0.06%       3.789ms     210.486us       0.000us         0.00%       2.677ms     148.712us            18  
2026-09-24 18:45:35                                                  detach         0.03%       2.332ms         0.03%       2.332ms       1.600us       0.000us         0.00%       0.000us       0.000us          1458  
2026-09-24 18:45:35                                               aten::cat         0.02%       1.099ms         0.03%       2.088ms     115.975us       2.677ms         0.04%       2.677ms     148.712us            18  
2026-09-24 18:45:35                                     cudaStreamWaitEvent         0.03%       1.985ms         0.03%       1.985ms       0.811us       0.000us         0.00%       0.000us       0.000us          2448  
2026-09-24 18:45:35                                     aten::_foreach_add_         0.02%       1.343ms         0.03%       1.852ms     205.797us      82.431us         0.00%      82.431us       9.159us             9  
2026-09-24 18:45:35                                              aten::view         0.03%       1.756ms         0.03%       1.756ms       1.742us       0.000us         0.00%       0.000us       0.000us          1008  
2026-09-24 18:45:35     autograd::engine::evaluate_function: AddmmBackward0         0.00%     223.661us         0.02%       1.580ms     175.593us       0.000us         0.00%     305.247us      33.916us             9  
2026-09-24 18:45:35                                    cudaFuncSetAttribute         0.02%       1.541ms         0.02%       1.541ms       1.616us       0.000us         0.00%       0.000us       0.000us           954  
2026-09-24 18:45:35                                         cudaEventRecord         0.02%       1.481ms         0.02%       1.481ms       1.029us       0.000us         0.00%       0.000us       0.000us          1440  
2026-09-24 18:45:35                                      aten::_fused_adam_         0.01%     992.621us         0.02%       1.338ms     148.620us      73.223ms         1.09%      73.223ms       8.136ms             9  
2026-09-24 18:45:35                                        aten::as_strided         0.02%       1.223ms         0.02%       1.223ms       0.456us       0.000us         0.00%       0.000us       0.000us          2682  
2026-09-24 18:45:35 autograd::engine::evaluate_function: NllLossBackward...         0.00%     241.636us         0.02%       1.127ms     125.202us       0.000us         0.00%      45.441us       5.049us             9  
2026-09-24 18:45:35                                        aten::contiguous         0.00%      50.822us         0.02%       1.033ms      57.408us       0.000us         0.00%       7.503ms     416.839us            18  
2026-09-24 18:45:35                                          AddmmBackward0         0.00%     131.967us         0.02%       1.033ms     114.798us       0.000us         0.00%     191.135us      21.237us             9  
2026-09-24 18:45:35 autograd::engine::evaluate_function: AsStridedBackwa...         0.00%      71.708us         0.02%       1.002ms     111.360us       0.000us         0.00%      72.930us       8.103us             9  
2026-09-24 18:45:35                                             aten::clone         0.00%      84.207us         0.01%     982.522us      54.585us       0.000us         0.00%       7.503ms     416.839us            18  
2026-09-24 18:45:35                                            aten::linear         0.00%      70.212us         0.01%     978.007us     108.667us       0.000us         0.00%     182.495us      20.277us             9  
2026-09-24 18:45:35                                             aten::fill_         0.01%     414.356us         0.01%     960.295us      26.675us       9.112ms         0.14%       9.112ms     253.106us            36  
2026-09-24 18:45:35                                      AsStridedBackward1         0.00%     155.457us         0.01%     930.535us     103.393us       0.000us         0.00%      72.930us       8.103us             9  
2026-09-24 18:45:35       autograd::engine::evaluate_function: AddBackward0         0.01%     790.466us         0.01%     920.430us       6.392us       0.000us         0.00%       0.000us       0.000us           144  
2026-09-24 18:45:35                                        NllLossBackward0         0.00%      78.840us         0.01%     885.178us      98.353us       0.000us         0.00%      45.441us       5.049us             9  
2026-09-24 18:45:35                                             aten::zero_         0.00%     131.070us         0.01%     870.689us      32.248us       0.000us         0.00%       9.097ms     336.917us            27  
2026-09-24 18:45:35                                         aten::unsqueeze         0.01%     520.682us         0.01%     850.565us       0.984us       0.000us         0.00%       0.000us       0.000us           864  
2026-09-24 18:45:35                                 aten::nll_loss_backward         0.00%     270.439us         0.01%     806.338us      89.593us      30.464us         0.00%      45.441us       5.049us             9  
2026-09-24 18:45:35                                             aten::addmm         0.01%     570.556us         0.01%     799.786us      88.865us     182.495us         0.00%     182.495us      20.277us             9  
2026-09-24 18:45:35                                aten::cross_entropy_loss         0.00%      56.630us         0.01%     735.566us      81.730us       0.000us         0.00%      60.766us       6.752us             9  
2026-09-24 18:45:35                                                aten::mm         0.01%     574.022us         0.01%     733.118us      40.729us     191.135us         0.00%     191.135us      10.619us            18  
2026-09-24 18:45:35 autograd::engine::evaluate_function: MaxPool2DWithIn...         0.00%      93.432us         0.01%     587.147us      65.239us       0.000us         0.00%      61.475ms       6.831ms             9  
2026-09-24 18:45:35                                         cudaMemcpyAsync         0.01%     585.594us         0.01%     585.594us      21.689us       0.000us         0.00%       0.000us       0.000us            27  
2026-09-24 18:45:35           cudaOccupancyMaxActiveBlocksPerMultiprocessor         0.01%     575.475us         0.01%     575.475us       1.827us       0.000us         0.00%       0.000us       0.000us           315  
2026-09-24 18:45:35      autograd::engine::evaluate_function: MeanBackward1         0.00%      63.372us         0.01%     560.683us      62.298us       0.000us         0.00%       1.556ms     172.842us             9  
2026-09-24 18:45:35                               aten::adaptive_avg_pool2d         0.00%      64.322us         0.01%     538.147us      59.794us       0.000us         0.00%       1.338ms     148.661us             9  
2026-09-24 18:45:35                                               aten::sub         0.00%     295.699us         0.01%     525.977us      58.442us       3.641ms         0.05%       3.641ms     404.535us             9  
2026-09-24 18:45:35                                           MeanBackward1         0.00%      57.659us         0.01%     497.311us      55.257us       0.000us         0.00%       1.556ms     172.842us             9  
2026-09-24 18:45:35                           MaxPool2DWithIndicesBackward0         0.00%      37.034us         0.01%     493.715us      54.857us       0.000us         0.00%      61.475ms       6.831ms             9  
2026-09-24 18:45:35                  aten::max_pool2d_with_indices_backward         0.00%     199.210us         0.01%     456.681us      50.742us      52.418ms         0.78%      61.475ms       6.831ms             9  
2026-09-24 18:45:35                                        aten::max_pool2d         0.00%      31.686us         0.01%     450.998us      50.111us       0.000us         0.00%      27.882ms       3.098ms             9  
2026-09-24 18:45:35                                     aten::empty_strided         0.01%     443.522us         0.01%     443.522us      12.320us       0.000us         0.00%       0.000us       0.000us            36  
2026-09-24 18:45:35                           aten::max_pool2d_with_indices         0.00%     319.994us         0.01%     419.312us      46.590us      27.882ms         0.41%      27.882ms       3.098ms             9  
2026-09-24 18:45:35 autograd::engine::evaluate_function: LogSoftmaxBackw...         0.00%      77.448us         0.01%     382.731us      42.526us       0.000us         0.00%      19.296us       2.144us             9  
2026-09-24 18:45:35                                               aten::div         0.00%     287.001us         0.01%     381.291us      42.366us       1.556ms         0.02%       1.556ms     172.842us             9  
2026-09-24 18:45:35                                              aten::mean         0.00%     274.828us         0.01%     374.659us      41.629us       1.338ms         0.02%       1.338ms     148.661us             9  
2026-09-24 18:45:35                                         aten::new_zeros         0.00%      49.158us         0.01%     370.312us      41.146us       0.000us         0.00%      24.993us       2.777us             9  
2026-09-24 18:45:35                                         aten::ones_like         0.00%      34.366us         0.01%     368.848us      40.983us       0.000us         0.00%      15.071us       1.675us             9  
2026-09-24 18:45:35                                       aten::nll_loss_nd         0.00%      30.533us         0.01%     356.069us      39.563us       0.000us         0.00%      39.390us       4.377us             9  
2026-09-24 18:45:35                                          aten::nll_loss         0.00%      29.921us         0.00%     325.536us      36.171us       0.000us         0.00%      39.390us       4.377us             9  
2026-09-24 18:45:35                                       aten::log_softmax         0.00%      53.116us         0.00%     322.867us      35.874us       0.000us         0.00%      21.376us       2.375us             9  
2026-09-24 18:45:35                                                 aten::t         0.00%     165.940us         0.00%     320.607us       7.125us       0.000us         0.00%       0.000us       0.000us            45  
2026-09-24 18:45:35                                     LogSoftmaxBackward0         0.00%      60.686us         0.00%     305.283us      33.920us       0.000us         0.00%      19.296us       2.144us             9  
2026-09-24 18:45:35                                          aten::randperm         0.00%     127.558us         0.00%     300.956us      25.080us       0.000us         0.00%       0.000us       0.000us            12  
2026-09-24 18:45:35                                  aten::nll_loss_forward         0.00%     189.014us         0.00%     295.615us      32.846us      39.390us         0.00%      39.390us       4.377us             9  
2026-09-24 18:45:35                                               aten::sum         0.00%     203.807us         0.00%     295.443us      32.827us     114.112us         0.00%     114.112us      12.679us             9  
2026-09-24 18:45:35                                      aten::_log_softmax         0.00%     181.108us         0.00%     262.881us      29.209us      21.376us         0.00%      21.376us       2.375us             9  
2026-09-24 18:45:35                                              aten::mul_         0.00%     172.807us         0.00%     260.072us      28.897us       3.613ms         0.05%       3.613ms     401.402us             9  
2026-09-24 18:45:35                        aten::_log_softmax_backward_data         0.00%     163.927us         0.00%     244.597us      27.177us      19.296us         0.00%      19.296us       2.144us             9  
2026-09-24 18:45:35                                              aten::div_         0.00%     146.330us         0.00%     241.795us      26.866us       3.683ms         0.05%       3.683ms     409.211us             9  
2026-09-24 18:45:35                                       aten::result_type         0.00%     180.904us         0.00%     180.904us       0.125us       0.000us         0.00%       0.000us       0.000us          1449  
2026-09-24 18:45:35                                         aten::transpose         0.00%      88.422us         0.00%     154.667us       3.437us       0.000us         0.00%       0.000us       0.000us            45  
2026-09-24 18:45:35                                            AddBackward0         0.00%     129.964us         0.00%     129.964us       0.903us       0.000us         0.00%       0.000us       0.000us           144  
2026-09-24 18:45:35         autograd::engine::evaluate_function: TBackward0         0.00%      50.397us         0.00%     110.481us      12.276us       0.000us         0.00%       0.000us       0.000us             9  
2026-09-24 18:45:35      autograd::engine::evaluate_function: ViewBackward0         0.00%      44.403us         0.00%      99.413us      11.046us       0.000us         0.00%       0.000us       0.000us             9  
2026-09-24 18:45:35                                       aten::as_strided_         0.00%      99.166us         0.00%      99.166us      11.018us       0.000us         0.00%       0.000us       0.000us             9  
2026-09-24 18:45:35                                         aten::new_empty         0.00%      18.442us         0.00%      85.838us       9.538us       0.000us         0.00%       0.000us       0.000us             9  
2026-09-24 18:45:35 -------------------------------------------------------  ------------  ------------  ------------  ------------  ------------  ------------  ------------  ------------  ------------  ------------  
2026-09-24 18:45:35 Self CPU time total: 6.666s
2026-09-24 18:45:35 Self CUDA time total: 6.735s
2026-09-24 18:45:37 
2026-09-24 18:45:37 -------------------------------------------------------  ------------  ------------  ------------  ------------  ------------  ------------  ------------  ------------  ------------  ------------  
2026-09-24 18:45:37                                                    Name    Self CPU %      Self CPU   CPU total %     CPU total  CPU time avg     Self CUDA   Self CUDA %    CUDA total  CUDA time avg    # of Calls  
2026-09-24 18:45:37 -------------------------------------------------------  ------------  ------------  ------------  ------------  ------------  ------------  ------------  ------------  ------------  ------------  
2026-09-24 18:45:37 autograd::engine::evaluate_function: ConvolutionBack...         0.10%       6.773ms         1.08%      72.292ms     151.556us       0.000us         0.00%        3.332s       6.986ms           477  
2026-09-24 18:45:37                                    ConvolutionBackward0         0.03%       1.667ms         0.94%      62.579ms     131.194us       0.000us         0.00%        3.137s       6.576ms           477  
2026-09-24 18:45:37                              aten::convolution_backward         0.52%      34.900ms         0.91%      60.913ms     127.699us        3.133s        46.52%        3.137s       6.576ms           477  
2026-09-24 18:45:37                                            aten::conv2d         0.02%       1.223ms         0.67%      44.488ms      93.266us       0.000us         0.00%        1.425s       2.987ms           477  
2026-09-24 18:45:37                                       aten::convolution         0.06%       4.160ms         0.65%      43.264ms      90.701us       0.000us         0.00%        1.425s       2.987ms           477  
2026-09-24 18:45:37                                      aten::_convolution         0.04%       2.996ms         0.59%      39.104ms      81.979us       0.000us         0.00%        1.425s       2.987ms           477  
2026-09-24 18:45:37                                 aten::cudnn_convolution         0.34%      22.514ms         0.53%      35.418ms      74.252us        1.421s        21.10%        1.421s       2.979ms           477  
2026-09-24 18:45:37 autograd::engine::evaluate_function: CudnnBatchNormB...         0.10%       6.785ms         0.58%      38.605ms      80.932us       0.000us         0.00%     633.822ms       1.329ms           477  
2026-09-24 18:45:37                                 CudnnBatchNormBackward0         0.03%       1.902ms         0.48%      31.819ms      66.708us       0.000us         0.00%     633.822ms       1.329ms           477  
2026-09-24 18:45:37                         aten::cudnn_batch_norm_backward         0.18%      12.024ms         0.45%      29.917ms      62.720us     633.822ms         9.41%     633.822ms       1.329ms           477  
2026-09-24 18:45:37 void cudnn::batchnorm_bwtr_nhwc_semiPersist<float, f...         0.00%       0.000us         0.00%       0.000us       0.000us     604.500ms         8.98%     604.500ms       1.527ms           396  
2026-09-24 18:45:37                                   volta_sgemm_128x64_nn         0.00%       0.000us         0.00%       0.000us       0.000us     543.693ms         8.07%     543.693ms       2.323ms           234  
2026-09-24 18:45:37                                   volta_sgemm_128x64_nt         0.00%       0.000us         0.00%       0.000us       0.000us     513.982ms         7.63%     513.982ms       2.040ms           252  
2026-09-24 18:45:37                                        aten::batch_norm         0.01%     867.817us         0.68%      45.233ms      94.828us       0.000us         0.00%     401.317ms     841.335us           477  
2026-09-24 18:45:37                            aten::_batch_norm_impl_index         0.03%       1.980ms         0.67%      44.365ms      93.008us       0.000us         0.00%     401.317ms     841.335us           477  
2026-09-24 18:45:37                                  aten::cudnn_batch_norm         0.27%      18.253ms         0.64%      42.385ms      88.858us     401.317ms         5.96%     401.317ms     841.335us           477  
2026-09-24 18:45:37                                              aten::add_         0.16%      10.802ms         0.26%      17.257ms      22.296us     390.315ms         5.80%     390.315ms     504.282us           774  
2026-09-24 18:45:37 void at::native::vectorized_elementwise_kernel<4, at...         0.00%       0.000us         0.00%       0.000us       0.000us     389.087ms         5.78%     389.087ms       1.310ms           297  
2026-09-24 18:45:37 void cudnn::batchnorm_fwtr_nhwc_semiPersist<float, f...         0.00%       0.000us         0.00%       0.000us       0.000us     382.851ms         5.68%     382.851ms     966.796us           396  
2026-09-24 18:45:37 _5x_cudnn_volta_scudnn_128x128_relu_exp_small_nhwc_t...         0.00%       0.000us         0.00%       0.000us       0.000us     373.175ms         5.54%     373.175ms       3.769ms            99  
2026-09-24 18:45:37                                  volta_sgemm_128x128_tn         0.00%       0.000us         0.00%       0.000us       0.000us     366.135ms         5.44%     366.135ms       2.260ms           162  
2026-09-24 18:45:37      autograd::engine::evaluate_function: ReluBackward0         0.05%       3.418ms         0.24%      16.176ms      36.680us       0.000us         0.00%     336.451ms     762.928us           441  
2026-09-24 18:45:37                                           ReluBackward0         0.02%       1.502ms         0.19%      12.757ms      28.929us       0.000us         0.00%     336.451ms     762.928us           441  
2026-09-24 18:45:37                                aten::threshold_backward         0.11%       7.222ms         0.17%      11.256ms      25.524us     336.451ms         5.00%     336.451ms     762.928us           441  
2026-09-24 18:45:37 void at::native::vectorized_elementwise_kernel<4, at...         0.00%       0.000us         0.00%       0.000us       0.000us     331.718ms         4.93%     331.718ms     767.866us           432  
2026-09-24 18:45:37                                             aten::relu_         0.08%       5.450ms         0.20%      13.532ms      30.685us       0.000us         0.00%     229.038ms     519.361us           441  
2026-09-24 18:45:37                                        aten::clamp_min_         0.07%       4.398ms         0.12%       8.082ms      18.328us     229.038ms         3.40%     229.038ms     519.361us           441  
2026-09-24 18:45:37 void at::native::vectorized_elementwise_kernel<4, at...         0.00%       0.000us         0.00%       0.000us       0.000us     229.038ms         3.40%     229.038ms     519.361us           441  
2026-09-24 18:45:37 void cudnn::cnn::wgrad_alg1_engine_NHWC<float, float...         0.00%       0.000us         0.00%       0.000us       0.000us     220.955ms         3.28%     220.955ms       6.138ms            36  
2026-09-24 18:45:37                                   volta_gcgemm_64x32_nt         0.00%       0.000us         0.00%       0.000us       0.000us     217.887ms         3.24%     217.887ms     712.049us           306  
2026-09-24 18:45:37 void cudnn::detail::dgrad_engine<float, 128, 6, 8, 3...         0.00%       0.000us         0.00%       0.000us       0.000us     187.258ms         2.78%     187.258ms       6.935ms            27  
2026-09-24 18:45:37                                    volta_sgemm_64x64_nt         0.00%       0.000us         0.00%       0.000us       0.000us     184.931ms         2.75%     184.931ms       1.868ms            99  
2026-09-24 18:45:37                                   volta_sgemm_128x64_tn         0.00%       0.000us         0.00%       0.000us       0.000us     176.421ms         2.62%     176.421ms       2.450ms            72  
2026-09-24 18:45:37 void cudnn::detail::dgrad_engine<float, 512, 6, 5, 3...         0.00%       0.000us         0.00%       0.000us       0.000us     162.309ms         2.41%     162.309ms       9.017ms            18  
2026-09-24 18:45:37 void cudnn::engines_precompiled::nhwcToNchwKernel<fl...         0.00%       0.000us         0.00%       0.000us       0.000us     152.205ms         2.26%     152.205ms     208.786us           729  
2026-09-24 18:45:37                                   volta_gcgemm_64x32_tn         0.00%       0.000us         0.00%       0.000us       0.000us     148.433ms         2.20%     148.433ms       1.649ms            90  
2026-09-24 18:45:37                                  volta_sgemm_128x128_nt         0.00%       0.000us         0.00%       0.000us       0.000us     139.037ms         2.06%     139.037ms       2.207ms            63  
2026-09-24 18:45:37 void cudnn::engines_precompiled::nchwToNhwcKernel<fl...         0.00%       0.000us         0.00%       0.000us       0.000us     131.469ms         1.95%     131.469ms     347.801us           378  
2026-09-24 18:45:37 void wgrad_alg0_engine_NHWC<float, 512, 6, 5, 3, 3, ...         0.00%       0.000us         0.00%       0.000us       0.000us     121.516ms         1.80%     121.516ms      13.502ms             9  
2026-09-24 18:45:37 void fft2d_c2r_32x32<float, false, false, 0u, false,...         0.00%       0.000us         0.00%       0.000us       0.000us     107.646ms         1.60%     107.646ms     351.785us           306  
2026-09-24 18:45:37                                    volta_sgemm_64x64_nn         0.00%       0.000us         0.00%       0.000us       0.000us      87.114ms         1.29%      87.114ms       1.936ms            45  
2026-09-24 18:45:37 _5x_cudnn_volta_scudnn_128x64_sliced1x2_ldg4_relu_ex...         0.00%       0.000us         0.00%       0.000us       0.000us      84.909ms         1.26%      84.909ms       2.359ms            36  
2026-09-24 18:45:37 _5x_cudnn_volta_scudnn_128x128_dgrad_exp_medium_nhwc...         0.00%       0.000us         0.00%       0.000us       0.000us      83.349ms         1.24%      83.349ms       4.630ms            18  
2026-09-24 18:45:37 void wgrad_alg0_engine_NHWC<float, 128, 6, 7, 3, 3, ...         0.00%       0.000us         0.00%       0.000us       0.000us      77.240ms         1.15%      77.240ms       8.582ms             9  
2026-09-24 18:45:37                                Optimizer.step#Adam.step         0.00%       0.000us         0.00%       0.000us       0.000us      73.355ms         1.09%      73.355ms       8.151ms             9  
2026-09-24 18:45:37 void fft2d_r2c_32x32<float, false, 0u, false>(float2...         0.00%       0.000us         0.00%       0.000us       0.000us      73.342ms         1.09%      73.342ms     271.637us           270  
2026-09-24 18:45:37                                Optimizer.step#Adam.step         0.13%       8.772ms         0.18%      11.992ms       1.332ms       0.000us         0.00%      73.305ms       8.145ms             9  
2026-09-24 18:45:37                                      aten::_fused_adam_         0.01%     992.621us         0.02%       1.338ms     148.620us      73.223ms         1.09%      73.223ms       8.136ms             9  
2026-09-24 18:45:37 void at::native::(anonymous namespace)::multi_tensor...         0.00%       0.000us         0.00%       0.000us       0.000us      73.223ms         1.09%      73.223ms       1.627ms            45  
2026-09-24 18:45:37 autograd::engine::evaluate_function: MaxPool2DWithIn...         0.00%      93.432us         0.01%     587.147us      65.239us       0.000us         0.00%      61.475ms       6.831ms             9  
2026-09-24 18:45:37                           MaxPool2DWithIndicesBackward0         0.00%      37.034us         0.01%     493.715us      54.857us       0.000us         0.00%      61.475ms       6.831ms             9  
2026-09-24 18:45:37                  aten::max_pool2d_with_indices_backward         0.00%     199.210us         0.01%     456.681us      50.742us      52.418ms         0.78%      61.475ms       6.831ms             9  
2026-09-24 18:45:37 void cudnn::winograd_nonfused::winogradWgradDelta4x4...         0.00%       0.000us         0.00%       0.000us       0.000us      58.260ms         0.87%      58.260ms     497.951us           117  
2026-09-24 18:45:37 void fft2d_r2c_16x16<float>(float2*, float const*, i...         0.00%       0.000us         0.00%       0.000us       0.000us      56.827ms         0.84%      56.827ms     315.706us           180  
2026-09-24 18:45:37 void cudnn::winograd_nonfused::winogradWgradData4x4<...         0.00%       0.000us         0.00%       0.000us       0.000us      55.388ms         0.82%      55.388ms     473.402us           117  
2026-09-24 18:45:37 void at::native::(anonymous namespace)::max_pool_bac...         0.00%       0.000us         0.00%       0.000us       0.000us      52.418ms         0.78%      52.418ms       5.824ms             9  
2026-09-24 18:45:37 void wgrad_alg0_engine_NHWC<float, 128, 6, 8, 3, 3, ...         0.00%       0.000us         0.00%       0.000us       0.000us      51.627ms         0.77%      51.627ms       5.736ms             9  
2026-09-24 18:45:37         _5x_cudnn_volta_scudnn_128x64_relu_medium_nn_v1         0.00%       0.000us         0.00%       0.000us       0.000us      40.068ms         0.59%      40.068ms       4.452ms             9  
2026-09-24 18:45:37                                  volta_sgemm_128x128_nn         0.00%       0.000us         0.00%       0.000us       0.000us      35.740ms         0.53%      35.740ms       1.986ms            18  
2026-09-24 18:45:37 void cudnn::batchnorm_bwtr_nhwc_semiPersist<float, f...         0.00%       0.000us         0.00%       0.000us       0.000us      28.867ms         0.43%      28.867ms     356.387us            81  
2026-09-24 18:45:37                                        aten::max_pool2d         0.00%      31.686us         0.01%     450.998us      50.111us       0.000us         0.00%      27.882ms       3.098ms             9  
2026-09-24 18:45:37                           aten::max_pool2d_with_indices         0.00%     319.994us         0.01%     419.312us      46.590us      27.882ms         0.41%      27.882ms       3.098ms             9  
2026-09-24 18:45:37 void at::native::(anonymous namespace)::max_pool_for...         0.00%       0.000us         0.00%       0.000us       0.000us      27.882ms         0.41%      27.882ms       3.098ms             9  
2026-09-24 18:45:37 void cudnn::engines_precompiled::scalePackedTensor_k...         0.00%       0.000us         0.00%       0.000us       0.000us      22.867ms         0.34%      22.867ms     508.152us            45  
2026-09-24 18:45:37 void fft2d_c2r_16x16<float, false>(float*, float2*, ...         0.00%       0.000us         0.00%       0.000us       0.000us      20.479ms         0.30%      20.479ms     227.548us            90  
2026-09-24 18:45:37 void cudnn::batchnorm_fwtr_nhwc_semiPersist<float, f...         0.00%       0.000us         0.00%       0.000us       0.000us      18.015ms         0.27%      18.015ms     222.406us            81  
2026-09-24 18:45:37 void fft2d_r2c_32x32<float, false, 1u, false>(float2...         0.00%       0.000us         0.00%       0.000us       0.000us      15.358ms         0.23%      15.358ms     243.778us            63  
2026-09-24 18:45:37 void fft2d_r2c_32x32<float, true, 0u, false>(float2*...         0.00%       0.000us         0.00%       0.000us       0.000us      12.272ms         0.18%      12.272ms     340.895us            36  
2026-09-24 18:45:37 void fft2d_r2c_32x32<float, false, 1u, true>(float2*...         0.00%       0.000us         0.00%       0.000us       0.000us      12.009ms         0.18%      12.009ms     222.392us            54  
2026-09-24 18:45:37 void cudnn::winograd_nonfused::winogradWgradOutput4x...         0.00%       0.000us         0.00%       0.000us       0.000us      11.824ms         0.18%      11.824ms     101.059us           117  
2026-09-24 18:45:37                                             aten::copy_         0.01%     936.882us        63.58%        4.238s      78.485ms      10.507ms         0.16%      10.507ms     194.573us            54  
2026-09-24 18:45:37                                             aten::fill_         0.01%     414.356us         0.01%     960.295us      26.675us       9.112ms         0.14%       9.112ms     253.106us            36  
2026-09-24 18:45:37 void at::native::vectorized_elementwise_kernel<4, at...         0.00%       0.000us         0.00%       0.000us       0.000us       9.112ms         0.14%       9.112ms     253.106us            36  
2026-09-24 18:45:37                                             aten::zero_         0.00%     131.070us         0.01%     870.689us      32.248us       0.000us         0.00%       9.097ms     336.917us            27  
2026-09-24 18:45:37                                        aten::contiguous         0.00%      50.822us         0.02%       1.033ms      57.408us       0.000us         0.00%       7.503ms     416.839us            18  
2026-09-24 18:45:37                                             aten::clone         0.00%      84.207us         0.01%     982.522us      54.585us       0.000us         0.00%       7.503ms     416.839us            18  
2026-09-24 18:45:37 void at::native::elementwise_kernel<128, 2, at::nati...         0.00%       0.000us         0.00%       0.000us       0.000us       7.503ms         0.11%       7.503ms     416.839us            18  
2026-09-24 18:45:37 void flip_filter<float, float>(float*, float const*,...         0.00%       0.000us         0.00%       0.000us       0.000us       6.053ms         0.09%       6.053ms     134.520us            45  
2026-09-24 18:45:37 void at::native::elementwise_kernel<128, 2, at::nati...         0.00%       0.000us         0.00%       0.000us       0.000us       4.733ms         0.07%       4.733ms     525.910us             9  
2026-09-24 18:45:37                                              aten::div_         0.00%     146.330us         0.00%     241.795us      26.866us       3.683ms         0.05%       3.683ms     409.211us             9  
2026-09-24 18:45:37 void at::native::elementwise_kernel<128, 2, at::nati...         0.00%       0.000us         0.00%       0.000us       0.000us       3.683ms         0.05%       3.683ms     409.211us             9  
2026-09-24 18:45:37                                               aten::sub         0.00%     295.699us         0.01%     525.977us      58.442us       3.641ms         0.05%       3.641ms     404.535us             9  
2026-09-24 18:45:37 void at::native::elementwise_kernel<128, 2, at::nati...         0.00%       0.000us         0.00%       0.000us       0.000us       3.641ms         0.05%       3.641ms     404.535us             9  
2026-09-24 18:45:37                                              aten::mul_         0.00%     172.807us         0.00%     260.072us      28.897us       3.613ms         0.05%       3.613ms     401.402us             9  
2026-09-24 18:45:37 void at::native::vectorized_elementwise_kernel<4, at...         0.00%       0.000us         0.00%       0.000us       0.000us       3.613ms         0.05%       3.613ms     401.402us             9  
2026-09-24 18:45:37                                                aten::to         0.01%     419.845us        63.58%        4.238s       8.262ms       0.000us         0.00%       2.956ms       5.762us           513  
2026-09-24 18:45:37                                          aten::_to_copy         0.00%     241.603us        63.57%        4.238s     156.960ms       0.000us         0.00%       2.956ms     109.479us            27  
2026-09-24 18:45:37 void at::native::unrolled_elementwise_kernel<at::nat...         0.00%       0.000us         0.00%       0.000us       0.000us       2.947ms         0.04%       2.947ms     327.497us             9  
2026-09-24 18:45:37 enumerate(DataLoader)#_SingleProcessDataLoaderIter._...         0.00%       0.000us         0.00%       0.000us       0.000us       2.808ms         0.04%       2.808ms     312.055us             9  
2026-09-24 18:45:37 enumerate(DataLoader)#_SingleProcessDataLoaderIter._...         0.13%       8.504ms         0.36%      23.809ms       1.984ms       0.000us         0.00%       2.677ms     223.068us            12  
2026-09-24 18:45:37                                             aten::stack         0.01%     825.791us         0.06%       3.789ms     210.486us       0.000us         0.00%       2.677ms     148.712us            18  
2026-09-24 18:45:37                                               aten::cat         0.02%       1.099ms         0.03%       2.088ms     115.975us       2.677ms         0.04%       2.677ms     148.712us            18  
2026-09-24 18:45:37 void at::native::(anonymous namespace)::CatArrayBatc...         0.00%       0.000us         0.00%       0.000us       0.000us       2.648ms         0.04%       2.648ms     147.107us            18  
2026-09-24 18:45:37      autograd::engine::evaluate_function: MeanBackward1         0.00%      63.372us         0.01%     560.683us      62.298us       0.000us         0.00%       1.556ms     172.842us             9  
2026-09-24 18:45:37                                           MeanBackward1         0.00%      57.659us         0.01%     497.311us      55.257us       0.000us         0.00%       1.556ms     172.842us             9  
2026-09-24 18:45:37                                               aten::div         0.00%     287.001us         0.01%     381.291us      42.366us       1.556ms         0.02%       1.556ms     172.842us             9  
2026-09-24 18:45:37 void at::native::elementwise_kernel<128, 2, at::nati...         0.00%       0.000us         0.00%       0.000us       0.000us       1.556ms         0.02%       1.556ms     172.842us             9  
2026-09-24 18:45:37                               aten::adaptive_avg_pool2d         0.00%      64.322us         0.01%     538.147us      59.794us       0.000us         0.00%       1.338ms     148.661us             9  
2026-09-24 18:45:37                                              aten::mean         0.00%     274.828us         0.01%     374.659us      41.629us       1.338ms         0.02%       1.338ms     148.661us             9  
2026-09-24 18:45:37 void at::native::reduce_kernel<128, 4, at::native::R...         0.00%       0.000us         0.00%       0.000us       0.000us       1.338ms         0.02%       1.338ms     148.661us             9  
2026-09-24 18:45:37 -------------------------------------------------------  ------------  ------------  ------------  ------------  ------------  ------------  ------------  ------------  ------------  ------------  
2026-09-24 18:45:37 Self CPU time total: 6.666s
2026-09-24 18:45:37 Self CUDA time total: 6.735s
2026-09-24 18:45:38 
2026-09-24 18:45:38 Train 1st Epoch Profiler:
2026-09-24 18:45:38 -------------------------------------------------------  ------------  ------------  ------------  ------------  ------------  ------------  ------------  ------------  ------------  ------------  
2026-09-24 18:45:38                                                    Name    Self CPU %      Self CPU   CPU total %     CPU total  CPU time avg     Self CUDA   Self CUDA %    CUDA total  CUDA time avg    # of Calls  
2026-09-24 18:45:38 -------------------------------------------------------  ------------  ------------  ------------  ------------  ------------  ------------  ------------  ------------  ------------  ------------  
2026-09-24 18:45:38                                            Unrecognized        29.04%     808.792ms        29.04%     808.792ms       5.428ms     373.027ms        16.52%     373.027ms       2.504ms           149  
2026-09-24 18:45:38                                        cudaLaunchKernel        10.77%     300.043ms        28.42%     791.741ms     303.001us       0.000us         0.00%     273.399ms     104.630us          2613  
2026-09-24 18:45:38                                                aten::to         0.01%     173.522us        25.52%     710.869ms       4.157ms       0.000us         0.00%       1.643ms       9.611us           171  
2026-09-24 18:45:38                                          aten::_to_copy         0.00%      79.532us        25.51%     710.695ms      78.966ms       0.000us         0.00%       1.643ms     182.605us             9  
2026-09-24 18:45:38                                             aten::copy_         0.01%     288.865us        25.51%     710.551ms      39.475ms       3.775ms         0.17%       4.257ms     236.473us            18  
2026-09-24 18:45:38                                   cudaStreamSynchronize        25.48%     709.846ms        25.48%     709.846ms     118.308ms       0.000us         0.00%       0.000us       0.000us             6  
2026-09-24 18:45:38                                   cudaDeviceSynchronize        25.20%     701.852ms        25.20%     701.852ms     701.852ms       0.000us         0.00%       0.000us       0.000us             1  
2026-09-24 18:45:38                                            aten::conv2d         0.02%     425.560us        12.41%     345.547ms       2.173ms       0.000us         0.00%     816.221ms       5.133ms           159  
2026-09-24 18:45:38                                       aten::convolution         0.05%       1.506ms        12.39%     345.122ms       2.171ms       0.000us         0.00%     816.221ms       5.133ms           159  
2026-09-24 18:45:38                                      aten::_convolution         0.04%       1.136ms        12.34%     343.616ms       2.161ms       0.000us         0.00%     816.221ms       5.133ms           159  
2026-09-24 18:45:38                                 aten::cudnn_convolution         3.51%      97.797ms        12.29%     342.263ms       2.153ms     504.940ms        22.36%     814.882ms       5.125ms           159  
2026-09-24 18:45:38 autograd::engine::evaluate_function: ConvolutionBack...         0.09%       2.489ms        10.83%     301.689ms       1.897ms       0.000us         0.00%        1.090s       6.857ms           159  
2026-09-24 18:45:38                                    ConvolutionBackward0         0.02%     669.074us        10.70%     298.138ms       1.875ms       0.000us         0.00%        1.025s       6.447ms           159  
2026-09-24 18:45:38                              aten::convolution_backward         0.95%      26.595ms        10.68%     297.469ms       1.871ms        1.024s        45.34%        1.025s       6.447ms           159  
2026-09-24 18:45:38                                Optimizer.step#Adam.step         0.23%       6.457ms         6.32%     176.169ms      58.723ms       0.000us         0.00%      48.601ms      16.200ms             3  
2026-09-24 18:45:38                                     aten::_foreach_add_         0.02%     444.930us         5.58%     155.408ms      51.803ms      26.240us         0.00%      50.525us      16.842us             3  
2026-09-24 18:45:38                               aten::adaptive_avg_pool2d         0.00%      39.477us         2.58%      71.820ms      23.940ms       0.000us         0.00%     885.915us     295.305us             3  
2026-09-24 18:45:38                                              aten::mean         0.01%     160.745us         2.58%      71.740ms      23.913ms     444.030us         0.02%     885.915us     295.305us             3  
2026-09-24 18:45:38                                        aten::batch_norm         0.01%     335.271us         1.25%      34.906ms     219.538us       0.000us         0.00%     144.230ms     907.109us           159  
2026-09-24 18:45:38                            aten::_batch_norm_impl_index         0.03%     740.402us         1.24%      34.571ms     217.429us       0.000us         0.00%     144.230ms     907.109us           159  
2026-09-24 18:45:38                                  aten::cudnn_batch_norm         0.33%       9.114ms         1.21%      33.831ms     212.772us     134.373ms         5.95%     144.230ms     907.109us           159  
2026-09-24 18:45:38 autograd::engine::evaluate_function: CudnnBatchNormB...         0.08%       2.308ms         1.02%      28.465ms     179.024us       0.000us         0.00%     211.027ms       1.327ms           159  
2026-09-24 18:45:38                                 CudnnBatchNormBackward0         0.02%     690.704us         0.94%      26.157ms     164.512us       0.000us         0.00%     211.027ms       1.327ms           159  
2026-09-24 18:45:38                                    cudaFuncSetAttribute         0.46%      12.807ms         0.92%      25.676ms      80.742us       0.000us         0.00%       9.858ms      30.999us           318  
2026-09-24 18:45:38                         aten::cudnn_batch_norm_backward         0.17%       4.661ms         0.91%      25.467ms     160.168us     211.027ms         9.35%     211.027ms       1.327ms           159  
2026-09-24 18:45:38                                aten::cross_entropy_loss         0.00%      47.420us         0.71%      19.888ms       6.629ms       0.000us         0.00%      41.824us      13.941us             3  
2026-09-24 18:45:38                                             aten::relu_         0.07%       1.981ms         0.71%      19.785ms     134.593us       0.000us         0.00%      82.221ms     559.326us           147  
2026-09-24 18:45:38                                        aten::clamp_min_         0.06%       1.635ms         0.64%      17.804ms     121.117us      75.945ms         3.36%      82.221ms     559.326us           147  
2026-09-24 18:45:38                                            aten::linear         0.00%      29.805us         0.59%      16.538ms       5.513ms       0.000us         0.00%     141.985us      47.328us             3  
2026-09-24 18:45:38                                             aten::addmm         0.07%       1.982ms         0.59%      16.463ms       5.488ms      60.705us         0.00%     141.985us      47.328us             3  
2026-09-24 18:45:38           cudaOccupancyMaxActiveBlocksPerMultiprocessor         0.04%       1.167ms         0.56%      15.565ms      29.762us       0.000us         0.00%      63.325ms     121.080us           523  
2026-09-24 18:45:38                                       aten::log_softmax         0.00%      28.543us         0.50%      13.956ms       4.652ms       0.000us         0.00%      14.560us       4.853us             3  
2026-09-24 18:45:38                                      aten::_log_softmax         0.00%     119.411us         0.50%      13.925ms       4.642ms       7.168us         0.00%      14.560us       4.853us             3  
2026-09-24 18:45:38                                             aten::empty         0.36%      10.142ms         0.50%      13.814ms       7.792us       0.000us         0.00%       0.000us       0.000us          1773  
2026-09-24 18:45:38      autograd::engine::evaluate_function: ReluBackward0         0.04%       1.159ms         0.49%      13.758ms      93.593us       0.000us         0.00%     112.136ms     762.832us           147  
2026-09-24 18:45:38                                           ReluBackward0         0.02%     540.868us         0.45%      12.600ms      85.711us       0.000us         0.00%     112.136ms     762.832us           147  
2026-09-24 18:45:38                                              cudaMalloc         0.45%      12.556ms         0.45%      12.556ms     142.679us       0.000us         0.00%       0.000us       0.000us            88  
2026-09-24 18:45:38                                    cudaGetSymbolAddress         0.44%      12.128ms         0.44%      12.290ms      12.290ms       0.000us         0.00%      26.445ms      26.445ms             1  
2026-09-24 18:45:38                                aten::threshold_backward         0.09%       2.525ms         0.43%      12.059ms      82.032us     112.136ms         4.97%     112.136ms     762.832us           147  
2026-09-24 18:45:38                                             aten::fill_         0.09%       2.408ms         0.41%      11.365ms      22.959us       4.272ms         0.19%       4.277ms       8.641us           495  
2026-09-24 18:45:38     autograd::engine::evaluate_function: AddmmBackward0         0.00%      99.487us         0.37%      10.391ms       3.464ms       0.000us         0.00%      90.623us      30.208us             3  
2026-09-24 18:45:38 enumerate(DataLoader)#_SingleProcessDataLoaderIter._...         0.14%       3.788ms         0.36%      10.007ms       2.502ms       0.000us         0.00%       2.715ms     678.644us             4  
2026-09-24 18:45:38                                        aten::zeros_like         0.02%     650.256us         0.34%       9.501ms      29.505us       0.000us         0.00%       1.008ms       3.131us           322  
2026-09-24 18:45:38                                               aten::sum         0.00%     118.517us         0.34%       9.362ms       3.121ms      32.608us         0.00%      32.608us      10.869us             3  
2026-09-24 18:45:38                                        aten::empty_like         0.03%     893.830us         0.32%       8.994ms      18.356us       0.000us         0.00%       0.000us       0.000us           490  
2026-09-24 18:45:38                                             aten::zero_         0.05%       1.312ms         0.25%       7.037ms      14.303us       0.000us         0.00%       4.267ms       8.674us           492  
2026-09-24 18:45:38                                              aten::add_         0.14%       4.006ms         0.23%       6.384ms      24.744us     129.925ms         5.75%     133.025ms     515.600us           258  
2026-09-24 18:45:38                                               aten::sub         0.00%     134.836us         0.21%       5.963ms       1.988ms       1.317ms         0.06%       2.854ms     951.291us             3  
2026-09-24 18:45:38                                       aten::nll_loss_nd         0.00%      16.901us         0.21%       5.884ms       1.961ms       0.000us         0.00%      27.264us       9.088us             3  
2026-09-24 18:45:38                                          aten::nll_loss         0.00%      26.074us         0.21%       5.867ms       1.956ms       0.000us         0.00%      27.264us       9.088us             3  
2026-09-24 18:45:38                                  aten::nll_loss_forward         0.00%     110.201us         0.21%       5.841ms       1.947ms      13.440us         0.00%      27.264us       9.088us             3  
2026-09-24 18:45:38                                         aten::ones_like         0.00%      18.405us         0.21%       5.716ms       1.905ms       0.000us         0.00%       9.759us       3.253us             3  
2026-09-24 18:45:38 autograd::engine::evaluate_function: torch::autograd...         0.08%       2.199ms         0.17%       4.769ms       9.875us       0.000us         0.00%       0.000us       0.000us           483  
2026-09-24 18:45:38                                     aten::empty_strided         0.08%       2.178ms         0.16%       4.455ms      13.339us       0.000us         0.00%       0.000us       0.000us           334  
2026-09-24 18:45:38 cudaOccupancyMaxActiveBlocksPerMultiprocessorWithFla...         0.16%       4.387ms         0.16%       4.387ms     548.381us       0.000us         0.00%       0.000us       0.000us             8  
2026-09-24 18:45:38                                         cudaMemsetAsync         0.14%       3.989ms         0.14%       3.989ms       8.543us       0.000us         0.00%       0.000us       0.000us           467  
2026-09-24 18:45:38                                              aten::div_         0.00%      81.948us         0.14%       3.863ms       1.288ms       1.355ms         0.06%       2.993ms     997.509us             3  
2026-09-24 18:45:38                                              aten::mul_         0.00%      97.166us         0.14%       3.863ms       1.288ms       1.194ms         0.05%       2.377ms     792.177us             3  
2026-09-24 18:45:38                                             aten::stack         0.01%     371.816us         0.13%       3.734ms     622.286us       0.000us         0.00%       2.715ms     452.430us             6  
2026-09-24 18:45:38                                             aten::zeros         0.01%     368.654us         0.13%       3.733ms      23.185us       0.000us         0.00%     237.151us       1.473us           161  
2026-09-24 18:45:38                             cudaLaunchCooperativeKernel         0.11%       3.119ms         0.11%       3.119ms       9.808us       0.000us         0.00%       0.000us       0.000us           318  
2026-09-24 18:45:38                                               aten::cat         0.02%     438.532us         0.11%       2.943ms     490.504us       1.166ms         0.05%       2.715ms     452.430us             6  
2026-09-24 18:45:38                                  cudaDeviceGetAttribute         0.10%       2.798ms         0.10%       2.798ms      40.556us       0.000us         0.00%       0.000us       0.000us            69  
2026-09-24 18:45:38                         torch::autograd::AccumulateGrad         0.04%       1.193ms         0.09%       2.571ms       5.322us       0.000us         0.00%       0.000us       0.000us           483  
2026-09-24 18:45:38                                                cudaFree         0.09%       2.460ms         0.09%       2.460ms     615.056us       0.000us         0.00%       0.000us       0.000us             4  
2026-09-24 18:45:38                                        aten::max_pool2d         0.00%      19.694us         0.08%       2.104ms     701.352us       0.000us         0.00%      24.201ms       8.067ms             3  
2026-09-24 18:45:38                           aten::max_pool2d_with_indices         0.01%     159.975us         0.07%       2.084ms     694.787us      10.780ms         0.48%      24.201ms       8.067ms             3  
2026-09-24 18:45:38                                            aten::select         0.05%       1.409ms         0.06%       1.705ms       2.960us       0.000us         0.00%       0.000us       0.000us           576  
2026-09-24 18:45:38                              cudaGetDeviceProperties_v2         0.06%       1.609ms         0.06%       1.609ms     804.559us       0.000us         0.00%       0.000us       0.000us             2  
2026-09-24 18:45:38                                            aten::detach         0.02%     542.836us         0.05%       1.405ms       2.890us       0.000us         0.00%       0.000us       0.000us           486  
2026-09-24 18:45:38                                           cudaHostAlloc         0.04%       1.162ms         0.04%       1.162ms     581.099us       0.000us         0.00%       0.000us       0.000us             2  
2026-09-24 18:45:38                                      aten::_fused_adam_         0.01%     337.043us         0.04%       1.061ms     353.658us      23.835ms         1.06%      47.305ms      15.768ms             3  
2026-09-24 18:45:38                      Optimizer.zero_grad#Adam.zero_grad         0.04%       1.050ms         0.04%       1.050ms     350.004us       0.000us         0.00%       0.000us       0.000us             3  
2026-09-24 18:45:38                                          AddmmBackward0         0.00%      64.148us         0.03%     915.242us     305.081us       0.000us         0.00%      58.015us      19.338us             3  
2026-09-24 18:45:38                                                  detach         0.03%     861.936us         0.03%     861.936us       1.774us       0.000us         0.00%       0.000us       0.000us           486  
2026-09-24 18:45:38                                                aten::mm         0.02%     448.562us         0.03%     778.598us     129.766us      58.015us         0.00%      58.015us       9.669us             6  
2026-09-24 18:45:38                                     cudaStreamWaitEvent         0.02%     688.801us         0.02%     688.801us       0.844us       0.000us         0.00%       0.000us       0.000us           816  
2026-09-24 18:45:38                                              aten::view         0.02%     627.378us         0.02%     627.378us       1.867us       0.000us         0.00%       0.000us       0.000us           336  
2026-09-24 18:45:38                                         cudaEventRecord         0.02%     486.631us         0.02%     486.631us       1.014us       0.000us         0.00%       0.000us       0.000us           480  
2026-09-24 18:45:38 autograd::engine::evaluate_function: NllLossBackward...         0.00%      79.047us         0.02%     484.949us     161.650us       0.000us         0.00%      14.080us       4.693us             3  
2026-09-24 18:45:38                                        aten::as_strided         0.02%     472.199us         0.02%     472.199us       0.528us       0.000us         0.00%       0.000us       0.000us           894  
2026-09-24 18:45:38      autograd::engine::evaluate_function: MeanBackward1         0.00%      25.762us         0.02%     457.896us     152.632us       0.000us         0.00%     477.149us     159.050us             3  
2026-09-24 18:45:38                               cudaStreamCreateWithFlags         0.02%     441.400us         0.02%     441.400us      13.794us       0.000us         0.00%       0.000us       0.000us            32  
2026-09-24 18:45:38                                           MeanBackward1         0.00%      30.112us         0.02%     432.134us     144.045us       0.000us         0.00%     477.149us     159.050us             3  
2026-09-24 18:45:38                                         aten::unsqueeze         0.01%     283.249us         0.01%     408.487us       1.418us       0.000us         0.00%       0.000us       0.000us           288  
2026-09-24 18:45:38                                        NllLossBackward0         0.00%      31.077us         0.01%     405.902us     135.301us       0.000us         0.00%      14.080us       4.693us             3  
2026-09-24 18:45:38                                               aten::div         0.00%     123.596us         0.01%     377.244us     125.748us     477.149us         0.02%     477.149us     159.050us             3  
2026-09-24 18:45:38                                 aten::nll_loss_backward         0.00%     112.713us         0.01%     374.825us     124.942us       9.344us         0.00%      14.080us       4.693us             3  
2026-09-24 18:45:38 autograd::engine::evaluate_function: AsStridedBackwa...         0.00%      24.322us         0.01%     347.581us     115.860us       0.000us         0.00%      21.921us       7.307us             3  
2026-09-24 18:45:38                                        aten::contiguous         0.00%      21.169us         0.01%     339.174us      56.529us       0.000us         0.00%       2.599ms     433.128us             6  
2026-09-24 18:45:38                                      AsStridedBackward1         0.00%      58.181us         0.01%     323.259us     107.753us       0.000us         0.00%      21.921us       7.307us             3  
2026-09-24 18:45:38                                             aten::clone         0.00%      28.055us         0.01%     318.005us      53.001us       0.000us         0.00%       2.599ms     433.128us             6  
2026-09-24 18:45:38       autograd::engine::evaluate_function: AddBackward0         0.01%     270.675us         0.01%     317.399us       6.612us       0.000us         0.00%       0.000us       0.000us            48  
2026-09-24 18:45:38 autograd::engine::evaluate_function: MaxPool2DWithIn...         0.00%      38.954us         0.01%     304.802us     101.601us       0.000us         0.00%      20.133ms       6.711ms             3  
2026-09-24 18:45:38                           MaxPool2DWithIndicesBackward0         0.00%      38.741us         0.01%     265.848us      88.616us       0.000us         0.00%      20.133ms       6.711ms             3  
2026-09-24 18:45:38                  aten::max_pool2d_with_indices_backward         0.00%      82.929us         0.01%     227.107us      75.702us      17.124ms         0.76%      20.133ms       6.711ms             3  
2026-09-24 18:45:38 autograd::engine::evaluate_function: LogSoftmaxBackw...         0.00%      30.903us         0.01%     215.085us      71.695us       0.000us         0.00%       5.889us       1.963us             3  
2026-09-24 18:45:38                                     LogSoftmaxBackward0         0.00%      31.028us         0.01%     184.182us      61.394us       0.000us         0.00%       5.889us       1.963us             3  
2026-09-24 18:45:38                                     cudaPeekAtLastError         0.01%     177.303us         0.01%     177.303us       0.233us       0.000us         0.00%       0.000us       0.000us           762  
2026-09-24 18:45:38                                         cudaMemcpyAsync         0.01%     163.440us         0.01%     163.440us      18.160us       0.000us         0.00%       0.000us       0.000us             9  
2026-09-24 18:45:38 -------------------------------------------------------  ------------  ------------  ------------  ------------  ------------  ------------  ------------  ------------  ------------  ------------  
2026-09-24 18:45:38 Self CPU time total: 2.786s
2026-09-24 18:45:38 Self CUDA time total: 2.258s
2026-09-24 18:45:38 
2026-09-24 18:45:38 -------------------------------------------------------  ------------  ------------  ------------  ------------  ------------  ------------  ------------  ------------  ------------  ------------  
2026-09-24 18:45:38                                                    Name    Self CPU %      Self CPU   CPU total %     CPU total  CPU time avg     Self CUDA   Self CUDA %    CUDA total  CUDA time avg    # of Calls  
2026-09-24 18:45:38 -------------------------------------------------------  ------------  ------------  ------------  ------------  ------------  ------------  ------------  ------------  ------------  ------------  
2026-09-24 18:45:38 autograd::engine::evaluate_function: ConvolutionBack...         0.09%       2.489ms        10.83%     301.689ms       1.897ms       0.000us         0.00%        1.090s       6.857ms           159  
2026-09-24 18:45:38                                    ConvolutionBackward0         0.02%     669.074us        10.70%     298.138ms       1.875ms       0.000us         0.00%        1.025s       6.447ms           159  
2026-09-24 18:45:38                              aten::convolution_backward         0.95%      26.595ms        10.68%     297.469ms       1.871ms        1.024s        45.34%        1.025s       6.447ms           159  
2026-09-24 18:45:38                                            aten::conv2d         0.02%     425.560us        12.41%     345.547ms       2.173ms       0.000us         0.00%     816.221ms       5.133ms           159  
2026-09-24 18:45:38                                       aten::convolution         0.05%       1.506ms        12.39%     345.122ms       2.171ms       0.000us         0.00%     816.221ms       5.133ms           159  
2026-09-24 18:45:38                                      aten::_convolution         0.04%       1.136ms        12.34%     343.616ms       2.161ms       0.000us         0.00%     816.221ms       5.133ms           159  
2026-09-24 18:45:38                                 aten::cudnn_convolution         3.51%      97.797ms        12.29%     342.263ms       2.153ms     504.940ms        22.36%     814.882ms       5.125ms           159  
2026-09-24 18:45:38                                            Unrecognized        29.04%     808.792ms        29.04%     808.792ms       5.428ms     373.027ms        16.52%     373.027ms       2.504ms           149  
2026-09-24 18:45:38                                        cudaLaunchKernel        10.77%     300.043ms        28.42%     791.741ms     303.001us       0.000us         0.00%     273.399ms     104.630us          2613  
2026-09-24 18:45:38 autograd::engine::evaluate_function: CudnnBatchNormB...         0.08%       2.308ms         1.02%      28.465ms     179.024us       0.000us         0.00%     211.027ms       1.327ms           159  
2026-09-24 18:45:38                                 CudnnBatchNormBackward0         0.02%     690.704us         0.94%      26.157ms     164.512us       0.000us         0.00%     211.027ms       1.327ms           159  
2026-09-24 18:45:38                         aten::cudnn_batch_norm_backward         0.17%       4.661ms         0.91%      25.467ms     160.168us     211.027ms         9.35%     211.027ms       1.327ms           159  
2026-09-24 18:45:38 void cudnn::batchnorm_bwtr_nhwc_semiPersist<float, f...         0.00%       0.000us         0.00%       0.000us       0.000us     201.590ms         8.93%     201.590ms       1.527ms           132  
2026-09-24 18:45:38                                   volta_sgemm_128x64_nn         0.00%       0.000us         0.00%       0.000us       0.000us     179.862ms         7.97%     179.862ms       2.306ms            78  
2026-09-24 18:45:38                                   volta_sgemm_128x64_nt         0.00%       0.000us         0.00%       0.000us       0.000us     169.418ms         7.50%     169.418ms       2.017ms            84  
2026-09-24 18:45:38                                        aten::batch_norm         0.01%     335.271us         1.25%      34.906ms     219.538us       0.000us         0.00%     144.230ms     907.109us           159  
2026-09-24 18:45:38                            aten::_batch_norm_impl_index         0.03%     740.402us         1.24%      34.571ms     217.429us       0.000us         0.00%     144.230ms     907.109us           159  
2026-09-24 18:45:38                                  aten::cudnn_batch_norm         0.33%       9.114ms         1.21%      33.831ms     212.772us     134.373ms         5.95%     144.230ms     907.109us           159  
2026-09-24 18:45:38                                              aten::add_         0.14%       4.006ms         0.23%       6.384ms      24.744us     129.925ms         5.75%     133.025ms     515.600us           258  
2026-09-24 18:45:38 _5x_cudnn_volta_scudnn_128x128_relu_exp_small_nhwc_t...         0.00%       0.000us         0.00%       0.000us       0.000us     131.577ms         5.83%     131.577ms       3.987ms            33  
2026-09-24 18:45:38                                  volta_sgemm_128x128_tn         0.00%       0.000us         0.00%       0.000us       0.000us     131.427ms         5.82%     131.427ms       2.434ms            54  
2026-09-24 18:45:38 void at::native::vectorized_elementwise_kernel<4, at...         0.00%       0.000us         0.00%       0.000us       0.000us     129.493ms         5.73%     129.493ms       1.308ms            99  
2026-09-24 18:45:38 void cudnn::batchnorm_fwtr_nhwc_semiPersist<float, f...         0.00%       0.000us         0.00%       0.000us       0.000us     128.217ms         5.68%     128.217ms     971.341us           132  
2026-09-24 18:45:38      autograd::engine::evaluate_function: ReluBackward0         0.04%       1.159ms         0.49%      13.758ms      93.593us       0.000us         0.00%     112.136ms     762.832us           147  
2026-09-24 18:45:38                                           ReluBackward0         0.02%     540.868us         0.45%      12.600ms      85.711us       0.000us         0.00%     112.136ms     762.832us           147  
2026-09-24 18:45:38                                aten::threshold_backward         0.09%       2.525ms         0.43%      12.059ms      82.032us     112.136ms         4.97%     112.136ms     762.832us           147  
2026-09-24 18:45:38 void at::native::vectorized_elementwise_kernel<4, at...         0.00%       0.000us         0.00%       0.000us       0.000us     110.640ms         4.90%     110.640ms     768.336us           144  
2026-09-24 18:45:38                                             aten::relu_         0.07%       1.981ms         0.71%      19.785ms     134.593us       0.000us         0.00%      82.221ms     559.326us           147  
2026-09-24 18:45:38                                        aten::clamp_min_         0.06%       1.635ms         0.64%      17.804ms     121.117us      75.945ms         3.36%      82.221ms     559.326us           147  
2026-09-24 18:45:38 void at::native::vectorized_elementwise_kernel<4, at...         0.00%       0.000us         0.00%       0.000us       0.000us      75.945ms         3.36%      75.945ms     516.631us           147  
2026-09-24 18:45:38                                   volta_gcgemm_64x32_nt         0.00%       0.000us         0.00%       0.000us       0.000us      75.581ms         3.35%      75.581ms     740.990us           102  
2026-09-24 18:45:38 void cudnn::cnn::wgrad_alg1_engine_NHWC<float, float...         0.00%       0.000us         0.00%       0.000us       0.000us      71.890ms         3.18%      71.890ms       5.991ms            12  
2026-09-24 18:45:38           cudaOccupancyMaxActiveBlocksPerMultiprocessor         0.04%       1.167ms         0.56%      15.565ms      29.762us       0.000us         0.00%      63.325ms     121.080us           523  
2026-09-24 18:45:38 void cudnn::detail::dgrad_engine<float, 128, 6, 8, 3...         0.00%       0.000us         0.00%       0.000us       0.000us      61.993ms         2.75%      61.993ms       6.888ms             9  
2026-09-24 18:45:38                                    volta_sgemm_64x64_nt         0.00%       0.000us         0.00%       0.000us       0.000us      60.189ms         2.67%      60.189ms       1.824ms            33  
2026-09-24 18:45:38                                   volta_sgemm_128x64_tn         0.00%       0.000us         0.00%       0.000us       0.000us      58.726ms         2.60%      58.726ms       2.447ms            24  
2026-09-24 18:45:38 void cudnn::engines_precompiled::nhwcToNchwKernel<fl...         0.00%       0.000us         0.00%       0.000us       0.000us      51.906ms         2.30%      51.906ms     213.606us           243  
2026-09-24 18:45:38 void cudnn::detail::dgrad_engine<float, 512, 6, 5, 3...         0.00%       0.000us         0.00%       0.000us       0.000us      50.471ms         2.24%      50.471ms       8.412ms             6  
2026-09-24 18:45:38                                   volta_gcgemm_64x32_tn         0.00%       0.000us         0.00%       0.000us       0.000us      50.113ms         2.22%      50.113ms       1.670ms            30  
2026-09-24 18:45:38                                Optimizer.step#Adam.step         0.23%       6.457ms         6.32%     176.169ms      58.723ms       0.000us         0.00%      48.601ms      16.200ms             3  
2026-09-24 18:45:38                                      aten::_fused_adam_         0.01%     337.043us         0.04%       1.061ms     353.658us      23.835ms         1.06%      47.305ms      15.768ms             3  
2026-09-24 18:45:38                                  volta_sgemm_128x128_nt         0.00%       0.000us         0.00%       0.000us       0.000us      44.562ms         1.97%      44.562ms       2.122ms            21  
2026-09-24 18:45:38 void cudnn::engines_precompiled::nchwToNhwcKernel<fl...         0.00%       0.000us         0.00%       0.000us       0.000us      43.693ms         1.93%      43.693ms     346.766us           126  
2026-09-24 18:45:38 void wgrad_alg0_engine_NHWC<float, 512, 6, 5, 3, 3, ...         0.00%       0.000us         0.00%       0.000us       0.000us      39.766ms         1.76%      39.766ms      13.255ms             3  
2026-09-24 18:45:38 void fft2d_c2r_32x32<float, false, false, 0u, false,...         0.00%       0.000us         0.00%       0.000us       0.000us      36.653ms         1.62%      36.653ms     359.343us           102  
2026-09-24 18:45:38 _5x_cudnn_volta_scudnn_128x64_sliced1x2_ldg4_relu_ex...         0.00%       0.000us         0.00%       0.000us       0.000us      32.025ms         1.42%      32.025ms       2.669ms            12  
2026-09-24 18:45:38                                    volta_sgemm_64x64_nn         0.00%       0.000us         0.00%       0.000us       0.000us      28.310ms         1.25%      28.310ms       1.887ms            15  
2026-09-24 18:45:38                                Optimizer.step#Adam.step         0.00%       0.000us         0.00%       0.000us       0.000us      26.564ms         1.18%      26.564ms       8.855ms             3  
2026-09-24 18:45:38                                    cudaGetSymbolAddress         0.44%      12.128ms         0.44%      12.290ms      12.290ms       0.000us         0.00%      26.445ms      26.445ms             1  
2026-09-24 18:45:38 void fft2d_r2c_32x32<float, false, 0u, false>(float2...         0.00%       0.000us         0.00%       0.000us       0.000us      25.066ms         1.11%      25.066ms     278.516us            90  
2026-09-24 18:45:38 _5x_cudnn_volta_scudnn_128x128_dgrad_exp_medium_nhwc...         0.00%       0.000us         0.00%       0.000us       0.000us      24.954ms         1.11%      24.954ms       4.159ms             6  
2026-09-24 18:45:38 void wgrad_alg0_engine_NHWC<float, 128, 6, 7, 3, 3, ...         0.00%       0.000us         0.00%       0.000us       0.000us      24.861ms         1.10%      24.861ms       8.287ms             3  
2026-09-24 18:45:38                                        aten::max_pool2d         0.00%      19.694us         0.08%       2.104ms     701.352us       0.000us         0.00%      24.201ms       8.067ms             3  
2026-09-24 18:45:38                           aten::max_pool2d_with_indices         0.01%     159.975us         0.07%       2.084ms     694.787us      10.780ms         0.48%      24.201ms       8.067ms             3  
2026-09-24 18:45:38 void at::native::(anonymous namespace)::multi_tensor...         0.00%       0.000us         0.00%       0.000us       0.000us      23.835ms         1.06%      23.835ms       1.589ms            15  
2026-09-24 18:45:38 autograd::engine::evaluate_function: MaxPool2DWithIn...         0.00%      38.954us         0.01%     304.802us     101.601us       0.000us         0.00%      20.133ms       6.711ms             3  
2026-09-24 18:45:38                           MaxPool2DWithIndicesBackward0         0.00%      38.741us         0.01%     265.848us      88.616us       0.000us         0.00%      20.133ms       6.711ms             3  
2026-09-24 18:45:38                  aten::max_pool2d_with_indices_backward         0.00%      82.929us         0.01%     227.107us      75.702us      17.124ms         0.76%      20.133ms       6.711ms             3  
2026-09-24 18:45:38 void cudnn::winograd_nonfused::winogradWgradDelta4x4...         0.00%       0.000us         0.00%       0.000us       0.000us      19.371ms         0.86%      19.371ms     496.703us            39  
2026-09-24 18:45:38 void fft2d_r2c_16x16<float>(float2*, float const*, i...         0.00%       0.000us         0.00%       0.000us       0.000us      19.200ms         0.85%      19.200ms     319.995us            60  
2026-09-24 18:45:38 void cudnn::winograd_nonfused::winogradWgradData4x4<...         0.00%       0.000us         0.00%       0.000us       0.000us      18.427ms         0.82%      18.427ms     472.492us            39  
2026-09-24 18:45:38         _5x_cudnn_volta_scudnn_128x64_relu_medium_nn_v1         0.00%       0.000us         0.00%       0.000us       0.000us      17.374ms         0.77%      17.374ms       5.791ms             3  
2026-09-24 18:45:38 void at::native::(anonymous namespace)::max_pool_bac...         0.00%       0.000us         0.00%       0.000us       0.000us      17.124ms         0.76%      17.124ms       5.708ms             3  
2026-09-24 18:45:38 void wgrad_alg0_engine_NHWC<float, 128, 6, 8, 3, 3, ...         0.00%       0.000us         0.00%       0.000us       0.000us      16.570ms         0.73%      16.570ms       5.523ms             3  
2026-09-24 18:45:38 void at::native::(anonymous namespace)::max_pool_for...         0.00%       0.000us         0.00%       0.000us       0.000us      10.780ms         0.48%      10.780ms       3.593ms             3  
2026-09-24 18:45:38                                  volta_sgemm_128x128_nn         0.00%       0.000us         0.00%       0.000us       0.000us      10.597ms         0.47%      10.597ms       1.766ms             6  
2026-09-24 18:45:38                                    cudaFuncSetAttribute         0.46%      12.807ms         0.92%      25.676ms      80.742us       0.000us         0.00%       9.858ms      30.999us           318  
2026-09-24 18:45:38 void cudnn::batchnorm_bwtr_nhwc_semiPersist<float, f...         0.00%       0.000us         0.00%       0.000us       0.000us       9.279ms         0.41%       9.279ms     343.676us            27  
2026-09-24 18:45:38 void cudnn::engines_precompiled::scalePackedTensor_k...         0.00%       0.000us         0.00%       0.000us       0.000us       7.381ms         0.33%       7.381ms     492.068us            15  
2026-09-24 18:45:38 void fft2d_c2r_16x16<float, false>(float*, float2*, ...         0.00%       0.000us         0.00%       0.000us       0.000us       6.903ms         0.31%       6.903ms     230.090us            30  
2026-09-24 18:45:38 void cudnn::batchnorm_fwtr_nhwc_semiPersist<float, f...         0.00%       0.000us         0.00%       0.000us       0.000us       5.995ms         0.27%       5.995ms     222.053us            27  
2026-09-24 18:45:38 void fft2d_r2c_32x32<float, false, 1u, false>(float2...         0.00%       0.000us         0.00%       0.000us       0.000us       5.046ms         0.22%       5.046ms     240.270us            21  
2026-09-24 18:45:38                                             aten::fill_         0.09%       2.408ms         0.41%      11.365ms      22.959us       4.272ms         0.19%       4.277ms       8.641us           495  
2026-09-24 18:45:38 void at::native::vectorized_elementwise_kernel<4, at...         0.00%       0.000us         0.00%       0.000us       0.000us       4.272ms         0.19%       4.272ms       8.631us           495  
2026-09-24 18:45:38                                             aten::zero_         0.05%       1.312ms         0.25%       7.037ms      14.303us       0.000us         0.00%       4.267ms       8.674us           492  
2026-09-24 18:45:38                                             aten::copy_         0.01%     288.865us        25.51%     710.551ms      39.475ms       3.775ms         0.17%       4.257ms     236.473us            18  
2026-09-24 18:45:38 void fft2d_r2c_32x32<float, false, 1u, true>(float2*...         0.00%       0.000us         0.00%       0.000us       0.000us       4.215ms         0.19%       4.215ms     234.171us            18  
2026-09-24 18:45:38 void fft2d_r2c_32x32<float, true, 0u, false>(float2*...         0.00%       0.000us         0.00%       0.000us       0.000us       4.096ms         0.18%       4.096ms     341.369us            12  
2026-09-24 18:45:38 void cudnn::winograd_nonfused::winogradWgradOutput4x...         0.00%       0.000us         0.00%       0.000us       0.000us       3.757ms         0.17%       3.757ms      96.335us            39  
2026-09-24 18:45:38                                              aten::div_         0.00%      81.948us         0.14%       3.863ms       1.288ms       1.355ms         0.06%       2.993ms     997.509us             3  
2026-09-24 18:45:38                                               aten::sub         0.00%     134.836us         0.21%       5.963ms       1.988ms       1.317ms         0.06%       2.854ms     951.291us             3  
2026-09-24 18:45:38 enumerate(DataLoader)#_SingleProcessDataLoaderIter._...         0.14%       3.788ms         0.36%      10.007ms       2.502ms       0.000us         0.00%       2.715ms     678.644us             4  
2026-09-24 18:45:38                                             aten::stack         0.01%     371.816us         0.13%       3.734ms     622.286us       0.000us         0.00%       2.715ms     452.430us             6  
2026-09-24 18:45:38                                               aten::cat         0.02%     438.532us         0.11%       2.943ms     490.504us       1.166ms         0.05%       2.715ms     452.430us             6  
2026-09-24 18:45:38                                        aten::contiguous         0.00%      21.169us         0.01%     339.174us      56.529us       0.000us         0.00%       2.599ms     433.128us             6  
2026-09-24 18:45:38                                             aten::clone         0.00%      28.055us         0.01%     318.005us      53.001us       0.000us         0.00%       2.599ms     433.128us             6  
2026-09-24 18:45:38 void at::native::elementwise_kernel<128, 2, at::nati...         0.00%       0.000us         0.00%       0.000us       0.000us       2.599ms         0.12%       2.599ms     433.128us             6  
2026-09-24 18:45:38                                              aten::mul_         0.00%      97.166us         0.14%       3.863ms       1.288ms       1.194ms         0.05%       2.377ms     792.177us             3  
2026-09-24 18:45:38 void flip_filter<float, float>(float*, float const*,...         0.00%       0.000us         0.00%       0.000us       0.000us       2.048ms         0.09%       2.048ms     136.513us            15  
2026-09-24 18:45:38                                                aten::to         0.01%     173.522us        25.52%     710.869ms       4.157ms       0.000us         0.00%       1.643ms       9.611us           171  
2026-09-24 18:45:38                                          aten::_to_copy         0.00%      79.532us        25.51%     710.695ms      78.966ms       0.000us         0.00%       1.643ms     182.605us             9  
2026-09-24 18:45:38 void at::native::elementwise_kernel<128, 2, at::nati...         0.00%       0.000us         0.00%       0.000us       0.000us       1.496ms         0.07%       1.496ms     498.653us             3  
2026-09-24 18:45:38 void at::native::elementwise_kernel<128, 2, at::nati...         0.00%       0.000us         0.00%       0.000us       0.000us       1.355ms         0.06%       1.355ms     451.752us             3  
2026-09-24 18:45:38 void at::native::elementwise_kernel<128, 2, at::nati...         0.00%       0.000us         0.00%       0.000us       0.000us       1.317ms         0.06%       1.317ms     438.910us             3  
2026-09-24 18:45:38 enumerate(DataLoader)#_SingleProcessDataLoaderIter._...         0.00%       0.000us         0.00%       0.000us       0.000us       1.218ms         0.05%       1.218ms     406.120us             3  
2026-09-24 18:45:38 void at::native::vectorized_elementwise_kernel<4, at...         0.00%       0.000us         0.00%       0.000us       0.000us       1.194ms         0.05%       1.194ms     397.843us             3  
2026-09-24 18:45:38 void at::native::unrolled_elementwise_kernel<at::nat...         0.00%       0.000us         0.00%       0.000us       0.000us       1.158ms         0.05%       1.158ms     385.929us             3  
2026-09-24 18:45:38 void at::native::(anonymous namespace)::CatArrayBatc...         0.00%       0.000us         0.00%       0.000us       0.000us       1.154ms         0.05%       1.154ms     192.388us             6  
2026-09-24 18:45:38                                        aten::zeros_like         0.02%     650.256us         0.34%       9.501ms      29.505us       0.000us         0.00%       1.008ms       3.131us           322  
2026-09-24 18:45:38                               aten::adaptive_avg_pool2d         0.00%      39.477us         2.58%      71.820ms      23.940ms       0.000us         0.00%     885.915us     295.305us             3  
2026-09-24 18:45:38 -------------------------------------------------------  ------------  ------------  ------------  ------------  ------------  ------------  ------------  ------------  ------------  ------------  
2026-09-24 18:45:38 Self CPU time total: 2.786s
2026-09-24 18:45:38 Self CUDA time total: 2.258s
2026-09-24 18:45:38 
2026-09-24 18:45:38 total time:16.085863
