2026-09-24 10:39:42 /root/.pyenv/versions/3.11.1/lib/python3.11/site-packages/torchvision/io/image.py:13: UserWarning: Failed to load image Python extension: '/root/.pyenv/versions/3.11.1/lib/python3.11/site-packages/torchvision/image.so: undefined symbol: _ZN3c1017RegisterOperatorsD1Ev'If you don't plan on using image functionality from `torchvision.io`, you can ignore this warning. Otherwise, there might be something wrong with your environment. Did you have `libjpeg` or `libpng` installed before building `torchvision` from source?
2026-09-24 10:39:42   warn(
2026-09-24 10:39:46 /root/.pyenv/versions/3.11.1/lib/python3.11/site-packages/torchvision/datapoints/__init__.py:12: UserWarning: The torchvision.datapoints and torchvision.transforms.v2 namespaces are still Beta. While we do not expect major breaking changes, some APIs may still change according to user feedback. Please submit any feedback you may have in this issue: https://github.com/pytorch/vision/issues/6753, and you can also check out https://github.com/pytorch/vision/issues/7319 to learn more about the APIs that we suspect might involve future changes. You can silence this warning by calling torchvision.disable_beta_transforms_warning().
2026-09-24 10:39:46   warnings.warn(_BETA_TRANSFORMS_WARNING)
2026-09-24 10:39:46 /root/.pyenv/versions/3.11.1/lib/python3.11/site-packages/torchvision/transforms/v2/__init__.py:54: UserWarning: The torchvision.datapoints and torchvision.transforms.v2 namespaces are still Beta. While we do not expect major breaking changes, some APIs may still change according to user feedback. Please submit any feedback you may have in this issue: https://github.com/pytorch/vision/issues/6753, and you can also check out https://github.com/pytorch/vision/issues/7319 to learn more about the APIs that we suspect might involve future changes. You can silence this warning by calling torchvision.disable_beta_transforms_warning().
2026-09-24 10:39:46   warnings.warn(_BETA_TRANSFORMS_WARNING)
2026-09-24 10:39:47 load image
2026-09-24 10:39:47 split dataset
2026-09-24 10:39:47 288 72 items
2026-09-24 10:39:47 3 batch
2026-09-24 10:39:47 load model
2026-09-24 10:39:47 train model
2026-09-24 10:40:09 Epoch 1/4, Loss: 1.8333 Time: 5.5111
2026-09-24 10:40:09 Epoch 2/4, Loss: 0.2290 Time: 4.6840
2026-09-24 10:40:09 Epoch 3/4, Loss: 0.0032 Time: 4.7652
2026-09-24 10:40:09 Epoch 4/4, Loss: 0.0003 Time: 5.2766
2026-09-24 10:40:09 Train Profiler:
2026-09-24 10:40:09 -------------------------------------------------------  ------------  ------------  ------------  ------------  ------------  ------------  ------------  ------------  ------------  ------------  
2026-09-24 10:40:09                                                    Name    Self CPU %      Self CPU   CPU total %     CPU total  CPU time avg     Self CUDA   Self CUDA %    CUDA total  CUDA time avg    # of Calls  
2026-09-24 10:40:09 -------------------------------------------------------  ------------  ------------  ------------  ------------  ------------  ------------  ------------  ------------  ------------  ------------  
2026-09-24 10:40:09 enumerate(DataLoader)#_MultiProcessingDataLoaderIter...        31.94%        4.511s        31.99%        4.518s     376.527ms       0.000us         0.00%       0.000us       0.000us            12  
2026-09-24 10:40:09                                   cudaDeviceSynchronize        27.52%        3.888s        27.52%        3.888s        1.296s       0.000us         0.00%       0.000us       0.000us             3  
2026-09-24 10:40:09                                        cudaLaunchKernel        14.28%        2.016s        23.89%        3.374s     534.106us       0.000us         0.00%        1.297s     205.346us          6318  
2026-09-24 10:40:09                                     Command Buffer Full        23.87%        3.372s        23.87%        3.372s       1.476ms        1.297s        16.90%        1.297s     568.027us          2284  
2026-09-24 10:40:09 autograd::engine::evaluate_function: ConvolutionBack...         0.07%       9.355ms        11.40%        1.610s       3.375ms       0.000us         0.00%        3.644s       7.640ms           477  
2026-09-24 10:40:09                                    ConvolutionBackward0         0.02%       2.548ms        10.79%        1.524s       3.195ms       0.000us         0.00%        3.408s       7.144ms           477  
2026-09-24 10:40:09                              aten::convolution_backward         0.29%      41.583ms        10.77%        1.522s       3.190ms        3.408s        44.39%        3.408s       7.144ms           477  
2026-09-24 10:40:09                                            aten::conv2d         0.01%       1.303ms         3.75%     530.354ms       1.112ms       0.000us         0.00%        2.245s       4.707ms           477  
2026-09-24 10:40:09                                       aten::convolution         0.03%       4.892ms         3.75%     529.051ms       1.109ms       0.000us         0.00%        2.245s       4.707ms           477  
2026-09-24 10:40:09                                      aten::_convolution         0.03%       3.583ms         3.71%     524.160ms       1.099ms       0.000us         0.00%        2.245s       4.707ms           477  
2026-09-24 10:40:09                                 aten::cudnn_convolution         0.16%      22.594ms         3.69%     520.576ms       1.091ms        1.428s        18.60%        2.245s       4.707ms           477  
2026-09-24 10:40:09                                              aten::add_         0.10%      13.446ms         2.95%     416.671ms     538.335us     471.967ms         6.15%     550.587ms     711.352us           774  
2026-09-24 10:40:09                                        aten::batch_norm         0.01%     975.941us         2.18%     308.042ms     645.790us       0.000us         0.00%     704.777ms       1.478ms           477  
2026-09-24 10:40:09                            aten::_batch_norm_impl_index         0.02%       2.287ms         2.17%     307.066ms     643.744us       0.000us         0.00%     704.777ms       1.478ms           477  
2026-09-24 10:40:09                                  aten::cudnn_batch_norm         0.14%      20.125ms         2.16%     304.779ms     638.949us     559.087ms         7.28%     704.777ms       1.478ms           477  
2026-09-24 10:40:09      autograd::engine::evaluate_function: ReluBackward0         0.03%       4.699ms         2.11%     297.656ms     674.956us       0.000us         0.00%     405.895ms     920.396us           441  
2026-09-24 10:40:09                                           ReluBackward0         0.02%       2.353ms         2.07%     292.956ms     664.300us       0.000us         0.00%     405.895ms     920.396us           441  
2026-09-24 10:40:09                                aten::threshold_backward         0.07%       9.395ms         2.06%     290.603ms     658.964us     405.895ms         5.29%     405.895ms     920.396us           441  
2026-09-24 10:40:09                                             aten::relu_         0.05%       6.890ms         1.73%     244.921ms     555.376us       0.000us         0.00%     360.925ms     818.425us           441  
2026-09-24 10:40:09                                        aten::clamp_min_         0.04%       5.381ms         1.69%     238.031ms     539.752us     279.483ms         3.64%     360.925ms     818.425us           441  
2026-09-24 10:40:09 autograd::engine::evaluate_function: CudnnBatchNormB...         0.06%       8.765ms         1.60%     225.704ms     473.175us       0.000us         0.00%     912.917ms       1.914ms           477  
2026-09-24 10:40:09                                 CudnnBatchNormBackward0         0.02%       3.072ms         1.54%     216.939ms     454.799us       0.000us         0.00%     912.917ms       1.914ms           477  
2026-09-24 10:40:09                         aten::cudnn_batch_norm_backward         0.10%      14.545ms         1.51%     213.867ms     448.358us     912.917ms        11.89%     912.917ms       1.914ms           477  
2026-09-24 10:40:09                                         cudaMemsetAsync         0.50%      70.461ms         0.50%      70.461ms     110.267us       0.000us         0.00%       0.000us       0.000us           639  
2026-09-24 10:40:09                                             aten::empty         0.20%      28.221ms         0.20%      28.221ms       5.894us       0.000us         0.00%       0.000us       0.000us          4788  
2026-09-24 10:40:09                                Optimizer.step#Adam.step         0.08%      10.809ms         0.19%      27.116ms       3.013ms       0.000us         0.00%     227.646ms      25.294ms             9  
2026-09-24 10:40:09                                             aten::fill_         0.00%     393.049us         0.14%      20.471ms     758.177us      11.919ms         0.16%      11.925ms     441.666us            27  
2026-09-24 10:40:09 autograd::engine::evaluate_function: MaxPool2DWithIn...         0.00%     144.747us         0.12%      17.047ms       1.894ms       0.000us         0.00%      75.825ms       8.425ms             9  
2026-09-24 10:40:09                           MaxPool2DWithIndicesBackward0         0.00%      71.919us         0.12%      16.902ms       1.878ms       0.000us         0.00%      75.825ms       8.425ms             9  
2026-09-24 10:40:09                  aten::max_pool2d_with_indices_backward         0.00%     251.630us         0.12%      16.830ms       1.870ms      63.940ms         0.83%      75.825ms       8.425ms             9  
2026-09-24 10:40:09 autograd::engine::evaluate_function: torch::autograd...         0.05%       7.659ms         0.12%      16.781ms      11.581us       0.000us         0.00%       0.000us       0.000us          1449  
2026-09-24 10:40:09                                            aten::linear         0.00%      60.928us         0.10%      14.762ms       1.640ms       0.000us         0.00%     264.897us      29.433us             9  
2026-09-24 10:40:09                                             aten::addmm         0.01%     745.203us         0.10%      14.566ms       1.618ms     198.336us         0.00%     264.897us      29.433us             9  
2026-09-24 10:40:09 autograd::engine::evaluate_function: NllLossBackward...         0.00%     225.566us         0.10%      14.503ms       1.611ms       0.000us         0.00%      49.762us       5.529us             9  
2026-09-24 10:40:09                                        NllLossBackward0         0.00%      92.035us         0.10%      14.278ms       1.586ms       0.000us         0.00%      49.762us       5.529us             9  
2026-09-24 10:40:09                                 aten::nll_loss_backward         0.00%     274.318us         0.10%      14.186ms       1.576ms      32.065us         0.00%      49.762us       5.529us             9  
2026-09-24 10:40:09                                      aten::_fused_adam_         0.01%       1.218ms         0.10%      14.132ms       1.570ms      61.967ms         0.81%     227.573ms      25.286ms             9  
2026-09-24 10:40:09                                         aten::ones_like         0.00%      51.083us         0.10%      13.462ms       1.496ms       0.000us         0.00%      22.048us       2.450us             9  
2026-09-24 10:40:09                                aten::cross_entropy_loss         0.00%      74.085us         0.09%      13.083ms       1.454ms       0.000us         0.00%      74.268us       8.252us             9  
2026-09-24 10:40:09                                       aten::log_softmax         0.00%      70.476us         0.09%      12.589ms       1.399ms       0.000us         0.00%      31.166us       3.463us             9  
2026-09-24 10:40:09                                      aten::_log_softmax         0.00%     273.597us         0.09%      12.511ms       1.390ms      23.327us         0.00%      31.166us       3.463us             9  
2026-09-24 10:40:09                         torch::autograd::AccumulateGrad         0.03%       4.402ms         0.06%       9.121ms       6.295us       0.000us         0.00%       0.000us       0.000us          1449  
2026-09-24 10:40:09                                             aten::zero_         0.00%      91.807us         0.05%       7.308ms     406.026us       0.000us         0.00%      11.903ms     661.274us            18  
2026-09-24 10:40:09                                            Unrecognized         0.05%       7.258ms         0.05%       7.258ms       2.419ms       0.000us         0.00%       0.000us       0.000us             3  
2026-09-24 10:40:09                               aten::adaptive_avg_pool2d         0.00%      45.153us         0.05%       6.917ms     768.538us       0.000us         0.00%       4.828ms     536.427us             9  
2026-09-24 10:40:09                                              aten::mean         0.00%     385.926us         0.05%       6.872ms     763.521us       3.619ms         0.05%       4.828ms     536.427us             9  
2026-09-24 10:40:09     autograd::engine::evaluate_function: AddmmBackward0         0.00%     253.962us         0.05%       6.614ms     734.944us       0.000us         0.00%     325.470us      36.163us             9  
2026-09-24 10:40:09                                        aten::empty_like         0.01%       1.325ms         0.04%       6.076ms      12.502us       0.000us         0.00%       0.000us       0.000us           486  
2026-09-24 10:40:09                      Optimizer.zero_grad#Adam.zero_grad         0.04%       5.449ms         0.04%       5.449ms     605.422us       0.000us         0.00%       0.000us       0.000us             9  
2026-09-24 10:40:09                                                aten::to         0.00%     582.032us         0.04%       5.346ms      10.607us       0.000us         0.00%      42.238ms      83.807us           504  
2026-09-24 10:40:09                                            aten::detach         0.01%       1.639ms         0.03%       4.794ms       3.288us       0.000us         0.00%       0.000us       0.000us          1458  
2026-09-24 10:40:09                                          aten::_to_copy         0.00%     199.758us         0.03%       4.764ms     264.656us       0.000us         0.00%      42.238ms       2.347ms            18  
2026-09-24 10:40:09                                             aten::copy_         0.00%     277.464us         0.03%       4.312ms     239.569us      42.238ms         0.55%      42.238ms       2.347ms            18  
2026-09-24 10:40:09                                         cudaMemcpyAsync         0.03%       4.035ms         0.03%       4.035ms     224.154us       0.000us         0.00%       0.000us       0.000us            18  
2026-09-24 10:40:09                                               aten::sum         0.00%     247.429us         0.02%       3.492ms     388.051us     123.487us         0.00%     123.487us      13.721us             9  
2026-09-24 10:40:09                                                  detach         0.02%       3.155ms         0.02%       3.155ms       2.164us       0.000us         0.00%       0.000us       0.000us          1458  
2026-09-24 10:40:09                                        aten::max_pool2d         0.00%      39.652us         0.02%       3.028ms     336.463us       0.000us         0.00%      31.869ms       3.541ms             9  
2026-09-24 10:40:09                           aten::max_pool2d_with_indices         0.00%     359.618us         0.02%       2.989ms     332.058us      24.980ms         0.33%      31.869ms       3.541ms             9  
2026-09-24 10:40:09                                          AddmmBackward0         0.00%     151.607us         0.02%       2.799ms     311.047us       0.000us         0.00%     201.983us      22.443us             9  
2026-09-24 10:40:09                                                aten::mm         0.00%     675.636us         0.02%       2.408ms     133.775us     201.983us         0.00%     201.983us      11.221us            18  
2026-09-24 10:40:09                                              aten::view         0.02%       2.281ms         0.02%       2.281ms       2.325us       0.000us         0.00%       0.000us       0.000us           981  
2026-09-24 10:40:09                                     aten::_foreach_add_         0.01%       1.576ms         0.02%       2.141ms     237.940us      72.991us         0.00%      72.991us       8.110us             9  
2026-09-24 10:40:09      autograd::engine::evaluate_function: MeanBackward1         0.00%      69.688us         0.01%       1.956ms     217.347us       0.000us         0.00%       1.707ms     189.631us             9  
2026-09-24 10:40:09                                           MeanBackward1         0.00%      55.711us         0.01%       1.886ms     209.603us       0.000us         0.00%       1.707ms     189.631us             9  
2026-09-24 10:40:09                                               aten::div         0.00%     295.407us         0.01%       1.770ms     196.687us       1.707ms         0.02%       1.707ms     189.631us             9  
2026-09-24 10:40:09       autograd::engine::evaluate_function: AddBackward0         0.01%     946.247us         0.01%       1.180ms       8.194us       0.000us         0.00%       0.000us       0.000us           144  
2026-09-24 10:40:09 autograd::engine::evaluate_function: LogSoftmaxBackw...         0.00%      97.513us         0.00%     453.749us      50.417us       0.000us         0.00%      21.280us       2.364us             9  
2026-09-24 10:40:09                                                 aten::t         0.00%     212.686us         0.00%     438.561us       9.746us       0.000us         0.00%       0.000us       0.000us            45  
2026-09-24 10:40:09                                       aten::nll_loss_nd         0.00%      31.701us         0.00%     419.092us      46.566us       0.000us         0.00%      43.102us       4.789us             9  
2026-09-24 10:40:09                                          aten::nll_loss         0.00%      32.423us         0.00%     387.391us      43.043us       0.000us         0.00%      43.102us       4.789us             9  
2026-09-24 10:40:09                                     aten::empty_strided         0.00%     372.899us         0.00%     372.899us      13.811us       0.000us         0.00%       0.000us       0.000us            27  
2026-09-24 10:40:09                                     LogSoftmaxBackward0         0.00%      66.260us         0.00%     356.236us      39.582us       0.000us         0.00%      21.280us       2.364us             9  
2026-09-24 10:40:09                                  aten::nll_loss_forward         0.00%     235.566us         0.00%     354.968us      39.441us      43.102us         0.00%      43.102us       4.789us             9  
2026-09-24 10:40:09                                     cudaPeekAtLastError         0.00%     303.979us         0.00%     303.979us       0.286us       0.000us         0.00%       0.000us       0.000us          1062  
2026-09-24 10:40:09                        aten::_log_softmax_backward_data         0.00%     186.916us         0.00%     289.976us      32.220us      21.280us         0.00%      21.280us       2.364us             9  
2026-09-24 10:40:09                                          aten::randperm         0.00%     114.477us         0.00%     269.591us      22.466us       0.000us         0.00%       0.000us       0.000us            12  
2026-09-24 10:40:09                                       aten::result_type         0.00%     238.396us         0.00%     238.396us       0.165us       0.000us         0.00%       0.000us       0.000us          1449  
2026-09-24 10:40:09                                            AddBackward0         0.00%     233.628us         0.00%     233.628us       1.622us       0.000us         0.00%       0.000us       0.000us           144  
2026-09-24 10:40:09                                         aten::transpose         0.00%     133.204us         0.00%     225.875us       5.019us       0.000us         0.00%       0.000us       0.000us            45  
2026-09-24 10:40:09                                    cudaFuncSetAttribute         0.00%     196.451us         0.00%     196.451us       2.425us       0.000us         0.00%       0.000us       0.000us            81  
2026-09-24 10:40:09                                cudaPointerGetAttributes         0.00%     179.890us         0.00%     179.890us       9.994us       0.000us         0.00%       0.000us       0.000us            18  
2026-09-24 10:40:09                                           aten::flatten         0.00%      55.261us         0.00%     142.452us      15.828us       0.000us         0.00%       0.000us       0.000us             9  
2026-09-24 10:40:09         autograd::engine::evaluate_function: TBackward0         0.00%      52.936us         0.00%     135.456us      15.051us       0.000us         0.00%       0.000us       0.000us             9  
2026-09-24 10:40:09                                        aten::as_strided         0.00%     106.895us         0.00%     106.895us       1.980us       0.000us         0.00%       0.000us       0.000us            54  
2026-09-24 10:40:09      autograd::engine::evaluate_function: ViewBackward0         0.00%      46.031us         0.00%     104.945us      11.661us       0.000us         0.00%       0.000us       0.000us             9  
2026-09-24 10:40:09                                         cudaEventRecord         0.00%      83.254us         0.00%      83.254us       4.625us       0.000us         0.00%       0.000us       0.000us            18  
2026-09-24 10:40:09                                              TBackward0         0.00%      18.578us         0.00%      82.520us       9.169us       0.000us         0.00%       0.000us       0.000us             9  
2026-09-24 10:40:09                                            aten::expand         0.00%      46.313us         0.00%      60.537us       6.726us       0.000us         0.00%       0.000us       0.000us             9  
2026-09-24 10:40:09                                           ViewBackward0         0.00%      21.091us         0.00%      58.914us       6.546us       0.000us         0.00%       0.000us       0.000us             9  
2026-09-24 10:40:09                                           aten::random_         0.00%      53.116us         0.00%      53.116us      17.705us       0.000us         0.00%       0.000us       0.000us             3  
2026-09-24 10:40:09                                           aten::reshape         0.00%      12.978us         0.00%      37.823us       4.203us       0.000us         0.00%       0.000us       0.000us             9  
2026-09-24 10:40:09                                          cudaEventQuery         0.00%      36.089us         0.00%      36.089us       7.218us       0.000us         0.00%       0.000us       0.000us             5  
2026-09-24 10:40:09                                           cudaHostAlloc         0.00%      35.568us         0.00%      35.568us      35.568us       0.000us         0.00%       0.000us       0.000us             1  
2026-09-24 10:40:09                                   cudaStreamIsCapturing         0.00%      33.366us         0.00%      33.366us       3.707us       0.000us         0.00%       0.000us       0.000us             9  
2026-09-24 10:40:09                                     aten::scalar_tensor         0.00%      22.601us         0.00%      22.601us       3.767us       0.000us         0.00%       0.000us       0.000us             6  
2026-09-24 10:40:09                                              aten::item         0.00%      13.068us         0.00%      20.352us       6.784us       0.000us         0.00%       0.000us       0.000us             3  
2026-09-24 10:40:09                                           aten::resize_         0.00%      13.201us         0.00%      13.201us       0.629us       0.000us         0.00%       0.000us       0.000us            21  
2026-09-24 10:40:09                               aten::_local_scalar_dense         0.00%       7.284us         0.00%       7.284us       2.428us       0.000us         0.00%       0.000us       0.000us             3  
2026-09-24 10:40:09                                      aten::resolve_conj         0.00%       7.169us         0.00%       7.169us       1.195us       0.000us         0.00%       0.000us       0.000us             6  
2026-09-24 10:40:09                                       aten::resolve_neg         0.00%       0.993us         0.00%       0.993us       0.165us       0.000us         0.00%       0.000us       0.000us             6  
2026-09-24 10:40:09 -------------------------------------------------------  ------------  ------------  ------------  ------------  ------------  ------------  ------------  ------------  ------------  ------------  
2026-09-24 10:40:09 Self CPU time total: 14.125s
2026-09-24 10:40:09 Self CUDA time total: 7.676s
2026-09-24 10:40:10 
2026-09-24 10:40:10 -------------------------------------------------------  ------------  ------------  ------------  ------------  ------------  ------------  ------------  ------------  ------------  ------------  
2026-09-24 10:40:10                                                    Name    Self CPU %      Self CPU   CPU total %     CPU total  CPU time avg     Self CUDA   Self CUDA %    CUDA total  CUDA time avg    # of Calls  
2026-09-24 10:40:10 -------------------------------------------------------  ------------  ------------  ------------  ------------  ------------  ------------  ------------  ------------  ------------  ------------  
2026-09-24 10:40:10 autograd::engine::evaluate_function: ConvolutionBack...         0.07%       9.355ms        11.40%        1.610s       3.375ms       0.000us         0.00%        3.644s       7.640ms           477  
2026-09-24 10:40:10                                    ConvolutionBackward0         0.02%       2.548ms        10.79%        1.524s       3.195ms       0.000us         0.00%        3.408s       7.144ms           477  
2026-09-24 10:40:10                              aten::convolution_backward         0.29%      41.583ms        10.77%        1.522s       3.190ms        3.408s        44.39%        3.408s       7.144ms           477  
2026-09-24 10:40:10                                            aten::conv2d         0.01%       1.303ms         3.75%     530.354ms       1.112ms       0.000us         0.00%        2.245s       4.707ms           477  
2026-09-24 10:40:10                                       aten::convolution         0.03%       4.892ms         3.75%     529.051ms       1.109ms       0.000us         0.00%        2.245s       4.707ms           477  
2026-09-24 10:40:10                                      aten::_convolution         0.03%       3.583ms         3.71%     524.160ms       1.099ms       0.000us         0.00%        2.245s       4.707ms           477  
2026-09-24 10:40:10                                 aten::cudnn_convolution         0.16%      22.594ms         3.69%     520.576ms       1.091ms        1.428s        18.60%        2.245s       4.707ms           477  
2026-09-24 10:40:10                                        cudaLaunchKernel        14.28%        2.016s        23.89%        3.374s     534.106us       0.000us         0.00%        1.297s     205.346us          6318  
2026-09-24 10:40:10                                     Command Buffer Full        23.87%        3.372s        23.87%        3.372s       1.476ms        1.297s        16.90%        1.297s     568.027us          2284  
2026-09-24 10:40:10 autograd::engine::evaluate_function: CudnnBatchNormB...         0.06%       8.765ms         1.60%     225.704ms     473.175us       0.000us         0.00%     912.917ms       1.914ms           477  
2026-09-24 10:40:10                                 CudnnBatchNormBackward0         0.02%       3.072ms         1.54%     216.939ms     454.799us       0.000us         0.00%     912.917ms       1.914ms           477  
2026-09-24 10:40:10                         aten::cudnn_batch_norm_backward         0.10%      14.545ms         1.51%     213.867ms     448.358us     912.917ms        11.89%     912.917ms       1.914ms           477  
2026-09-24 10:40:10                                        aten::batch_norm         0.01%     975.941us         2.18%     308.042ms     645.790us       0.000us         0.00%     704.777ms       1.478ms           477  
2026-09-24 10:40:10                            aten::_batch_norm_impl_index         0.02%       2.287ms         2.17%     307.066ms     643.744us       0.000us         0.00%     704.777ms       1.478ms           477  
2026-09-24 10:40:10                                  aten::cudnn_batch_norm         0.14%      20.125ms         2.16%     304.779ms     638.949us     559.087ms         7.28%     704.777ms       1.478ms           477  
2026-09-24 10:40:10       _5x_cudnn_volta_scudnn_128x64_relu_interior_nn_v1         0.00%       0.000us         0.00%       0.000us       0.000us     675.440ms         8.80%     675.440ms       2.502ms           270  
2026-09-24 10:40:10                                   volta_sgemm_128x64_nt         0.00%       0.000us         0.00%       0.000us       0.000us     627.807ms         8.18%     627.807ms       1.938ms           324  
2026-09-24 10:40:10                                   volta_sgemm_128x64_tn         0.00%       0.000us         0.00%       0.000us       0.000us     613.129ms         7.99%     613.129ms       2.962ms           207  
2026-09-24 10:40:10                                              aten::add_         0.10%      13.446ms         2.95%     416.671ms     538.335us     471.967ms         6.15%     550.587ms     711.352us           774  
2026-09-24 10:40:10 void at::native::vectorized_elementwise_kernel<4, at...         0.00%       0.000us         0.00%       0.000us       0.000us     470.588ms         6.13%     470.588ms       1.584ms           297  
2026-09-24 10:40:10 void cudnn::bn_bw_1C11_kernel_new<float, float, floa...         0.00%       0.000us         0.00%       0.000us       0.000us     444.627ms         5.79%     444.627ms       1.205ms           369  
2026-09-24 10:40:10      _5x_cudnn_volta_scudnn_128x64_stridedB_small_nn_v1         0.00%       0.000us         0.00%       0.000us       0.000us     434.843ms         5.67%     434.843ms       2.842ms           153  
2026-09-24 10:40:10      autograd::engine::evaluate_function: ReluBackward0         0.03%       4.699ms         2.11%     297.656ms     674.956us       0.000us         0.00%     405.895ms     920.396us           441  
2026-09-24 10:40:10                                           ReluBackward0         0.02%       2.353ms         2.07%     292.956ms     664.300us       0.000us         0.00%     405.895ms     920.396us           441  
2026-09-24 10:40:10                                aten::threshold_backward         0.07%       9.395ms         2.06%     290.603ms     658.964us     405.895ms         5.29%     405.895ms     920.396us           441  
2026-09-24 10:40:10 void at::native::vectorized_elementwise_kernel<4, at...         0.00%       0.000us         0.00%       0.000us       0.000us     405.895ms         5.29%     405.895ms     920.396us           441  
2026-09-24 10:40:10 void cudnn::bn_bw_1C11_kernel_new<float, float, floa...         0.00%       0.000us         0.00%       0.000us       0.000us     400.427ms         5.22%     400.427ms       4.045ms            99  
2026-09-24 10:40:10                                             aten::relu_         0.05%       6.890ms         1.73%     244.921ms     555.376us       0.000us         0.00%     360.925ms     818.425us           441  
2026-09-24 10:40:10                                        aten::clamp_min_         0.04%       5.381ms         1.69%     238.031ms     539.752us     279.483ms         3.64%     360.925ms     818.425us           441  
2026-09-24 10:40:10         _5x_cudnn_volta_scudnn_128x128_relu_small_nn_v1         0.00%       0.000us         0.00%       0.000us       0.000us     319.968ms         4.17%     319.968ms       5.079ms            63  
2026-09-24 10:40:10 void at::native::vectorized_elementwise_kernel<4, at...         0.00%       0.000us         0.00%       0.000us       0.000us     279.483ms         3.64%     279.483ms     633.748us           441  
2026-09-24 10:40:10 void cudnn::cnn::wgrad_alg1_engine<float, float, 128...         0.00%       0.000us         0.00%       0.000us       0.000us     267.770ms         3.49%     267.770ms       4.250ms            63  
2026-09-24 10:40:10 void cudnn::detail::dgrad_engine<float, 512, 6, 5, 3...         0.00%       0.000us         0.00%       0.000us       0.000us     251.864ms         3.28%     251.864ms       9.328ms            27  
2026-09-24 10:40:10 void cudnn::bn_fw_tr_1C11_kernel_NCHW<float, float, ...         0.00%       0.000us         0.00%       0.000us       0.000us     247.445ms         3.22%     247.445ms       2.499ms            99  
2026-09-24 10:40:10 void cudnn::bn_fw_tr_1C11_kernel_NCHW<float, float, ...         0.00%       0.000us         0.00%       0.000us       0.000us     245.045ms         3.19%     245.045ms     850.849us           288  
2026-09-24 10:40:10                                   volta_sgemm_128x64_nn         0.00%       0.000us         0.00%       0.000us       0.000us     229.718ms         2.99%     229.718ms       1.702ms           135  
2026-09-24 10:40:10 _5x_cudnn_turing_scudnn_128x64_stridedB_splitK_xregs...         0.00%       0.000us         0.00%       0.000us       0.000us     227.859ms         2.97%     227.859ms       6.329ms            36  
2026-09-24 10:40:10                                Optimizer.step#Adam.step         0.08%      10.809ms         0.19%      27.116ms       3.013ms       0.000us         0.00%     227.646ms      25.294ms             9  
2026-09-24 10:40:10                                      aten::_fused_adam_         0.01%       1.218ms         0.10%      14.132ms       1.570ms      61.967ms         0.81%     227.573ms      25.286ms             9  
2026-09-24 10:40:10                                    volta_sgemm_64x64_tn         0.00%       0.000us         0.00%       0.000us       0.000us     227.056ms         2.96%     227.056ms       5.046ms            45  
2026-09-24 10:40:10 void cudnn::detail::dgrad_engine<float, 128, 6, 8, 3...         0.00%       0.000us         0.00%       0.000us       0.000us     192.801ms         2.51%     192.801ms       7.141ms            27  
2026-09-24 10:40:10 void cudnn::winograd_nonfused::winogradForwardData4x...         0.00%       0.000us         0.00%       0.000us       0.000us     148.376ms         1.93%     148.376ms     634.086us           234  
2026-09-24 10:40:10 void cudnn::winograd_nonfused::winogradForwardOutput...         0.00%       0.000us         0.00%       0.000us       0.000us     133.633ms         1.74%     133.633ms     571.083us           234  
2026-09-24 10:40:10                                    volta_sgemm_64x64_nt         0.00%       0.000us         0.00%       0.000us       0.000us      99.987ms         1.30%      99.987ms       1.852ms            54  
2026-09-24 10:40:10 void cudnn::winograd_nonfused::winogradWgradDelta4x4...         0.00%       0.000us         0.00%       0.000us       0.000us      76.929ms         1.00%      76.929ms     657.513us           117  
2026-09-24 10:40:10 autograd::engine::evaluate_function: MaxPool2DWithIn...         0.00%     144.747us         0.12%      17.047ms       1.894ms       0.000us         0.00%      75.825ms       8.425ms             9  
2026-09-24 10:40:10                           MaxPool2DWithIndicesBackward0         0.00%      71.919us         0.12%      16.902ms       1.878ms       0.000us         0.00%      75.825ms       8.425ms             9  
2026-09-24 10:40:10                  aten::max_pool2d_with_indices_backward         0.00%     251.630us         0.12%      16.830ms       1.870ms      63.940ms         0.83%      75.825ms       8.425ms             9  
2026-09-24 10:40:10 void cudnn::winograd_nonfused::winogradWgradData4x4<...         0.00%       0.000us         0.00%       0.000us       0.000us      73.704ms         0.96%      73.704ms     629.946us           117  
2026-09-24 10:40:10 void cudnn::bn_bw_1C11_kernel_new<float, float, floa...         0.00%       0.000us         0.00%       0.000us       0.000us      67.862ms         0.88%      67.862ms       7.540ms             9  
2026-09-24 10:40:10 void at::native::(anonymous namespace)::max_pool_bac...         0.00%       0.000us         0.00%       0.000us       0.000us      63.940ms         0.83%      63.940ms       7.104ms             9  
2026-09-24 10:40:10                                Optimizer.step#Adam.step         0.00%       0.000us         0.00%       0.000us       0.000us      62.082ms         0.81%      62.082ms       6.898ms             9  
2026-09-24 10:40:10 void at::native::(anonymous namespace)::multi_tensor...         0.00%       0.000us         0.00%       0.000us       0.000us      61.967ms         0.81%      61.967ms       1.377ms            45  
2026-09-24 10:40:10 void cudnn::cnn::reduce_wgrad_nchw_helper<float, flo...         0.00%       0.000us         0.00%       0.000us       0.000us      61.386ms         0.80%      61.386ms     243.596us           252  
2026-09-24 10:40:10 void wgrad_alg0_engine<float, 128, 6, 8, 3, 3, 5, fa...         0.00%       0.000us         0.00%       0.000us       0.000us      56.381ms         0.73%      56.381ms       6.265ms             9  
2026-09-24 10:40:10         _5x_cudnn_volta_scudnn_128x64_relu_medium_nn_v1         0.00%       0.000us         0.00%       0.000us       0.000us      52.695ms         0.69%      52.695ms       5.855ms             9  
2026-09-24 10:40:10 void cudnn::bn_fw_tr_1C11_kernel_NCHW<float, float, ...         0.00%       0.000us         0.00%       0.000us       0.000us      42.654ms         0.56%      42.654ms       4.739ms             9  
2026-09-24 10:40:10                                                aten::to         0.00%     582.032us         0.04%       5.346ms      10.607us       0.000us         0.00%      42.238ms      83.807us           504  
2026-09-24 10:40:10                                          aten::_to_copy         0.00%     199.758us         0.03%       4.764ms     264.656us       0.000us         0.00%      42.238ms       2.347ms            18  
2026-09-24 10:40:10                                             aten::copy_         0.00%     277.464us         0.03%       4.312ms     239.569us      42.238ms         0.55%      42.238ms       2.347ms            18  
2026-09-24 10:40:10                          Memcpy HtoD (Pinned -> Device)         0.00%       0.000us         0.00%       0.000us       0.000us      42.238ms         0.55%      42.238ms       2.347ms            18  
2026-09-24 10:40:10 void cudnn::engines_precompiled::scalePackedTensor_k...         0.00%       0.000us         0.00%       0.000us       0.000us      32.978ms         0.43%      32.978ms     610.698us            54  
2026-09-24 10:40:10                                        aten::max_pool2d         0.00%      39.652us         0.02%       3.028ms     336.463us       0.000us         0.00%      31.869ms       3.541ms             9  
2026-09-24 10:40:10                           aten::max_pool2d_with_indices         0.00%     359.618us         0.02%       2.989ms     332.058us      24.980ms         0.33%      31.869ms       3.541ms             9  
2026-09-24 10:40:10 void at::native::(anonymous namespace)::max_pool_for...         0.00%       0.000us         0.00%       0.000us       0.000us      24.980ms         0.33%      24.980ms       2.776ms             9  
2026-09-24 10:40:10 void cudnn::bn_fw_tr_1C11_singleread<float, 512, tru...         0.00%       0.000us         0.00%       0.000us       0.000us      23.943ms         0.31%      23.943ms     295.597us            81  
2026-09-24 10:40:10 void cudnn::winograd_nonfused::winogradForwardFilter...         0.00%       0.000us         0.00%       0.000us       0.000us      15.054ms         0.20%      15.054ms      64.335us           234  
2026-09-24 10:40:10 void cudnn::winograd_nonfused::winogradWgradOutput4x...         0.00%       0.000us         0.00%       0.000us       0.000us      12.977ms         0.17%      12.977ms     110.917us           117  
2026-09-24 10:40:10                                             aten::fill_         0.00%     393.049us         0.14%      20.471ms     758.177us      11.919ms         0.16%      11.925ms     441.666us            27  
2026-09-24 10:40:10 void at::native::vectorized_elementwise_kernel<4, at...         0.00%       0.000us         0.00%       0.000us       0.000us      11.919ms         0.16%      11.919ms     441.461us            27  
2026-09-24 10:40:10                                             aten::zero_         0.00%      91.807us         0.05%       7.308ms     406.026us       0.000us         0.00%      11.903ms     661.274us            18  
2026-09-24 10:40:10                               aten::adaptive_avg_pool2d         0.00%      45.153us         0.05%       6.917ms     768.538us       0.000us         0.00%       4.828ms     536.427us             9  
2026-09-24 10:40:10                                              aten::mean         0.00%     385.926us         0.05%       6.872ms     763.521us       3.619ms         0.05%       4.828ms     536.427us             9  
2026-09-24 10:40:10 void at::native::reduce_kernel<512, 1, at::native::R...         0.00%       0.000us         0.00%       0.000us       0.000us       3.619ms         0.05%       3.619ms     402.102us             9  
2026-09-24 10:40:10      autograd::engine::evaluate_function: MeanBackward1         0.00%      69.688us         0.01%       1.956ms     217.347us       0.000us         0.00%       1.707ms     189.631us             9  
2026-09-24 10:40:10                                           MeanBackward1         0.00%      55.711us         0.01%       1.886ms     209.603us       0.000us         0.00%       1.707ms     189.631us             9  
2026-09-24 10:40:10                                               aten::div         0.00%     295.407us         0.01%       1.770ms     196.687us       1.707ms         0.02%       1.707ms     189.631us             9  
2026-09-24 10:40:10 void at::native::elementwise_kernel<128, 2, at::nati...         0.00%       0.000us         0.00%       0.000us       0.000us       1.707ms         0.02%       1.707ms     189.631us             9  
2026-09-24 10:40:10 void at::native::vectorized_elementwise_kernel<2, at...         0.00%       0.000us         0.00%       0.000us       0.000us       1.378ms         0.02%       1.378ms       2.889us           477  
2026-09-24 10:40:10 void cask__5x_cudnn::computeOffsetsKernel<false, fal...         0.00%       0.000us         0.00%       0.000us       0.000us       1.091ms         0.01%       1.091ms       3.189us           342  
2026-09-24 10:40:10                                         Memset (Device)         0.00%       0.000us         0.00%       0.000us       0.000us     581.564us         0.01%     581.564us       4.039us           144  
2026-09-24 10:40:10 void cask__5x_cudnn::computeOffsetsKernel<true, fals...         0.00%       0.000us         0.00%       0.000us       0.000us     511.323us         0.01%     511.323us       3.342us           153  
2026-09-24 10:40:10 cask__5x_cudnn::computeBOffsetsKernel(cask__5x_cudnn...         0.00%       0.000us         0.00%       0.000us       0.000us     389.342us         0.01%     389.342us       2.545us           153  
2026-09-24 10:40:10     autograd::engine::evaluate_function: AddmmBackward0         0.00%     253.962us         0.05%       6.614ms     734.944us       0.000us         0.00%     325.470us      36.163us             9  
2026-09-24 10:40:10                                            aten::linear         0.00%      60.928us         0.10%      14.762ms       1.640ms       0.000us         0.00%     264.897us      29.433us             9  
2026-09-24 10:40:10                                             aten::addmm         0.01%     745.203us         0.10%      14.566ms       1.618ms     198.336us         0.00%     264.897us      29.433us             9  
2026-09-24 10:40:10                                          AddmmBackward0         0.00%     151.607us         0.02%       2.799ms     311.047us       0.000us         0.00%     201.983us      22.443us             9  
2026-09-24 10:40:10                                                aten::mm         0.00%     675.636us         0.02%       2.408ms     133.775us     201.983us         0.00%     201.983us      11.221us            18  
2026-09-24 10:40:10                                   volta_sgemm_32x128_tn         0.00%       0.000us         0.00%       0.000us       0.000us     158.240us         0.00%     158.240us      17.582us             9  
2026-09-24 10:40:10                                               aten::sum         0.00%     247.429us         0.02%       3.492ms     388.051us     123.487us         0.00%     123.487us      13.721us             9  
2026-09-24 10:40:10 void at::native::reduce_kernel<256, 2, at::native::R...         0.00%       0.000us         0.00%       0.000us       0.000us     123.487us         0.00%     123.487us      13.721us             9  
2026-09-24 10:40:10                                   volta_sgemm_128x32_nt         0.00%       0.000us         0.00%       0.000us       0.000us     114.847us         0.00%     114.847us      12.761us             9  
2026-09-24 10:40:10 cask__5x_cudnn::computeWgradSplitKOffsetsKernel(cask...         0.00%       0.000us         0.00%       0.000us       0.000us      93.183us         0.00%      93.183us       2.588us            36  
2026-09-24 10:40:10                                   volta_sgemm_128x32_nn         0.00%       0.000us         0.00%       0.000us       0.000us      87.136us         0.00%      87.136us       9.682us             9  
2026-09-24 10:40:10 cask__5x_cudnn::computeWgradBOffsetsKernel(cask__5x_...         0.00%       0.000us         0.00%       0.000us       0.000us      85.628us         0.00%      85.628us       2.379us            36  
2026-09-24 10:40:10                                aten::cross_entropy_loss         0.00%      74.085us         0.09%      13.083ms       1.454ms       0.000us         0.00%      74.268us       8.252us             9  
2026-09-24 10:40:10                                     aten::_foreach_add_         0.01%       1.576ms         0.02%       2.141ms     237.940us      72.991us         0.00%      72.991us       8.110us             9  
2026-09-24 10:40:10 void at::native::(anonymous namespace)::multi_tensor...         0.00%       0.000us         0.00%       0.000us       0.000us      72.991us         0.00%      72.991us       4.055us            18  
2026-09-24 10:40:10 autograd::engine::evaluate_function: NllLossBackward...         0.00%     225.566us         0.10%      14.503ms       1.611ms       0.000us         0.00%      49.762us       5.529us             9  
2026-09-24 10:40:10                                        NllLossBackward0         0.00%      92.035us         0.10%      14.278ms       1.586ms       0.000us         0.00%      49.762us       5.529us             9  
2026-09-24 10:40:10 -------------------------------------------------------  ------------  ------------  ------------  ------------  ------------  ------------  ------------  ------------  ------------  ------------  
2026-09-24 10:40:10 Self CPU time total: 14.125s
2026-09-24 10:40:10 Self CUDA time total: 7.676s
2026-09-24 10:40:11 
2026-09-24 10:40:11 Train 1st Epoch Profiler:
2026-09-24 10:40:11 -------------------------------------------------------  ------------  ------------  ------------  ------------  ------------  ------------  ------------  ------------  ------------  ------------  
2026-09-24 10:40:11                                                    Name    Self CPU %      Self CPU   CPU total %     CPU total  CPU time avg     Self CUDA   Self CUDA %    CUDA total  CUDA time avg    # of Calls  
2026-09-24 10:40:11 -------------------------------------------------------  ------------  ------------  ------------  ------------  ------------  ------------  ------------  ------------  ------------  ------------  
2026-09-24 10:40:11 enumerate(DataLoader)#_MultiProcessingDataLoaderIter...        25.76%        1.251s        27.14%        1.319s     329.652ms       0.000us         0.00%       4.844ms       1.211ms             4  
2026-09-24 10:40:11                                   cudaDeviceSynchronize        26.47%        1.286s        26.47%        1.286s        1.286s       0.000us         0.00%       0.000us       0.000us             1  
2026-09-24 10:40:11                                        cudaLaunchKernel        13.84%     672.370ms        25.80%        1.253s     484.088us       0.000us         0.00%     175.841ms      67.919us          2589  
2026-09-24 10:40:11                        Runtime Triggered Module Loading        19.03%     924.614ms        19.03%     924.614ms      15.942ms     105.621ms         4.19%     105.621ms       1.821ms            58  
2026-09-24 10:40:11 autograd::engine::evaluate_function: ConvolutionBack...         0.06%       2.764ms        11.83%     574.916ms       3.616ms       0.000us         0.00%        1.180s       7.422ms           159  
2026-09-24 10:40:11                                    ConvolutionBackward0         0.02%     860.699us        11.51%     559.028ms       3.516ms       0.000us         0.00%        1.101s       6.925ms           159  
2026-09-24 10:40:11                              aten::convolution_backward         0.53%      25.746ms        11.49%     558.167ms       3.510ms        1.101s        43.65%        1.101s       6.925ms           159  
2026-09-24 10:40:11                                     Command Buffer Full         6.33%     307.393ms         6.33%     307.393ms       1.210ms      27.709ms         1.10%      27.709ms     109.092us           254  
2026-09-24 10:40:11                                            aten::conv2d         0.01%     388.311us         5.69%     276.218ms       1.737ms       0.000us         0.00%     596.655ms       3.753ms           159  
2026-09-24 10:40:11                                       aten::convolution         0.04%       1.771ms         5.68%     275.830ms       1.735ms       0.000us         0.00%     596.655ms       3.753ms           159  
2026-09-24 10:40:11                                      aten::_convolution         0.02%       1.141ms         5.64%     274.058ms       1.724ms       0.000us         0.00%     596.655ms       3.753ms           159  
2026-09-24 10:40:11                                 aten::cudnn_convolution         2.91%     141.343ms         5.62%     272.917ms       1.716ms     473.492ms        18.77%     596.655ms       3.753ms           159  
2026-09-24 10:40:11                               aten::adaptive_avg_pool2d         0.00%      21.739us         4.87%     236.384ms      78.795ms       0.000us         0.00%       2.363ms     787.772us             3  
2026-09-24 10:40:11                                              aten::mean         0.00%     214.424us         4.86%     236.362ms      78.787ms       1.199ms         0.05%       2.363ms     787.772us             3  
2026-09-24 10:40:11                                Optimizer.step#Adam.step         0.15%       7.191ms         4.42%     214.603ms      71.534ms       0.000us         0.00%      70.515ms      23.505ms             3  
2026-09-24 10:40:11                                     aten::_foreach_add_         0.01%     453.922us         3.91%     190.163ms      63.388ms      23.522us         0.00%      45.410us      15.137us             3  
2026-09-24 10:40:11                                           cudaHostAlloc         2.11%     102.341ms         2.11%     102.341ms      14.620ms       3.747ms         0.15%       3.747ms     535.288us             7  
2026-09-24 10:40:11      autograd::engine::evaluate_function: ReluBackward0         0.03%       1.305ms         1.24%      60.382ms     410.759us       0.000us         0.00%     135.437ms     921.338us           147  
2026-09-24 10:40:11                                           ReluBackward0         0.01%     666.296us         1.22%      59.077ms     401.882us       0.000us         0.00%     135.437ms     921.338us           147  
2026-09-24 10:40:11                                aten::threshold_backward         0.06%       2.783ms         1.20%      58.410ms     397.349us     135.437ms         5.37%     135.437ms     921.338us           147  
2026-09-24 10:40:11 autograd::engine::evaluate_function: CudnnBatchNormB...         0.05%       2.387ms         1.08%      52.388ms     329.481us       0.000us         0.00%     303.990ms       1.912ms           159  
2026-09-24 10:40:11                                 CudnnBatchNormBackward0         0.02%     837.125us         1.03%      50.001ms     314.471us       0.000us         0.00%     303.990ms       1.912ms           159  
2026-09-24 10:40:11                         aten::cudnn_batch_norm_backward         0.10%       4.791ms         1.01%      49.164ms     309.206us     303.990ms        12.05%     303.990ms       1.912ms           159  
2026-09-24 10:40:11                                              aten::add_         0.10%       4.646ms         0.85%      41.519ms     160.928us     157.418ms         6.24%     161.178ms     624.720us           258  
2026-09-24 10:40:11                                        aten::batch_norm         0.01%     325.498us         0.81%      39.149ms     246.221us       0.000us         0.00%     202.826ms       1.276ms           159  
2026-09-24 10:40:11                            aten::_batch_norm_impl_index         0.01%     698.968us         0.80%      38.824ms     244.174us       0.000us         0.00%     202.826ms       1.276ms           159  
2026-09-24 10:40:11                                  aten::cudnn_batch_norm         0.22%      10.710ms         0.78%      38.125ms     239.778us     186.390ms         7.39%     202.826ms       1.276ms           159  
2026-09-24 10:40:11                                             aten::relu_         0.04%       1.981ms         0.71%      34.289ms     233.260us       0.000us         0.00%     100.807ms     685.760us           147  
2026-09-24 10:40:11                                        aten::clamp_min_         0.03%       1.644ms         0.66%      32.308ms     219.782us      93.121ms         3.69%     100.807ms     685.760us           147  
2026-09-24 10:40:11                                aten::cross_entropy_loss         0.00%      57.915us         0.54%      26.391ms       8.797ms       0.000us         0.00%      37.023us      12.341us             3  
2026-09-24 10:40:11                                            aten::linear         0.00%      32.861us         0.42%      20.166ms       6.722ms       0.000us         0.00%     152.921us      50.974us             3  
2026-09-24 10:40:11                                             aten::addmm         0.07%       3.289ms         0.41%      20.080ms       6.693ms      66.141us         0.00%     152.921us      50.974us             3  
2026-09-24 10:40:11                                    cudaGetSymbolAddress         0.40%      19.483ms         0.41%      19.934ms      19.934ms       0.000us         0.00%      18.252ms      18.252ms             1  
2026-09-24 10:40:11                                              cudaMalloc         0.40%      19.273ms         0.40%      19.273ms     192.726us       0.000us         0.00%       0.000us       0.000us           100  
2026-09-24 10:40:11                                       aten::log_softmax         0.00%      34.768us         0.38%      18.463ms       6.154ms       0.000us         0.00%      13.151us       4.384us             3  
2026-09-24 10:40:11                                      aten::_log_softmax         0.00%     146.430us         0.38%      18.426ms       6.142ms       7.199us         0.00%      13.151us       4.384us             3  
2026-09-24 10:40:11                                             aten::empty         0.21%      10.161ms         0.33%      15.938ms       9.066us       0.000us         0.00%       0.000us       0.000us          1758  
2026-09-24 10:40:11                                             aten::fill_         0.05%       2.399ms         0.25%      11.988ms      24.365us       5.317ms         0.21%       5.321ms      10.814us           492  
2026-09-24 10:40:11      autograd::engine::evaluate_function: MeanBackward1         0.00%      30.401us         0.25%      11.918ms       3.973ms       0.000us         0.00%     551.133us     183.711us             3  
2026-09-24 10:40:11                                           MeanBackward1         0.00%      34.793us         0.24%      11.887ms       3.962ms       0.000us         0.00%     551.133us     183.711us             3  
2026-09-24 10:40:11                                               aten::div         0.00%     196.194us         0.24%      11.828ms       3.943ms     551.133us         0.02%     551.133us     183.711us             3  
2026-09-24 10:40:11                                         cudaMemsetAsync         0.24%      11.592ms         0.24%      11.592ms      53.914us       0.000us         0.00%       0.000us       0.000us           215  
2026-09-24 10:40:11                                        aten::empty_like         0.02%     896.273us         0.24%      11.568ms      23.900us       0.000us         0.00%       0.000us       0.000us           484  
2026-09-24 10:40:11     autograd::engine::evaluate_function: AddmmBackward0         0.00%     108.049us         0.21%      10.369ms       3.456ms       0.000us         0.00%      97.918us      32.639us             3  
2026-09-24 10:40:11                                        aten::zeros_like         0.01%     665.816us         0.21%      10.015ms      31.101us       0.000us         0.00%       1.136ms       3.528us           322  
2026-09-24 10:40:11                                               aten::sum         0.00%     104.574us         0.19%       9.120ms       3.040ms      36.191us         0.00%      36.191us      12.064us             3  
2026-09-24 10:40:11           cudaOccupancyMaxActiveBlocksPerMultiprocessor         0.03%       1.304ms         0.17%       8.402ms      10.870us       0.000us         0.00%      10.698ms      13.840us           773  
2026-09-24 10:40:11                                       aten::nll_loss_nd         0.00%      20.020us         0.16%       7.870ms       2.623ms       0.000us         0.00%      23.872us       7.957us             3  
2026-09-24 10:40:11                                          aten::nll_loss         0.00%      20.586us         0.16%       7.850ms       2.617ms       0.000us         0.00%      23.872us       7.957us             3  
2026-09-24 10:40:11                                  aten::nll_loss_forward         0.00%     120.621us         0.16%       7.829ms       2.610ms      13.216us         0.00%      23.872us       7.957us             3  
2026-09-24 10:40:11                                             aten::zero_         0.03%       1.249ms         0.14%       7.036ms      14.389us       0.000us         0.00%       5.312ms      10.863us           489  
2026-09-24 10:40:11                                         aten::ones_like         0.00%      19.736us         0.13%       6.282ms       2.094ms       0.000us         0.00%       8.799us       2.933us             3  
2026-09-24 10:40:11 autograd::engine::evaluate_function: torch::autograd...         0.05%       2.241ms         0.10%       4.980ms      10.311us       0.000us         0.00%       0.000us       0.000us           483  
2026-09-24 10:40:11                                     aten::empty_strided         0.05%       2.426ms         0.10%       4.958ms      14.980us       0.000us         0.00%       0.000us       0.000us           331  
2026-09-24 10:40:11                                        aten::max_pool2d         0.00%      30.808us         0.09%       4.162ms       1.387ms       0.000us         0.00%      19.537ms       6.512ms             3  
2026-09-24 10:40:11                           aten::max_pool2d_with_indices         0.00%     239.719us         0.09%       4.132ms       1.377ms       8.327ms         0.33%      19.537ms       6.512ms             3  
2026-09-24 10:40:11                                             aten::zeros         0.01%     419.695us         0.08%       3.802ms      23.613us       0.000us         0.00%     211.000us       1.311us           161  
2026-09-24 10:40:11                                   Lazy Function Loading         0.08%       3.788ms         0.08%       3.788ms      51.894us      74.796ms         2.96%      74.796ms       1.025ms            73  
2026-09-24 10:40:11                                      aten::_fused_adam_         0.01%     407.010us         0.07%       3.423ms       1.141ms      20.793ms         0.82%      69.123ms      23.041ms             3  
2026-09-24 10:40:11 autograd::engine::evaluate_function: MaxPool2DWithIn...         0.00%      41.057us         0.06%       3.042ms       1.014ms       0.000us         0.00%      25.358ms       8.453ms             3  
2026-09-24 10:40:11                                  cudaDeviceGetAttribute         0.06%       3.009ms         0.06%       3.009ms      43.602us       0.000us         0.00%       0.000us       0.000us            69  
2026-09-24 10:40:11                           MaxPool2DWithIndicesBackward0         0.00%      35.345us         0.06%       3.001ms       1.000ms       0.000us         0.00%      25.358ms       8.453ms             3  
2026-09-24 10:40:11                  aten::max_pool2d_with_indices_backward         0.00%      81.642us         0.06%       2.965ms     988.387us      21.399ms         0.85%      25.358ms       8.453ms             3  
2026-09-24 10:40:11                         torch::autograd::AccumulateGrad         0.03%       1.349ms         0.06%       2.739ms       5.671us       0.000us         0.00%       0.000us       0.000us           483  
2026-09-24 10:40:11                                                cudaFree         0.05%       2.393ms         0.05%       2.393ms     598.292us       0.000us         0.00%       0.000us       0.000us             4  
2026-09-24 10:40:11                                            Unrecognized         0.05%       2.343ms         0.05%       2.343ms       2.343ms       0.000us         0.00%       0.000us       0.000us             1  
2026-09-24 10:40:11                              cudaGetDeviceProperties_v2         0.03%       1.669ms         0.03%       1.669ms     834.260us       0.000us         0.00%       0.000us       0.000us             2  
2026-09-24 10:40:11                                            aten::detach         0.01%     477.912us         0.03%       1.419ms       2.920us       0.000us         0.00%       0.000us       0.000us           486  
2026-09-24 10:40:11                                          AddmmBackward0         0.00%      79.325us         0.02%       1.123ms     374.498us       0.000us         0.00%      61.727us      20.576us             3  
2026-09-24 10:40:11                                                aten::to         0.00%     203.780us         0.02%       1.056ms       6.286us       0.000us         0.00%      14.084ms      83.836us           168  
2026-09-24 10:40:11                      Optimizer.zero_grad#Adam.zero_grad         0.02%       1.025ms         0.02%       1.025ms     341.701us       0.000us         0.00%       0.000us       0.000us             3  
2026-09-24 10:40:11                                                aten::mm         0.01%     579.840us         0.02%     952.646us     158.774us      61.727us         0.00%      61.727us      10.288us             6  
2026-09-24 10:40:11                                                  detach         0.02%     940.995us         0.02%     940.995us       1.936us       0.000us         0.00%       0.000us       0.000us           486  
2026-09-24 10:40:11                                              aten::view         0.02%     929.644us         0.02%     929.644us       2.843us       0.000us         0.00%       0.000us       0.000us           327  
2026-09-24 10:40:11                                          aten::_to_copy         0.00%      76.578us         0.02%     852.307us     142.051us       0.000us         0.00%      14.084ms       2.347ms             6  
2026-09-24 10:40:11                               cudaStreamCreateWithFlags         0.02%     835.825us         0.02%     835.825us      26.120us       0.000us         0.00%       0.000us       0.000us            32  
2026-09-24 10:40:11 cudaOccupancyMaxActiveBlocksPerMultiprocessorWithFla...         0.00%     229.448us         0.02%     739.990us       4.405us       0.000us         0.00%       3.203ms      19.065us           168  
2026-09-24 10:40:11                                cudaPointerGetAttributes         0.01%     722.687us         0.01%     722.687us     120.448us       4.848ms         0.19%       4.848ms     808.016us             6  
2026-09-24 10:40:11 autograd::engine::evaluate_function: NllLossBackward...         0.00%      71.866us         0.01%     509.327us     169.776us       0.000us         0.00%      15.009us       5.003us             3  
2026-09-24 10:40:11                                        NllLossBackward0         0.00%      44.092us         0.01%     437.461us     145.820us       0.000us         0.00%      15.009us       5.003us             3  
2026-09-24 10:40:11                                 aten::nll_loss_backward         0.00%     160.335us         0.01%     393.369us     131.123us       9.664us         0.00%      15.009us       5.003us             3  
2026-09-24 10:40:11       autograd::engine::evaluate_function: AddBackward0         0.01%     270.721us         0.01%     338.764us       7.058us       0.000us         0.00%       0.000us       0.000us            48  
2026-09-24 10:40:11                                             aten::copy_         0.00%     104.788us         0.01%     318.499us      53.083us      14.084ms         0.56%      14.084ms       2.347ms             6  
2026-09-24 10:40:11                                     cudaPeekAtLastError         0.01%     268.365us         0.01%     268.365us       0.238us       0.000us         0.00%       0.000us       0.000us          1128  
2026-09-24 10:40:11                                         cudaMemcpyAsync         0.00%     213.711us         0.00%     213.711us      35.618us       0.000us         0.00%       0.000us       0.000us             6  
2026-09-24 10:40:11                                   cudaStreamIsCapturing         0.00%     199.000us         0.00%     199.000us       2.095us       0.000us         0.00%       0.000us       0.000us            95  
2026-09-24 10:40:11 autograd::engine::evaluate_function: LogSoftmaxBackw...         0.00%      30.389us         0.00%     173.996us      57.999us       0.000us         0.00%       6.496us       2.165us             3  
2026-09-24 10:40:11                                                 aten::t         0.00%      79.006us         0.00%     166.516us      11.101us       0.000us         0.00%       0.000us       0.000us            15  
2026-09-24 10:40:11                                     LogSoftmaxBackward0         0.00%      34.220us         0.00%     143.607us      47.869us       0.000us         0.00%       6.496us       2.165us             3  
2026-09-24 10:40:11                                          aten::randperm         0.00%      62.704us         0.00%     143.096us      35.774us       0.000us         0.00%       0.000us       0.000us             4  
2026-09-24 10:40:11                                    cudaFuncSetAttribute         0.00%      65.479us         0.00%     109.800us       4.067us       0.000us         0.00%     132.960us       4.924us            27  
2026-09-24 10:40:11                        aten::_log_softmax_backward_data         0.00%      61.170us         0.00%     109.387us      36.462us       6.496us         0.00%       6.496us       2.165us             3  
2026-09-24 10:40:11                                         aten::transpose         0.00%      47.773us         0.00%      87.510us       5.834us       0.000us         0.00%       0.000us       0.000us            15  
2026-09-24 10:40:11                                            AddBackward0         0.00%      68.043us         0.00%      68.043us       1.418us       0.000us         0.00%       0.000us       0.000us            48  
2026-09-24 10:40:11                                           aten::flatten         0.00%      14.382us         0.00%      66.336us      22.112us       0.000us         0.00%       0.000us       0.000us             3  
2026-09-24 10:40:11                                       aten::result_type         0.00%      55.057us         0.00%      55.057us       0.114us       0.000us         0.00%       0.000us       0.000us           483  
2026-09-24 10:40:11         autograd::engine::evaluate_function: TBackward0         0.00%      15.452us         0.00%      45.011us      15.004us       0.000us         0.00%       0.000us       0.000us             3  
2026-09-24 10:40:11                                        aten::as_strided         0.00%      43.997us         0.00%      43.997us       2.444us       0.000us         0.00%       0.000us       0.000us            18  
2026-09-24 10:40:11                                           aten::random_         0.00%      42.686us         0.00%      42.686us      21.343us       0.000us         0.00%       0.000us       0.000us             2  
2026-09-24 10:40:11      autograd::engine::evaluate_function: ViewBackward0         0.00%      13.547us         0.00%      34.796us      11.599us       0.000us         0.00%       0.000us       0.000us             3  
2026-09-24 10:40:11 -------------------------------------------------------  ------------  ------------  ------------  ------------  ------------  ------------  ------------  ------------  ------------  ------------  
2026-09-24 10:40:11 Self CPU time total: 4.859s
2026-09-24 10:40:11 Self CUDA time total: 2.523s
2026-09-24 10:40:11 
2026-09-24 10:40:11 -------------------------------------------------------  ------------  ------------  ------------  ------------  ------------  ------------  ------------  ------------  ------------  ------------  
2026-09-24 10:40:11                                                    Name    Self CPU %      Self CPU   CPU total %     CPU total  CPU time avg     Self CUDA   Self CUDA %    CUDA total  CUDA time avg    # of Calls  
2026-09-24 10:40:11 -------------------------------------------------------  ------------  ------------  ------------  ------------  ------------  ------------  ------------  ------------  ------------  ------------  
2026-09-24 10:40:11 autograd::engine::evaluate_function: ConvolutionBack...         0.06%       2.764ms        11.83%     574.916ms       3.616ms       0.000us         0.00%        1.180s       7.422ms           159  
2026-09-24 10:40:11                                    ConvolutionBackward0         0.02%     860.699us        11.51%     559.028ms       3.516ms       0.000us         0.00%        1.101s       6.925ms           159  
2026-09-24 10:40:11                              aten::convolution_backward         0.53%      25.746ms        11.49%     558.167ms       3.510ms        1.101s        43.65%        1.101s       6.925ms           159  
2026-09-24 10:40:11                                            aten::conv2d         0.01%     388.311us         5.69%     276.218ms       1.737ms       0.000us         0.00%     596.655ms       3.753ms           159  
2026-09-24 10:40:11                                       aten::convolution         0.04%       1.771ms         5.68%     275.830ms       1.735ms       0.000us         0.00%     596.655ms       3.753ms           159  
2026-09-24 10:40:11                                      aten::_convolution         0.02%       1.141ms         5.64%     274.058ms       1.724ms       0.000us         0.00%     596.655ms       3.753ms           159  
2026-09-24 10:40:11                                 aten::cudnn_convolution         2.91%     141.343ms         5.62%     272.917ms       1.716ms     473.492ms        18.77%     596.655ms       3.753ms           159  
2026-09-24 10:40:11 autograd::engine::evaluate_function: CudnnBatchNormB...         0.05%       2.387ms         1.08%      52.388ms     329.481us       0.000us         0.00%     303.990ms       1.912ms           159  
2026-09-24 10:40:11                                 CudnnBatchNormBackward0         0.02%     837.125us         1.03%      50.001ms     314.471us       0.000us         0.00%     303.990ms       1.912ms           159  
2026-09-24 10:40:11                         aten::cudnn_batch_norm_backward         0.10%       4.791ms         1.01%      49.164ms     309.206us     303.990ms        12.05%     303.990ms       1.912ms           159  
2026-09-24 10:40:11       _5x_cudnn_volta_scudnn_128x64_relu_interior_nn_v1         0.00%       0.000us         0.00%       0.000us       0.000us     226.024ms         8.96%     226.024ms       2.511ms            90  
2026-09-24 10:40:11                                        aten::batch_norm         0.01%     325.498us         0.81%      39.149ms     246.221us       0.000us         0.00%     202.826ms       1.276ms           159  
2026-09-24 10:40:11                            aten::_batch_norm_impl_index         0.01%     698.968us         0.80%      38.824ms     244.174us       0.000us         0.00%     202.826ms       1.276ms           159  
2026-09-24 10:40:11                                  aten::cudnn_batch_norm         0.22%      10.710ms         0.78%      38.125ms     239.778us     186.390ms         7.39%     202.826ms       1.276ms           159  
2026-09-24 10:40:11                                   volta_sgemm_128x64_nt         0.00%       0.000us         0.00%       0.000us       0.000us     201.383ms         7.98%     201.383ms       1.865ms           108  
2026-09-24 10:40:11                                   volta_sgemm_128x64_tn         0.00%       0.000us         0.00%       0.000us       0.000us     199.749ms         7.92%     199.749ms       2.895ms            69  
2026-09-24 10:40:11                                        cudaLaunchKernel        13.84%     672.370ms        25.80%        1.253s     484.088us       0.000us         0.00%     175.841ms      67.919us          2589  
2026-09-24 10:40:11                                              aten::add_         0.10%       4.646ms         0.85%      41.519ms     160.928us     157.418ms         6.24%     161.178ms     624.720us           258  
2026-09-24 10:40:11 void at::native::vectorized_elementwise_kernel<4, at...         0.00%       0.000us         0.00%       0.000us       0.000us     156.958ms         6.22%     156.958ms       1.585ms            99  
2026-09-24 10:40:11 void cudnn::bn_bw_1C11_kernel_new<float, float, floa...         0.00%       0.000us         0.00%       0.000us       0.000us     147.990ms         5.87%     147.990ms       1.203ms           123  
2026-09-24 10:40:11      _5x_cudnn_volta_scudnn_128x64_stridedB_small_nn_v1         0.00%       0.000us         0.00%       0.000us       0.000us     137.375ms         5.45%     137.375ms       2.694ms            51  
2026-09-24 10:40:11      autograd::engine::evaluate_function: ReluBackward0         0.03%       1.305ms         1.24%      60.382ms     410.759us       0.000us         0.00%     135.437ms     921.338us           147  
2026-09-24 10:40:11                                           ReluBackward0         0.01%     666.296us         1.22%      59.077ms     401.882us       0.000us         0.00%     135.437ms     921.338us           147  
2026-09-24 10:40:11                                aten::threshold_backward         0.06%       2.783ms         1.20%      58.410ms     397.349us     135.437ms         5.37%     135.437ms     921.338us           147  
2026-09-24 10:40:11 void at::native::vectorized_elementwise_kernel<4, at...         0.00%       0.000us         0.00%       0.000us       0.000us     135.437ms         5.37%     135.437ms     921.338us           147  
2026-09-24 10:40:11 void cudnn::bn_bw_1C11_kernel_new<float, float, floa...         0.00%       0.000us         0.00%       0.000us       0.000us     133.364ms         5.29%     133.364ms       4.041ms            33  
2026-09-24 10:40:11                        Runtime Triggered Module Loading        19.03%     924.614ms        19.03%     924.614ms      15.942ms     105.621ms         4.19%     105.621ms       1.821ms            58  
2026-09-24 10:40:11         _5x_cudnn_volta_scudnn_128x128_relu_small_nn_v1         0.00%       0.000us         0.00%       0.000us       0.000us     103.321ms         4.10%     103.321ms       4.920ms            21  
2026-09-24 10:40:11                                             aten::relu_         0.04%       1.981ms         0.71%      34.289ms     233.260us       0.000us         0.00%     100.807ms     685.760us           147  
2026-09-24 10:40:11                                        aten::clamp_min_         0.03%       1.644ms         0.66%      32.308ms     219.782us      93.121ms         3.69%     100.807ms     685.760us           147  
2026-09-24 10:40:11 void at::native::vectorized_elementwise_kernel<4, at...         0.00%       0.000us         0.00%       0.000us       0.000us      93.121ms         3.69%      93.121ms     633.476us           147  
2026-09-24 10:40:11 void cudnn::cnn::wgrad_alg1_engine<float, float, 128...         0.00%       0.000us         0.00%       0.000us       0.000us      82.641ms         3.28%      82.641ms       3.935ms            21  
2026-09-24 10:40:11 void cudnn::bn_fw_tr_1C11_kernel_NCHW<float, float, ...         0.00%       0.000us         0.00%       0.000us       0.000us      82.423ms         3.27%      82.423ms       2.498ms            33  
2026-09-24 10:40:11 void cudnn::bn_fw_tr_1C11_kernel_NCHW<float, float, ...         0.00%       0.000us         0.00%       0.000us       0.000us      81.728ms         3.24%      81.728ms     851.331us            96  
2026-09-24 10:40:11 void cudnn::detail::dgrad_engine<float, 512, 6, 5, 3...         0.00%       0.000us         0.00%       0.000us       0.000us      81.683ms         3.24%      81.683ms       9.076ms             9  
2026-09-24 10:40:11                                   volta_sgemm_128x64_nn         0.00%       0.000us         0.00%       0.000us       0.000us      76.580ms         3.04%      76.580ms       1.702ms            45  
2026-09-24 10:40:11 _5x_cudnn_turing_scudnn_128x64_stridedB_splitK_xregs...         0.00%       0.000us         0.00%       0.000us       0.000us      75.055ms         2.97%      75.055ms       6.255ms            12  
2026-09-24 10:40:11                                   Lazy Function Loading         0.08%       3.788ms         0.08%       3.788ms      51.894us      74.796ms         2.96%      74.796ms       1.025ms            73  
2026-09-24 10:40:11                                    volta_sgemm_64x64_tn         0.00%       0.000us         0.00%       0.000us       0.000us      74.731ms         2.96%      74.731ms       4.982ms            15  
2026-09-24 10:40:11                                Optimizer.step#Adam.step         0.15%       7.191ms         4.42%     214.603ms      71.534ms       0.000us         0.00%      70.515ms      23.505ms             3  
2026-09-24 10:40:11                                      aten::_fused_adam_         0.01%     407.010us         0.07%       3.423ms       1.141ms      20.793ms         0.82%      69.123ms      23.041ms             3  
2026-09-24 10:40:11 void cudnn::detail::dgrad_engine<float, 128, 6, 8, 3...         0.00%       0.000us         0.00%       0.000us       0.000us      62.320ms         2.47%      62.320ms       6.924ms             9  
2026-09-24 10:40:11 void cudnn::winograd_nonfused::winogradForwardData4x...         0.00%       0.000us         0.00%       0.000us       0.000us      49.490ms         1.96%      49.490ms     634.486us            78  
2026-09-24 10:40:11 void cudnn::winograd_nonfused::winogradForwardOutput...         0.00%       0.000us         0.00%       0.000us       0.000us      44.542ms         1.77%      44.542ms     571.046us            78  
2026-09-24 10:40:11                                    volta_sgemm_64x64_nt         0.00%       0.000us         0.00%       0.000us       0.000us      32.733ms         1.30%      32.733ms       1.819ms            18  
2026-09-24 10:40:11                                     Command Buffer Full         6.33%     307.393ms         6.33%     307.393ms       1.210ms      27.709ms         1.10%      27.709ms     109.092us           254  
2026-09-24 10:40:11 void cudnn::winograd_nonfused::winogradWgradDelta4x4...         0.00%       0.000us         0.00%       0.000us       0.000us      25.572ms         1.01%      25.572ms     655.696us            39  
2026-09-24 10:40:11 autograd::engine::evaluate_function: MaxPool2DWithIn...         0.00%      41.057us         0.06%       3.042ms       1.014ms       0.000us         0.00%      25.358ms       8.453ms             3  
2026-09-24 10:40:11                           MaxPool2DWithIndicesBackward0         0.00%      35.345us         0.06%       3.001ms       1.000ms       0.000us         0.00%      25.358ms       8.453ms             3  
2026-09-24 10:40:11                  aten::max_pool2d_with_indices_backward         0.00%      81.642us         0.06%       2.965ms     988.387us      21.399ms         0.85%      25.358ms       8.453ms             3  
2026-09-24 10:40:11 void cudnn::winograd_nonfused::winogradWgradData4x4<...         0.00%       0.000us         0.00%       0.000us       0.000us      24.588ms         0.97%      24.588ms     630.469us            39  
2026-09-24 10:40:11                                Optimizer.step#Adam.step         0.00%       0.000us         0.00%       0.000us       0.000us      23.796ms         0.94%      23.796ms       7.932ms             3  
2026-09-24 10:40:11 void cudnn::bn_bw_1C11_kernel_new<float, float, floa...         0.00%       0.000us         0.00%       0.000us       0.000us      22.634ms         0.90%      22.634ms       7.545ms             3  
2026-09-24 10:40:11 void at::native::(anonymous namespace)::max_pool_bac...         0.00%       0.000us         0.00%       0.000us       0.000us      21.399ms         0.85%      21.399ms       7.133ms             3  
2026-09-24 10:40:11 void at::native::(anonymous namespace)::multi_tensor...         0.00%       0.000us         0.00%       0.000us       0.000us      20.793ms         0.82%      20.793ms       1.386ms            15  
2026-09-24 10:40:11 void cudnn::cnn::reduce_wgrad_nchw_helper<float, flo...         0.00%       0.000us         0.00%       0.000us       0.000us      20.460ms         0.81%      20.460ms     243.569us            84  
2026-09-24 10:40:11                                        aten::max_pool2d         0.00%      30.808us         0.09%       4.162ms       1.387ms       0.000us         0.00%      19.537ms       6.512ms             3  
2026-09-24 10:40:11                           aten::max_pool2d_with_indices         0.00%     239.719us         0.09%       4.132ms       1.377ms       8.327ms         0.33%      19.537ms       6.512ms             3  
2026-09-24 10:40:11                                    cudaGetSymbolAddress         0.40%      19.483ms         0.41%      19.934ms      19.934ms       0.000us         0.00%      18.252ms      18.252ms             1  
2026-09-24 10:40:11 void wgrad_alg0_engine<float, 128, 6, 8, 3, 3, 5, fa...         0.00%       0.000us         0.00%       0.000us       0.000us      17.972ms         0.71%      17.972ms       5.991ms             3  
2026-09-24 10:40:11         _5x_cudnn_volta_scudnn_128x64_relu_medium_nn_v1         0.00%       0.000us         0.00%       0.000us       0.000us      17.629ms         0.70%      17.629ms       5.876ms             3  
2026-09-24 10:40:11 void cudnn::bn_fw_tr_1C11_kernel_NCHW<float, float, ...         0.00%       0.000us         0.00%       0.000us       0.000us      14.220ms         0.56%      14.220ms       4.740ms             3  
2026-09-24 10:40:11                                                aten::to         0.00%     203.780us         0.02%       1.056ms       6.286us       0.000us         0.00%      14.084ms      83.836us           168  
2026-09-24 10:40:11                                          aten::_to_copy         0.00%      76.578us         0.02%     852.307us     142.051us       0.000us         0.00%      14.084ms       2.347ms             6  
2026-09-24 10:40:11                                             aten::copy_         0.00%     104.788us         0.01%     318.499us      53.083us      14.084ms         0.56%      14.084ms       2.347ms             6  
2026-09-24 10:40:11                          Memcpy HtoD (Pinned -> Device)         0.00%       0.000us         0.00%       0.000us       0.000us      14.084ms         0.56%      14.084ms       2.347ms             6  
2026-09-24 10:40:11 void cudnn::engines_precompiled::scalePackedTensor_k...         0.00%       0.000us         0.00%       0.000us       0.000us      10.851ms         0.43%      10.851ms     602.819us            18  
2026-09-24 10:40:11           cudaOccupancyMaxActiveBlocksPerMultiprocessor         0.03%       1.304ms         0.17%       8.402ms      10.870us       0.000us         0.00%      10.698ms      13.840us           773  
2026-09-24 10:40:11 void at::native::(anonymous namespace)::max_pool_for...         0.00%       0.000us         0.00%       0.000us       0.000us       8.327ms         0.33%       8.327ms       2.776ms             3  
2026-09-24 10:40:11 void cudnn::bn_fw_tr_1C11_singleread<float, 512, tru...         0.00%       0.000us         0.00%       0.000us       0.000us       8.019ms         0.32%       8.019ms     296.991us            27  
2026-09-24 10:40:11                                             aten::fill_         0.05%       2.399ms         0.25%      11.988ms      24.365us       5.317ms         0.21%       5.321ms      10.814us           492  
2026-09-24 10:40:11 void at::native::vectorized_elementwise_kernel<4, at...         0.00%       0.000us         0.00%       0.000us       0.000us       5.317ms         0.21%       5.317ms      10.807us           492  
2026-09-24 10:40:11                                             aten::zero_         0.03%       1.249ms         0.14%       7.036ms      14.389us       0.000us         0.00%       5.312ms      10.863us           489  
2026-09-24 10:40:11 void cudnn::winograd_nonfused::winogradForwardFilter...         0.00%       0.000us         0.00%       0.000us       0.000us       5.034ms         0.20%       5.034ms      64.534us            78  
2026-09-24 10:40:11                                cudaPointerGetAttributes         0.01%     722.687us         0.01%     722.687us     120.448us       4.848ms         0.19%       4.848ms     808.016us             6  
2026-09-24 10:40:11 enumerate(DataLoader)#_MultiProcessingDataLoaderIter...        25.76%        1.251s        27.14%        1.319s     329.652ms       0.000us         0.00%       4.844ms       1.211ms             4  
2026-09-24 10:40:11 void cudnn::winograd_nonfused::winogradWgradOutput4x...         0.00%       0.000us         0.00%       0.000us       0.000us       4.005ms         0.16%       4.005ms     102.682us            39  
2026-09-24 10:40:11                                           cudaHostAlloc         2.11%     102.341ms         2.11%     102.341ms      14.620ms       3.747ms         0.15%       3.747ms     535.288us             7  
2026-09-24 10:40:11 cudaOccupancyMaxActiveBlocksPerMultiprocessorWithFla...         0.00%     229.448us         0.02%     739.990us       4.405us       0.000us         0.00%       3.203ms      19.065us           168  
2026-09-24 10:40:11                               aten::adaptive_avg_pool2d         0.00%      21.739us         4.87%     236.384ms      78.795ms       0.000us         0.00%       2.363ms     787.772us             3  
2026-09-24 10:40:11                                              aten::mean         0.00%     214.424us         4.86%     236.362ms      78.787ms       1.199ms         0.05%       2.363ms     787.772us             3  
2026-09-24 10:40:11 void at::native::reduce_kernel<512, 1, at::native::R...         0.00%       0.000us         0.00%       0.000us       0.000us       1.199ms         0.05%       1.199ms     399.678us             3  
2026-09-24 10:40:11                                        aten::zeros_like         0.01%     665.816us         0.21%      10.015ms      31.101us       0.000us         0.00%       1.136ms       3.528us           322  
2026-09-24 10:40:11      autograd::engine::evaluate_function: MeanBackward1         0.00%      30.401us         0.25%      11.918ms       3.973ms       0.000us         0.00%     551.133us     183.711us             3  
2026-09-24 10:40:11                                           MeanBackward1         0.00%      34.793us         0.24%      11.887ms       3.962ms       0.000us         0.00%     551.133us     183.711us             3  
2026-09-24 10:40:11                                               aten::div         0.00%     196.194us         0.24%      11.828ms       3.943ms     551.133us         0.02%     551.133us     183.711us             3  
2026-09-24 10:40:11 void at::native::elementwise_kernel<128, 2, at::nati...         0.00%       0.000us         0.00%       0.000us       0.000us     551.133us         0.02%     551.133us     183.711us             3  
2026-09-24 10:40:11 void at::native::vectorized_elementwise_kernel<2, at...         0.00%       0.000us         0.00%       0.000us       0.000us     459.936us         0.02%     459.936us       2.893us           159  
2026-09-24 10:40:11 void cask__5x_cudnn::computeOffsetsKernel<false, fal...         0.00%       0.000us         0.00%       0.000us       0.000us     360.349us         0.01%     360.349us       3.161us           114  
2026-09-24 10:40:11                                             aten::zeros         0.01%     419.695us         0.08%       3.802ms      23.613us       0.000us         0.00%     211.000us       1.311us           161  
2026-09-24 10:40:11                                         Memset (Device)         0.00%       0.000us         0.00%       0.000us       0.000us     198.720us         0.01%     198.720us       3.974us            50  
2026-09-24 10:40:11 void cask__5x_cudnn::computeOffsetsKernel<true, fals...         0.00%       0.000us         0.00%       0.000us       0.000us     162.558us         0.01%     162.558us       3.187us            51  
2026-09-24 10:40:11                                            aten::linear         0.00%      32.861us         0.42%      20.166ms       6.722ms       0.000us         0.00%     152.921us      50.974us             3  
2026-09-24 10:40:11                                             aten::addmm         0.07%       3.289ms         0.41%      20.080ms       6.693ms      66.141us         0.00%     152.921us      50.974us             3  
2026-09-24 10:40:11                                    cudaFuncSetAttribute         0.00%      65.479us         0.00%     109.800us       4.067us       0.000us         0.00%     132.960us       4.924us            27  
2026-09-24 10:40:11 cask__5x_cudnn::computeBOffsetsKernel(cask__5x_cudnn...         0.00%       0.000us         0.00%       0.000us       0.000us     123.262us         0.00%     123.262us       2.417us            51  
2026-09-24 10:40:11     autograd::engine::evaluate_function: AddmmBackward0         0.00%     108.049us         0.21%      10.369ms       3.456ms       0.000us         0.00%      97.918us      32.639us             3  
2026-09-24 10:40:11                                          AddmmBackward0         0.00%      79.325us         0.02%       1.123ms     374.498us       0.000us         0.00%      61.727us      20.576us             3  
2026-09-24 10:40:11                                                aten::mm         0.01%     579.840us         0.02%     952.646us     158.774us      61.727us         0.00%      61.727us      10.288us             6  
2026-09-24 10:40:11                                   volta_sgemm_32x128_tn         0.00%       0.000us         0.00%       0.000us       0.000us      52.701us         0.00%      52.701us      17.567us             3  
2026-09-24 10:40:11 -------------------------------------------------------  ------------  ------------  ------------  ------------  ------------  ------------  ------------  ------------  ------------  ------------  
2026-09-24 10:40:11 Self CPU time total: 4.859s
2026-09-24 10:40:11 Self CUDA time total: 2.523s
2026-09-24 10:40:12 
2026-09-24 10:40:12 total time:20.236944
