2026-09-24 10:15:06 /root/.pyenv/versions/3.11.1/lib/python3.11/site-packages/torchvision/io/image.py:13: UserWarning: Failed to load image Python extension: '/root/.pyenv/versions/3.11.1/lib/python3.11/site-packages/torchvision/image.so: undefined symbol: _ZN3c1017RegisterOperatorsD1Ev'If you don't plan on using image functionality from `torchvision.io`, you can ignore this warning. Otherwise, there might be something wrong with your environment. Did you have `libjpeg` or `libpng` installed before building `torchvision` from source?
2026-09-24 10:15:06   warn(
2026-09-24 10:15:09 /root/.pyenv/versions/3.11.1/lib/python3.11/site-packages/torchvision/datapoints/__init__.py:12: UserWarning: The torchvision.datapoints and torchvision.transforms.v2 namespaces are still Beta. While we do not expect major breaking changes, some APIs may still change according to user feedback. Please submit any feedback you may have in this issue: https://github.com/pytorch/vision/issues/6753, and you can also check out https://github.com/pytorch/vision/issues/7319 to learn more about the APIs that we suspect might involve future changes. You can silence this warning by calling torchvision.disable_beta_transforms_warning().
2026-09-24 10:15:09   warnings.warn(_BETA_TRANSFORMS_WARNING)
2026-09-24 10:15:09 /root/.pyenv/versions/3.11.1/lib/python3.11/site-packages/torchvision/transforms/v2/__init__.py:54: UserWarning: The torchvision.datapoints and torchvision.transforms.v2 namespaces are still Beta. While we do not expect major breaking changes, some APIs may still change according to user feedback. Please submit any feedback you may have in this issue: https://github.com/pytorch/vision/issues/6753, and you can also check out https://github.com/pytorch/vision/issues/7319 to learn more about the APIs that we suspect might involve future changes. You can silence this warning by calling torchvision.disable_beta_transforms_warning().
2026-09-24 10:15:09   warnings.warn(_BETA_TRANSFORMS_WARNING)
2026-09-24 10:15:10 load image
2026-09-24 10:15:10 split dataset
2026-09-24 10:15:10 288 72 items
2026-09-24 10:15:10 3 batch
2026-09-24 10:15:10 load model
2026-09-24 10:15:10 train model
2026-09-24 10:15:34 Epoch 1/4, Loss: 1.8742 Time: 5.7066
2026-09-24 10:15:34 Epoch 2/4, Loss: 0.2670 Time: 5.5202
2026-09-24 10:15:34 Epoch 3/4, Loss: 0.0075 Time: 5.0400
2026-09-24 10:15:34 Epoch 4/4, Loss: 0.0004 Time: 5.1122
2026-09-24 10:15:34 Train Profiler:
2026-09-24 10:15:34 -------------------------------------------------------  ------------  ------------  ------------  ------------  ------------  ------------  ------------  ------------  ------------  ------------  
2026-09-24 10:15:34                                                    Name    Self CPU %      Self CPU   CPU total %     CPU total  CPU time avg     Self CUDA   Self CUDA %    CUDA total  CUDA time avg    # of Calls  
2026-09-24 10:15:34 -------------------------------------------------------  ------------  ------------  ------------  ------------  ------------  ------------  ------------  ------------  ------------  ------------  
2026-09-24 10:15:34 enumerate(DataLoader)#_MultiProcessingDataLoaderIter...        28.62%        5.325s        29.21%        5.434s     339.640ms       0.000us         0.00%       4.826ms     301.624us            16  
2026-09-24 10:15:34                                   cudaDeviceSynchronize        27.31%        5.082s        27.31%        5.082s        1.271s       0.000us         0.00%       0.000us       0.000us             4  
2026-09-24 10:15:34                                        cudaLaunchKernel        14.47%        2.693s        25.42%        4.730s     530.614us       0.000us         0.00%        1.416s     158.870us          8914  
2026-09-24 10:15:34                                     Command Buffer Full        20.14%        3.747s        20.14%        3.747s       1.406ms        1.272s        12.39%        1.272s     477.240us          2665  
2026-09-24 10:15:34 autograd::engine::evaluate_function: ConvolutionBack...         0.07%      12.695ms        11.02%        2.051s       3.224ms       0.000us         0.00%        4.840s       7.610ms           636  
2026-09-24 10:15:34                                    ConvolutionBackward0         0.02%       3.627ms        10.48%        1.950s       3.066ms       0.000us         0.00%        4.525s       7.114ms           636  
2026-09-24 10:15:34                              aten::convolution_backward         0.39%      72.606ms        10.46%        1.946s       3.061ms        4.525s        44.09%        4.525s       7.114ms           636  
2026-09-24 10:15:34                        Runtime Triggered Module Loading         5.23%     973.254ms         5.23%     973.254ms      15.207ms     101.525ms         0.99%     101.525ms       1.586ms            64  
2026-09-24 10:15:34                                            aten::conv2d         0.01%       1.530ms         4.63%     861.637ms       1.355ms       0.000us         0.00%        2.959s       4.652ms           636  
2026-09-24 10:15:34                                       aten::convolution         0.04%       6.824ms         4.62%     860.106ms       1.352ms       0.000us         0.00%        2.959s       4.652ms           636  
2026-09-24 10:15:34                                      aten::_convolution         0.02%       4.518ms         4.59%     853.283ms       1.342ms       0.000us         0.00%        2.959s       4.652ms           636  
2026-09-24 10:15:34                                 aten::cudnn_convolution         0.69%     127.574ms         4.56%     848.764ms       1.335ms        1.945s        18.96%        2.959s       4.652ms           636  
2026-09-24 10:15:34      autograd::engine::evaluate_function: ReluBackward0         0.03%       6.209ms         2.36%     439.267ms     747.052us       0.000us         0.00%     541.287ms     920.556us           588  
2026-09-24 10:15:34                                           ReluBackward0         0.02%       3.157ms         2.33%     433.057ms     736.492us       0.000us         0.00%     541.287ms     920.556us           588  
2026-09-24 10:15:34                                aten::threshold_backward         0.07%      12.447ms         2.31%     429.900ms     731.123us     541.287ms         5.27%     541.287ms     920.556us           588  
2026-09-24 10:15:34                                              aten::add_         0.12%      22.969ms         2.27%     422.384ms     142.505us     629.115ms         6.13%     704.377ms     237.644us          2964  
2026-09-24 10:15:34                                Optimizer.step#Adam.step         0.19%      35.630ms         2.18%     404.967ms      33.747ms       0.000us         0.00%     197.947ms      16.496ms            12  
2026-09-24 10:15:34 autograd::engine::evaluate_function: CudnnBatchNormB...         0.07%      12.280ms         1.99%     369.552ms     581.057us       0.000us         0.00%        1.217s       1.914ms           636  
2026-09-24 10:15:34                                 CudnnBatchNormBackward0         0.02%       4.169ms         1.92%     357.272ms     561.748us       0.000us         0.00%        1.217s       1.914ms           636  
2026-09-24 10:15:34                         aten::cudnn_batch_norm_backward         0.11%      20.670ms         1.90%     353.103ms     555.194us        1.217s        11.86%        1.217s       1.914ms           636  
2026-09-24 10:15:34                                        aten::batch_norm         0.01%       1.318ms         1.52%     282.160ms     443.648us       0.000us         0.00%     901.519ms       1.417ms           636  
2026-09-24 10:15:34                            aten::_batch_norm_impl_index         0.02%       2.946ms         1.51%     280.842ms     441.575us       0.000us         0.00%     901.519ms       1.417ms           636  
2026-09-24 10:15:34                                  aten::cudnn_batch_norm         0.18%      33.973ms         1.49%     277.896ms     436.943us     745.924ms         7.27%     901.519ms       1.417ms           636  
2026-09-24 10:15:34                               aten::adaptive_avg_pool2d         0.00%      64.156us         1.41%     262.596ms      21.883ms       0.000us         0.00%       5.985ms     498.770us            12  
2026-09-24 10:15:34                                              aten::mean         0.00%     533.428us         1.41%     262.532ms      21.878ms       4.788ms         0.05%       5.985ms     498.770us            12  
2026-09-24 10:15:34                                             aten::relu_         0.05%       9.015ms         1.30%     241.000ms     409.864us       0.000us         0.00%     452.753ms     769.989us           588  
2026-09-24 10:15:34                                        aten::clamp_min_         0.04%       6.898ms         1.25%     231.985ms     394.532us     372.346ms         3.63%     452.753ms     769.989us           588  
2026-09-24 10:15:34                                    aten::_foreach_lerp_         0.01%       1.045ms         1.05%     195.312ms      16.276ms      13.913ms         0.14%      23.223ms       1.935ms            12  
2026-09-24 10:15:34                                           cudaHostAlloc         0.54%     100.861ms         0.54%     100.861ms      12.608ms       0.000us         0.00%       0.000us       0.000us             8  
2026-09-24 10:15:34                                         cudaMemsetAsync         0.53%      98.080ms         0.53%      98.080ms     114.848us       0.000us         0.00%       0.000us       0.000us           854  
2026-09-24 10:15:34                                     aten::_foreach_mul_         0.01%       2.046ms         0.24%      45.174ms       3.764ms       9.832ms         0.10%      23.775ms       1.981ms            12  
2026-09-24 10:15:34                                             aten::empty         0.21%      38.433ms         0.23%      43.565ms       6.643us       0.000us         0.00%       0.000us       0.000us          6558  
2026-09-24 10:15:34                                     aten::_foreach_sqrt         0.02%       3.122ms         0.22%      41.306ms       3.442ms       9.952ms         0.10%      17.464ms       1.455ms            12  
2026-09-24 10:15:34     autograd::engine::evaluate_function: AddmmBackward0         0.00%     419.352us         0.18%      34.001ms       2.833ms       0.000us         0.00%     419.227us      34.936us            12  
2026-09-24 10:15:34                                aten::cross_entropy_loss         0.00%     117.536us         0.16%      29.452ms       2.454ms       0.000us         0.00%     116.162us       9.680us            12  
2026-09-24 10:15:34                                            aten::linear         0.00%     120.387us         0.13%      24.908ms       2.076ms       0.000us         0.00%     477.217us      39.768us            12  
2026-09-24 10:15:34                                 aten::_foreach_addcdiv_         0.02%       3.268ms         0.13%      24.748ms       2.062ms      18.277ms         0.18%      39.595ms       3.300ms            12  
2026-09-24 10:15:34                                             aten::addmm         0.02%       3.770ms         0.13%      24.607ms       2.051ms     262.945us         0.00%     477.217us      39.768us            12  
2026-09-24 10:15:34                                     aten::_foreach_div_         0.01%       1.815ms         0.13%      24.573ms       2.048ms       9.884ms         0.10%      28.022ms       2.335ms            12  
2026-09-24 10:15:34 autograd::engine::evaluate_function: torch::autograd...         0.06%      10.623ms         0.13%      23.261ms      12.040us       0.000us         0.00%       0.000us       0.000us          1932  
2026-09-24 10:15:34                                       aten::log_softmax         0.00%      97.506us         0.10%      18.462ms       1.539ms       0.000us         0.00%      35.649us       2.971us            12  
2026-09-24 10:15:34                                      aten::_log_softmax         0.00%     381.441us         0.10%      18.355ms       1.530ms      30.273us         0.00%      35.649us       2.971us            12  
2026-09-24 10:15:34                                               aten::sum         0.00%     374.548us         0.10%      18.012ms       1.501ms     159.038us         0.00%     159.038us      13.253us            12  
2026-09-24 10:15:34                                        aten::empty_like         0.01%       2.274ms         0.09%      16.850ms      17.372us       0.000us         0.00%       0.000us       0.000us           970  
2026-09-24 10:15:34                                              cudaMalloc         0.09%      16.774ms         0.09%      16.774ms     153.892us       0.000us         0.00%       0.000us       0.000us           109  
2026-09-24 10:15:34                                     aten::empty_strided         0.07%      12.654ms         0.09%      16.185ms       7.068us       0.000us         0.00%       0.000us       0.000us          2290  
2026-09-24 10:15:34                                 aten::_foreach_addcmul_         0.01%       2.465ms         0.08%      15.620ms       1.302ms      14.070ms         0.14%      49.243ms       4.104ms            12  
2026-09-24 10:15:34                                          AddmmBackward0         0.00%     242.381us         0.08%      15.502ms       1.292ms       0.000us         0.00%     260.189us      21.682us            12  
2026-09-24 10:15:34                                    cudaGetSymbolAddress         0.08%      14.622ms         0.08%      14.998ms      14.998ms       0.000us         0.00%      18.247ms      18.247ms             1  
2026-09-24 10:15:34                                                aten::mm         0.01%       1.252ms         0.08%      14.909ms     621.218us     260.189us         0.00%     260.189us      10.841us            24  
2026-09-24 10:15:34      autograd::engine::evaluate_function: MeanBackward1         0.00%     109.039us         0.07%      13.786ms       1.149ms       0.000us         0.00%       2.249ms     187.426us            12  
2026-09-24 10:15:34                                           MeanBackward1         0.00%     112.717us         0.07%      13.677ms       1.140ms       0.000us         0.00%       2.249ms     187.426us            12  
2026-09-24 10:15:34                                               aten::div         0.00%     539.028us         0.07%      13.443ms       1.120ms       2.249ms         0.02%       2.249ms     187.426us            12  
2026-09-24 10:15:34                                             aten::fill_         0.01%       2.021ms         0.07%      13.304ms      37.161us      17.016ms         0.17%      17.025ms      47.556us           358  
2026-09-24 10:15:34                         torch::autograd::AccumulateGrad         0.03%       6.114ms         0.07%      12.637ms       6.541us       0.000us         0.00%       0.000us       0.000us          1932  
2026-09-24 10:15:34                                       aten::nll_loss_nd         0.00%      53.240us         0.06%      10.873ms     906.053us       0.000us         0.00%      80.513us       6.709us            12  
2026-09-24 10:15:34                                          aten::nll_loss         0.00%      54.989us         0.06%      10.819ms     901.617us       0.000us         0.00%      80.513us       6.709us            12  
2026-09-24 10:15:34                                  aten::nll_loss_forward         0.00%     369.179us         0.06%      10.764ms     897.034us      56.129us         0.00%      80.513us       6.709us            12  
2026-09-24 10:15:34                                        aten::zeros_like         0.00%     787.952us         0.06%      10.412ms      32.336us       0.000us         0.00%       1.124ms       3.490us           322  
2026-09-24 10:15:34 autograd::engine::evaluate_function: NllLossBackward...         0.00%     265.912us         0.05%       8.518ms     709.860us       0.000us         0.00%      63.491us       5.291us            12  
2026-09-24 10:15:34                                        NllLossBackward0         0.00%     135.323us         0.04%       8.252ms     687.701us       0.000us         0.00%      63.491us       5.291us            12  
2026-09-24 10:15:34                                            Unrecognized         0.04%       8.161ms         0.04%       8.161ms       2.040ms       0.000us         0.00%       0.000us       0.000us             4  
2026-09-24 10:15:34                                 aten::nll_loss_backward         0.00%     375.654us         0.04%       8.117ms     676.424us      40.768us         0.00%      63.491us       5.291us            12  
2026-09-24 10:15:34                                         aten::ones_like         0.00%      68.398us         0.04%       8.003ms     666.885us       0.000us         0.00%      30.974us       2.581us            12  
2026-09-24 10:15:34           cudaOccupancyMaxActiveBlocksPerMultiprocessor         0.01%       1.425ms         0.04%       7.119ms       9.209us       0.000us         0.00%      10.695ms      13.836us           773  
2026-09-24 10:15:34                                                aten::to         0.00%     855.303us         0.04%       6.968ms       8.246us       0.000us         0.00%      56.429ms      66.779us           845  
2026-09-24 10:15:34                                     aten::_foreach_add_         0.02%       3.362ms         0.04%       6.850ms     285.435us       9.784ms         0.10%      15.503ms     645.939us            24  
2026-09-24 10:15:34                                            aten::detach         0.01%       2.322ms         0.04%       6.609ms       3.400us       0.000us         0.00%       0.000us       0.000us          1944  
2026-09-24 10:15:34                                             aten::zero_         0.00%     869.926us         0.03%       6.463ms      18.680us       0.000us         0.00%      16.994ms      49.115us           346  
2026-09-24 10:15:34                                          aten::_to_copy         0.00%     274.568us         0.03%       6.113ms     254.702us       0.000us         0.00%      56.429ms       2.351ms            24  
2026-09-24 10:15:34 autograd::engine::evaluate_function: MaxPool2DWithIn...         0.00%     175.382us         0.03%       5.207ms     433.931us       0.000us         0.00%     101.241ms       8.437ms            12  
2026-09-24 10:15:34                                             aten::copy_         0.00%     345.306us         0.03%       5.141ms     214.205us      56.429ms         0.55%      56.429ms       2.351ms            24  
2026-09-24 10:15:34                      Optimizer.zero_grad#Adam.zero_grad         0.03%       5.107ms         0.03%       5.107ms     425.568us       0.000us         0.00%       0.000us       0.000us            12  
2026-09-24 10:15:34                           MaxPool2DWithIndicesBackward0         0.00%      90.731us         0.03%       5.032ms     419.316us       0.000us         0.00%     101.241ms       8.437ms            12  
2026-09-24 10:15:34                  aten::max_pool2d_with_indices_backward         0.00%     314.770us         0.03%       4.941ms     411.755us      85.394ms         0.83%     101.241ms       8.437ms            12  
2026-09-24 10:15:34                                         cudaMemcpyAsync         0.03%       4.785ms         0.03%       4.796ms     199.817us       0.000us         0.00%       0.000us       0.000us            24  
2026-09-24 10:15:34                                              aten::item         0.02%       3.585ms         0.02%       4.481ms       1.158us       0.000us         0.00%       0.000us       0.000us          3869  
2026-09-24 10:15:34                                                  detach         0.02%       4.287ms         0.02%       4.287ms       2.205us       0.000us         0.00%       0.000us       0.000us          1944  
2026-09-24 10:15:34                                   Lazy Function Loading         0.02%       3.601ms         0.02%       3.601ms      46.164us      75.073ms         0.73%      75.073ms     962.480us            78  
2026-09-24 10:15:34                                              aten::view         0.02%       3.187ms         0.02%       3.187ms       2.437us       0.000us         0.00%       0.000us       0.000us          1308  
2026-09-24 10:15:34                                        aten::max_pool2d         0.00%      64.257us         0.02%       2.980ms     248.315us       0.000us         0.00%      44.552ms       3.713ms            12  
2026-09-24 10:15:34                           aten::max_pool2d_with_indices         0.00%     418.305us         0.02%       2.916ms     242.960us      33.340ms         0.32%      44.552ms       3.713ms            12  
2026-09-24 10:15:34                                  cudaDeviceGetAttribute         0.02%       2.882ms         0.02%       2.882ms      41.763us       0.000us         0.00%       0.000us       0.000us            69  
2026-09-24 10:15:34                                                cudaFree         0.01%       2.378ms         0.01%       2.378ms     594.591us       0.000us         0.00%       0.000us       0.000us             4  
2026-09-24 10:15:34       autograd::engine::evaluate_function: AddBackward0         0.01%       1.352ms         0.01%       1.701ms       8.860us       0.000us         0.00%       0.000us       0.000us           192  
2026-09-24 10:15:34                              cudaGetDeviceProperties_v2         0.01%       1.634ms         0.01%       1.634ms     817.040us       0.000us         0.00%       0.000us       0.000us             2  
2026-09-24 10:15:34                                       aten::result_type         0.01%       1.081ms         0.01%       1.081ms       0.112us       0.000us         0.00%       0.000us       0.000us          9660  
2026-09-24 10:15:34                               aten::_local_scalar_dense         0.00%     895.735us         0.00%     895.735us       0.232us       0.000us         0.00%       0.000us       0.000us          3869  
2026-09-24 10:15:34                               cudaStreamCreateWithFlags         0.00%     686.216us         0.00%     686.216us      21.444us       0.000us         0.00%       0.000us       0.000us            32  
2026-09-24 10:15:34 autograd::engine::evaluate_function: LogSoftmaxBackw...         0.00%     159.250us         0.00%     647.816us      53.985us       0.000us         0.00%      27.168us       2.264us            12  
2026-09-24 10:15:34 cudaOccupancyMaxActiveBlocksPerMultiprocessorWithFla...         0.00%     257.150us         0.00%     645.242us       3.841us       0.000us         0.00%       3.202ms      19.062us           168  
2026-09-24 10:15:34                                                 aten::t         0.00%     300.413us         0.00%     629.480us      10.491us       0.000us         0.00%       0.000us       0.000us            60  
2026-09-24 10:15:34                                     cudaPeekAtLastError         0.00%     518.671us         0.00%     518.671us       0.237us       0.000us         0.00%       0.000us       0.000us          2190  
2026-09-24 10:15:34                                     LogSoftmaxBackward0         0.00%      99.397us         0.00%     488.566us      40.714us       0.000us         0.00%      27.168us       2.264us            12  
2026-09-24 10:15:34                                          aten::randperm         0.00%     169.151us         0.00%     405.028us      25.314us       0.000us         0.00%       0.000us       0.000us            16  
2026-09-24 10:15:34                        aten::_log_softmax_backward_data         0.00%     236.327us         0.00%     389.169us      32.431us      27.168us         0.00%      27.168us       2.264us            12  
2026-09-24 10:15:34                                            AddBackward0         0.00%     348.645us         0.00%     348.645us       1.816us       0.000us         0.00%       0.000us       0.000us           192  
2026-09-24 10:15:34                                           aten::detach_         0.00%     233.888us         0.00%     346.413us       2.002us       0.000us         0.00%       0.000us       0.000us           173  
2026-09-24 10:15:34                                         aten::transpose         0.00%     190.638us         0.00%     329.067us       5.484us       0.000us         0.00%       0.000us       0.000us            60  
2026-09-24 10:15:34                                    cudaFuncSetAttribute         0.00%     267.119us         0.00%     306.707us       2.840us       0.000us         0.00%     134.111us       1.242us           108  
2026-09-24 10:15:34 -------------------------------------------------------  ------------  ------------  ------------  ------------  ------------  ------------  ------------  ------------  ------------  ------------  
2026-09-24 10:15:34 Self CPU time total: 18.606s
2026-09-24 10:15:34 Self CUDA time total: 10.262s
2026-09-24 10:15:37 
2026-09-24 10:15:37 -------------------------------------------------------  ------------  ------------  ------------  ------------  ------------  ------------  ------------  ------------  ------------  ------------  
2026-09-24 10:15:37                                                    Name    Self CPU %      Self CPU   CPU total %     CPU total  CPU time avg     Self CUDA   Self CUDA %    CUDA total  CUDA time avg    # of Calls  
2026-09-24 10:15:37 -------------------------------------------------------  ------------  ------------  ------------  ------------  ------------  ------------  ------------  ------------  ------------  ------------  
2026-09-24 10:15:37 autograd::engine::evaluate_function: ConvolutionBack...         0.07%      12.695ms        11.02%        2.051s       3.224ms       0.000us         0.00%        4.840s       7.610ms           636  
2026-09-24 10:15:37                                    ConvolutionBackward0         0.02%       3.627ms        10.48%        1.950s       3.066ms       0.000us         0.00%        4.525s       7.114ms           636  
2026-09-24 10:15:37                              aten::convolution_backward         0.39%      72.606ms        10.46%        1.946s       3.061ms        4.525s        44.09%        4.525s       7.114ms           636  
2026-09-24 10:15:37                                            aten::conv2d         0.01%       1.530ms         4.63%     861.637ms       1.355ms       0.000us         0.00%        2.959s       4.652ms           636  
2026-09-24 10:15:37                                       aten::convolution         0.04%       6.824ms         4.62%     860.106ms       1.352ms       0.000us         0.00%        2.959s       4.652ms           636  
2026-09-24 10:15:37                                      aten::_convolution         0.02%       4.518ms         4.59%     853.283ms       1.342ms       0.000us         0.00%        2.959s       4.652ms           636  
2026-09-24 10:15:37                                 aten::cudnn_convolution         0.69%     127.574ms         4.56%     848.764ms       1.335ms        1.945s        18.96%        2.959s       4.652ms           636  
2026-09-24 10:15:37                                        cudaLaunchKernel        14.47%        2.693s        25.42%        4.730s     530.614us       0.000us         0.00%        1.416s     158.870us          8914  
2026-09-24 10:15:37                                     Command Buffer Full        20.14%        3.747s        20.14%        3.747s       1.406ms        1.272s        12.39%        1.272s     477.240us          2665  
2026-09-24 10:15:37 autograd::engine::evaluate_function: CudnnBatchNormB...         0.07%      12.280ms         1.99%     369.552ms     581.057us       0.000us         0.00%        1.217s       1.914ms           636  
2026-09-24 10:15:37                                 CudnnBatchNormBackward0         0.02%       4.169ms         1.92%     357.272ms     561.748us       0.000us         0.00%        1.217s       1.914ms           636  
2026-09-24 10:15:37                         aten::cudnn_batch_norm_backward         0.11%      20.670ms         1.90%     353.103ms     555.194us        1.217s        11.86%        1.217s       1.914ms           636  
2026-09-24 10:15:37       _5x_cudnn_volta_scudnn_128x64_relu_interior_nn_v1         0.00%       0.000us         0.00%       0.000us       0.000us     929.451ms         9.06%     929.451ms       2.582ms           360  
2026-09-24 10:15:37                                        aten::batch_norm         0.01%       1.318ms         1.52%     282.160ms     443.648us       0.000us         0.00%     901.519ms       1.417ms           636  
2026-09-24 10:15:37                            aten::_batch_norm_impl_index         0.02%       2.946ms         1.51%     280.842ms     441.575us       0.000us         0.00%     901.519ms       1.417ms           636  
2026-09-24 10:15:37                                  aten::cudnn_batch_norm         0.18%      33.973ms         1.49%     277.896ms     436.943us     745.924ms         7.27%     901.519ms       1.417ms           636  
2026-09-24 10:15:37                                   volta_sgemm_128x64_nt         0.00%       0.000us         0.00%       0.000us       0.000us     832.564ms         8.11%     832.564ms       1.927ms           432  
2026-09-24 10:15:37                                   volta_sgemm_128x64_tn         0.00%       0.000us         0.00%       0.000us       0.000us     814.960ms         7.94%     814.960ms       2.953ms           276  
2026-09-24 10:15:37                                              aten::add_         0.12%      22.969ms         2.27%     422.384ms     142.505us     629.115ms         6.13%     704.377ms     237.644us          2964  
2026-09-24 10:15:37 void at::native::vectorized_elementwise_kernel<4, at...         0.00%       0.000us         0.00%       0.000us       0.000us     627.244ms         6.11%     627.244ms       1.584ms           396  
2026-09-24 10:15:37 void cudnn::bn_bw_1C11_kernel_new<float, float, floa...         0.00%       0.000us         0.00%       0.000us       0.000us     592.748ms         5.78%     592.748ms       1.205ms           492  
2026-09-24 10:15:37      _5x_cudnn_volta_scudnn_128x64_stridedB_small_nn_v1         0.00%       0.000us         0.00%       0.000us       0.000us     572.976ms         5.58%     572.976ms       2.809ms           204  
2026-09-24 10:15:37      autograd::engine::evaluate_function: ReluBackward0         0.03%       6.209ms         2.36%     439.267ms     747.052us       0.000us         0.00%     541.287ms     920.556us           588  
2026-09-24 10:15:37                                           ReluBackward0         0.02%       3.157ms         2.33%     433.057ms     736.492us       0.000us         0.00%     541.287ms     920.556us           588  
2026-09-24 10:15:37                                aten::threshold_backward         0.07%      12.447ms         2.31%     429.900ms     731.123us     541.287ms         5.27%     541.287ms     920.556us           588  
2026-09-24 10:15:37 void at::native::vectorized_elementwise_kernel<4, at...         0.00%       0.000us         0.00%       0.000us       0.000us     541.287ms         5.27%     541.287ms     920.556us           588  
2026-09-24 10:15:37 void cudnn::bn_bw_1C11_kernel_new<float, float, floa...         0.00%       0.000us         0.00%       0.000us       0.000us     533.896ms         5.20%     533.896ms       4.045ms           132  
2026-09-24 10:15:37                                             aten::relu_         0.05%       9.015ms         1.30%     241.000ms     409.864us       0.000us         0.00%     452.753ms     769.989us           588  
2026-09-24 10:15:37                                        aten::clamp_min_         0.04%       6.898ms         1.25%     231.985ms     394.532us     372.346ms         3.63%     452.753ms     769.989us           588  
2026-09-24 10:15:37         _5x_cudnn_volta_scudnn_128x128_relu_small_nn_v1         0.00%       0.000us         0.00%       0.000us       0.000us     431.681ms         4.21%     431.681ms       5.139ms            84  
2026-09-24 10:15:37 void at::native::vectorized_elementwise_kernel<4, at...         0.00%       0.000us         0.00%       0.000us       0.000us     372.346ms         3.63%     372.346ms     633.241us           588  
2026-09-24 10:15:37 void cudnn::cnn::wgrad_alg1_engine<float, float, 128...         0.00%       0.000us         0.00%       0.000us       0.000us     351.627ms         3.43%     351.627ms       4.186ms            84  
2026-09-24 10:15:37 void cudnn::detail::dgrad_engine<float, 512, 6, 5, 3...         0.00%       0.000us         0.00%       0.000us       0.000us     333.025ms         3.25%     333.025ms       9.251ms            36  
2026-09-24 10:15:37 void cudnn::bn_fw_tr_1C11_kernel_NCHW<float, float, ...         0.00%       0.000us         0.00%       0.000us       0.000us     329.796ms         3.21%     329.796ms       2.498ms           132  
2026-09-24 10:15:37 void cudnn::bn_fw_tr_1C11_kernel_NCHW<float, float, ...         0.00%       0.000us         0.00%       0.000us       0.000us     327.269ms         3.19%     327.269ms     852.264us           384  
2026-09-24 10:15:37                                   volta_sgemm_128x64_nn         0.00%       0.000us         0.00%       0.000us       0.000us     314.601ms         3.07%     314.601ms       1.748ms           180  
2026-09-24 10:15:37 _5x_cudnn_turing_scudnn_128x64_stridedB_splitK_xregs...         0.00%       0.000us         0.00%       0.000us       0.000us     305.615ms         2.98%     305.615ms       6.367ms            48  
2026-09-24 10:15:37                                    volta_sgemm_64x64_tn         0.00%       0.000us         0.00%       0.000us       0.000us     302.286ms         2.95%     302.286ms       5.038ms            60  
2026-09-24 10:15:37 void cudnn::detail::dgrad_engine<float, 128, 6, 8, 3...         0.00%       0.000us         0.00%       0.000us       0.000us     259.033ms         2.52%     259.033ms       7.195ms            36  
2026-09-24 10:15:37                                Optimizer.step#Adam.step         0.19%      35.630ms         2.18%     404.967ms      33.747ms       0.000us         0.00%     197.947ms      16.496ms            12  
2026-09-24 10:15:37 void cudnn::winograd_nonfused::winogradForwardData4x...         0.00%       0.000us         0.00%       0.000us       0.000us     197.846ms         1.93%     197.846ms     634.121us           312  
2026-09-24 10:15:37 void cudnn::winograd_nonfused::winogradForwardOutput...         0.00%       0.000us         0.00%       0.000us       0.000us     178.109ms         1.74%     178.109ms     570.863us           312  
2026-09-24 10:15:37                                Optimizer.step#Adam.step         0.00%       0.000us         0.00%       0.000us       0.000us     133.672ms         1.30%     133.672ms      11.139ms            12  
2026-09-24 10:15:37                                    volta_sgemm_64x64_nt         0.00%       0.000us         0.00%       0.000us       0.000us     132.770ms         1.29%     132.770ms       1.844ms            72  
2026-09-24 10:15:37 void cudnn::winograd_nonfused::winogradWgradDelta4x4...         0.00%       0.000us         0.00%       0.000us       0.000us     102.512ms         1.00%     102.512ms     657.131us           156  
2026-09-24 10:15:37                        Runtime Triggered Module Loading         5.23%     973.254ms         5.23%     973.254ms      15.207ms     101.525ms         0.99%     101.525ms       1.586ms            64  
2026-09-24 10:15:37 autograd::engine::evaluate_function: MaxPool2DWithIn...         0.00%     175.382us         0.03%       5.207ms     433.931us       0.000us         0.00%     101.241ms       8.437ms            12  
2026-09-24 10:15:37                           MaxPool2DWithIndicesBackward0         0.00%      90.731us         0.03%       5.032ms     419.316us       0.000us         0.00%     101.241ms       8.437ms            12  
2026-09-24 10:15:37                  aten::max_pool2d_with_indices_backward         0.00%     314.770us         0.03%       4.941ms     411.755us      85.394ms         0.83%     101.241ms       8.437ms            12  
2026-09-24 10:15:37 void cudnn::winograd_nonfused::winogradWgradData4x4<...         0.00%       0.000us         0.00%       0.000us       0.000us      98.241ms         0.96%      98.241ms     629.747us           156  
2026-09-24 10:15:37 void cudnn::bn_bw_1C11_kernel_new<float, float, floa...         0.00%       0.000us         0.00%       0.000us       0.000us      90.540ms         0.88%      90.540ms       7.545ms            12  
2026-09-24 10:15:37 void at::native::(anonymous namespace)::max_pool_bac...         0.00%       0.000us         0.00%       0.000us       0.000us      85.394ms         0.83%      85.394ms       7.116ms            12  
2026-09-24 10:15:37 void cudnn::cnn::reduce_wgrad_nchw_helper<float, flo...         0.00%       0.000us         0.00%       0.000us       0.000us      81.860ms         0.80%      81.860ms     243.630us           336  
2026-09-24 10:15:37 void wgrad_alg0_engine<float, 128, 6, 8, 3, 3, 5, fa...         0.00%       0.000us         0.00%       0.000us       0.000us      76.171ms         0.74%      76.171ms       6.348ms            12  
2026-09-24 10:15:37                                   Lazy Function Loading         0.02%       3.601ms         0.02%       3.601ms      46.164us      75.073ms         0.73%      75.073ms     962.480us            78  
2026-09-24 10:15:37         _5x_cudnn_volta_scudnn_128x64_relu_medium_nn_v1         0.00%       0.000us         0.00%       0.000us       0.000us      70.006ms         0.68%      70.006ms       5.834ms            12  
2026-09-24 10:15:37 void cudnn::bn_fw_tr_1C11_kernel_NCHW<float, float, ...         0.00%       0.000us         0.00%       0.000us       0.000us      56.877ms         0.55%      56.877ms       4.740ms            12  
2026-09-24 10:15:37                                                aten::to         0.00%     855.303us         0.04%       6.968ms       8.246us       0.000us         0.00%      56.429ms      66.779us           845  
2026-09-24 10:15:37                                          aten::_to_copy         0.00%     274.568us         0.03%       6.113ms     254.702us       0.000us         0.00%      56.429ms       2.351ms            24  
2026-09-24 10:15:37                                             aten::copy_         0.00%     345.306us         0.03%       5.141ms     214.205us      56.429ms         0.55%      56.429ms       2.351ms            24  
2026-09-24 10:15:37                          Memcpy HtoD (Pinned -> Device)         0.00%       0.000us         0.00%       0.000us       0.000us      56.429ms         0.55%      56.429ms       2.351ms            24  
2026-09-24 10:15:37                                 aten::_foreach_addcmul_         0.01%       2.465ms         0.08%      15.620ms       1.302ms      14.070ms         0.14%      49.243ms       4.104ms            12  
2026-09-24 10:15:37                                        aten::max_pool2d         0.00%      64.257us         0.02%       2.980ms     248.315us       0.000us         0.00%      44.552ms       3.713ms            12  
2026-09-24 10:15:37                           aten::max_pool2d_with_indices         0.00%     418.305us         0.02%       2.916ms     242.960us      33.340ms         0.32%      44.552ms       3.713ms            12  
2026-09-24 10:15:37 void cudnn::engines_precompiled::scalePackedTensor_k...         0.00%       0.000us         0.00%       0.000us       0.000us      43.954ms         0.43%      43.954ms     610.474us            72  
2026-09-24 10:15:37                                 aten::_foreach_addcdiv_         0.02%       3.268ms         0.13%      24.748ms       2.062ms      18.277ms         0.18%      39.595ms       3.300ms            12  
2026-09-24 10:15:37 void at::native::(anonymous namespace)::max_pool_for...         0.00%       0.000us         0.00%       0.000us       0.000us      33.340ms         0.32%      33.340ms       2.778ms            12  
2026-09-24 10:15:37 void cudnn::bn_fw_tr_1C11_singleread<float, 512, tru...         0.00%       0.000us         0.00%       0.000us       0.000us      31.982ms         0.31%      31.982ms     296.133us           108  
2026-09-24 10:15:37                                     aten::_foreach_div_         0.01%       1.815ms         0.13%      24.573ms       2.048ms       9.884ms         0.10%      28.022ms       2.335ms            12  
2026-09-24 10:15:37                                     aten::_foreach_mul_         0.01%       2.046ms         0.24%      45.174ms       3.764ms       9.832ms         0.10%      23.775ms       1.981ms            12  
2026-09-24 10:15:37                                    aten::_foreach_lerp_         0.01%       1.045ms         1.05%     195.312ms      16.276ms      13.913ms         0.14%      23.223ms       1.935ms            12  
2026-09-24 10:15:37 void cudnn::winograd_nonfused::winogradForwardFilter...         0.00%       0.000us         0.00%       0.000us       0.000us      20.129ms         0.20%      20.129ms      64.515us           312  
2026-09-24 10:15:37 void at::native::(anonymous namespace)::multi_tensor...         0.00%       0.000us         0.00%       0.000us       0.000us      18.277ms         0.18%      18.277ms     380.774us            48  
2026-09-24 10:15:37                                    cudaGetSymbolAddress         0.08%      14.622ms         0.08%      14.998ms      14.998ms       0.000us         0.00%      18.247ms      18.247ms             1  
2026-09-24 10:15:37                                     aten::_foreach_sqrt         0.02%       3.122ms         0.22%      41.306ms       3.442ms       9.952ms         0.10%      17.464ms       1.455ms            12  
2026-09-24 10:15:37                                             aten::fill_         0.01%       2.021ms         0.07%      13.304ms      37.161us      17.016ms         0.17%      17.025ms      47.556us           358  
2026-09-24 10:15:37 void at::native::vectorized_elementwise_kernel<4, at...         0.00%       0.000us         0.00%       0.000us       0.000us      17.016ms         0.17%      17.016ms      47.529us           358  
2026-09-24 10:15:37 void cudnn::winograd_nonfused::winogradWgradOutput4x...         0.00%       0.000us         0.00%       0.000us       0.000us      17.008ms         0.17%      17.008ms     109.025us           156  
2026-09-24 10:15:37                                             aten::zero_         0.00%     869.926us         0.03%       6.463ms      18.680us       0.000us         0.00%      16.994ms      49.115us           346  
2026-09-24 10:15:37                                     aten::_foreach_add_         0.02%       3.362ms         0.04%       6.850ms     285.435us       9.784ms         0.10%      15.503ms     645.939us            24  
2026-09-24 10:15:37 void at::native::(anonymous namespace)::multi_tensor...         0.00%       0.000us         0.00%       0.000us       0.000us      14.070ms         0.14%      14.070ms     293.128us            48  
2026-09-24 10:15:37 void at::native::(anonymous namespace)::multi_tensor...         0.00%       0.000us         0.00%       0.000us       0.000us      13.913ms         0.14%      13.913ms     386.484us            36  
2026-09-24 10:15:37           cudaOccupancyMaxActiveBlocksPerMultiprocessor         0.01%       1.425ms         0.04%       7.119ms       9.209us       0.000us         0.00%      10.695ms      13.836us           773  
2026-09-24 10:15:37 void at::native::(anonymous namespace)::multi_tensor...         0.00%       0.000us         0.00%       0.000us       0.000us       9.952ms         0.10%       9.952ms     276.432us            36  
2026-09-24 10:15:37 void at::native::(anonymous namespace)::multi_tensor...         0.00%       0.000us         0.00%       0.000us       0.000us       9.884ms         0.10%       9.884ms     274.550us            36  
2026-09-24 10:15:37 void at::native::(anonymous namespace)::multi_tensor...         0.00%       0.000us         0.00%       0.000us       0.000us       9.832ms         0.10%       9.832ms     409.659us            24  
2026-09-24 10:15:37 void at::native::(anonymous namespace)::multi_tensor...         0.00%       0.000us         0.00%       0.000us       0.000us       9.784ms         0.10%       9.784ms     407.679us            24  
2026-09-24 10:15:37                               aten::adaptive_avg_pool2d         0.00%      64.156us         1.41%     262.596ms      21.883ms       0.000us         0.00%       5.985ms     498.770us            12  
2026-09-24 10:15:37                                              aten::mean         0.00%     533.428us         1.41%     262.532ms      21.878ms       4.788ms         0.05%       5.985ms     498.770us            12  
2026-09-24 10:15:37 enumerate(DataLoader)#_MultiProcessingDataLoaderIter...        28.62%        5.325s        29.21%        5.434s     339.640ms       0.000us         0.00%       4.826ms     301.624us            16  
2026-09-24 10:15:37                                cudaPointerGetAttributes         0.00%     261.015us         0.00%     261.015us      10.876us       4.826ms         0.05%       4.826ms     201.083us            24  
2026-09-24 10:15:37 void at::native::reduce_kernel<512, 1, at::native::R...         0.00%       0.000us         0.00%       0.000us       0.000us       4.788ms         0.05%       4.788ms     399.011us            12  
2026-09-24 10:15:37                                         cudaEventRecord         0.00%      99.555us         0.00%      99.555us       4.148us       3.758ms         0.04%       3.758ms     156.564us            24  
2026-09-24 10:15:37 cudaOccupancyMaxActiveBlocksPerMultiprocessorWithFla...         0.00%     257.150us         0.00%     645.242us       3.841us       0.000us         0.00%       3.202ms      19.062us           168  
2026-09-24 10:15:37      autograd::engine::evaluate_function: MeanBackward1         0.00%     109.039us         0.07%      13.786ms       1.149ms       0.000us         0.00%       2.249ms     187.426us            12  
2026-09-24 10:15:37                                           MeanBackward1         0.00%     112.717us         0.07%      13.677ms       1.140ms       0.000us         0.00%       2.249ms     187.426us            12  
2026-09-24 10:15:37                                               aten::div         0.00%     539.028us         0.07%      13.443ms       1.120ms       2.249ms         0.02%       2.249ms     187.426us            12  
2026-09-24 10:15:37 void at::native::elementwise_kernel<128, 2, at::nati...         0.00%       0.000us         0.00%       0.000us       0.000us       2.249ms         0.02%       2.249ms     187.426us            12  
2026-09-24 10:15:37 void at::native::vectorized_elementwise_kernel<2, at...         0.00%       0.000us         0.00%       0.000us       0.000us       1.871ms         0.02%       1.871ms       2.942us           636  
2026-09-24 10:15:37 void cask__5x_cudnn::computeOffsetsKernel<false, fal...         0.00%       0.000us         0.00%       0.000us       0.000us       1.467ms         0.01%       1.467ms       3.218us           456  
2026-09-24 10:15:37 -------------------------------------------------------  ------------  ------------  ------------  ------------  ------------  ------------  ------------  ------------  ------------  ------------  
2026-09-24 10:15:37 Self CPU time total: 18.606s
2026-09-24 10:15:37 Self CUDA time total: 10.262s
2026-09-24 10:15:38 
2026-09-24 10:15:38 total time:21.378896
