2026-09-24 20:22:04 load image
2026-09-24 20:22:04 split dataset
2026-09-24 20:22:04 288 72 items
2026-09-24 20:22:04 3 batch
2026-09-24 20:22:04 Prepare Time: 2.772182
2026-09-24 20:22:04 load model
2026-09-24 20:22:04 train model
2026-09-24 20:22:04 Epoch 1/4, Loss: 1.9637 Time: 3.2141
2026-09-24 20:22:04 Epoch 2/4, Loss: 0.4032 Time: 2.0084
2026-09-24 20:22:04 Epoch 3/4, Loss: 0.0203 Time: 2.0050
2026-09-24 20:22:04 Epoch 4/4, Loss: 0.0023 Time: 2.2045
2026-09-24 20:22:04 Train Profiler:
2026-09-24 20:22:04 -------------------------------------------------------  ------------  ------------  ------------  ------------  ------------  ------------  ------------  ------------  ------------  ------------  
2026-09-24 20:22:04                                                    Name    Self CPU %      Self CPU   CPU total %     CPU total  CPU time avg     Self CUDA   Self CUDA %    CUDA total  CUDA time avg    # of Calls  
2026-09-24 20:22:04 -------------------------------------------------------  ------------  ------------  ------------  ------------  ------------  ------------  ------------  ------------  ------------  ------------  
2026-09-24 20:22:04                                   cudaDeviceSynchronize        36.50%     999.243ms        36.50%     999.243ms     333.081ms       0.000us         0.00%       0.000us       0.000us             3  
2026-09-24 20:22:04                                            Unrecognized        34.29%     938.786ms        34.29%     938.786ms     440.745us     251.561ms        10.73%     251.561ms     118.104us          2130  
2026-09-24 20:22:04                                        cudaLaunchKernel         8.15%     222.991ms        18.96%     519.117ms     119.173us       0.000us         0.00%     145.096ms      33.310us          4356  
2026-09-24 20:22:04 autograd::engine::evaluate_function: ConvolutionBack...         0.29%       7.920ms        12.92%     353.626ms     741.355us       0.000us         0.00%     712.881ms       1.495ms           477  
2026-09-24 20:22:04                                    ConvolutionBackward0         0.06%       1.703ms        11.99%     328.220ms     688.093us       0.000us         0.00%     601.788ms       1.262ms           477  
2026-09-24 20:22:04                              aten::convolution_backward         1.20%      32.840ms        11.93%     326.517ms     684.522us     598.895ms        25.54%     601.788ms       1.262ms           477  
2026-09-24 20:22:04                                            aten::conv2d         0.13%       3.610ms        10.54%     288.519ms     302.431us       0.000us         0.00%     766.769ms     803.741us           954  
2026-09-24 20:22:04                                         cudaMemsetAsync         5.66%     155.043ms         8.46%     231.454ms     135.353us       0.000us         0.00%      43.656ms      25.530us          1710  
2026-09-24 20:22:04                                        aten::batch_norm         0.03%     919.082us         7.18%     196.640ms     412.242us       0.000us         0.00%     368.916ms     773.410us           477  
2026-09-24 20:22:04                            aten::_batch_norm_impl_index         0.07%       2.052ms         7.15%     195.721ms     410.316us       0.000us         0.00%     368.916ms     773.410us           477  
2026-09-24 20:22:04                                  aten::cudnn_batch_norm         0.69%      18.800ms         7.07%     193.669ms     406.014us     281.190ms        11.99%     368.916ms     773.410us           477  
2026-09-24 20:22:04                                                aten::to         0.08%       2.140ms         4.75%     130.140ms      83.104us       0.000us         0.00%      17.807ms      11.371us          1566  
2026-09-24 20:22:04 autograd::engine::evaluate_function: CudnnBatchNormB...         0.27%       7.361ms         4.71%     129.037ms     270.517us       0.000us         0.00%     414.522ms     869.018us           477  
2026-09-24 20:22:04                                          aten::_to_copy         0.25%       6.773ms         4.68%     128.000ms     123.671us       0.000us         0.00%      17.807ms      17.205us          1035  
2026-09-24 20:22:04                             cudaLaunchCooperativeKernel         1.81%      49.459ms         4.62%     126.475ms     132.573us       0.000us         0.00%      48.284ms      50.612us           954  
2026-09-24 20:22:04                                 CudnnBatchNormBackward0         0.08%       2.247ms         4.44%     121.676ms     255.085us       0.000us         0.00%     414.522ms     869.018us           477  
2026-09-24 20:22:04                         aten::cudnn_batch_norm_backward         0.49%      13.489ms         4.36%     119.429ms     250.375us     414.522ms        17.68%     414.522ms     869.018us           477  
2026-09-24 20:22:04                                     cudaLaunchKernelExC         3.63%      99.276ms         4.23%     115.759ms     124.875us       0.000us         0.00%      14.448ms      15.586us           927  
2026-09-24 20:22:04                                             aten::copy_         0.41%      11.240ms         4.15%     113.714ms     107.075us      21.984ms         0.94%      23.677ms      22.295us          1062  
2026-09-24 20:22:04                                              aten::add_         0.40%      10.984ms         3.81%     104.332ms     134.796us     223.106ms         9.52%     232.079ms     299.844us           774  
2026-09-24 20:22:04                                       aten::convolution         0.14%       3.843ms         3.77%     103.248ms     216.454us       0.000us         0.00%     378.057ms     792.572us           477  
2026-09-24 20:22:04                                      aten::_convolution         0.10%       2.825ms         3.63%      99.405ms     208.397us       0.000us         0.00%     378.057ms     792.572us           477  
2026-09-24 20:22:04                                 aten::cudnn_convolution         0.70%      19.042ms         3.52%      96.227ms     201.734us     318.418ms        13.58%     375.111ms     786.396us           477  
2026-09-24 20:22:04                                             aten::relu_         0.21%       5.810ms         3.51%      96.094ms     217.900us       0.000us         0.00%     166.169ms     376.801us           441  
2026-09-24 20:22:04                                        aten::clamp_min_         0.17%       4.546ms         3.30%      90.284ms     204.726us     133.227ms         5.68%     166.169ms     376.801us           441  
2026-09-24 20:22:04      autograd::engine::evaluate_function: ReluBackward0         0.13%       3.529ms         2.24%      61.248ms     138.885us       0.000us         0.00%     193.639ms     439.090us           441  
2026-09-24 20:22:04                                           ReluBackward0         0.06%       1.648ms         2.11%      57.720ms     130.883us       0.000us         0.00%     193.639ms     439.090us           441  
2026-09-24 20:22:04                                aten::threshold_backward         0.25%       6.803ms         2.05%      56.071ms     127.146us     193.639ms         8.26%     193.639ms     439.090us           441  
2026-09-24 20:22:04 autograd::engine::evaluate_function: ToCopyBackward0...         0.14%       3.706ms         1.94%      53.228ms     105.611us       0.000us         0.00%       7.020ms      13.928us           504  
2026-09-24 20:22:04                                         ToCopyBackward0         0.04%       1.090ms         1.81%      49.522ms      98.258us       0.000us         0.00%       7.020ms      13.928us           504  
2026-09-24 20:22:04                                Optimizer.step#Adam.step         0.31%       8.588ms         1.07%      29.318ms       3.258ms       0.000us         0.00%     124.581ms      13.842ms             9  
2026-09-24 20:22:04                                             aten::empty         0.92%      25.156ms         0.92%      25.156ms       5.202us       0.000us         0.00%       0.000us       0.000us          4836  
2026-09-24 20:22:04 enumerate(DataLoader)#_SingleProcessDataLoaderIter._...         0.32%       8.745ms         0.90%      24.749ms       2.062ms       0.000us         0.00%       4.548ms     379.005us            12  
2026-09-24 20:22:04 autograd::engine::evaluate_function: torch::autograd...         0.24%       6.485ms         0.54%      14.700ms      10.145us       0.000us         0.00%       0.000us       0.000us          1449  
2026-09-24 20:22:04                                     aten::_foreach_sub_         0.05%       1.316ms         0.51%      14.046ms       1.561ms     100.352us         0.00%     233.536us      25.948us             9  
2026-09-24 20:22:04        aten::_amp_foreach_non_finite_check_and_unscale_         0.01%     280.601us         0.39%      10.789ms       1.199ms       7.284ms         0.31%      12.137ms       1.349ms             9  
2026-09-24 20:22:04                                             aten::fill_         0.02%     527.588us         0.37%      10.209ms     189.051us       6.015ms         0.26%       6.030ms     111.661us            54  
2026-09-24 20:22:04                                            aten::linear         0.00%     113.010us         0.35%       9.499ms     527.709us       0.000us         0.00%     404.415us      22.467us            18  
2026-09-24 20:22:04                                     aten::empty_strided         0.30%       8.288ms         0.30%       8.288ms       7.938us       0.000us         0.00%       0.000us       0.000us          1044  
2026-09-24 20:22:04                         torch::autograd::AccumulateGrad         0.13%       3.611ms         0.30%       8.215ms       5.669us       0.000us         0.00%       0.000us       0.000us          1449  
2026-09-24 20:22:04 autograd::engine::evaluate_function: MaxPool2DWithIn...         0.00%     112.421us         0.24%       6.438ms     715.315us       0.000us         0.00%      51.043ms       5.671ms             9  
2026-09-24 20:22:04                                             aten::zero_         0.00%     124.004us         0.23%       6.417ms     237.682us       0.000us         0.00%       5.974ms     221.263us            27  
2026-09-24 20:22:04                           MaxPool2DWithIndicesBackward0         0.00%      37.399us         0.23%       6.325ms     702.824us       0.000us         0.00%      51.043ms       5.671ms             9  
2026-09-24 20:22:04                  aten::max_pool2d_with_indices_backward         0.01%     196.609us         0.23%       6.288ms     698.668us      45.102ms         1.92%      51.043ms       5.671ms             9  
2026-09-24 20:22:04                                        aten::empty_like         0.04%       1.163ms         0.21%       5.635ms      11.180us       0.000us         0.00%       0.000us       0.000us           504  
2026-09-24 20:22:04                                          cuLaunchKernel         0.06%       1.562ms         0.18%       4.933ms     182.694us       0.000us         0.00%      67.584us       2.503us            27  
2026-09-24 20:22:04                                            aten::detach         0.07%       1.898ms         0.17%       4.665ms       3.200us       0.000us         0.00%       0.000us       0.000us          1458  
2026-09-24 20:22:04                                            aten::select         0.13%       3.626ms         0.16%       4.444ms       2.572us       0.000us         0.00%       0.000us       0.000us          1728  
2026-09-24 20:22:04                                             aten::addmm         0.02%     683.380us         0.16%       4.313ms     479.236us     111.552us         0.00%     179.136us      19.904us             9  
2026-09-24 20:22:04                                             aten::stack         0.03%     885.912us         0.15%       4.168ms     231.563us       0.000us         0.00%       4.548ms     252.670us            18  
2026-09-24 20:22:04                                              aten::full         0.01%     327.856us         0.13%       3.601ms     200.046us       0.000us         0.00%      35.296us       1.961us            18  
2026-09-24 20:22:04                                      aten::_fused_adam_         0.04%       1.065ms         0.13%       3.464ms     384.909us      65.943ms         2.81%     124.238ms      13.804ms             9  
2026-09-24 20:22:04                      Optimizer.zero_grad#Adam.zero_grad         0.12%       3.269ms         0.12%       3.269ms     363.254us       0.000us         0.00%       0.000us       0.000us             9  
2026-09-24 20:22:04                                     aten::_foreach_add_         0.05%       1.332ms         0.12%       3.195ms     354.958us      70.433us         0.00%     109.762us      12.196us             9  
2026-09-24 20:22:04                                         cudaMemcpyAsync         0.02%     617.582us         0.11%       3.054ms     113.103us       0.000us         0.00%       9.695us       0.359us            27  
2026-09-24 20:22:04     autograd::engine::evaluate_function: AddmmBackward0         0.01%     214.773us         0.11%       3.045ms     338.314us       0.000us         0.00%     303.192us      33.688us             9  
2026-09-24 20:22:04                                                  detach         0.10%       2.768ms         0.10%       2.768ms       1.898us       0.000us         0.00%       0.000us       0.000us          1458  
2026-09-24 20:22:04                                          AddmmBackward0         0.00%     135.210us         0.09%       2.502ms     277.957us       0.000us         0.00%     196.956us      21.884us             9  
2026-09-24 20:22:04 autograd::engine::evaluate_function: NllLossBackward...         0.00%     113.255us         0.09%       2.341ms     260.136us       0.000us         0.00%      42.177us       4.686us             9  
2026-09-24 20:22:04                                               aten::cat         0.04%       1.208ms         0.08%       2.234ms     124.109us       4.548ms         0.19%       4.548ms     252.670us            18  
2026-09-24 20:22:04                                        NllLossBackward0         0.00%      42.489us         0.08%       2.228ms     247.553us       0.000us         0.00%      42.177us       4.686us             9  
2026-09-24 20:22:04                                 aten::nll_loss_backward         0.01%     156.250us         0.08%       2.185ms     242.832us      27.425us         0.00%      42.177us       4.686us             9  
2026-09-24 20:22:04                                                aten::mm         0.03%     717.282us         0.08%       2.180ms     121.104us     196.956us         0.01%     196.956us      10.942us            18  
2026-09-24 20:22:04 autograd::engine::evaluate_function: LogSoftmaxBackw...         0.00%      67.971us         0.07%       1.877ms     208.514us       0.000us         0.00%      18.977us       2.109us             9  
2026-09-24 20:22:04                                     LogSoftmaxBackward0         0.00%      55.815us         0.07%       1.809ms     200.962us       0.000us         0.00%      18.977us       2.109us             9  
2026-09-24 20:22:04                                              aten::view         0.07%       1.783ms         0.07%       1.783ms       1.801us       0.000us         0.00%       0.000us       0.000us           990  
2026-09-24 20:22:04                        aten::_log_softmax_backward_data         0.01%     144.934us         0.06%       1.753ms     194.760us      18.977us         0.00%      18.977us       2.109us             9  
2026-09-24 20:22:04                                    cudaFuncSetAttribute         0.06%       1.556ms         0.06%       1.556ms       1.631us       0.000us         0.00%       0.000us       0.000us           954  
2026-09-24 20:22:04                                          aten::nll_loss         0.00%      60.601us         0.06%       1.549ms      86.046us       0.000us         0.00%     170.464us       9.470us            18  
2026-09-24 20:22:04                                aten::cross_entropy_loss         0.00%      60.663us         0.05%       1.445ms     160.602us       0.000us         0.00%     129.792us      14.421us             9  
2026-09-24 20:22:04                                aten::_amp_update_scale_         0.01%     151.924us         0.05%       1.375ms     152.724us      20.289us         0.00%      33.954us       3.773us             9  
2026-09-24 20:22:04                                        aten::as_strided         0.05%       1.333ms         0.05%       1.333ms       0.497us       0.000us         0.00%       0.000us       0.000us          2682  
2026-09-24 20:22:04                                               aten::mul         0.02%     627.601us         0.04%       1.022ms      37.866us      53.628us         0.00%      53.628us       1.986us            27  
2026-09-24 20:22:04                                         aten::unsqueeze         0.02%     645.422us         0.04%       1.021ms       1.182us       0.000us         0.00%       0.000us       0.000us           864  
2026-09-24 20:22:04                                       aten::nll_loss_nd         0.00%      29.542us         0.04%       1.010ms     112.235us       0.000us         0.00%     109.152us      12.128us             9  
2026-09-24 20:22:04                                         aten::ones_like         0.00%      51.205us         0.04%     993.591us     110.399us       0.000us         0.00%      20.288us       2.254us             9  
2026-09-24 20:22:04 autograd::engine::evaluate_function: AsStridedBackwa...         0.00%      72.017us         0.04%     961.309us     106.812us       0.000us         0.00%      49.087us       5.454us             9  
2026-09-24 20:22:04       autograd::engine::evaluate_function: AddBackward0         0.03%     778.776us         0.03%     914.269us       6.349us       0.000us         0.00%       0.000us       0.000us           144  
2026-09-24 20:22:04                                      AsStridedBackward1         0.01%     149.832us         0.03%     889.292us      98.810us       0.000us         0.00%      49.087us       5.454us             9  
2026-09-24 20:22:04                                        aten::contiguous         0.00%      46.593us         0.03%     733.186us      40.733us       0.000us         0.00%       5.839ms     324.394us            18  
2026-09-24 20:22:04                                             aten::clone         0.00%      65.761us         0.03%     686.593us      38.144us       0.000us         0.00%       5.839ms     324.394us            18  
2026-09-24 20:22:04       autograd::engine::evaluate_function: MulBackward0         0.00%     129.919us         0.02%     634.701us      70.522us       0.000us         0.00%      15.423us       1.714us             9  
2026-09-24 20:22:04      autograd::engine::evaluate_function: MeanBackward1         0.00%      66.148us         0.02%     566.516us      62.946us       0.000us         0.00%       1.048ms     116.397us             9  
2026-09-24 20:22:04                               aten::adaptive_avg_pool2d         0.00%      63.537us         0.02%     560.173us      62.241us       0.000us         0.00%     947.738us     105.304us             9  
2026-09-24 20:22:04                                  aten::nll_loss_forward         0.01%     229.625us         0.02%     538.915us      59.879us      37.952us         0.00%      61.312us       6.812us             9  
2026-09-24 20:22:04                                            MulBackward0         0.00%      68.005us         0.02%     504.782us      56.087us       0.000us         0.00%      15.423us       1.714us             9  
2026-09-24 20:22:04                                           MeanBackward1         0.00%      56.081us         0.02%     500.368us      55.596us       0.000us         0.00%       1.048ms     116.397us             9  
2026-09-24 20:22:04           cudaOccupancyMaxActiveBlocksPerMultiprocessor         0.02%     417.989us         0.02%     417.989us       2.019us       0.000us         0.00%       0.000us       0.000us           207  
2026-09-24 20:22:04                                              aten::mean         0.01%     298.080us         0.01%     406.416us      45.157us     854.042us         0.04%     947.738us     105.304us             9  
2026-09-24 20:22:04                                               aten::div         0.01%     289.846us         0.01%     382.143us      42.460us       1.048ms         0.04%       1.048ms     116.397us             9  
2026-09-24 20:22:04                                        aten::max_pool2d         0.00%      28.845us         0.01%     374.841us      41.649us       0.000us         0.00%      27.988ms       3.110ms             9  
2026-09-24 20:22:04                                       aten::log_softmax         0.00%      66.895us         0.01%     374.638us      41.626us       0.000us         0.00%      20.640us       2.293us             9  
2026-09-24 20:22:04                           aten::max_pool2d_with_indices         0.01%     254.618us         0.01%     345.996us      38.444us      27.988ms         1.19%      27.988ms       3.110ms             9  
2026-09-24 20:22:04                                         aten::new_zeros         0.00%      45.397us         0.01%     336.758us      37.418us       0.000us         0.00%      18.399us       2.044us             9  
2026-09-24 20:22:04                                                 aten::t         0.01%     175.033us         0.01%     330.070us       7.335us       0.000us         0.00%       0.000us       0.000us            45  
2026-09-24 20:22:04                                      aten::_log_softmax         0.01%     212.608us         0.01%     303.239us      33.693us      20.640us         0.00%      20.640us       2.293us             9  
2026-09-24 20:22:04                                       aten::result_type         0.01%     299.705us         0.01%     299.705us       0.103us       0.000us         0.00%       0.000us       0.000us          2898  
2026-09-24 20:22:04                                               aten::sum         0.01%     215.208us         0.01%     298.478us      33.164us     106.236us         0.00%     106.236us      11.804us             9  
2026-09-24 20:22:04                                          aten::randperm         0.00%     124.070us         0.01%     295.463us      24.622us       0.000us         0.00%       0.000us       0.000us            12  
2026-09-24 20:22:04                                               aten::add         0.01%     187.673us         0.01%     284.450us      31.606us      21.920us         0.00%      21.920us       2.436us             9  
2026-09-24 20:22:04 -------------------------------------------------------  ------------  ------------  ------------  ------------  ------------  ------------  ------------  ------------  ------------  ------------  
2026-09-24 20:22:04 Self CPU time total: 2.737s
2026-09-24 20:22:04 Self CUDA time total: 2.345s
2026-09-24 20:22:05 
2026-09-24 20:22:05 -------------------------------------------------------  ------------  ------------  ------------  ------------  ------------  ------------  ------------  ------------  ------------  ------------  
2026-09-24 20:22:05                                                    Name    Self CPU %      Self CPU   CPU total %     CPU total  CPU time avg     Self CUDA   Self CUDA %    CUDA total  CUDA time avg    # of Calls  
2026-09-24 20:22:05 -------------------------------------------------------  ------------  ------------  ------------  ------------  ------------  ------------  ------------  ------------  ------------  ------------  
2026-09-24 20:22:05                                            aten::conv2d         0.13%       3.610ms        10.54%     288.519ms     302.431us       0.000us         0.00%     766.769ms     803.741us           954  
2026-09-24 20:22:05 autograd::engine::evaluate_function: ConvolutionBack...         0.29%       7.920ms        12.92%     353.626ms     741.355us       0.000us         0.00%     712.881ms       1.495ms           477  
2026-09-24 20:22:05                                    ConvolutionBackward0         0.06%       1.703ms        11.99%     328.220ms     688.093us       0.000us         0.00%     601.788ms       1.262ms           477  
2026-09-24 20:22:05                              aten::convolution_backward         1.20%      32.840ms        11.93%     326.517ms     684.522us     598.895ms        25.54%     601.788ms       1.262ms           477  
2026-09-24 20:22:05 autograd::engine::evaluate_function: CudnnBatchNormB...         0.27%       7.361ms         4.71%     129.037ms     270.517us       0.000us         0.00%     414.522ms     869.018us           477  
2026-09-24 20:22:05                                 CudnnBatchNormBackward0         0.08%       2.247ms         4.44%     121.676ms     255.085us       0.000us         0.00%     414.522ms     869.018us           477  
2026-09-24 20:22:05                         aten::cudnn_batch_norm_backward         0.49%      13.489ms         4.36%     119.429ms     250.375us     414.522ms        17.68%     414.522ms     869.018us           477  
2026-09-24 20:22:05 void cudnn::batchnorm_bwtr_nhwc_semiPersist<__half, ...         0.00%       0.000us         0.00%       0.000us       0.000us     398.117ms        16.98%     398.117ms       1.005ms           396  
2026-09-24 20:22:05                                       aten::convolution         0.14%       3.843ms         3.77%     103.248ms     216.454us       0.000us         0.00%     378.057ms     792.572us           477  
2026-09-24 20:22:05                                      aten::_convolution         0.10%       2.825ms         3.63%      99.405ms     208.397us       0.000us         0.00%     378.057ms     792.572us           477  
2026-09-24 20:22:05                                 aten::cudnn_convolution         0.70%      19.042ms         3.52%      96.227ms     201.734us     318.418ms        13.58%     375.111ms     786.396us           477  
2026-09-24 20:22:05                                        aten::batch_norm         0.03%     919.082us         7.18%     196.640ms     412.242us       0.000us         0.00%     368.916ms     773.410us           477  
2026-09-24 20:22:05                            aten::_batch_norm_impl_index         0.07%       2.052ms         7.15%     195.721ms     410.316us       0.000us         0.00%     368.916ms     773.410us           477  
2026-09-24 20:22:05                                  aten::cudnn_batch_norm         0.69%      18.800ms         7.07%     193.669ms     406.014us     281.190ms        11.99%     368.916ms     773.410us           477  
2026-09-24 20:22:05                                            Unrecognized        34.29%     938.786ms        34.29%     938.786ms     440.745us     251.561ms        10.73%     251.561ms     118.104us          2130  
2026-09-24 20:22:05                                              aten::add_         0.40%      10.984ms         3.81%     104.332ms     134.796us     223.106ms         9.52%     232.079ms     299.844us           774  
2026-09-24 20:22:05 void at::native::vectorized_elementwise_kernel<4, at...         0.00%       0.000us         0.00%       0.000us       0.000us     221.902ms         9.46%     221.902ms     770.493us           288  
2026-09-24 20:22:05 void cudnn::batchnorm_fwtr_nhwc_semiPersist<__half, ...         0.00%       0.000us         0.00%       0.000us       0.000us     207.447ms         8.85%     207.447ms     921.986us           225  
2026-09-24 20:22:05      autograd::engine::evaluate_function: ReluBackward0         0.13%       3.529ms         2.24%      61.248ms     138.885us       0.000us         0.00%     193.639ms     439.090us           441  
2026-09-24 20:22:05                                           ReluBackward0         0.06%       1.648ms         2.11%      57.720ms     130.883us       0.000us         0.00%     193.639ms     439.090us           441  
2026-09-24 20:22:05                                aten::threshold_backward         0.25%       6.803ms         2.05%      56.071ms     127.146us     193.639ms         8.26%     193.639ms     439.090us           441  
2026-09-24 20:22:05 void at::native::vectorized_elementwise_kernel<4, at...         0.00%       0.000us         0.00%       0.000us       0.000us     190.673ms         8.13%     190.673ms     441.372us           432  
2026-09-24 20:22:05                                             aten::relu_         0.21%       5.810ms         3.51%      96.094ms     217.900us       0.000us         0.00%     166.169ms     376.801us           441  
2026-09-24 20:22:05                                        aten::clamp_min_         0.17%       4.546ms         3.30%      90.284ms     204.726us     133.227ms         5.68%     166.169ms     376.801us           441  
2026-09-24 20:22:05                                        cudaLaunchKernel         8.15%     222.991ms        18.96%     519.117ms     119.173us       0.000us         0.00%     145.096ms      33.310us          4356  
2026-09-24 20:22:05 void at::native::vectorized_elementwise_kernel<4, at...         0.00%       0.000us         0.00%       0.000us       0.000us     133.227ms         5.68%     133.227ms     302.102us           441  
2026-09-24 20:22:05                                Optimizer.step#Adam.step         0.31%       8.588ms         1.07%      29.318ms       3.258ms       0.000us         0.00%     124.581ms      13.842ms             9  
2026-09-24 20:22:05                                      aten::_fused_adam_         0.04%       1.065ms         0.13%       3.464ms     384.909us      65.943ms         2.81%     124.238ms      13.804ms             9  
2026-09-24 20:22:05 void cudnn::batchnorm_fwtr_nhwc_semiPersist<__half, ...         0.00%       0.000us         0.00%       0.000us       0.000us      73.348ms         3.13%      73.348ms     291.063us           252  
2026-09-24 20:22:05                                Optimizer.step#Adam.step         0.00%       0.000us         0.00%       0.000us       0.000us      66.192ms         2.82%      66.192ms       7.355ms             9  
2026-09-24 20:22:05 void at::native::(anonymous namespace)::multi_tensor...         0.00%       0.000us         0.00%       0.000us       0.000us      65.943ms         2.81%      65.943ms       1.465ms            45  
2026-09-24 20:22:05          turing_fp16_s1688gemm_fp16_128x128_ldg8_f2f_tn         0.00%       0.000us         0.00%       0.000us       0.000us      58.716ms         2.50%      58.716ms     466.002us           126  
2026-09-24 20:22:05 turing_fp16_s1688gemm_fp16_256x128_ldg8_f2f_stages_3...         0.00%       0.000us         0.00%       0.000us       0.000us      55.047ms         2.35%      55.047ms     407.759us           135  
2026-09-24 20:22:05 sm75_xmma_wgrad_implicit_gemm_indexed_f16f16_f16f32_...         0.00%       0.000us         0.00%       0.000us       0.000us      53.443ms         2.28%      53.443ms     659.786us            81  
2026-09-24 20:22:05 turing_fp16_s1688gemm_fp16_128x128_ldg8_f2f_stages_3...         0.00%       0.000us         0.00%       0.000us       0.000us      53.143ms         2.27%      53.143ms     738.094us            72  
2026-09-24 20:22:05          turing_fp16_s1688gemm_fp16_128x128_ldg8_f2f_nn         0.00%       0.000us         0.00%       0.000us       0.000us      52.604ms         2.24%      52.604ms     531.354us            99  
2026-09-24 20:22:05 autograd::engine::evaluate_function: MaxPool2DWithIn...         0.00%     112.421us         0.24%       6.438ms     715.315us       0.000us         0.00%      51.043ms       5.671ms             9  
2026-09-24 20:22:05                           MaxPool2DWithIndicesBackward0         0.00%      37.399us         0.23%       6.325ms     702.824us       0.000us         0.00%      51.043ms       5.671ms             9  
2026-09-24 20:22:05                  aten::max_pool2d_with_indices_backward         0.01%     196.609us         0.23%       6.288ms     698.668us      45.102ms         1.92%      51.043ms       5.671ms             9  
2026-09-24 20:22:05                             cudaLaunchCooperativeKernel         1.81%      49.459ms         4.62%     126.475ms     132.573us       0.000us         0.00%      48.284ms      50.612us           954  
2026-09-24 20:22:05 void at::native::(anonymous namespace)::max_pool_bac...         0.00%       0.000us         0.00%       0.000us       0.000us      45.102ms         1.92%      45.102ms       5.011ms             9  
2026-09-24 20:22:05 sm75_xmma_dgrad_implicit_gemm_indexed_f16f16_f16f32_...         0.00%       0.000us         0.00%       0.000us       0.000us      44.369ms         1.89%      44.369ms     985.983us            45  
2026-09-24 20:22:05                                         cudaMemsetAsync         5.66%     155.043ms         8.46%     231.454ms     135.353us       0.000us         0.00%      43.656ms      25.530us          1710  
2026-09-24 20:22:05 sm75_xmma_wgrad_implicit_gemm_indexed_f16f16_f16f32_...         0.00%       0.000us         0.00%       0.000us       0.000us      43.341ms         1.85%      43.341ms     687.951us            63  
2026-09-24 20:22:05 sm75_xmma_fprop_implicit_gemm_f16f16_f16f32_f32_nhwc...         0.00%       0.000us         0.00%       0.000us       0.000us      41.238ms         1.76%      41.238ms     763.676us            54  
2026-09-24 20:22:05 sm75_xmma_wgrad_implicit_gemm_indexed_f16f16_f16f32_...         0.00%       0.000us         0.00%       0.000us       0.000us      38.682ms         1.65%      38.682ms     330.619us           117  
2026-09-24 20:22:05 _5x_cudnn_turing_fp16_s1688cudnn_fp16_256x128_ldg8_r...         0.00%       0.000us         0.00%       0.000us       0.000us      33.034ms         1.41%      33.034ms     734.086us            45  
2026-09-24 20:22:05 sm75_xmma_dgrad_implicit_gemm_f16f16_f16f32_f32_nhwc...         0.00%       0.000us         0.00%       0.000us       0.000us      33.019ms         1.41%      33.019ms     733.762us            45  
2026-09-24 20:22:05 sm75_xmma_dgrad_implicit_gemm_indexed_f16f16_f16f32_...         0.00%       0.000us         0.00%       0.000us       0.000us      31.759ms         1.35%      31.759ms       1.176ms            27  
2026-09-24 20:22:05 turing_fp16_s1688gemm_fp16_64x128_sliced1x2_ldg8_f2f...         0.00%       0.000us         0.00%       0.000us       0.000us      30.648ms         1.31%      30.648ms     851.331us            36  
2026-09-24 20:22:05 turing_fp16_s1688gemm_fp16_128x256_ldg8_f2f_stages_3...         0.00%       0.000us         0.00%       0.000us       0.000us      28.371ms         1.21%      28.371ms     350.257us            81  
2026-09-24 20:22:05                                        aten::max_pool2d         0.00%      28.845us         0.01%     374.841us      41.649us       0.000us         0.00%      27.988ms       3.110ms             9  
2026-09-24 20:22:05                           aten::max_pool2d_with_indices         0.01%     254.618us         0.01%     345.996us      38.444us      27.988ms         1.19%      27.988ms       3.110ms             9  
2026-09-24 20:22:05 void at::native::(anonymous namespace)::max_pool_for...         0.00%       0.000us         0.00%       0.000us       0.000us      27.988ms         1.19%      27.988ms       3.110ms             9  
2026-09-24 20:22:05 sm75_xmma_dgrad_implicit_gemm_indexed_f16f16_f16f32_...         0.00%       0.000us         0.00%       0.000us       0.000us      27.700ms         1.18%      27.700ms       1.026ms            27  
2026-09-24 20:22:05          turing_fp16_s1688gemm_fp16_256x128_ldg8_f2f_tn         0.00%       0.000us         0.00%       0.000us       0.000us      27.168ms         1.16%      27.168ms     377.327us            72  
2026-09-24 20:22:05 sm75_xmma_wgrad_implicit_gemm_indexed_f16f16_f16f32_...         0.00%       0.000us         0.00%       0.000us       0.000us      27.167ms         1.16%      27.167ms       1.006ms            27  
2026-09-24 20:22:05 sm75_xmma_wgrad_implicit_gemm_indexed_f16f16_f16f32_...         0.00%       0.000us         0.00%       0.000us       0.000us      25.630ms         1.09%      25.630ms     711.941us            36  
2026-09-24 20:22:05 sm75_xmma_dgrad_implicit_gemm_f16f16_f16f32_f32_nhwc...         0.00%       0.000us         0.00%       0.000us       0.000us      25.012ms         1.07%      25.012ms     926.356us            27  
2026-09-24 20:22:05 sm75_xmma_fprop_implicit_gemm_f16f16_f16f32_f32_nhwc...         0.00%       0.000us         0.00%       0.000us       0.000us      24.820ms         1.06%      24.820ms     919.269us            27  
2026-09-24 20:22:05                                             aten::copy_         0.41%      11.240ms         4.15%     113.714ms     107.075us      21.984ms         0.94%      23.677ms      22.295us          1062  
2026-09-24 20:22:05 turing_fp16_s1688gemm_fp16_256x128_ldg8_f2f_stages_3...         0.00%       0.000us         0.00%       0.000us       0.000us      17.979ms         0.77%      17.979ms     499.421us            36  
2026-09-24 20:22:05                                                aten::to         0.08%       2.140ms         4.75%     130.140ms      83.104us       0.000us         0.00%      17.807ms      11.371us          1566  
2026-09-24 20:22:05                                          aten::_to_copy         0.25%       6.773ms         4.68%     128.000ms     123.671us       0.000us         0.00%      17.807ms      17.205us          1035  
2026-09-24 20:22:05 sm75_xmma_fprop_image_first_layer_f16f16_f32_f16_nhw...         0.00%       0.000us         0.00%       0.000us       0.000us      16.986ms         0.72%      16.986ms       1.887ms             9  
2026-09-24 20:22:05 void cudnn::batchnorm_bwtr_nhwc_semiPersist<__half, ...         0.00%       0.000us         0.00%       0.000us       0.000us      15.985ms         0.68%      15.985ms     197.351us            81  
2026-09-24 20:22:05 turing_fp16_s1688gemm_fp16_64x128_sliced1x2_ldg8_f2f...         0.00%       0.000us         0.00%       0.000us       0.000us      15.616ms         0.67%      15.616ms     867.542us            18  
2026-09-24 20:22:05 turing_fp16_s1688gemm_fp16_128x128_ldg8_f2f_stages_3...         0.00%       0.000us         0.00%       0.000us       0.000us      15.462ms         0.66%      15.462ms     859.023us            18  
2026-09-24 20:22:05                                     cudaLaunchKernelExC         3.63%      99.276ms         4.23%     115.759ms     124.875us       0.000us         0.00%      14.448ms      15.586us           927  
2026-09-24 20:22:05 sm75_xmma_fprop_implicit_gemm_f16f16_f16f32_f32_nhwc...         0.00%       0.000us         0.00%       0.000us       0.000us      14.423ms         0.62%      14.423ms     801.302us            18  
2026-09-24 20:22:05 sm75_xmma_fprop_implicit_gemm_f16f16_f16f32_f32_nhwc...         0.00%       0.000us         0.00%       0.000us       0.000us      13.531ms         0.58%      13.531ms     751.721us            18  
2026-09-24 20:22:05 turing_fp16_s1688gemm_fp16_256x64_ldg8_f2f_stages_32...         0.00%       0.000us         0.00%       0.000us       0.000us      12.876ms         0.55%      12.876ms     715.333us            18  
2026-09-24 20:22:05        aten::_amp_foreach_non_finite_check_and_unscale_         0.01%     280.601us         0.39%      10.789ms       1.199ms       7.284ms         0.31%      12.137ms       1.349ms             9  
2026-09-24 20:22:05 sm75_xmma_wgrad_image_first_layer_f16f16_f32_f32_nhw...         0.00%       0.000us         0.00%       0.000us       0.000us      11.053ms         0.47%      11.053ms       1.228ms             9  
2026-09-24 20:22:05 void nhwcAddPaddingKernel<__half, __half, float, tru...         0.00%       0.000us         0.00%       0.000us       0.000us      10.620ms         0.45%      10.620ms     295.013us            36  
2026-09-24 20:22:05 sm75_xmma_fprop_implicit_gemm_f16f16_f16f32_f32_nhwc...         0.00%       0.000us         0.00%       0.000us       0.000us       9.608ms         0.41%       9.608ms       1.068ms             9  
2026-09-24 20:22:05                                         Memset (Device)         0.00%       0.000us         0.00%       0.000us       0.000us       9.055ms         0.39%       9.055ms       5.438us          1665  
2026-09-24 20:22:05 void at::native::vectorized_elementwise_kernel<4, at...         0.00%       0.000us         0.00%       0.000us       0.000us       9.044ms         0.39%       9.044ms      17.629us           513  
2026-09-24 20:22:05 void at::native::(anonymous namespace)::multi_tensor...         0.00%       0.000us         0.00%       0.000us       0.000us       7.284ms         0.31%       7.284ms     404.644us            18  
2026-09-24 20:22:05 void at::native::unrolled_elementwise_kernel<at::nat...         0.00%       0.000us         0.00%       0.000us       0.000us       7.042ms         0.30%       7.042ms      13.972us           504  
2026-09-24 20:22:05 autograd::engine::evaluate_function: ToCopyBackward0...         0.14%       3.706ms         1.94%      53.228ms     105.611us       0.000us         0.00%       7.020ms      13.928us           504  
2026-09-24 20:22:05                                         ToCopyBackward0         0.04%       1.090ms         1.81%      49.522ms      98.258us       0.000us         0.00%       7.020ms      13.928us           504  
2026-09-24 20:22:05                                             aten::fill_         0.02%     527.588us         0.37%      10.209ms     189.051us       6.015ms         0.26%       6.030ms     111.661us            54  
2026-09-24 20:22:05                                             aten::zero_         0.00%     124.004us         0.23%       6.417ms     237.682us       0.000us         0.00%       5.974ms     221.263us            27  
2026-09-24 20:22:05 void at::native::vectorized_elementwise_kernel<4, at...         0.00%       0.000us         0.00%       0.000us       0.000us       5.959ms         0.25%       5.959ms     331.075us            18  
2026-09-24 20:22:05                                        aten::contiguous         0.00%      46.593us         0.03%     733.186us      40.733us       0.000us         0.00%       5.839ms     324.394us            18  
2026-09-24 20:22:05                                             aten::clone         0.00%      65.761us         0.03%     686.593us      38.144us       0.000us         0.00%       5.839ms     324.394us            18  
2026-09-24 20:22:05 void at::native::elementwise_kernel<128, 4, at::nati...         0.00%       0.000us         0.00%       0.000us       0.000us       5.839ms         0.25%       5.839ms     324.394us            18  
2026-09-24 20:22:05 enumerate(DataLoader)#_SingleProcessDataLoaderIter._...         0.00%       0.000us         0.00%       0.000us       0.000us       4.564ms         0.19%       4.564ms     507.057us             9  
2026-09-24 20:22:05 enumerate(DataLoader)#_SingleProcessDataLoaderIter._...         0.32%       8.745ms         0.90%      24.749ms       2.062ms       0.000us         0.00%       4.548ms     379.005us            12  
2026-09-24 20:22:05                                             aten::stack         0.03%     885.912us         0.15%       4.168ms     231.563us       0.000us         0.00%       4.548ms     252.670us            18  
2026-09-24 20:22:05                                               aten::cat         0.04%       1.208ms         0.08%       2.234ms     124.109us       4.548ms         0.19%       4.548ms     252.670us            18  
2026-09-24 20:22:05 void at::native::(anonymous namespace)::CatArrayBatc...         0.00%       0.000us         0.00%       0.000us       0.000us       4.515ms         0.19%       4.515ms     250.849us            18  
2026-09-24 20:22:05 sm75_xmma_fprop_implicit_gemm_f16f16_f16f32_f32_nhwc...         0.00%       0.000us         0.00%       0.000us       0.000us       3.163ms         0.13%       3.163ms     351.425us             9  
2026-09-24 20:22:05 void at::native::elementwise_kernel<128, 4, at::nati...         0.00%       0.000us         0.00%       0.000us       0.000us       2.966ms         0.13%       2.966ms     329.548us             9  
2026-09-24 20:22:05 sm75_xmma_dgrad_implicit_gemm_f16f16_f16f32_f32_nhwc...         0.00%       0.000us         0.00%       0.000us       0.000us       2.890ms         0.12%       2.890ms     321.128us             9  
2026-09-24 20:22:05 _ZN17cutlass__5x_cudnn6KernelINS_4conv6kernel23Impli...         0.00%       0.000us         0.00%       0.000us       0.000us       2.678ms         0.11%       2.678ms     297.573us             9  
2026-09-24 20:22:05 sm75_xmma_wgrad_implicit_gemm_indexed_f16f16_f16f32_...         0.00%       0.000us         0.00%       0.000us       0.000us       1.675ms         0.07%       1.675ms      20.677us            81  
2026-09-24 20:22:05 sm75_xmma_wgrad_implicit_gemm_indexed_f16f16_f16f32_...         0.00%       0.000us         0.00%       0.000us       0.000us       1.402ms         0.06%       1.402ms      11.982us           117  
2026-09-24 20:22:05 sm75_xmma_wgrad_implicit_gemm_indexed_f16f16_f16f32_...         0.00%       0.000us         0.00%       0.000us       0.000us       1.196ms         0.05%       1.196ms      33.233us            36  
2026-09-24 20:22:05 -------------------------------------------------------  ------------  ------------  ------------  ------------  ------------  ------------  ------------  ------------  ------------  ------------  
2026-09-24 20:22:05 Self CPU time total: 2.737s
2026-09-24 20:22:05 Self CUDA time total: 2.345s
2026-09-24 20:22:06 
2026-09-24 20:22:06 Train 1st Epoch Profiler:
2026-09-24 20:22:06 -------------------------------------------------------  ------------  ------------  ------------  ------------  ------------  ------------  ------------  ------------  ------------  ------------  
2026-09-24 20:22:06                                                    Name    Self CPU %      Self CPU   CPU total %     CPU total  CPU time avg     Self CUDA   Self CUDA %    CUDA total  CUDA time avg    # of Calls  
2026-09-24 20:22:06 -------------------------------------------------------  ------------  ------------  ------------  ------------  ------------  ------------  ------------  ------------  ------------  ------------  
2026-09-24 20:22:06                                            aten::conv2d         0.10%       1.472ms        46.25%     660.098ms       2.076ms       0.000us         0.00%     495.265ms       1.557ms           318  
2026-09-24 20:22:06                                            Unrecognized        29.63%     422.854ms        29.63%     422.854ms     752.409us     197.948ms        23.93%     197.948ms     352.220us           562  
2026-09-24 20:22:06                                   cudaDeviceSynchronize        23.35%     333.270ms        23.35%     333.270ms     333.270ms       0.000us         0.00%       0.000us       0.000us             1  
2026-09-24 20:22:06                                       aten::convolution         0.11%       1.586ms        22.78%     325.123ms       2.045ms       0.000us         0.00%     246.038ms       1.547ms           159  
2026-09-24 20:22:06                                      aten::_convolution         0.09%       1.275ms        22.67%     323.537ms       2.035ms       0.000us         0.00%     246.038ms       1.547ms           159  
2026-09-24 20:22:06                                 aten::cudnn_convolution        12.54%     178.926ms        22.57%     322.103ms       2.026ms     127.286ms        15.39%     244.435ms       1.537ms           159  
2026-09-24 20:22:06 autograd::engine::evaluate_function: ConvolutionBack...         0.20%       2.825ms        17.70%     252.604ms       1.589ms       0.000us         0.00%     249.630ms       1.570ms           159  
2026-09-24 20:22:06                                    ConvolutionBackward0         0.05%     655.953us        17.27%     246.518ms       1.550ms       0.000us         0.00%     212.692ms       1.338ms           159  
2026-09-24 20:22:06                              aten::convolution_backward         6.30%      89.857ms        17.23%     245.862ms       1.546ms     211.642ms        25.58%     212.692ms       1.338ms           159  
2026-09-24 20:22:06                                        cudaLaunchKernel         6.95%      99.197ms        14.57%     208.020ms     107.393us       0.000us         0.00%      85.929ms      44.362us          1937  
2026-09-24 20:22:06                                     cudaLaunchKernelExC         6.11%      87.185ms         7.90%     112.742ms     364.860us       0.000us         0.00%      29.966ms      96.977us           309  
2026-09-24 20:22:06                                    cudaFuncSetAttribute         0.91%      12.987ms         3.99%      56.882ms     133.526us       0.000us         0.00%      56.257ms     132.058us           426  
2026-09-24 20:22:06                                Optimizer.step#Adam.step         0.49%       7.006ms         3.37%      48.081ms      16.027ms       0.000us         0.00%      76.032ms      25.344ms             3  
2026-09-24 20:22:06 autograd::engine::evaluate_function: CudnnBatchNormB...         0.18%       2.614ms         3.11%      44.374ms     279.083us       0.000us         0.00%     139.008ms     874.263us           159  
2026-09-24 20:22:06                                 CudnnBatchNormBackward0         0.05%     763.784us         2.93%      41.760ms     262.643us       0.000us         0.00%     139.008ms     874.263us           159  
2026-09-24 20:22:06                                        aten::batch_norm         0.02%     338.742us         2.89%      41.218ms     259.236us       0.000us         0.00%     103.433ms     650.521us           159  
2026-09-24 20:22:06                         aten::cudnn_batch_norm_backward         0.37%       5.294ms         2.87%      40.996ms     257.839us     139.008ms        16.80%     139.008ms     874.263us           159  
2026-09-24 20:22:06                            aten::_batch_norm_impl_index         0.05%     756.346us         2.86%      40.880ms     257.105us       0.000us         0.00%     103.433ms     650.521us           159  
2026-09-24 20:22:06                                  aten::cudnn_batch_norm         0.73%      10.359ms         2.81%      40.123ms     252.348us      96.156ms        11.62%     103.433ms     650.521us           159  
2026-09-24 20:22:06                                         cudaMemsetAsync         2.39%      34.084ms         2.53%      36.069ms      63.057us       0.000us         0.00%       1.281ms       2.239us           572  
2026-09-24 20:22:06                                            aten::linear         0.00%      52.107us         2.20%      31.335ms       5.223ms       0.000us         0.00%     243.839us      40.640us             6  
2026-09-24 20:22:06                                   cudaFuncGetAttributes         0.01%      74.465us         1.95%      27.764ms       2.314ms       0.000us         0.00%      12.477ms       1.040ms            12  
2026-09-24 20:22:06                                             aten::empty         0.79%      11.294ms         1.48%      21.060ms      11.865us       0.000us         0.00%       0.000us       0.000us          1775  
2026-09-24 20:22:06      autograd::engine::evaluate_function: ReluBackward0         0.09%       1.239ms         1.47%      21.026ms     143.034us       0.000us         0.00%      64.372ms     437.901us           147  
2026-09-24 20:22:06                                                aten::to         0.05%     748.035us         1.44%      20.581ms      39.427us       0.000us         0.00%       5.690ms      10.900us           522  
2026-09-24 20:22:06                                              cudaMalloc         1.42%      20.301ms         1.42%      20.301ms     167.777us       0.000us         0.00%       0.000us       0.000us           121  
2026-09-24 20:22:06                                          aten::_to_copy         0.17%       2.475ms         1.39%      19.833ms      57.486us       0.000us         0.00%       5.690ms      16.492us           345  
2026-09-24 20:22:06                                           ReluBackward0         0.04%     611.084us         1.39%      19.787ms     134.602us       0.000us         0.00%      64.372ms     437.901us           147  
2026-09-24 20:22:06                                             aten::relu_         0.15%       2.120ms         1.36%      19.411ms     132.049us       0.000us         0.00%      48.464ms     329.687us           147  
2026-09-24 20:22:06                                aten::threshold_backward         0.18%       2.512ms         1.34%      19.175ms     130.445us      64.372ms         7.78%      64.372ms     437.901us           147  
2026-09-24 20:22:06                                     aten::_foreach_sub_         0.04%     577.220us         1.28%      18.335ms       6.112ms      37.534us         0.00%     104.633us      34.878us             3  
2026-09-24 20:22:06                                    cudaGetSymbolAddress         1.23%      17.549ms         1.24%      17.706ms      17.706ms       0.000us         0.00%       8.318ms       8.318ms             1  
2026-09-24 20:22:06                                        aten::clamp_min_         0.12%       1.720ms         1.21%      17.292ms     117.630us      44.059ms         5.33%      48.464ms     329.687us           147  
2026-09-24 20:22:06                                        aten::empty_like         0.07%       1.030ms         1.14%      16.256ms      33.175us       0.000us         0.00%       0.000us       0.000us           490  
2026-09-24 20:22:06                                aten::cross_entropy_loss         0.00%      54.638us         1.13%      16.113ms       5.371ms       0.000us         0.00%      72.894us      24.298us             3  
2026-09-24 20:22:06                                             aten::addmm         0.24%       3.444ms         1.09%      15.492ms       5.164ms      38.464us         0.00%     113.952us      37.984us             3  
2026-09-24 20:22:06                                              aten::add_         0.30%       4.274ms         1.04%      14.832ms      57.487us      74.039ms         8.95%      75.808ms     293.830us           258  
2026-09-24 20:22:06                                             aten::copy_         0.28%       4.049ms         0.96%      13.759ms      38.867us       7.765ms         0.94%       8.353ms      23.597us           354  
2026-09-24 20:22:06 autograd::engine::evaluate_function: ToCopyBackward0...         0.09%       1.299ms         0.93%      13.343ms      79.421us       0.000us         0.00%       2.449ms      14.576us           168  
2026-09-24 20:22:06                                         ToCopyBackward0         0.03%     373.273us         0.84%      12.044ms      71.688us       0.000us         0.00%       2.449ms      14.576us           168  
2026-09-24 20:22:06                                             aten::fill_         0.17%       2.408ms         0.83%      11.876ms      23.610us       3.710ms         0.45%       3.721ms       7.398us           503  
2026-09-24 20:22:06                             cudaLaunchCooperativeKernel         0.70%       9.925ms         0.81%      11.629ms      36.570us       0.000us         0.00%     400.156us       1.258us           318  
2026-09-24 20:22:06                                          aten::nll_loss         0.00%      40.229us         0.79%      11.282ms       1.880ms       0.000us         0.00%      90.461us      15.077us             6  
2026-09-24 20:22:06                                       aten::log_softmax         0.00%      35.605us         0.72%      10.301ms       3.434ms       0.000us         0.00%      16.351us       5.450us             3  
2026-09-24 20:22:06                                      aten::_log_softmax         0.01%     130.323us         0.72%      10.263ms       3.421ms       7.231us         0.00%      16.351us       5.450us             3  
2026-09-24 20:22:06     autograd::engine::evaluate_function: AddmmBackward0         0.01%      99.493us         0.72%      10.251ms       3.417ms       0.000us         0.00%     101.600us      33.867us             3  
2026-09-24 20:22:06                                        aten::zeros_like         0.05%     724.905us         0.67%       9.596ms      29.800us       0.000us         0.00%       1.369ms       4.251us           322  
2026-09-24 20:22:06 enumerate(DataLoader)#_SingleProcessDataLoaderIter._...         0.25%       3.635ms         0.66%       9.351ms       2.338ms       0.000us         0.00%       3.690ms     922.505us             4  
2026-09-24 20:22:06                                               aten::sum         0.01%      98.105us         0.62%       8.794ms       2.931ms      36.160us         0.00%      36.160us      12.053us             3  
2026-09-24 20:22:06      autograd::engine::evaluate_function: MeanBackward1         0.00%      30.172us         0.60%       8.528ms       2.843ms       0.000us         0.00%     364.093us     121.364us             3  
2026-09-24 20:22:06                                           MeanBackward1         0.00%      30.748us         0.60%       8.498ms       2.833ms       0.000us         0.00%     364.093us     121.364us             3  
2026-09-24 20:22:06                               aten::adaptive_avg_pool2d         0.00%      33.530us         0.59%       8.443ms       2.814ms       0.000us         0.00%     568.475us     189.492us             3  
2026-09-24 20:22:06                                               aten::div         0.01%     156.441us         0.59%       8.441ms       2.814ms     364.093us         0.04%     364.093us     121.364us             3  
2026-09-24 20:22:06                                              aten::mean         0.01%     145.821us         0.59%       8.375ms       2.792ms     282.398us         0.03%     568.475us     189.492us             3  
2026-09-24 20:22:06                                     aten::_foreach_add_         0.04%     527.761us         0.56%       8.038ms       2.679ms      26.112us         0.00%      65.216us      21.739us             3  
2026-09-24 20:22:06                                     aten::empty_strided         0.36%       5.204ms         0.56%       8.027ms      11.981us       0.000us         0.00%       0.000us       0.000us           670  
2026-09-24 20:22:06                                             aten::zero_         0.09%       1.300ms         0.54%       7.705ms      15.660us       0.000us         0.00%       3.690ms       7.501us           492  
2026-09-24 20:22:06                                               aten::mul         0.02%     244.489us         0.54%       7.690ms     854.463us      19.137us         0.00%      29.473us       3.275us             9  
2026-09-24 20:22:06           cudaOccupancyMaxActiveBlocksPerMultiprocessor         0.47%       6.690ms         0.48%       6.842ms      15.765us       0.000us         0.00%       3.293ms       7.588us           434  
2026-09-24 20:22:06                                       aten::nll_loss_nd         0.00%      16.184us         0.40%       5.758ms       1.919ms       0.000us         0.00%      56.543us      18.848us             3  
2026-09-24 20:22:06                                  aten::nll_loss_forward         0.01%     133.713us         0.39%       5.513ms       1.838ms      13.312us         0.00%      33.918us      11.306us             3  
2026-09-24 20:22:06                                              aten::full         0.00%      53.294us         0.39%       5.498ms     687.200us       0.000us         0.00%      24.478us       3.060us             8  
2026-09-24 20:22:06 autograd::engine::evaluate_function: torch::autograd...         0.16%       2.329ms         0.37%       5.221ms      10.810us       0.000us         0.00%       0.000us       0.000us           483  
2026-09-24 20:22:06                                  cudaDeviceGetAttribute         0.33%       4.688ms         0.33%       4.688ms      37.210us       0.000us         0.00%       0.000us       0.000us           126  
2026-09-24 20:22:06                                             aten::zeros         0.03%     368.847us         0.25%       3.627ms      22.528us       0.000us         0.00%     330.199us       2.051us           161  
2026-09-24 20:22:06                                             aten::stack         0.03%     363.224us         0.24%       3.368ms     561.410us       0.000us         0.00%       3.690ms     615.003us             6  
2026-09-24 20:22:06        aten::_amp_foreach_non_finite_check_and_unscale_         0.01%     121.265us         0.21%       2.979ms     992.881us       2.413ms         0.29%       5.618ms       1.873ms             3  
2026-09-24 20:22:06                              cudaGetDeviceProperties_v2         0.21%       2.950ms         0.21%       2.950ms       1.475ms       0.000us         0.00%       0.000us       0.000us             2  
2026-09-24 20:22:06                         torch::autograd::AccumulateGrad         0.09%       1.283ms         0.20%       2.892ms       5.988us       0.000us         0.00%       0.000us       0.000us           483  
2026-09-24 20:22:06                                               aten::cat         0.03%     443.244us         0.18%       2.518ms     419.679us       1.734ms         0.21%       3.690ms     615.003us             6  
2026-09-24 20:22:06                                                cudaFree         0.13%       1.861ms         0.13%       1.861ms     465.310us       0.000us         0.00%       0.000us       0.000us             4  
2026-09-24 20:22:06                                            aten::detach         0.05%     670.851us         0.11%       1.630ms       3.354us       0.000us         0.00%       0.000us       0.000us           486  
2026-09-24 20:22:06                                            aten::select         0.09%       1.294ms         0.11%       1.583ms       2.749us       0.000us         0.00%       0.000us       0.000us           576  
2026-09-24 20:22:06                                      aten::_fused_adam_         0.03%     405.639us         0.10%       1.470ms     489.920us      25.942ms         3.14%      74.163ms      24.721ms             3  
2026-09-24 20:22:06                                          AddmmBackward0         0.00%      68.557us         0.09%       1.337ms     445.654us       0.000us         0.00%      65.440us      21.813us             3  
2026-09-24 20:22:06 autograd::engine::evaluate_function: MaxPool2DWithIn...         0.00%      47.430us         0.09%       1.294ms     431.183us       0.000us         0.00%      18.981ms       6.327ms             3  
2026-09-24 20:22:06                                           cudaHostAlloc         0.09%       1.248ms         0.09%       1.248ms     624.217us       0.000us         0.00%       0.000us       0.000us             2  
2026-09-24 20:22:06                           MaxPool2DWithIndicesBackward0         0.00%      36.314us         0.09%       1.246ms     415.373us       0.000us         0.00%      18.981ms       6.327ms             3  
2026-09-24 20:22:06                  aten::max_pool2d_with_indices_backward         0.01%      93.508us         0.08%       1.210ms     403.269us      17.001ms         2.06%      18.981ms       6.327ms             3  
2026-09-24 20:22:06                                        aten::max_pool2d         0.00%      20.097us         0.08%       1.208ms     402.787us       0.000us         0.00%      24.041ms       8.014ms             3  
2026-09-24 20:22:06                           aten::max_pool2d_with_indices         0.01%     149.062us         0.08%       1.188ms     396.088us      11.189ms         1.35%      24.041ms       8.014ms             3  
2026-09-24 20:22:06                                                aten::mm         0.05%     699.547us         0.08%       1.186ms     197.607us      65.440us         0.01%      65.440us      10.907us             6  
2026-09-24 20:22:06                                                  detach         0.07%     959.269us         0.07%     959.269us       1.974us       0.000us         0.00%       0.000us       0.000us           486  
2026-09-24 20:22:06                      Optimizer.zero_grad#Adam.zero_grad         0.06%     927.709us         0.06%     927.709us     309.236us       0.000us         0.00%       0.000us       0.000us             3  
2026-09-24 20:22:06                                     cudaPeekAtLastError         0.06%     906.737us         0.06%     906.737us       0.132us       0.000us         0.00%       0.000us       0.000us          6858  
2026-09-24 20:22:06                                          cuLaunchKernel         0.02%     268.493us         0.05%     731.966us      81.330us       0.000us         0.00%      11.104us       1.234us             9  
2026-09-24 20:22:06                                              aten::view         0.05%     673.895us         0.05%     673.895us       2.042us       0.000us         0.00%       0.000us       0.000us           330  
2026-09-24 20:22:06 autograd::engine::evaluate_function: NllLossBackward...         0.00%      36.095us         0.04%     545.703us     181.901us       0.000us         0.00%      15.007us       5.002us             3  
2026-09-24 20:22:06                                        aten::as_strided         0.04%     538.580us         0.04%     538.580us       0.602us       0.000us         0.00%       0.000us       0.000us           894  
2026-09-24 20:22:06                                        NllLossBackward0         0.00%      20.241us         0.04%     509.608us     169.869us       0.000us         0.00%      15.007us       5.002us             3  
2026-09-24 20:22:06                                 aten::nll_loss_backward         0.01%      89.664us         0.03%     489.367us     163.122us       9.568us         0.00%      15.007us       5.002us             3  
2026-09-24 20:22:06                                         aten::unsqueeze         0.02%     303.387us         0.03%     477.127us       1.657us       0.000us         0.00%       0.000us       0.000us           288  
2026-09-24 20:22:06                                         cudaMemcpyAsync         0.01%     195.140us         0.03%     447.392us      49.710us       0.000us         0.00%       1.632us       0.181us             9  
2026-09-24 20:22:06 autograd::engine::evaluate_function: LogSoftmaxBackw...         0.00%      22.613us         0.03%     433.770us     144.590us       0.000us         0.00%       6.656us       2.219us             3  
2026-09-24 20:22:06                               cudaStreamCreateWithFlags         0.03%     425.967us         0.03%     425.967us      13.311us       0.000us         0.00%       0.000us       0.000us            32  
2026-09-24 20:22:06                                     LogSoftmaxBackward0         0.00%      44.112us         0.03%     411.157us     137.052us       0.000us         0.00%       6.656us       2.219us             3  
2026-09-24 20:22:06 cudaOccupancyMaxActiveBlocksPerMultiprocessorWithFla...         0.03%     405.659us         0.03%     405.659us      20.283us       0.000us         0.00%       0.000us       0.000us            20  
2026-09-24 20:22:06 autograd::engine::evaluate_function: AsStridedBackwa...         0.00%      26.080us         0.03%     386.882us     128.961us       0.000us         0.00%      17.119us       5.706us             3  
2026-09-24 20:22:06                        aten::_log_softmax_backward_data         0.00%      56.677us         0.03%     367.045us     122.348us       6.656us         0.00%       6.656us       2.219us             3  
2026-09-24 20:22:06                                      AsStridedBackward1         0.00%      56.341us         0.03%     360.802us     120.267us       0.000us         0.00%      17.119us       5.706us             3  
2026-09-24 20:22:06 -------------------------------------------------------  ------------  ------------  ------------  ------------  ------------  ------------  ------------  ------------  ------------  ------------  
2026-09-24 20:22:06 Self CPU time total: 1.427s
2026-09-24 20:22:06 Self CUDA time total: 827.239ms
2026-09-24 20:22:07 
2026-09-24 20:22:07 -------------------------------------------------------  ------------  ------------  ------------  ------------  ------------  ------------  ------------  ------------  ------------  ------------  
2026-09-24 20:22:07                                                    Name    Self CPU %      Self CPU   CPU total %     CPU total  CPU time avg     Self CUDA   Self CUDA %    CUDA total  CUDA time avg    # of Calls  
2026-09-24 20:22:07 -------------------------------------------------------  ------------  ------------  ------------  ------------  ------------  ------------  ------------  ------------  ------------  ------------  
2026-09-24 20:22:07                                            aten::conv2d         0.10%       1.472ms        46.25%     660.098ms       2.076ms       0.000us         0.00%     495.265ms       1.557ms           318  
2026-09-24 20:22:07 autograd::engine::evaluate_function: ConvolutionBack...         0.20%       2.825ms        17.70%     252.604ms       1.589ms       0.000us         0.00%     249.630ms       1.570ms           159  
2026-09-24 20:22:07                                       aten::convolution         0.11%       1.586ms        22.78%     325.123ms       2.045ms       0.000us         0.00%     246.038ms       1.547ms           159  
2026-09-24 20:22:07                                      aten::_convolution         0.09%       1.275ms        22.67%     323.537ms       2.035ms       0.000us         0.00%     246.038ms       1.547ms           159  
2026-09-24 20:22:07                                 aten::cudnn_convolution        12.54%     178.926ms        22.57%     322.103ms       2.026ms     127.286ms        15.39%     244.435ms       1.537ms           159  
2026-09-24 20:22:07                                    ConvolutionBackward0         0.05%     655.953us        17.27%     246.518ms       1.550ms       0.000us         0.00%     212.692ms       1.338ms           159  
2026-09-24 20:22:07                              aten::convolution_backward         6.30%      89.857ms        17.23%     245.862ms       1.546ms     211.642ms        25.58%     212.692ms       1.338ms           159  
2026-09-24 20:22:07                                            Unrecognized        29.63%     422.854ms        29.63%     422.854ms     752.409us     197.948ms        23.93%     197.948ms     352.220us           562  
2026-09-24 20:22:07 autograd::engine::evaluate_function: CudnnBatchNormB...         0.18%       2.614ms         3.11%      44.374ms     279.083us       0.000us         0.00%     139.008ms     874.263us           159  
2026-09-24 20:22:07                                 CudnnBatchNormBackward0         0.05%     763.784us         2.93%      41.760ms     262.643us       0.000us         0.00%     139.008ms     874.263us           159  
2026-09-24 20:22:07                         aten::cudnn_batch_norm_backward         0.37%       5.294ms         2.87%      40.996ms     257.839us     139.008ms        16.80%     139.008ms     874.263us           159  
2026-09-24 20:22:07 void cudnn::batchnorm_bwtr_nhwc_semiPersist<__half, ...         0.00%       0.000us         0.00%       0.000us       0.000us     133.519ms        16.14%     133.519ms       1.012ms           132  
2026-09-24 20:22:07                                        aten::batch_norm         0.02%     338.742us         2.89%      41.218ms     259.236us       0.000us         0.00%     103.433ms     650.521us           159  
2026-09-24 20:22:07                            aten::_batch_norm_impl_index         0.05%     756.346us         2.86%      40.880ms     257.105us       0.000us         0.00%     103.433ms     650.521us           159  
2026-09-24 20:22:07                                  aten::cudnn_batch_norm         0.73%      10.359ms         2.81%      40.123ms     252.348us      96.156ms        11.62%     103.433ms     650.521us           159  
2026-09-24 20:22:07                                        cudaLaunchKernel         6.95%      99.197ms        14.57%     208.020ms     107.393us       0.000us         0.00%      85.929ms      44.362us          1937  
2026-09-24 20:22:07                                Optimizer.step#Adam.step         0.49%       7.006ms         3.37%      48.081ms      16.027ms       0.000us         0.00%      76.032ms      25.344ms             3  
2026-09-24 20:22:07                                              aten::add_         0.30%       4.274ms         1.04%      14.832ms      57.487us      74.039ms         8.95%      75.808ms     293.830us           258  
2026-09-24 20:22:07                                      aten::_fused_adam_         0.03%     405.639us         0.10%       1.470ms     489.920us      25.942ms         3.14%      74.163ms      24.721ms             3  
2026-09-24 20:22:07 void at::native::vectorized_elementwise_kernel<4, at...         0.00%       0.000us         0.00%       0.000us       0.000us      73.567ms         8.89%      73.567ms     766.320us            96  
2026-09-24 20:22:07 void cudnn::batchnorm_fwtr_nhwc_semiPersist<__half, ...         0.00%       0.000us         0.00%       0.000us       0.000us      70.385ms         8.51%      70.385ms     938.467us            75  
2026-09-24 20:22:07      autograd::engine::evaluate_function: ReluBackward0         0.09%       1.239ms         1.47%      21.026ms     143.034us       0.000us         0.00%      64.372ms     437.901us           147  
2026-09-24 20:22:07                                           ReluBackward0         0.04%     611.084us         1.39%      19.787ms     134.602us       0.000us         0.00%      64.372ms     437.901us           147  
2026-09-24 20:22:07                                aten::threshold_backward         0.18%       2.512ms         1.34%      19.175ms     130.445us      64.372ms         7.78%      64.372ms     437.901us           147  
2026-09-24 20:22:07 void at::native::vectorized_elementwise_kernel<4, at...         0.00%       0.000us         0.00%       0.000us       0.000us      63.349ms         7.66%      63.349ms     439.926us           144  
2026-09-24 20:22:07                                Optimizer.step#Adam.step         0.00%       0.000us         0.00%       0.000us       0.000us      56.345ms         6.81%      56.345ms      18.782ms             3  
2026-09-24 20:22:07                                    cudaFuncSetAttribute         0.91%      12.987ms         3.99%      56.882ms     133.526us       0.000us         0.00%      56.257ms     132.058us           426  
2026-09-24 20:22:07                                             aten::relu_         0.15%       2.120ms         1.36%      19.411ms     132.049us       0.000us         0.00%      48.464ms     329.687us           147  
2026-09-24 20:22:07                                        aten::clamp_min_         0.12%       1.720ms         1.21%      17.292ms     117.630us      44.059ms         5.33%      48.464ms     329.687us           147  
2026-09-24 20:22:07 void at::native::vectorized_elementwise_kernel<4, at...         0.00%       0.000us         0.00%       0.000us       0.000us      44.059ms         5.33%      44.059ms     299.721us           147  
2026-09-24 20:22:07                                     cudaLaunchKernelExC         6.11%      87.185ms         7.90%     112.742ms     364.860us       0.000us         0.00%      29.966ms      96.977us           309  
2026-09-24 20:22:07 void at::native::(anonymous namespace)::multi_tensor...         0.00%       0.000us         0.00%       0.000us       0.000us      25.942ms         3.14%      25.942ms       1.729ms            15  
2026-09-24 20:22:07 void cudnn::batchnorm_fwtr_nhwc_semiPersist<__half, ...         0.00%       0.000us         0.00%       0.000us       0.000us      25.623ms         3.10%      25.623ms     305.038us            84  
2026-09-24 20:22:07                                        aten::max_pool2d         0.00%      20.097us         0.08%       1.208ms     402.787us       0.000us         0.00%      24.041ms       8.014ms             3  
2026-09-24 20:22:07                           aten::max_pool2d_with_indices         0.01%     149.062us         0.08%       1.188ms     396.088us      11.189ms         1.35%      24.041ms       8.014ms             3  
2026-09-24 20:22:07          turing_fp16_s1688gemm_fp16_128x128_ldg8_f2f_tn         0.00%       0.000us         0.00%       0.000us       0.000us      22.407ms         2.71%      22.407ms     533.504us            42  
2026-09-24 20:22:07 turing_fp16_s1688gemm_fp16_128x128_ldg8_f2f_stages_3...         0.00%       0.000us         0.00%       0.000us       0.000us      21.768ms         2.63%      21.768ms     906.994us            24  
2026-09-24 20:22:07 turing_fp16_s1688gemm_fp16_256x128_ldg8_f2f_stages_3...         0.00%       0.000us         0.00%       0.000us       0.000us      19.397ms         2.34%      19.397ms     431.044us            45  
2026-09-24 20:22:07 sm75_xmma_wgrad_implicit_gemm_indexed_f16f16_f16f32_...         0.00%       0.000us         0.00%       0.000us       0.000us      18.993ms         2.30%      18.993ms     703.441us            27  
2026-09-24 20:22:07 autograd::engine::evaluate_function: MaxPool2DWithIn...         0.00%      47.430us         0.09%       1.294ms     431.183us       0.000us         0.00%      18.981ms       6.327ms             3  
2026-09-24 20:22:07                           MaxPool2DWithIndicesBackward0         0.00%      36.314us         0.09%       1.246ms     415.373us       0.000us         0.00%      18.981ms       6.327ms             3  
2026-09-24 20:22:07                  aten::max_pool2d_with_indices_backward         0.01%      93.508us         0.08%       1.210ms     403.269us      17.001ms         2.06%      18.981ms       6.327ms             3  
2026-09-24 20:22:07          turing_fp16_s1688gemm_fp16_128x128_ldg8_f2f_nn         0.00%       0.000us         0.00%       0.000us       0.000us      18.582ms         2.25%      18.582ms     563.097us            33  
2026-09-24 20:22:07 void at::native::(anonymous namespace)::max_pool_bac...         0.00%       0.000us         0.00%       0.000us       0.000us      17.001ms         2.06%      17.001ms       5.667ms             3  
2026-09-24 20:22:07 sm75_xmma_fprop_implicit_gemm_f16f16_f16f32_f32_nhwc...         0.00%       0.000us         0.00%       0.000us       0.000us      16.542ms         2.00%      16.542ms     918.983us            18  
2026-09-24 20:22:07 sm75_xmma_dgrad_implicit_gemm_indexed_f16f16_f16f32_...         0.00%       0.000us         0.00%       0.000us       0.000us      15.885ms         1.92%      15.885ms       1.059ms            15  
2026-09-24 20:22:07 sm75_xmma_wgrad_implicit_gemm_indexed_f16f16_f16f32_...         0.00%       0.000us         0.00%       0.000us       0.000us      15.690ms         1.90%      15.690ms     747.125us            21  
2026-09-24 20:22:07 sm75_xmma_wgrad_implicit_gemm_indexed_f16f16_f16f32_...         0.00%       0.000us         0.00%       0.000us       0.000us      13.577ms         1.64%      13.577ms     348.119us            39  
2026-09-24 20:22:07 _5x_cudnn_turing_fp16_s1688cudnn_fp16_256x128_ldg8_r...         0.00%       0.000us         0.00%       0.000us       0.000us      13.106ms         1.58%      13.106ms     873.732us            15  
2026-09-24 20:22:07                                   cudaFuncGetAttributes         0.01%      74.465us         1.95%      27.764ms       2.314ms       0.000us         0.00%      12.477ms       1.040ms            12  
2026-09-24 20:22:07 sm75_xmma_dgrad_implicit_gemm_indexed_f16f16_f16f32_...         0.00%       0.000us         0.00%       0.000us       0.000us      11.813ms         1.43%      11.813ms       1.313ms             9  
2026-09-24 20:22:07 sm75_xmma_dgrad_implicit_gemm_f16f16_f16f32_f32_nhwc...         0.00%       0.000us         0.00%       0.000us       0.000us      11.686ms         1.41%      11.686ms     779.081us            15  
2026-09-24 20:22:07 sm75_xmma_fprop_implicit_gemm_f16f16_f16f32_f32_nhwc...         0.00%       0.000us         0.00%       0.000us       0.000us      11.465ms         1.39%      11.465ms       1.274ms             9  
2026-09-24 20:22:07 void at::native::(anonymous namespace)::max_pool_for...         0.00%       0.000us         0.00%       0.000us       0.000us      11.189ms         1.35%      11.189ms       3.730ms             3  
2026-09-24 20:22:07          turing_fp16_s1688gemm_fp16_256x128_ldg8_f2f_tn         0.00%       0.000us         0.00%       0.000us       0.000us      10.482ms         1.27%      10.482ms     436.739us            24  
2026-09-24 20:22:07 turing_fp16_s1688gemm_fp16_64x128_sliced1x2_ldg8_f2f...         0.00%       0.000us         0.00%       0.000us       0.000us      10.252ms         1.24%      10.252ms     854.366us            12  
2026-09-24 20:22:07 sm75_xmma_wgrad_implicit_gemm_indexed_f16f16_f16f32_...         0.00%       0.000us         0.00%       0.000us       0.000us      10.028ms         1.21%      10.028ms       1.114ms             9  
2026-09-24 20:22:07 turing_fp16_s1688gemm_fp16_128x256_ldg8_f2f_stages_3...         0.00%       0.000us         0.00%       0.000us       0.000us       9.684ms         1.17%       9.684ms     358.677us            27  
2026-09-24 20:22:07 sm75_xmma_dgrad_implicit_gemm_indexed_f16f16_f16f32_...         0.00%       0.000us         0.00%       0.000us       0.000us       9.520ms         1.15%       9.520ms       1.058ms             9  
2026-09-24 20:22:07 sm75_xmma_dgrad_implicit_gemm_f16f16_f16f32_f32_nhwc...         0.00%       0.000us         0.00%       0.000us       0.000us       9.344ms         1.13%       9.344ms       1.038ms             9  
2026-09-24 20:22:07 sm75_xmma_wgrad_implicit_gemm_indexed_f16f16_f16f32_...         0.00%       0.000us         0.00%       0.000us       0.000us       8.537ms         1.03%       8.537ms     711.381us            12  
2026-09-24 20:22:07                                             aten::copy_         0.28%       4.049ms         0.96%      13.759ms      38.867us       7.765ms         0.94%       8.353ms      23.597us           354  
2026-09-24 20:22:07                                    cudaGetSymbolAddress         1.23%      17.549ms         1.24%      17.706ms      17.706ms       0.000us         0.00%       8.318ms       8.318ms             1  
2026-09-24 20:22:07 sm75_xmma_fprop_image_first_layer_f16f16_f32_f16_nhw...         0.00%       0.000us         0.00%       0.000us       0.000us       7.837ms         0.95%       7.837ms       2.612ms             3  
2026-09-24 20:22:07 turing_fp16_s1688gemm_fp16_256x128_ldg8_f2f_stages_3...         0.00%       0.000us         0.00%       0.000us       0.000us       6.005ms         0.73%       6.005ms     500.417us            12  
2026-09-24 20:22:07                                                aten::to         0.05%     748.035us         1.44%      20.581ms      39.427us       0.000us         0.00%       5.690ms      10.900us           522  
2026-09-24 20:22:07                                          aten::_to_copy         0.17%       2.475ms         1.39%      19.833ms      57.486us       0.000us         0.00%       5.690ms      16.492us           345  
2026-09-24 20:22:07 sm75_xmma_fprop_implicit_gemm_f16f16_f16f32_f32_nhwc...         0.00%       0.000us         0.00%       0.000us       0.000us       5.632ms         0.68%       5.632ms     938.718us             6  
2026-09-24 20:22:07        aten::_amp_foreach_non_finite_check_and_unscale_         0.01%     121.265us         0.21%       2.979ms     992.881us       2.413ms         0.29%       5.618ms       1.873ms             3  
2026-09-24 20:22:07 turing_fp16_s1688gemm_fp16_128x128_ldg8_f2f_stages_3...         0.00%       0.000us         0.00%       0.000us       0.000us       5.559ms         0.67%       5.559ms     926.526us             6  
2026-09-24 20:22:07 turing_fp16_s1688gemm_fp16_64x128_sliced1x2_ldg8_f2f...         0.00%       0.000us         0.00%       0.000us       0.000us       5.388ms         0.65%       5.388ms     898.073us             6  
2026-09-24 20:22:07 void cudnn::batchnorm_bwtr_nhwc_semiPersist<__half, ...         0.00%       0.000us         0.00%       0.000us       0.000us       5.339ms         0.65%       5.339ms     197.733us            27  
2026-09-24 20:22:07 sm75_xmma_fprop_implicit_gemm_f16f16_f16f32_f32_nhwc...         0.00%       0.000us         0.00%       0.000us       0.000us       5.300ms         0.64%       5.300ms     883.331us             6  
2026-09-24 20:22:07 turing_fp16_s1688gemm_fp16_256x64_ldg8_f2f_stages_32...         0.00%       0.000us         0.00%       0.000us       0.000us       4.299ms         0.52%       4.299ms     716.421us             6  
2026-09-24 20:22:07 sm75_xmma_wgrad_image_first_layer_f16f16_f32_f32_nhw...         0.00%       0.000us         0.00%       0.000us       0.000us       4.292ms         0.52%       4.292ms       1.431ms             3  
2026-09-24 20:22:07 sm75_xmma_fprop_implicit_gemm_f16f16_f16f32_f32_nhwc...         0.00%       0.000us         0.00%       0.000us       0.000us       3.828ms         0.46%       3.828ms       1.276ms             3  
2026-09-24 20:22:07                                             aten::fill_         0.17%       2.408ms         0.83%      11.876ms      23.610us       3.710ms         0.45%       3.721ms       7.398us           503  
2026-09-24 20:22:07                                             aten::zero_         0.09%       1.300ms         0.54%       7.705ms      15.660us       0.000us         0.00%       3.690ms       7.501us           492  
2026-09-24 20:22:07 enumerate(DataLoader)#_SingleProcessDataLoaderIter._...         0.25%       3.635ms         0.66%       9.351ms       2.338ms       0.000us         0.00%       3.690ms     922.505us             4  
2026-09-24 20:22:07                                             aten::stack         0.03%     363.224us         0.24%       3.368ms     561.410us       0.000us         0.00%       3.690ms     615.003us             6  
2026-09-24 20:22:07                                               aten::cat         0.03%     443.244us         0.18%       2.518ms     419.679us       1.734ms         0.21%       3.690ms     615.003us             6  
2026-09-24 20:22:07 void nhwcAddPaddingKernel<__half, __half, float, tru...         0.00%       0.000us         0.00%       0.000us       0.000us       3.636ms         0.44%       3.636ms     302.990us            12  
2026-09-24 20:22:07           cudaOccupancyMaxActiveBlocksPerMultiprocessor         0.47%       6.690ms         0.48%       6.842ms      15.765us       0.000us         0.00%       3.293ms       7.588us           434  
2026-09-24 20:22:07 void at::native::vectorized_elementwise_kernel<4, at...         0.00%       0.000us         0.00%       0.000us       0.000us       3.076ms         0.37%       3.076ms      17.990us           171  
2026-09-24 20:22:07                                         Memset (Device)         0.00%       0.000us         0.00%       0.000us       0.000us       3.076ms         0.37%       3.076ms       5.522us           557  
2026-09-24 20:22:07                                        aten::contiguous         0.00%      21.454us         0.02%     297.135us      49.522us       0.000us         0.00%       2.653ms     442.136us             6  
2026-09-24 20:22:07                                             aten::clone         0.00%      24.541us         0.02%     275.681us      45.947us       0.000us         0.00%       2.653ms     442.136us             6  
2026-09-24 20:22:07 void at::native::unrolled_elementwise_kernel<at::nat...         0.00%       0.000us         0.00%       0.000us       0.000us       2.456ms         0.30%       2.456ms      14.617us           168  
2026-09-24 20:22:07 autograd::engine::evaluate_function: ToCopyBackward0...         0.09%       1.299ms         0.93%      13.343ms      79.421us       0.000us         0.00%       2.449ms      14.576us           168  
2026-09-24 20:22:07                                         ToCopyBackward0         0.03%     373.273us         0.84%      12.044ms      71.688us       0.000us         0.00%       2.449ms      14.576us           168  
2026-09-24 20:22:07 void at::native::(anonymous namespace)::multi_tensor...         0.00%       0.000us         0.00%       0.000us       0.000us       2.413ms         0.29%       2.413ms     402.205us             6  
2026-09-24 20:22:07 void at::native::elementwise_kernel<128, 4, at::nati...         0.00%       0.000us         0.00%       0.000us       0.000us       2.212ms         0.27%       2.212ms     368.643us             6  
2026-09-24 20:22:07 void at::native::vectorized_elementwise_kernel<4, at...         0.00%       0.000us         0.00%       0.000us       0.000us       1.986ms         0.24%       1.986ms     330.995us             6  
2026-09-24 20:22:07 enumerate(DataLoader)#_SingleProcessDataLoaderIter._...         0.00%       0.000us         0.00%       0.000us       0.000us       1.746ms         0.21%       1.746ms     581.990us             3  
2026-09-24 20:22:07 void at::native::vectorized_elementwise_kernel<4, at...         0.00%       0.000us         0.00%       0.000us       0.000us       1.722ms         0.21%       1.722ms       3.471us           496  
2026-09-24 20:22:07 void at::native::(anonymous namespace)::CatArrayBatc...         0.00%       0.000us         0.00%       0.000us       0.000us       1.721ms         0.21%       1.721ms     286.867us             6  
2026-09-24 20:22:07                                        aten::zeros_like         0.05%     724.905us         0.67%       9.596ms      29.800us       0.000us         0.00%       1.369ms       4.251us           322  
2026-09-24 20:22:07                                         cudaMemsetAsync         2.39%      34.084ms         2.53%      36.069ms      63.057us       0.000us         0.00%       1.281ms       2.239us           572  
2026-09-24 20:22:07 sm75_xmma_fprop_implicit_gemm_f16f16_f16f32_f32_nhwc...         0.00%       0.000us         0.00%       0.000us       0.000us       1.122ms         0.14%       1.122ms     374.077us             3  
2026-09-24 20:22:07 void at::native::elementwise_kernel<128, 4, at::nati...         0.00%       0.000us         0.00%       0.000us       0.000us       1.022ms         0.12%       1.022ms     340.733us             3  
2026-09-24 20:22:07 -------------------------------------------------------  ------------  ------------  ------------  ------------  ------------  ------------  ------------  ------------  ------------  ------------  
2026-09-24 20:22:07 Self CPU time total: 1.427s
2026-09-24 20:22:07 Self CUDA time total: 827.239ms
2026-09-24 20:22:08 
2026-09-24 20:22:08 total time:12.204132
