2026-09-24 13:34:35 /root/.pyenv/versions/3.11.1/lib/python3.11/site-packages/torchvision/io/image.py:13: UserWarning: Failed to load image Python extension: '/root/.pyenv/versions/3.11.1/lib/python3.11/site-packages/torchvision/image.so: undefined symbol: _ZN3c1017RegisterOperatorsD1Ev'If you don't plan on using image functionality from `torchvision.io`, you can ignore this warning. Otherwise, there might be something wrong with your environment. Did you have `libjpeg` or `libpng` installed before building `torchvision` from source?
2026-09-24 13:34:35   warn(
2026-09-24 13:34:39 /root/.pyenv/versions/3.11.1/lib/python3.11/site-packages/torchvision/datapoints/__init__.py:12: UserWarning: The torchvision.datapoints and torchvision.transforms.v2 namespaces are still Beta. While we do not expect major breaking changes, some APIs may still change according to user feedback. Please submit any feedback you may have in this issue: https://github.com/pytorch/vision/issues/6753, and you can also check out https://github.com/pytorch/vision/issues/7319 to learn more about the APIs that we suspect might involve future changes. You can silence this warning by calling torchvision.disable_beta_transforms_warning().
2026-09-24 13:34:39   warnings.warn(_BETA_TRANSFORMS_WARNING)
2026-09-24 13:34:39 /root/.pyenv/versions/3.11.1/lib/python3.11/site-packages/torchvision/transforms/v2/__init__.py:54: UserWarning: The torchvision.datapoints and torchvision.transforms.v2 namespaces are still Beta. While we do not expect major breaking changes, some APIs may still change according to user feedback. Please submit any feedback you may have in this issue: https://github.com/pytorch/vision/issues/6753, and you can also check out https://github.com/pytorch/vision/issues/7319 to learn more about the APIs that we suspect might involve future changes. You can silence this warning by calling torchvision.disable_beta_transforms_warning().
2026-09-24 13:34:39   warnings.warn(_BETA_TRANSFORMS_WARNING)
2026-09-24 13:34:40 load image
2026-09-24 13:34:40 split dataset
2026-09-24 13:34:40 288 72 items
2026-09-24 13:34:40 3 batch
2026-09-24 13:34:40 load model
2026-09-24 13:34:40 train model
2026-09-24 13:35:00 Epoch 1/4, Loss: 1.9381 Time: 5.2555
2026-09-24 13:35:00 Epoch 2/4, Loss: 0.3527 Time: 4.7507
2026-09-24 13:35:00 Epoch 3/4, Loss: 0.0075 Time: 4.3944
2026-09-24 13:35:00 Epoch 4/4, Loss: 0.0016 Time: 5.0836
2026-09-24 13:35:00 Train Profiler:
2026-09-24 13:35:00 -------------------------------------------------------  ------------  ------------  ------------  ------------  ------------  ------------  ------------  ------------  ------------  ------------  
2026-09-24 13:35:00                                                    Name    Self CPU %      Self CPU   CPU total %     CPU total  CPU time avg     Self CUDA   Self CUDA %    CUDA total  CUDA time avg    # of Calls  
2026-09-24 13:35:00 -------------------------------------------------------  ------------  ------------  ------------  ------------  ------------  ------------  ------------  ------------  ------------  ------------  
2026-09-24 13:35:00                                                aten::to         0.00%     516.777us        40.28%        4.689s       8.830ms       0.000us         0.00%      14.322ms      26.971us           531  
2026-09-24 13:35:00                                          aten::_to_copy         0.00%     373.615us        40.28%        4.688s     104.179ms       0.000us         0.00%      14.322ms     318.258us            45  
2026-09-24 13:35:00                                             aten::copy_         0.01%     720.662us        40.27%        4.687s     104.159ms      14.322ms         0.18%      14.322ms     318.258us            45  
2026-09-24 13:35:00                                   cudaStreamSynchronize        40.24%        4.683s        40.24%        4.683s     260.175ms       0.000us         0.00%       0.000us       0.000us            18  
2026-09-24 13:35:00 enumerate(DataLoader)#_MultiProcessingDataLoaderIter...        36.57%        4.257s        36.64%        4.264s     355.343ms       0.000us         0.00%       0.000us       0.000us            12  
2026-09-24 13:35:00                                   cudaDeviceSynchronize        21.05%        2.450s        21.05%        2.450s     816.765ms       0.000us         0.00%       0.000us       0.000us             3  
2026-09-24 13:35:00 autograd::engine::evaluate_function: ConvolutionBack...         0.05%       5.607ms         0.47%      55.008ms     115.321us       0.000us         0.00%        3.729s       7.817ms           477  
2026-09-24 13:35:00                                    ConvolutionBackward0         0.01%       1.476ms         0.40%      46.627ms      97.750us       0.000us         0.00%        3.493s       7.322ms           477  
2026-09-24 13:35:00                                        cudaLaunchKernel         0.40%      46.104ms         0.40%      46.104ms       7.256us       0.000us         0.00%       0.000us       0.000us          6354  
2026-09-24 13:35:00                              aten::convolution_backward         0.23%      26.925ms         0.39%      45.151ms      94.657us        3.493s        44.86%        3.493s       7.322ms           477  
2026-09-24 13:35:00                                        aten::batch_norm         0.01%     798.867us         0.32%      36.858ms      77.270us       0.000us         0.00%     559.220ms       1.172ms           477  
2026-09-24 13:35:00                            aten::_batch_norm_impl_index         0.02%       1.791ms         0.31%      36.059ms      75.595us       0.000us         0.00%     559.220ms       1.172ms           477  
2026-09-24 13:35:00                                  aten::cudnn_batch_norm         0.14%      16.461ms         0.29%      34.268ms      71.841us     559.220ms         7.18%     559.220ms       1.172ms           477  
2026-09-24 13:35:00                                            aten::conv2d         0.01%     955.503us         0.29%      34.017ms      71.314us       0.000us         0.00%        1.457s       3.054ms           477  
2026-09-24 13:35:00                                       aten::convolution         0.03%       3.957ms         0.28%      33.061ms      69.311us       0.000us         0.00%        1.457s       3.054ms           477  
2026-09-24 13:35:00 autograd::engine::evaluate_function: CudnnBatchNormB...         0.05%       5.958ms         0.26%      30.767ms      64.500us       0.000us         0.00%     916.606ms       1.922ms           477  
2026-09-24 13:35:00                                      aten::_convolution         0.02%       2.803ms         0.25%      29.104ms      61.015us       0.000us         0.00%        1.457s       3.054ms           477  
2026-09-24 13:35:00                                 aten::cudnn_convolution         0.15%      17.831ms         0.23%      26.301ms      55.139us        1.457s        18.71%        1.457s       3.054ms           477  
2026-09-24 13:35:00                                 CudnnBatchNormBackward0         0.02%       1.846ms         0.21%      24.808ms      52.009us       0.000us         0.00%     916.606ms       1.922ms           477  
2026-09-24 13:35:00                         aten::cudnn_batch_norm_backward         0.09%      10.556ms         0.20%      22.962ms      48.138us     916.606ms        11.77%     916.606ms       1.922ms           477  
2026-09-24 13:35:00                                             aten::empty         0.19%      21.962ms         0.19%      21.962ms       4.570us       0.000us         0.00%       0.000us       0.000us          4806  
2026-09-24 13:35:00                                              aten::add_         0.09%       9.959ms         0.14%      15.887ms      20.526us     470.864ms         6.05%     470.864ms     608.351us           774  
2026-09-24 13:35:00      autograd::engine::evaluate_function: ReluBackward0         0.03%       3.074ms         0.12%      14.494ms      32.865us       0.000us         0.00%     405.077ms     918.542us           441  
2026-09-24 13:35:00                                             aten::relu_         0.04%       5.022ms         0.11%      12.386ms      28.086us       0.000us         0.00%     278.405ms     631.304us           441  
2026-09-24 13:35:00                                Optimizer.step#Adam.step         0.08%       9.075ms         0.11%      12.335ms       1.371ms       0.000us         0.00%      66.846ms       7.427ms             9  
2026-09-24 13:35:00 autograd::engine::evaluate_function: torch::autograd...         0.05%       6.083ms         0.11%      12.318ms       8.501us       0.000us         0.00%       0.000us       0.000us          1449  
2026-09-24 13:35:00                                           ReluBackward0         0.01%       1.455ms         0.10%      11.420ms      25.896us       0.000us         0.00%     405.077ms     918.542us           441  
2026-09-24 13:35:00                                aten::threshold_backward         0.05%       6.375ms         0.09%       9.965ms      22.596us     405.077ms         5.20%     405.077ms     918.542us           441  
2026-09-24 13:35:00                                        aten::clamp_min_         0.03%       4.040ms         0.06%       7.364ms      16.698us     278.405ms         3.58%     278.405ms     631.304us           441  
2026-09-24 13:35:00                                            Unrecognized         0.06%       7.271ms         0.06%       7.271ms       2.424ms       0.000us         0.00%       0.000us       0.000us             3  
2026-09-24 13:35:00                         torch::autograd::AccumulateGrad         0.03%       2.932ms         0.05%       6.236ms       4.303us       0.000us         0.00%       0.000us       0.000us          1449  
2026-09-24 13:35:00                                        aten::empty_like         0.01%       1.166ms         0.04%       5.053ms      10.396us       0.000us         0.00%       0.000us       0.000us           486  
2026-09-24 13:35:00                      Optimizer.zero_grad#Adam.zero_grad         0.04%       4.832ms         0.04%       4.832ms     536.865us       0.000us         0.00%       0.000us       0.000us             9  
2026-09-24 13:35:00                                            aten::detach         0.01%       1.203ms         0.03%       3.374ms       2.314us       0.000us         0.00%       0.000us       0.000us          1458  
2026-09-24 13:35:00                                         cudaMemcpyAsync         0.03%       3.054ms         0.03%       3.054ms      84.841us       0.000us         0.00%       0.000us       0.000us            36  
2026-09-24 13:35:00                                                  detach         0.02%       2.170ms         0.02%       2.170ms       1.489us       0.000us         0.00%       0.000us       0.000us          1458  
2026-09-24 13:35:00                                              aten::view         0.02%       1.901ms         0.02%       1.901ms       1.903us       0.000us         0.00%       0.000us       0.000us           999  
2026-09-24 13:35:00                                     aten::_foreach_add_         0.01%       1.314ms         0.02%       1.787ms     198.536us      75.616us         0.00%      75.616us       8.402us             9  
2026-09-24 13:35:00     autograd::engine::evaluate_function: AddmmBackward0         0.00%     200.802us         0.01%       1.503ms     166.981us       0.000us         0.00%     335.553us      37.284us             9  
2026-09-24 13:35:00                                      aten::_fused_adam_         0.01%       1.073ms         0.01%       1.445ms     160.577us      66.770ms         0.86%      66.770ms       7.419ms             9  
2026-09-24 13:35:00                                         cudaMemsetAsync         0.01%       1.225ms         0.01%       1.225ms       1.916us       0.000us         0.00%       0.000us       0.000us           639  
2026-09-24 13:35:00 autograd::engine::evaluate_function: NllLossBackward...         0.00%     261.361us         0.01%       1.030ms     114.461us       0.000us         0.00%      51.168us       5.685us             9  
2026-09-24 13:35:00                                          AddmmBackward0         0.00%     115.980us         0.01%       1.001ms     111.172us       0.000us         0.00%     208.065us      23.118us             9  
2026-09-24 13:35:00                                            aten::linear         0.00%      44.134us         0.01%     967.020us     107.447us       0.000us         0.00%     203.295us      22.588us             9  
2026-09-24 13:35:00       autograd::engine::evaluate_function: AddBackward0         0.01%     771.219us         0.01%     929.860us       6.457us       0.000us         0.00%       0.000us       0.000us           144  
2026-09-24 13:35:00                                             aten::addmm         0.01%     588.029us         0.01%     810.063us      90.007us     203.295us         0.00%     203.295us      22.588us             9  
2026-09-24 13:35:00                                        NllLossBackward0         0.00%      78.609us         0.01%     768.790us      85.421us       0.000us         0.00%      51.168us       5.685us             9  
2026-09-24 13:35:00                                             aten::fill_         0.00%     289.215us         0.01%     705.684us      26.136us      11.936ms         0.15%      11.936ms     442.080us            27  
2026-09-24 13:35:00                                aten::cross_entropy_loss         0.00%      53.340us         0.01%     703.893us      78.210us       0.000us         0.00%      68.770us       7.641us             9  
2026-09-24 13:35:00                                                aten::mm         0.00%     553.060us         0.01%     699.456us      38.859us     208.065us         0.00%     208.065us      11.559us            18  
2026-09-24 13:35:00                                 aten::nll_loss_backward         0.00%     230.192us         0.01%     690.181us      76.687us      32.928us         0.00%      51.168us       5.685us             9  
2026-09-24 13:35:00                                     aten::empty_strided         0.01%     639.877us         0.01%     639.877us      11.850us       0.000us         0.00%       0.000us       0.000us            54  
2026-09-24 13:35:00 autograd::engine::evaluate_function: MaxPool2DWithIn...         0.00%     106.449us         0.00%     572.671us      63.630us       0.000us         0.00%      80.381ms       8.931ms             9  
2026-09-24 13:35:00                                             aten::zero_         0.00%      73.092us         0.00%     556.581us      30.921us       0.000us         0.00%      11.919ms     662.171us            18  
2026-09-24 13:35:00                                               aten::sub         0.00%     284.922us         0.00%     520.289us      57.810us       4.521ms         0.06%       4.521ms     502.386us             9  
2026-09-24 13:35:00      autograd::engine::evaluate_function: MeanBackward1         0.00%      56.760us         0.00%     520.094us      57.788us       0.000us         0.00%       1.747ms     194.091us             9  
2026-09-24 13:35:00                           MaxPool2DWithIndicesBackward0         0.00%      56.328us         0.00%     466.222us      51.802us       0.000us         0.00%      80.381ms       8.931ms             9  
2026-09-24 13:35:00                                           MeanBackward1         0.00%      50.896us         0.00%     463.334us      51.482us       0.000us         0.00%       1.747ms     194.091us             9  
2026-09-24 13:35:00                               aten::adaptive_avg_pool2d         0.00%      35.514us         0.00%     425.536us      47.282us       0.000us         0.00%       3.744ms     415.958us             9  
2026-09-24 13:35:00                  aten::max_pool2d_with_indices_backward         0.00%     162.534us         0.00%     409.894us      45.544us      68.480ms         0.88%      80.381ms       8.931ms             9  
2026-09-24 13:35:00                                        aten::max_pool2d         0.00%      36.437us         0.00%     398.271us      44.252us       0.000us         0.00%      25.082ms       2.787ms             9  
2026-09-24 13:35:00 autograd::engine::evaluate_function: LogSoftmaxBackw...         0.00%      72.617us         0.00%     391.360us      43.484us       0.000us         0.00%      22.015us       2.446us             9  
2026-09-24 13:35:00                                              aten::mean         0.00%     277.993us         0.00%     390.022us      43.336us       3.744ms         0.05%       3.744ms     415.958us             9  
2026-09-24 13:35:00                                         aten::ones_like         0.00%      35.814us         0.00%     389.460us      43.273us       0.000us         0.00%      17.089us       1.899us             9  
2026-09-24 13:35:00                                                 aten::t         0.00%     176.140us         0.00%     364.761us       8.106us       0.000us         0.00%       0.000us       0.000us            45  
2026-09-24 13:35:00                           aten::max_pool2d_with_indices         0.00%     250.006us         0.00%     361.834us      40.204us      25.082ms         0.32%      25.082ms       2.787ms             9  
2026-09-24 13:35:00                                               aten::div         0.00%     247.610us         0.00%     358.309us      39.812us       1.747ms         0.02%       1.747ms     194.091us             9  
2026-09-24 13:35:00                                       aten::log_softmax         0.00%      49.972us         0.00%     329.118us      36.569us       0.000us         0.00%      24.193us       2.688us             9  
2026-09-24 13:35:00                                       aten::nll_loss_nd         0.00%      28.243us         0.00%     321.435us      35.715us       0.000us         0.00%      44.577us       4.953us             9  
2026-09-24 13:35:00                                     LogSoftmaxBackward0         0.00%      58.424us         0.00%     318.743us      35.416us       0.000us         0.00%      22.015us       2.446us             9  
2026-09-24 13:35:00                                          aten::nll_loss         0.00%      28.884us         0.00%     293.192us      32.577us       0.000us         0.00%      44.577us       4.953us             9  
2026-09-24 13:35:00                                              aten::mul_         0.00%     165.911us         0.00%     276.378us      30.709us       4.389ms         0.06%       4.389ms     487.634us             9  
2026-09-24 13:35:00                                               aten::sum         0.00%     191.192us         0.00%     275.622us      30.625us     127.488us         0.00%     127.488us      14.165us             9  
2026-09-24 13:35:00                                      aten::_log_softmax         0.00%     182.374us         0.00%     273.377us      30.375us      24.193us         0.00%      24.193us       2.688us             9  
2026-09-24 13:35:00                                  aten::nll_loss_forward         0.00%     178.202us         0.00%     264.308us      29.368us      44.577us         0.00%      44.577us       4.953us             9  
2026-09-24 13:35:00                        aten::_log_softmax_backward_data         0.00%     177.332us         0.00%     260.319us      28.924us      22.015us         0.00%      22.015us       2.446us             9  
2026-09-24 13:35:00                                              aten::div_         0.00%     133.949us         0.00%     247.586us      27.510us       4.622ms         0.06%       4.622ms     513.568us             9  
2026-09-24 13:35:00                                          aten::randperm         0.00%     103.165us         0.00%     230.739us      19.228us       0.000us         0.00%       0.000us       0.000us            12  
2026-09-24 13:35:00                                     cudaPeekAtLastError         0.00%     227.391us         0.00%     227.391us       0.214us       0.000us         0.00%       0.000us       0.000us          1062  
2026-09-24 13:35:00                                       aten::result_type         0.00%     192.654us         0.00%     192.654us       0.133us       0.000us         0.00%       0.000us       0.000us          1449  
2026-09-24 13:35:00                                         aten::transpose         0.00%     102.570us         0.00%     188.621us       4.192us       0.000us         0.00%       0.000us       0.000us            45  
2026-09-24 13:35:00                                            AddBackward0         0.00%     158.641us         0.00%     158.641us       1.102us       0.000us         0.00%       0.000us       0.000us           144  
2026-09-24 13:35:00                                cudaPointerGetAttributes         0.00%     148.826us         0.00%     148.826us       8.268us       0.000us         0.00%       0.000us       0.000us            18  
2026-09-24 13:35:00                                    cudaFuncSetAttribute         0.00%     147.842us         0.00%     147.842us       1.825us       0.000us         0.00%       0.000us       0.000us            81  
2026-09-24 13:35:00         autograd::engine::evaluate_function: TBackward0         0.00%      51.518us         0.00%     134.493us      14.944us       0.000us         0.00%       0.000us       0.000us             9  
2026-09-24 13:35:00                                        aten::as_strided         0.00%      97.258us         0.00%      97.258us       1.801us       0.000us         0.00%       0.000us       0.000us            54  
2026-09-24 13:35:00      autograd::engine::evaluate_function: ViewBackward0         0.00%      41.788us         0.00%      92.112us      10.235us       0.000us         0.00%       0.000us       0.000us             9  
2026-09-24 13:35:00                                         cudaEventRecord         0.00%      88.778us         0.00%      88.778us       4.932us       0.000us         0.00%       0.000us       0.000us            18  
2026-09-24 13:35:00                                           aten::flatten         0.00%      28.960us         0.00%      83.748us       9.305us       0.000us         0.00%       0.000us       0.000us             9  
2026-09-24 13:35:00                                              TBackward0         0.00%      16.146us         0.00%      82.975us       9.219us       0.000us         0.00%       0.000us       0.000us             9  
2026-09-24 13:35:00                                            aten::expand         0.00%      42.922us         0.00%      54.129us       6.014us       0.000us         0.00%       0.000us       0.000us             9  
2026-09-24 13:35:00                                          cudaEventQuery         0.00%      50.737us         0.00%      50.737us       5.074us       0.000us         0.00%       0.000us       0.000us            10  
2026-09-24 13:35:00                                           ViewBackward0         0.00%      19.605us         0.00%      50.324us       5.592us       0.000us         0.00%       0.000us       0.000us             9  
2026-09-24 13:35:00                                           aten::random_         0.00%      44.783us         0.00%      44.783us      14.928us       0.000us         0.00%       0.000us       0.000us             3  
2026-09-24 13:35:00                                           aten::reshape         0.00%       9.957us         0.00%      30.719us       3.413us       0.000us         0.00%       0.000us       0.000us             9  
2026-09-24 13:35:00                                   cudaStreamIsCapturing         0.00%      28.108us         0.00%      28.108us       3.123us       0.000us         0.00%       0.000us       0.000us             9  
2026-09-24 13:35:00                                     aten::scalar_tensor         0.00%      18.329us         0.00%      18.329us       3.055us       0.000us         0.00%       0.000us       0.000us             6  
2026-09-24 13:35:00                                              aten::item         0.00%       9.850us         0.00%      16.284us       5.428us       0.000us         0.00%       0.000us       0.000us             3  
2026-09-24 13:35:00                                        aten::lift_fresh         0.00%      11.537us         0.00%      11.537us       0.641us       0.000us         0.00%       0.000us       0.000us            18  
2026-09-24 13:35:00                                           aten::resize_         0.00%      10.520us         0.00%      10.520us       0.501us       0.000us         0.00%       0.000us       0.000us            21  
2026-09-24 13:35:00 -------------------------------------------------------  ------------  ------------  ------------  ------------  ------------  ------------  ------------  ------------  ------------  ------------  
2026-09-24 13:35:00 Self CPU time total: 11.639s
2026-09-24 13:35:00 Self CUDA time total: 7.786s
2026-09-24 13:35:02 
2026-09-24 13:35:02 -------------------------------------------------------  ------------  ------------  ------------  ------------  ------------  ------------  ------------  ------------  ------------  ------------  
2026-09-24 13:35:02                                                    Name    Self CPU %      Self CPU   CPU total %     CPU total  CPU time avg     Self CUDA   Self CUDA %    CUDA total  CUDA time avg    # of Calls  
2026-09-24 13:35:02 -------------------------------------------------------  ------------  ------------  ------------  ------------  ------------  ------------  ------------  ------------  ------------  ------------  
2026-09-24 13:35:02 autograd::engine::evaluate_function: ConvolutionBack...         0.05%       5.607ms         0.47%      55.008ms     115.321us       0.000us         0.00%        3.729s       7.817ms           477  
2026-09-24 13:35:02                                    ConvolutionBackward0         0.01%       1.476ms         0.40%      46.627ms      97.750us       0.000us         0.00%        3.493s       7.322ms           477  
2026-09-24 13:35:02                              aten::convolution_backward         0.23%      26.925ms         0.39%      45.151ms      94.657us        3.493s        44.86%        3.493s       7.322ms           477  
2026-09-24 13:35:02                                            aten::conv2d         0.01%     955.503us         0.29%      34.017ms      71.314us       0.000us         0.00%        1.457s       3.054ms           477  
2026-09-24 13:35:02                                       aten::convolution         0.03%       3.957ms         0.28%      33.061ms      69.311us       0.000us         0.00%        1.457s       3.054ms           477  
2026-09-24 13:35:02                                      aten::_convolution         0.02%       2.803ms         0.25%      29.104ms      61.015us       0.000us         0.00%        1.457s       3.054ms           477  
2026-09-24 13:35:02                                 aten::cudnn_convolution         0.15%      17.831ms         0.23%      26.301ms      55.139us        1.457s        18.71%        1.457s       3.054ms           477  
2026-09-24 13:35:02 autograd::engine::evaluate_function: CudnnBatchNormB...         0.05%       5.958ms         0.26%      30.767ms      64.500us       0.000us         0.00%     916.606ms       1.922ms           477  
2026-09-24 13:35:02                                 CudnnBatchNormBackward0         0.02%       1.846ms         0.21%      24.808ms      52.009us       0.000us         0.00%     916.606ms       1.922ms           477  
2026-09-24 13:35:02                         aten::cudnn_batch_norm_backward         0.09%      10.556ms         0.20%      22.962ms      48.138us     916.606ms        11.77%     916.606ms       1.922ms           477  
2026-09-24 13:35:02       _5x_cudnn_volta_scudnn_128x64_relu_interior_nn_v1         0.00%       0.000us         0.00%       0.000us       0.000us     694.766ms         8.92%     694.766ms       2.573ms           270  
2026-09-24 13:35:02                                   volta_sgemm_128x64_nt         0.00%       0.000us         0.00%       0.000us       0.000us     648.168ms         8.32%     648.168ms       2.001ms           324  
2026-09-24 13:35:02                                   volta_sgemm_128x64_tn         0.00%       0.000us         0.00%       0.000us       0.000us     625.340ms         8.03%     625.340ms       3.021ms           207  
2026-09-24 13:35:02                                        aten::batch_norm         0.01%     798.867us         0.32%      36.858ms      77.270us       0.000us         0.00%     559.220ms       1.172ms           477  
2026-09-24 13:35:02                            aten::_batch_norm_impl_index         0.02%       1.791ms         0.31%      36.059ms      75.595us       0.000us         0.00%     559.220ms       1.172ms           477  
2026-09-24 13:35:02                                  aten::cudnn_batch_norm         0.14%      16.461ms         0.29%      34.268ms      71.841us     559.220ms         7.18%     559.220ms       1.172ms           477  
2026-09-24 13:35:02                                              aten::add_         0.09%       9.959ms         0.14%      15.887ms      20.526us     470.864ms         6.05%     470.864ms     608.351us           774  
2026-09-24 13:35:02 void at::native::vectorized_elementwise_kernel<4, at...         0.00%       0.000us         0.00%       0.000us       0.000us     469.427ms         6.03%     469.427ms       1.581ms           297  
2026-09-24 13:35:02 void cudnn::bn_bw_1C11_kernel_new<float, float, floa...         0.00%       0.000us         0.00%       0.000us       0.000us     447.156ms         5.74%     447.156ms       1.212ms           369  
2026-09-24 13:35:02      _5x_cudnn_volta_scudnn_128x64_stridedB_small_nn_v1         0.00%       0.000us         0.00%       0.000us       0.000us     444.467ms         5.71%     444.467ms       2.905ms           153  
2026-09-24 13:35:02      autograd::engine::evaluate_function: ReluBackward0         0.03%       3.074ms         0.12%      14.494ms      32.865us       0.000us         0.00%     405.077ms     918.542us           441  
2026-09-24 13:35:02                                           ReluBackward0         0.01%       1.455ms         0.10%      11.420ms      25.896us       0.000us         0.00%     405.077ms     918.542us           441  
2026-09-24 13:35:02                                aten::threshold_backward         0.05%       6.375ms         0.09%       9.965ms      22.596us     405.077ms         5.20%     405.077ms     918.542us           441  
2026-09-24 13:35:02 void at::native::vectorized_elementwise_kernel<4, at...         0.00%       0.000us         0.00%       0.000us       0.000us     405.077ms         5.20%     405.077ms     918.542us           441  
2026-09-24 13:35:02 void cudnn::bn_bw_1C11_kernel_new<float, float, floa...         0.00%       0.000us         0.00%       0.000us       0.000us     400.965ms         5.15%     400.965ms       4.050ms            99  
2026-09-24 13:35:02         _5x_cudnn_volta_scudnn_128x128_relu_small_nn_v1         0.00%       0.000us         0.00%       0.000us       0.000us     320.438ms         4.12%     320.438ms       5.086ms            63  
2026-09-24 13:35:02                                             aten::relu_         0.04%       5.022ms         0.11%      12.386ms      28.086us       0.000us         0.00%     278.405ms     631.304us           441  
2026-09-24 13:35:02                                        aten::clamp_min_         0.03%       4.040ms         0.06%       7.364ms      16.698us     278.405ms         3.58%     278.405ms     631.304us           441  
2026-09-24 13:35:02 void at::native::vectorized_elementwise_kernel<4, at...         0.00%       0.000us         0.00%       0.000us       0.000us     278.405ms         3.58%     278.405ms     631.304us           441  
2026-09-24 13:35:02 void cudnn::cnn::wgrad_alg1_engine<float, float, 128...         0.00%       0.000us         0.00%       0.000us       0.000us     275.285ms         3.54%     275.285ms       4.370ms            63  
2026-09-24 13:35:02 void cudnn::detail::dgrad_engine<float, 512, 6, 5, 3...         0.00%       0.000us         0.00%       0.000us       0.000us     261.584ms         3.36%     261.584ms       9.688ms            27  
2026-09-24 13:35:02 void cudnn::bn_fw_tr_1C11_kernel_NCHW<float, float, ...         0.00%       0.000us         0.00%       0.000us       0.000us     246.934ms         3.17%     246.934ms       2.494ms            99  
2026-09-24 13:35:02 void cudnn::bn_fw_tr_1C11_kernel_NCHW<float, float, ...         0.00%       0.000us         0.00%       0.000us       0.000us     245.497ms         3.15%     245.497ms     852.421us           288  
2026-09-24 13:35:02 _5x_cudnn_turing_scudnn_128x64_stridedB_splitK_xregs...         0.00%       0.000us         0.00%       0.000us       0.000us     238.412ms         3.06%     238.412ms       6.623ms            36  
2026-09-24 13:35:02                                   volta_sgemm_128x64_nn         0.00%       0.000us         0.00%       0.000us       0.000us     237.118ms         3.05%     237.118ms       1.756ms           135  
2026-09-24 13:35:02                                    volta_sgemm_64x64_tn         0.00%       0.000us         0.00%       0.000us       0.000us     225.129ms         2.89%     225.129ms       5.003ms            45  
2026-09-24 13:35:02 void cudnn::detail::dgrad_engine<float, 128, 6, 8, 3...         0.00%       0.000us         0.00%       0.000us       0.000us     199.621ms         2.56%     199.621ms       7.393ms            27  
2026-09-24 13:35:02 void cudnn::winograd_nonfused::winogradForwardData4x...         0.00%       0.000us         0.00%       0.000us       0.000us     148.420ms         1.91%     148.420ms     634.272us           234  
2026-09-24 13:35:02 void cudnn::winograd_nonfused::winogradForwardOutput...         0.00%       0.000us         0.00%       0.000us       0.000us     133.513ms         1.71%     133.513ms     570.570us           234  
2026-09-24 13:35:02                                    volta_sgemm_64x64_nt         0.00%       0.000us         0.00%       0.000us       0.000us     105.267ms         1.35%     105.267ms       1.949ms            54  
2026-09-24 13:35:02 autograd::engine::evaluate_function: MaxPool2DWithIn...         0.00%     106.449us         0.00%     572.671us      63.630us       0.000us         0.00%      80.381ms       8.931ms             9  
2026-09-24 13:35:02                           MaxPool2DWithIndicesBackward0         0.00%      56.328us         0.00%     466.222us      51.802us       0.000us         0.00%      80.381ms       8.931ms             9  
2026-09-24 13:35:02                  aten::max_pool2d_with_indices_backward         0.00%     162.534us         0.00%     409.894us      45.544us      68.480ms         0.88%      80.381ms       8.931ms             9  
2026-09-24 13:35:02 void cudnn::winograd_nonfused::winogradWgradDelta4x4...         0.00%       0.000us         0.00%       0.000us       0.000us      77.092ms         0.99%      77.092ms     658.909us           117  
2026-09-24 13:35:02 void cudnn::winograd_nonfused::winogradWgradData4x4<...         0.00%       0.000us         0.00%       0.000us       0.000us      73.797ms         0.95%      73.797ms     630.740us           117  
2026-09-24 13:35:02 void cudnn::bn_bw_1C11_kernel_new<float, float, floa...         0.00%       0.000us         0.00%       0.000us       0.000us      68.485ms         0.88%      68.485ms       7.609ms             9  
2026-09-24 13:35:02 void at::native::(anonymous namespace)::max_pool_bac...         0.00%       0.000us         0.00%       0.000us       0.000us      68.480ms         0.88%      68.480ms       7.609ms             9  
2026-09-24 13:35:02                                Optimizer.step#Adam.step         0.00%       0.000us         0.00%       0.000us       0.000us      66.894ms         0.86%      66.894ms       7.433ms             9  
2026-09-24 13:35:02                                Optimizer.step#Adam.step         0.08%       9.075ms         0.11%      12.335ms       1.371ms       0.000us         0.00%      66.846ms       7.427ms             9  
2026-09-24 13:35:02                                      aten::_fused_adam_         0.01%       1.073ms         0.01%       1.445ms     160.577us      66.770ms         0.86%      66.770ms       7.419ms             9  
2026-09-24 13:35:02 void at::native::(anonymous namespace)::multi_tensor...         0.00%       0.000us         0.00%       0.000us       0.000us      66.770ms         0.86%      66.770ms       1.484ms            45  
2026-09-24 13:35:02 void cudnn::cnn::reduce_wgrad_nchw_helper<float, flo...         0.00%       0.000us         0.00%       0.000us       0.000us      61.353ms         0.79%      61.353ms     243.466us           252  
2026-09-24 13:35:02 void wgrad_alg0_engine<float, 128, 6, 8, 3, 3, 5, fa...         0.00%       0.000us         0.00%       0.000us       0.000us      60.418ms         0.78%      60.418ms       6.713ms             9  
2026-09-24 13:35:02         _5x_cudnn_volta_scudnn_128x64_relu_medium_nn_v1         0.00%       0.000us         0.00%       0.000us       0.000us      54.621ms         0.70%      54.621ms       6.069ms             9  
2026-09-24 13:35:02 void cudnn::bn_fw_tr_1C11_kernel_NCHW<float, float, ...         0.00%       0.000us         0.00%       0.000us       0.000us      42.545ms         0.55%      42.545ms       4.727ms             9  
2026-09-24 13:35:02 void cudnn::engines_precompiled::scalePackedTensor_k...         0.00%       0.000us         0.00%       0.000us       0.000us      33.329ms         0.43%      33.329ms     617.205us            54  
2026-09-24 13:35:02                                        aten::max_pool2d         0.00%      36.437us         0.00%     398.271us      44.252us       0.000us         0.00%      25.082ms       2.787ms             9  
2026-09-24 13:35:02                           aten::max_pool2d_with_indices         0.00%     250.006us         0.00%     361.834us      40.204us      25.082ms         0.32%      25.082ms       2.787ms             9  
2026-09-24 13:35:02 void at::native::(anonymous namespace)::max_pool_for...         0.00%       0.000us         0.00%       0.000us       0.000us      25.082ms         0.32%      25.082ms       2.787ms             9  
2026-09-24 13:35:02 void cudnn::bn_fw_tr_1C11_singleread<float, 512, tru...         0.00%       0.000us         0.00%       0.000us       0.000us      24.243ms         0.31%      24.243ms     299.295us            81  
2026-09-24 13:35:02 void cudnn::winograd_nonfused::winogradForwardFilter...         0.00%       0.000us         0.00%       0.000us       0.000us      15.211ms         0.20%      15.211ms      65.006us           234  
2026-09-24 13:35:02                                                aten::to         0.00%     516.777us        40.28%        4.689s       8.830ms       0.000us         0.00%      14.322ms      26.971us           531  
2026-09-24 13:35:02                                          aten::_to_copy         0.00%     373.615us        40.28%        4.688s     104.179ms       0.000us         0.00%      14.322ms     318.258us            45  
2026-09-24 13:35:02                                             aten::copy_         0.01%     720.662us        40.27%        4.687s     104.159ms      14.322ms         0.18%      14.322ms     318.258us            45  
2026-09-24 13:35:02 void cudnn::winograd_nonfused::winogradWgradOutput4x...         0.00%       0.000us         0.00%       0.000us       0.000us      13.280ms         0.17%      13.280ms     113.503us           117  
2026-09-24 13:35:02                                             aten::fill_         0.00%     289.215us         0.01%     705.684us      26.136us      11.936ms         0.15%      11.936ms     442.080us            27  
2026-09-24 13:35:02 void at::native::vectorized_elementwise_kernel<4, at...         0.00%       0.000us         0.00%       0.000us       0.000us      11.936ms         0.15%      11.936ms     442.080us            27  
2026-09-24 13:35:02                                             aten::zero_         0.00%      73.092us         0.00%     556.581us      30.921us       0.000us         0.00%      11.919ms     662.171us            18  
2026-09-24 13:35:02                          Memcpy HtoD (Pinned -> Device)         0.00%       0.000us         0.00%       0.000us       0.000us      10.575ms         0.14%      10.575ms     587.494us            18  
2026-09-24 13:35:02                                              aten::div_         0.00%     133.949us         0.00%     247.586us      27.510us       4.622ms         0.06%       4.622ms     513.568us             9  
2026-09-24 13:35:02 void at::native::elementwise_kernel<128, 2, at::nati...         0.00%       0.000us         0.00%       0.000us       0.000us       4.622ms         0.06%       4.622ms     513.568us             9  
2026-09-24 13:35:02                                               aten::sub         0.00%     284.922us         0.00%     520.289us      57.810us       4.521ms         0.06%       4.521ms     502.386us             9  
2026-09-24 13:35:02 void at::native::elementwise_kernel<128, 2, at::nati...         0.00%       0.000us         0.00%       0.000us       0.000us       4.521ms         0.06%       4.521ms     502.386us             9  
2026-09-24 13:35:02                                              aten::mul_         0.00%     165.911us         0.00%     276.378us      30.709us       4.389ms         0.06%       4.389ms     487.634us             9  
2026-09-24 13:35:02 void at::native::vectorized_elementwise_kernel<4, at...         0.00%       0.000us         0.00%       0.000us       0.000us       4.389ms         0.06%       4.389ms     487.634us             9  
2026-09-24 13:35:02                               aten::adaptive_avg_pool2d         0.00%      35.514us         0.00%     425.536us      47.282us       0.000us         0.00%       3.744ms     415.958us             9  
2026-09-24 13:35:02                                              aten::mean         0.00%     277.993us         0.00%     390.022us      43.336us       3.744ms         0.05%       3.744ms     415.958us             9  
2026-09-24 13:35:02 void at::native::reduce_kernel<512, 1, at::native::R...         0.00%       0.000us         0.00%       0.000us       0.000us       3.744ms         0.05%       3.744ms     415.958us             9  
2026-09-24 13:35:02 void at::native::unrolled_elementwise_kernel<at::nat...         0.00%       0.000us         0.00%       0.000us       0.000us       3.737ms         0.05%       3.737ms     415.211us             9  
2026-09-24 13:35:02      autograd::engine::evaluate_function: MeanBackward1         0.00%      56.760us         0.00%     520.094us      57.788us       0.000us         0.00%       1.747ms     194.091us             9  
2026-09-24 13:35:02                                           MeanBackward1         0.00%      50.896us         0.00%     463.334us      51.482us       0.000us         0.00%       1.747ms     194.091us             9  
2026-09-24 13:35:02                                               aten::div         0.00%     247.610us         0.00%     358.309us      39.812us       1.747ms         0.02%       1.747ms     194.091us             9  
2026-09-24 13:35:02 void at::native::elementwise_kernel<128, 2, at::nati...         0.00%       0.000us         0.00%       0.000us       0.000us       1.747ms         0.02%       1.747ms     194.091us             9  
2026-09-24 13:35:02 void at::native::vectorized_elementwise_kernel<2, at...         0.00%       0.000us         0.00%       0.000us       0.000us       1.437ms         0.02%       1.437ms       3.012us           477  
2026-09-24 13:35:02 void cask__5x_cudnn::computeOffsetsKernel<false, fal...         0.00%       0.000us         0.00%       0.000us       0.000us       1.131ms         0.01%       1.131ms       3.306us           342  
2026-09-24 13:35:02                                         Memset (Device)         0.00%       0.000us         0.00%       0.000us       0.000us     589.983us         0.01%     589.983us       4.097us           144  
2026-09-24 13:35:02 void cask__5x_cudnn::computeOffsetsKernel<true, fals...         0.00%       0.000us         0.00%       0.000us       0.000us     521.407us         0.01%     521.407us       3.408us           153  
2026-09-24 13:35:02 cask__5x_cudnn::computeBOffsetsKernel(cask__5x_cudnn...         0.00%       0.000us         0.00%       0.000us       0.000us     392.954us         0.01%     392.954us       2.568us           153  
2026-09-24 13:35:02     autograd::engine::evaluate_function: AddmmBackward0         0.00%     200.802us         0.01%       1.503ms     166.981us       0.000us         0.00%     335.553us      37.284us             9  
2026-09-24 13:35:02                                          AddmmBackward0         0.00%     115.980us         0.01%       1.001ms     111.172us       0.000us         0.00%     208.065us      23.118us             9  
2026-09-24 13:35:02                                                aten::mm         0.00%     553.060us         0.01%     699.456us      38.859us     208.065us         0.00%     208.065us      11.559us            18  
2026-09-24 13:35:02                                            aten::linear         0.00%      44.134us         0.01%     967.020us     107.447us       0.000us         0.00%     203.295us      22.588us             9  
2026-09-24 13:35:02                                             aten::addmm         0.01%     588.029us         0.01%     810.063us      90.007us     203.295us         0.00%     203.295us      22.588us             9  
2026-09-24 13:35:02                                   volta_sgemm_32x128_tn         0.00%       0.000us         0.00%       0.000us       0.000us     162.016us         0.00%     162.016us      18.002us             9  
2026-09-24 13:35:02                                               aten::sum         0.00%     191.192us         0.00%     275.622us      30.625us     127.488us         0.00%     127.488us      14.165us             9  
2026-09-24 13:35:02 void at::native::reduce_kernel<256, 2, at::native::R...         0.00%       0.000us         0.00%       0.000us       0.000us     127.488us         0.00%     127.488us      14.165us             9  
2026-09-24 13:35:02                                   volta_sgemm_128x32_nt         0.00%       0.000us         0.00%       0.000us       0.000us     117.728us         0.00%     117.728us      13.081us             9  
2026-09-24 13:35:02 cask__5x_cudnn::computeWgradSplitKOffsetsKernel(cask...         0.00%       0.000us         0.00%       0.000us       0.000us      96.991us         0.00%      96.991us       2.694us            36  
2026-09-24 13:35:02                                   volta_sgemm_128x32_nn         0.00%       0.000us         0.00%       0.000us       0.000us      90.337us         0.00%      90.337us      10.037us             9  
2026-09-24 13:35:02 cask__5x_cudnn::computeWgradBOffsetsKernel(cask__5x_...         0.00%       0.000us         0.00%       0.000us       0.000us      87.806us         0.00%      87.806us       2.439us            36  
2026-09-24 13:35:02 -------------------------------------------------------  ------------  ------------  ------------  ------------  ------------  ------------  ------------  ------------  ------------  ------------  
2026-09-24 13:35:02 Self CPU time total: 11.639s
2026-09-24 13:35:02 Self CUDA time total: 7.786s
2026-09-24 13:35:02 
2026-09-24 13:35:02 Train 1st Epoch Profiler:
2026-09-24 13:35:02 -------------------------------------------------------  ------------  ------------  ------------  ------------  ------------  ------------  ------------  ------------  ------------  ------------  
2026-09-24 13:35:02                                                    Name    Self CPU %      Self CPU   CPU total %     CPU total  CPU time avg     Self CUDA   Self CUDA %    CUDA total  CUDA time avg    # of Calls  
2026-09-24 13:35:02 -------------------------------------------------------  ------------  ------------  ------------  ------------  ------------  ------------  ------------  ------------  ------------  ------------  
2026-09-24 13:35:02 enumerate(DataLoader)#_MultiProcessingDataLoaderIter...        24.08%        1.017s        24.75%        1.046s     261.396ms       0.000us         0.00%       2.568ms     641.992us             4  
2026-09-24 13:35:02                                        cudaLaunchKernel         8.71%     368.126ms        22.87%     966.397ms     371.548us       0.000us         0.00%     156.085ms      60.010us          2601  
2026-09-24 13:35:02                        Runtime Triggered Module Loading        22.21%     938.237ms        22.21%     938.237ms      15.133ms     110.909ms         4.34%     110.909ms       1.789ms            62  
2026-09-24 13:35:02                                                aten::to         0.00%     197.571us        19.93%     841.813ms       4.756ms       0.000us         0.00%       6.329ms      35.760us           177  
2026-09-24 13:35:02                                          aten::_to_copy         0.00%     127.290us        19.92%     841.616ms      56.108ms       0.000us         0.00%       6.329ms     421.963us            15  
2026-09-24 13:35:02                                             aten::copy_         0.01%     235.630us        19.91%     840.990ms      56.066ms       4.770ms         0.19%       6.329ms     421.963us            15  
2026-09-24 13:35:02                                   cudaStreamSynchronize        19.48%     823.154ms        19.48%     823.154ms     137.192ms       0.000us         0.00%       0.000us       0.000us             6  
2026-09-24 13:35:02                                   cudaDeviceSynchronize        19.18%     810.506ms        19.18%     810.506ms     810.506ms       0.000us         0.00%       0.000us       0.000us             1  
2026-09-24 13:35:02 autograd::engine::evaluate_function: ConvolutionBack...         0.05%       2.297ms         8.23%     347.875ms       2.188ms       0.000us         0.00%        1.216s       7.647ms           159  
2026-09-24 13:35:02                                    ConvolutionBackward0         0.02%     714.353us         8.15%     344.506ms       2.167ms       0.000us         0.00%        1.137s       7.152ms           159  
2026-09-24 13:35:02                              aten::convolution_backward         0.56%      23.690ms         8.14%     343.792ms       2.162ms        1.137s        44.49%        1.137s       7.152ms           159  
2026-09-24 13:35:02                               aten::adaptive_avg_pool2d         0.00%      20.819us         5.53%     233.627ms      77.876ms       0.000us         0.00%       2.402ms     800.715us             3  
2026-09-24 13:35:02                                              aten::mean         0.00%     183.753us         5.53%     233.606ms      77.869ms       1.201ms         0.05%       2.402ms     800.715us             3  
2026-09-24 13:35:02                                Optimizer.step#Adam.step         0.16%       6.744ms         5.15%     217.422ms      72.474ms       0.000us         0.00%      46.023ms      15.341ms             3  
2026-09-24 13:35:02                                     aten::_foreach_add_         0.01%     538.501us         4.65%     196.457ms      65.486ms      24.831us         0.00%      46.719us      15.573us             3  
2026-09-24 13:35:02                                            aten::conv2d         0.01%     405.036us         4.30%     181.673ms       1.143ms       0.000us         0.00%     591.550ms       3.720ms           159  
2026-09-24 13:35:02                                       aten::convolution         0.04%       1.635ms         4.29%     181.268ms       1.140ms       0.000us         0.00%     591.550ms       3.720ms           159  
2026-09-24 13:35:02                                      aten::_convolution         0.03%       1.205ms         4.25%     179.633ms       1.130ms       0.000us         0.00%     591.550ms       3.720ms           159  
2026-09-24 13:35:02                                 aten::cudnn_convolution         2.37%     100.169ms         4.22%     178.429ms       1.122ms     472.092ms        18.47%     591.550ms       3.720ms           159  
2026-09-24 13:35:02                                        aten::batch_norm         0.01%     353.440us         0.78%      32.749ms     205.969us       0.000us         0.00%     202.579ms       1.274ms           159  
2026-09-24 13:35:02                            aten::_batch_norm_impl_index         0.02%     696.947us         0.77%      32.396ms     203.746us       0.000us         0.00%     202.579ms       1.274ms           159  
2026-09-24 13:35:02                                  aten::cudnn_batch_norm         0.22%       9.362ms         0.75%      31.699ms     199.363us     186.208ms         7.29%     202.579ms       1.274ms           159  
2026-09-24 13:35:02                                             aten::relu_         0.04%       1.829ms         0.65%      27.321ms     185.855us       0.000us         0.00%     100.670ms     684.829us           147  
2026-09-24 13:35:02                                           cudaHostAlloc         0.61%      25.754ms         0.61%      25.754ms       3.219ms       2.565ms         0.10%       2.565ms     320.672us             8  
2026-09-24 13:35:02                                aten::cross_entropy_loss         0.00%      50.595us         0.61%      25.565ms       8.522ms       0.000us         0.00%      40.064us      13.355us             3  
2026-09-24 13:35:02                                        aten::clamp_min_         0.04%       1.525ms         0.60%      25.491ms     173.410us      92.985ms         3.64%     100.670ms     684.829us           147  
2026-09-24 13:35:02 autograd::engine::evaluate_function: CudnnBatchNormB...         0.05%       2.189ms         0.52%      21.792ms     137.060us       0.000us         0.00%     304.939ms       1.918ms           159  
2026-09-24 13:35:02                                 CudnnBatchNormBackward0         0.02%     702.504us         0.46%      19.604ms     123.294us       0.000us         0.00%     304.939ms       1.918ms           159  
2026-09-24 13:35:02                         aten::cudnn_batch_norm_backward         0.11%       4.481ms         0.45%      18.901ms     118.876us     304.939ms        11.93%     304.939ms       1.918ms           159  
2026-09-24 13:35:02                                       aten::log_softmax         0.00%      33.310us         0.43%      18.071ms       6.024ms       0.000us         0.00%      14.016us       4.672us             3  
2026-09-24 13:35:02                                      aten::_log_softmax         0.00%     119.112us         0.43%      18.035ms       6.012ms       7.392us         0.00%      14.016us       4.672us             3  
2026-09-24 13:35:02                                            aten::linear         0.00%      32.108us         0.39%      16.457ms       5.486ms       0.000us         0.00%     148.480us      49.493us             3  
2026-09-24 13:35:02                                             aten::addmm         0.07%       3.007ms         0.39%      16.372ms       5.457ms      64.128us         0.00%     148.480us      49.493us             3  
2026-09-24 13:35:02      autograd::engine::evaluate_function: ReluBackward0         0.03%       1.111ms         0.38%      16.041ms     109.126us       0.000us         0.00%     135.164ms     919.486us           147  
2026-09-24 13:35:02                                               aten::sub         0.00%     157.643us         0.37%      15.680ms       5.227ms       1.508ms         0.06%       3.151ms       1.050ms             3  
2026-09-24 13:35:02                                           ReluBackward0         0.01%     546.699us         0.35%      14.930ms     101.567us       0.000us         0.00%     135.164ms     919.486us           147  
2026-09-24 13:35:02                                              cudaMalloc         0.35%      14.617ms         0.35%      14.617ms     139.207us       0.000us         0.00%       0.000us       0.000us           105  
2026-09-24 13:35:02                                             aten::empty         0.22%       9.450ms         0.34%      14.483ms       8.210us       0.000us         0.00%       0.000us       0.000us          1764  
2026-09-24 13:35:02                                aten::threshold_backward         0.06%       2.481ms         0.34%      14.384ms      97.848us     135.164ms         5.29%     135.164ms     919.486us           147  
2026-09-24 13:35:02                                    cudaGetSymbolAddress         0.32%      13.330ms         0.32%      13.500ms      13.500ms       0.000us         0.00%      18.251ms      18.251ms             1  
2026-09-24 13:35:02                                              aten::div_         0.00%      86.344us         0.28%      11.670ms       3.890ms       1.540ms         0.06%       3.276ms       1.092ms             3  
2026-09-24 13:35:02                                             aten::fill_         0.05%       2.203ms         0.27%      11.536ms      23.447us       5.375ms         0.21%       5.380ms      10.934us           492  
2026-09-24 13:35:02                                        aten::empty_like         0.02%     921.238us         0.25%      10.483ms      21.658us       0.000us         0.00%       0.000us       0.000us           484  
2026-09-24 13:35:02                                              aten::mul_         0.00%     105.415us         0.24%      10.193ms       3.398ms       1.463ms         0.06%       2.909ms     969.676us             3  
2026-09-24 13:35:02     autograd::engine::evaluate_function: AddmmBackward0         0.00%     124.647us         0.23%       9.858ms       3.286ms       0.000us         0.00%      99.872us      33.291us             3  
2026-09-24 13:35:02                                        aten::zeros_like         0.02%     666.213us         0.22%       9.392ms      29.168us       0.000us         0.00%       1.170ms       3.632us           322  
2026-09-24 13:35:02                                               aten::sum         0.00%     101.025us         0.21%       8.670ms       2.890ms      35.424us         0.00%      35.424us      11.808us             3  
2026-09-24 13:35:02                                       aten::nll_loss_nd         0.00%      19.897us         0.18%       7.444ms       2.481ms       0.000us         0.00%      26.048us       8.683us             3  
2026-09-24 13:35:02                                          aten::nll_loss         0.00%      22.629us         0.18%       7.424ms       2.475ms       0.000us         0.00%      26.048us       8.683us             3  
2026-09-24 13:35:02                                  aten::nll_loss_forward         0.00%     101.417us         0.18%       7.402ms       2.467ms      13.664us         0.00%      26.048us       8.683us             3  
2026-09-24 13:35:02           cudaOccupancyMaxActiveBlocksPerMultiprocessor         0.03%       1.165ms         0.16%       6.739ms       8.718us       0.000us         0.00%      10.686ms      13.824us           773  
2026-09-24 13:35:02                                             aten::zero_         0.03%       1.203ms         0.16%       6.716ms      13.735us       0.000us         0.00%       5.370ms      10.981us           489  
2026-09-24 13:35:02                                              aten::add_         0.10%       4.235ms         0.16%       6.637ms      25.723us     157.106ms         6.15%     160.854ms     623.466us           258  
2026-09-24 13:35:02                                         aten::ones_like         0.00%      18.101us         0.14%       6.087ms       2.029ms       0.000us         0.00%       9.924us       3.308us             3  
2026-09-24 13:35:02                                     aten::empty_strided         0.05%       2.287ms         0.11%       4.571ms      13.444us       0.000us         0.00%       0.000us       0.000us           340  
2026-09-24 13:35:02 autograd::engine::evaluate_function: torch::autograd...         0.05%       2.105ms         0.11%       4.552ms       9.425us       0.000us         0.00%       0.000us       0.000us           483  
2026-09-24 13:35:02                                             aten::zeros         0.01%     443.319us         0.09%       3.680ms      22.859us       0.000us         0.00%     228.160us       1.417us           161  
2026-09-24 13:35:02                                   Lazy Function Loading         0.08%       3.258ms         0.08%       3.258ms      42.316us      77.448ms         3.03%      77.448ms       1.006ms            77  
2026-09-24 13:35:02                                  cudaDeviceGetAttribute         0.07%       2.920ms         0.07%       2.920ms      42.320us       0.000us         0.00%       0.000us       0.000us            69  
2026-09-24 13:35:02                                        aten::max_pool2d         0.00%      25.307us         0.06%       2.512ms     837.413us       0.000us         0.00%      19.563ms       6.521ms             3  
2026-09-24 13:35:02                           aten::max_pool2d_with_indices         0.00%     138.381us         0.06%       2.487ms     828.977us       8.340ms         0.33%      19.563ms       6.521ms             3  
2026-09-24 13:35:02                         torch::autograd::AccumulateGrad         0.03%       1.223ms         0.06%       2.447ms       5.066us       0.000us         0.00%       0.000us       0.000us           483  
2026-09-24 13:35:02                                            Unrecognized         0.06%       2.445ms         0.06%       2.445ms       2.445ms       0.000us         0.00%       0.000us       0.000us             1  
2026-09-24 13:35:02                                                cudaFree         0.05%       2.259ms         0.05%       2.259ms     564.851us       0.000us         0.00%       0.000us       0.000us             4  
2026-09-24 13:35:02                              cudaGetDeviceProperties_v2         0.04%       1.564ms         0.04%       1.564ms     782.044us       0.000us         0.00%       0.000us       0.000us             2  
2026-09-24 13:35:02                                            aten::detach         0.01%     425.919us         0.03%       1.255ms       2.582us       0.000us         0.00%       0.000us       0.000us           486  
2026-09-24 13:35:02                                      aten::_fused_adam_         0.01%     381.368us         0.03%       1.139ms     379.676us      22.422ms         0.88%      44.579ms      14.860ms             3  
2026-09-24 13:35:02                      Optimizer.zero_grad#Adam.zero_grad         0.03%       1.096ms         0.03%       1.096ms     365.342us       0.000us         0.00%       0.000us       0.000us             3  
2026-09-24 13:35:02                                          AddmmBackward0         0.00%      73.767us         0.02%       1.049ms     349.669us       0.000us         0.00%      64.448us      21.483us             3  
2026-09-24 13:35:02                                                aten::mm         0.01%     542.100us         0.02%     892.669us     148.778us      64.448us         0.00%      64.448us      10.741us             6  
2026-09-24 13:35:02                                              aten::view         0.02%     846.758us         0.02%     846.758us       2.543us       0.000us         0.00%       0.000us       0.000us           333  
2026-09-24 13:35:02                                                  detach         0.02%     828.931us         0.02%     828.931us       1.706us       0.000us         0.00%       0.000us       0.000us           486  
2026-09-24 13:35:02 cudaOccupancyMaxActiveBlocksPerMultiprocessorWithFla...         0.01%     217.463us         0.01%     592.815us       3.529us       0.000us         0.00%       3.199ms      19.044us           168  
2026-09-24 13:35:02                               cudaStreamCreateWithFlags         0.01%     550.001us         0.01%     550.001us      17.188us       0.000us         0.00%       0.000us       0.000us            32  
2026-09-24 13:35:02                                         cudaMemsetAsync         0.01%     518.606us         0.01%     518.606us       2.412us       0.000us         0.00%       0.000us       0.000us           215  
2026-09-24 13:35:02 autograd::engine::evaluate_function: NllLossBackward...         0.00%      76.466us         0.01%     513.707us     171.236us       0.000us         0.00%      15.552us       5.184us             3  
2026-09-24 13:35:02      autograd::engine::evaluate_function: MeanBackward1         0.00%      23.334us         0.01%     479.571us     159.857us       0.000us         0.00%     545.472us     181.824us             3  
2026-09-24 13:35:02                                           MeanBackward1         0.00%      34.808us         0.01%     456.237us     152.079us       0.000us         0.00%     545.472us     181.824us             3  
2026-09-24 13:35:02                                        NllLossBackward0         0.00%      45.988us         0.01%     437.241us     145.747us       0.000us         0.00%      15.552us       5.184us             3  
2026-09-24 13:35:02                                               aten::div         0.00%     116.424us         0.01%     397.629us     132.543us     545.472us         0.02%     545.472us     181.824us             3  
2026-09-24 13:35:02                                 aten::nll_loss_backward         0.00%     165.840us         0.01%     391.253us     130.418us      10.016us         0.00%      15.552us       5.184us             3  
2026-09-24 13:35:02       autograd::engine::evaluate_function: AddBackward0         0.01%     258.927us         0.01%     320.077us       6.668us       0.000us         0.00%       0.000us       0.000us            48  
2026-09-24 13:35:02 autograd::engine::evaluate_function: MaxPool2DWithIn...         0.00%      35.051us         0.01%     278.922us      92.974us       0.000us         0.00%      26.883ms       8.961ms             3  
2026-09-24 13:35:02                                         cudaMemcpyAsync         0.01%     263.469us         0.01%     263.469us      21.956us       0.000us         0.00%       0.000us       0.000us            12  
2026-09-24 13:35:02                           MaxPool2DWithIndicesBackward0         0.00%      35.279us         0.01%     243.871us      81.290us       0.000us         0.00%      26.883ms       8.961ms             3  
2026-09-24 13:35:02                                     cudaPeekAtLastError         0.01%     226.625us         0.01%     226.625us       0.201us       0.000us         0.00%       0.000us       0.000us          1128  
2026-09-24 13:35:02                  aten::max_pool2d_with_indices_backward         0.00%      74.476us         0.00%     208.592us      69.531us      22.916ms         0.90%      26.883ms       8.961ms             3  
2026-09-24 13:35:02 autograd::engine::evaluate_function: LogSoftmaxBackw...         0.00%      29.311us         0.00%     198.175us      66.058us       0.000us         0.00%       6.720us       2.240us             3  
2026-09-24 13:35:02                                          aten::randperm         0.00%      72.902us         0.00%     173.671us      43.418us       0.000us         0.00%       0.000us       0.000us             4  
2026-09-24 13:35:02                                     LogSoftmaxBackward0         0.00%      33.117us         0.00%     168.864us      56.288us       0.000us         0.00%       6.720us       2.240us             3  
2026-09-24 13:35:02                                   cudaStreamIsCapturing         0.00%     163.275us         0.00%     163.275us       1.633us       0.000us         0.00%       0.000us       0.000us           100  
2026-09-24 13:35:02                                                 aten::t         0.00%      75.599us         0.00%     154.573us      10.305us       0.000us         0.00%       0.000us       0.000us            15  
2026-09-24 13:35:02                        aten::_log_softmax_backward_data         0.00%      78.077us         0.00%     135.747us      45.249us       6.720us         0.00%       6.720us       2.240us             3  
2026-09-24 13:35:02                                    cudaFuncSetAttribute         0.00%      60.221us         0.00%     111.947us       4.146us       0.000us         0.00%     135.520us       5.019us            27  
2026-09-24 13:35:02                                         aten::transpose         0.00%      44.324us         0.00%      78.974us       5.265us       0.000us         0.00%       0.000us       0.000us            15  
2026-09-24 13:35:02                                            AddBackward0         0.00%      61.150us         0.00%      61.150us       1.274us       0.000us         0.00%       0.000us       0.000us            48  
2026-09-24 13:35:02                                           aten::flatten         0.00%      12.735us         0.00%      56.511us      18.837us       0.000us         0.00%       0.000us       0.000us             3  
2026-09-24 13:35:02                                       aten::result_type         0.00%      55.516us         0.00%      55.516us       0.115us       0.000us         0.00%       0.000us       0.000us           483  
2026-09-24 13:35:02                                           aten::random_         0.00%      51.819us         0.00%      51.819us      25.910us       0.000us         0.00%       0.000us       0.000us             2  
2026-09-24 13:35:02                                cudaPointerGetAttributes         0.00%      45.401us         0.00%      45.401us       7.567us       2.591us         0.00%       2.591us       0.432us             6  
2026-09-24 13:35:02 -------------------------------------------------------  ------------  ------------  ------------  ------------  ------------  ------------  ------------  ------------  ------------  ------------  
2026-09-24 13:35:02 Self CPU time total: 4.225s
2026-09-24 13:35:02 Self CUDA time total: 2.556s
2026-09-24 13:35:03 
2026-09-24 13:35:03 -------------------------------------------------------  ------------  ------------  ------------  ------------  ------------  ------------  ------------  ------------  ------------  ------------  
2026-09-24 13:35:03                                                    Name    Self CPU %      Self CPU   CPU total %     CPU total  CPU time avg     Self CUDA   Self CUDA %    CUDA total  CUDA time avg    # of Calls  
2026-09-24 13:35:03 -------------------------------------------------------  ------------  ------------  ------------  ------------  ------------  ------------  ------------  ------------  ------------  ------------  
2026-09-24 13:35:03 autograd::engine::evaluate_function: ConvolutionBack...         0.05%       2.297ms         8.23%     347.875ms       2.188ms       0.000us         0.00%        1.216s       7.647ms           159  
2026-09-24 13:35:03                                    ConvolutionBackward0         0.02%     714.353us         8.15%     344.506ms       2.167ms       0.000us         0.00%        1.137s       7.152ms           159  
2026-09-24 13:35:03                              aten::convolution_backward         0.56%      23.690ms         8.14%     343.792ms       2.162ms        1.137s        44.49%        1.137s       7.152ms           159  
2026-09-24 13:35:03                                            aten::conv2d         0.01%     405.036us         4.30%     181.673ms       1.143ms       0.000us         0.00%     591.550ms       3.720ms           159  
2026-09-24 13:35:03                                       aten::convolution         0.04%       1.635ms         4.29%     181.268ms       1.140ms       0.000us         0.00%     591.550ms       3.720ms           159  
2026-09-24 13:35:03                                      aten::_convolution         0.03%       1.205ms         4.25%     179.633ms       1.130ms       0.000us         0.00%     591.550ms       3.720ms           159  
2026-09-24 13:35:03                                 aten::cudnn_convolution         2.37%     100.169ms         4.22%     178.429ms       1.122ms     472.092ms        18.47%     591.550ms       3.720ms           159  
2026-09-24 13:35:03 autograd::engine::evaluate_function: CudnnBatchNormB...         0.05%       2.189ms         0.52%      21.792ms     137.060us       0.000us         0.00%     304.939ms       1.918ms           159  
2026-09-24 13:35:03                                 CudnnBatchNormBackward0         0.02%     702.504us         0.46%      19.604ms     123.294us       0.000us         0.00%     304.939ms       1.918ms           159  
2026-09-24 13:35:03                         aten::cudnn_batch_norm_backward         0.11%       4.481ms         0.45%      18.901ms     118.876us     304.939ms        11.93%     304.939ms       1.918ms           159  
2026-09-24 13:35:03       _5x_cudnn_volta_scudnn_128x64_relu_interior_nn_v1         0.00%       0.000us         0.00%       0.000us       0.000us     221.975ms         8.68%     221.975ms       2.466ms            90  
2026-09-24 13:35:03                                   volta_sgemm_128x64_nt         0.00%       0.000us         0.00%       0.000us       0.000us     209.595ms         8.20%     209.595ms       1.941ms           108  
2026-09-24 13:35:03                                   volta_sgemm_128x64_tn         0.00%       0.000us         0.00%       0.000us       0.000us     204.952ms         8.02%     204.952ms       2.970ms            69  
2026-09-24 13:35:03                                        aten::batch_norm         0.01%     353.440us         0.78%      32.749ms     205.969us       0.000us         0.00%     202.579ms       1.274ms           159  
2026-09-24 13:35:03                            aten::_batch_norm_impl_index         0.02%     696.947us         0.77%      32.396ms     203.746us       0.000us         0.00%     202.579ms       1.274ms           159  
2026-09-24 13:35:03                                  aten::cudnn_batch_norm         0.22%       9.362ms         0.75%      31.699ms     199.363us     186.208ms         7.29%     202.579ms       1.274ms           159  
2026-09-24 13:35:03                                              aten::add_         0.10%       4.235ms         0.16%       6.637ms      25.723us     157.106ms         6.15%     160.854ms     623.466us           258  
2026-09-24 13:35:03 void at::native::vectorized_elementwise_kernel<4, at...         0.00%       0.000us         0.00%       0.000us       0.000us     156.641ms         6.13%     156.641ms       1.582ms            99  
2026-09-24 13:35:03                                        cudaLaunchKernel         8.71%     368.126ms        22.87%     966.397ms     371.548us       0.000us         0.00%     156.085ms      60.010us          2601  
2026-09-24 13:35:03 void cudnn::bn_bw_1C11_kernel_new<float, float, floa...         0.00%       0.000us         0.00%       0.000us       0.000us     148.616ms         5.81%     148.616ms       1.208ms           123  
2026-09-24 13:35:03      _5x_cudnn_volta_scudnn_128x64_stridedB_small_nn_v1         0.00%       0.000us         0.00%       0.000us       0.000us     140.203ms         5.49%     140.203ms       2.749ms            51  
2026-09-24 13:35:03      autograd::engine::evaluate_function: ReluBackward0         0.03%       1.111ms         0.38%      16.041ms     109.126us       0.000us         0.00%     135.164ms     919.486us           147  
2026-09-24 13:35:03                                           ReluBackward0         0.01%     546.699us         0.35%      14.930ms     101.567us       0.000us         0.00%     135.164ms     919.486us           147  
2026-09-24 13:35:03                                aten::threshold_backward         0.06%       2.481ms         0.34%      14.384ms      97.848us     135.164ms         5.29%     135.164ms     919.486us           147  
2026-09-24 13:35:03 void at::native::vectorized_elementwise_kernel<4, at...         0.00%       0.000us         0.00%       0.000us       0.000us     135.164ms         5.29%     135.164ms     919.486us           147  
2026-09-24 13:35:03 void cudnn::bn_bw_1C11_kernel_new<float, float, floa...         0.00%       0.000us         0.00%       0.000us       0.000us     133.539ms         5.22%     133.539ms       4.047ms            33  
2026-09-24 13:35:03                        Runtime Triggered Module Loading        22.21%     938.237ms        22.21%     938.237ms      15.133ms     110.909ms         4.34%     110.909ms       1.789ms            62  
2026-09-24 13:35:03         _5x_cudnn_volta_scudnn_128x128_relu_small_nn_v1         0.00%       0.000us         0.00%       0.000us       0.000us     105.746ms         4.14%     105.746ms       5.036ms            21  
2026-09-24 13:35:03                                             aten::relu_         0.04%       1.829ms         0.65%      27.321ms     185.855us       0.000us         0.00%     100.670ms     684.829us           147  
2026-09-24 13:35:03                                        aten::clamp_min_         0.04%       1.525ms         0.60%      25.491ms     173.410us      92.985ms         3.64%     100.670ms     684.829us           147  
2026-09-24 13:35:03 void at::native::vectorized_elementwise_kernel<4, at...         0.00%       0.000us         0.00%       0.000us       0.000us      92.985ms         3.64%      92.985ms     632.549us           147  
2026-09-24 13:35:03 void cudnn::detail::dgrad_engine<float, 512, 6, 5, 3...         0.00%       0.000us         0.00%       0.000us       0.000us      86.515ms         3.38%      86.515ms       9.613ms             9  
2026-09-24 13:35:03 void cudnn::cnn::wgrad_alg1_engine<float, float, 128...         0.00%       0.000us         0.00%       0.000us       0.000us      85.684ms         3.35%      85.684ms       4.080ms            21  
2026-09-24 13:35:03 void cudnn::bn_fw_tr_1C11_kernel_NCHW<float, float, ...         0.00%       0.000us         0.00%       0.000us       0.000us      82.301ms         3.22%      82.301ms       2.494ms            33  
2026-09-24 13:35:03 void cudnn::bn_fw_tr_1C11_kernel_NCHW<float, float, ...         0.00%       0.000us         0.00%       0.000us       0.000us      81.704ms         3.20%      81.704ms     851.084us            96  
2026-09-24 13:35:03 _5x_cudnn_turing_scudnn_128x64_stridedB_splitK_xregs...         0.00%       0.000us         0.00%       0.000us       0.000us      79.630ms         3.12%      79.630ms       6.636ms            12  
2026-09-24 13:35:03                                   Lazy Function Loading         0.08%       3.258ms         0.08%       3.258ms      42.316us      77.448ms         3.03%      77.448ms       1.006ms            77  
2026-09-24 13:35:03                                   volta_sgemm_128x64_nn         0.00%       0.000us         0.00%       0.000us       0.000us      76.287ms         2.98%      76.287ms       1.695ms            45  
2026-09-24 13:35:03                                    volta_sgemm_64x64_tn         0.00%       0.000us         0.00%       0.000us       0.000us      73.955ms         2.89%      73.955ms       4.930ms            15  
2026-09-24 13:35:03 void cudnn::detail::dgrad_engine<float, 128, 6, 8, 3...         0.00%       0.000us         0.00%       0.000us       0.000us      66.268ms         2.59%      66.268ms       7.363ms             9  
2026-09-24 13:35:03 void cudnn::winograd_nonfused::winogradForwardData4x...         0.00%       0.000us         0.00%       0.000us       0.000us      49.511ms         1.94%      49.511ms     634.759us            78  
2026-09-24 13:35:03                                Optimizer.step#Adam.step         0.16%       6.744ms         5.15%     217.422ms      72.474ms       0.000us         0.00%      46.023ms      15.341ms             3  
2026-09-24 13:35:03                                      aten::_fused_adam_         0.01%     381.368us         0.03%       1.139ms     379.676us      22.422ms         0.88%      44.579ms      14.860ms             3  
2026-09-24 13:35:03 void cudnn::winograd_nonfused::winogradForwardOutput...         0.00%       0.000us         0.00%       0.000us       0.000us      44.507ms         1.74%      44.507ms     570.605us            78  
2026-09-24 13:35:03                                    volta_sgemm_64x64_nt         0.00%       0.000us         0.00%       0.000us       0.000us      34.913ms         1.37%      34.913ms       1.940ms            18  
2026-09-24 13:35:03 autograd::engine::evaluate_function: MaxPool2DWithIn...         0.00%      35.051us         0.01%     278.922us      92.974us       0.000us         0.00%      26.883ms       8.961ms             3  
2026-09-24 13:35:03                           MaxPool2DWithIndicesBackward0         0.00%      35.279us         0.01%     243.871us      81.290us       0.000us         0.00%      26.883ms       8.961ms             3  
2026-09-24 13:35:03                  aten::max_pool2d_with_indices_backward         0.00%      74.476us         0.00%     208.592us      69.531us      22.916ms         0.90%      26.883ms       8.961ms             3  
2026-09-24 13:35:03 void cudnn::winograd_nonfused::winogradWgradDelta4x4...         0.00%       0.000us         0.00%       0.000us       0.000us      25.664ms         1.00%      25.664ms     658.051us            39  
2026-09-24 13:35:03                                Optimizer.step#Adam.step         0.00%       0.000us         0.00%       0.000us       0.000us      25.534ms         1.00%      25.534ms       8.511ms             3  
2026-09-24 13:35:03 void cudnn::winograd_nonfused::winogradWgradData4x4<...         0.00%       0.000us         0.00%       0.000us       0.000us      24.629ms         0.96%      24.629ms     631.502us            39  
2026-09-24 13:35:03 void at::native::(anonymous namespace)::max_pool_bac...         0.00%       0.000us         0.00%       0.000us       0.000us      22.916ms         0.90%      22.916ms       7.639ms             3  
2026-09-24 13:35:03 void cudnn::bn_bw_1C11_kernel_new<float, float, floa...         0.00%       0.000us         0.00%       0.000us       0.000us      22.781ms         0.89%      22.781ms       7.594ms             3  
2026-09-24 13:35:03 void at::native::(anonymous namespace)::multi_tensor...         0.00%       0.000us         0.00%       0.000us       0.000us      22.422ms         0.88%      22.422ms       1.495ms            15  
2026-09-24 13:35:03 void cudnn::cnn::reduce_wgrad_nchw_helper<float, flo...         0.00%       0.000us         0.00%       0.000us       0.000us      20.454ms         0.80%      20.454ms     243.501us            84  
2026-09-24 13:35:03                                        aten::max_pool2d         0.00%      25.307us         0.06%       2.512ms     837.413us       0.000us         0.00%      19.563ms       6.521ms             3  
2026-09-24 13:35:03                           aten::max_pool2d_with_indices         0.00%     138.381us         0.06%       2.487ms     828.977us       8.340ms         0.33%      19.563ms       6.521ms             3  
2026-09-24 13:35:03 void wgrad_alg0_engine<float, 128, 6, 8, 3, 3, 5, fa...         0.00%       0.000us         0.00%       0.000us       0.000us      19.529ms         0.76%      19.529ms       6.510ms             3  
2026-09-24 13:35:03                                    cudaGetSymbolAddress         0.32%      13.330ms         0.32%      13.500ms      13.500ms       0.000us         0.00%      18.251ms      18.251ms             1  
2026-09-24 13:35:03         _5x_cudnn_volta_scudnn_128x64_relu_medium_nn_v1         0.00%       0.000us         0.00%       0.000us       0.000us      18.147ms         0.71%      18.147ms       6.049ms             3  
2026-09-24 13:35:03 void cudnn::bn_fw_tr_1C11_kernel_NCHW<float, float, ...         0.00%       0.000us         0.00%       0.000us       0.000us      14.171ms         0.55%      14.171ms       4.724ms             3  
2026-09-24 13:35:03 void cudnn::engines_precompiled::scalePackedTensor_k...         0.00%       0.000us         0.00%       0.000us       0.000us      11.002ms         0.43%      11.002ms     611.222us            18  
2026-09-24 13:35:03           cudaOccupancyMaxActiveBlocksPerMultiprocessor         0.03%       1.165ms         0.16%       6.739ms       8.718us       0.000us         0.00%      10.686ms      13.824us           773  
2026-09-24 13:35:03 void at::native::(anonymous namespace)::max_pool_for...         0.00%       0.000us         0.00%       0.000us       0.000us       8.340ms         0.33%       8.340ms       2.780ms             3  
2026-09-24 13:35:03 void cudnn::bn_fw_tr_1C11_singleread<float, 512, tru...         0.00%       0.000us         0.00%       0.000us       0.000us       8.032ms         0.31%       8.032ms     297.473us            27  
2026-09-24 13:35:03                                                aten::to         0.00%     197.571us        19.93%     841.813ms       4.756ms       0.000us         0.00%       6.329ms      35.760us           177  
2026-09-24 13:35:03                                          aten::_to_copy         0.00%     127.290us        19.92%     841.616ms      56.108ms       0.000us         0.00%       6.329ms     421.963us            15  
2026-09-24 13:35:03                                             aten::copy_         0.01%     235.630us        19.91%     840.990ms      56.066ms       4.770ms         0.19%       6.329ms     421.963us            15  
2026-09-24 13:35:03                                             aten::fill_         0.05%       2.203ms         0.27%      11.536ms      23.447us       5.375ms         0.21%       5.380ms      10.934us           492  
2026-09-24 13:35:03 void at::native::vectorized_elementwise_kernel<4, at...         0.00%       0.000us         0.00%       0.000us       0.000us       5.375ms         0.21%       5.375ms      10.925us           492  
2026-09-24 13:35:03                                             aten::zero_         0.03%       1.203ms         0.16%       6.716ms      13.735us       0.000us         0.00%       5.370ms      10.981us           489  
2026-09-24 13:35:03 void cudnn::winograd_nonfused::winogradForwardFilter...         0.00%       0.000us         0.00%       0.000us       0.000us       5.062ms         0.20%       5.062ms      64.896us            78  
2026-09-24 13:35:03 void cudnn::winograd_nonfused::winogradWgradOutput4x...         0.00%       0.000us         0.00%       0.000us       0.000us       4.097ms         0.16%       4.097ms     105.063us            39  
2026-09-24 13:35:03                          Memcpy HtoD (Pinned -> Device)         0.00%       0.000us         0.00%       0.000us       0.000us       3.523ms         0.14%       3.523ms     587.200us             6  
2026-09-24 13:35:03                                              aten::div_         0.00%      86.344us         0.28%      11.670ms       3.890ms       1.540ms         0.06%       3.276ms       1.092ms             3  
2026-09-24 13:35:03 cudaOccupancyMaxActiveBlocksPerMultiprocessorWithFla...         0.01%     217.463us         0.01%     592.815us       3.529us       0.000us         0.00%       3.199ms      19.044us           168  
2026-09-24 13:35:03                                               aten::sub         0.00%     157.643us         0.37%      15.680ms       5.227ms       1.508ms         0.06%       3.151ms       1.050ms             3  
2026-09-24 13:35:03                                              aten::mul_         0.00%     105.415us         0.24%      10.193ms       3.398ms       1.463ms         0.06%       2.909ms     969.676us             3  
2026-09-24 13:35:03 enumerate(DataLoader)#_MultiProcessingDataLoaderIter...        24.08%        1.017s        24.75%        1.046s     261.396ms       0.000us         0.00%       2.568ms     641.992us             4  
2026-09-24 13:35:03                                           cudaHostAlloc         0.61%      25.754ms         0.61%      25.754ms       3.219ms       2.565ms         0.10%       2.565ms     320.672us             8  
2026-09-24 13:35:03                               aten::adaptive_avg_pool2d         0.00%      20.819us         5.53%     233.627ms      77.876ms       0.000us         0.00%       2.402ms     800.715us             3  
2026-09-24 13:35:03                                              aten::mean         0.00%     183.753us         5.53%     233.606ms      77.869ms       1.201ms         0.05%       2.402ms     800.715us             3  
2026-09-24 13:35:03 void at::native::elementwise_kernel<128, 2, at::nati...         0.00%       0.000us         0.00%       0.000us       0.000us       1.540ms         0.06%       1.540ms     513.473us             3  
2026-09-24 13:35:03 void at::native::elementwise_kernel<128, 2, at::nati...         0.00%       0.000us         0.00%       0.000us       0.000us       1.508ms         0.06%       1.508ms     502.624us             3  
2026-09-24 13:35:03 void at::native::vectorized_elementwise_kernel<4, at...         0.00%       0.000us         0.00%       0.000us       0.000us       1.463ms         0.06%       1.463ms     487.819us             3  
2026-09-24 13:35:03 void at::native::unrolled_elementwise_kernel<at::nat...         0.00%       0.000us         0.00%       0.000us       0.000us       1.243ms         0.05%       1.243ms     414.357us             3  
2026-09-24 13:35:03 void at::native::reduce_kernel<512, 1, at::native::R...         0.00%       0.000us         0.00%       0.000us       0.000us       1.201ms         0.05%       1.201ms     400.459us             3  
2026-09-24 13:35:03                                        aten::zeros_like         0.02%     666.213us         0.22%       9.392ms      29.168us       0.000us         0.00%       1.170ms       3.632us           322  
2026-09-24 13:35:03      autograd::engine::evaluate_function: MeanBackward1         0.00%      23.334us         0.01%     479.571us     159.857us       0.000us         0.00%     545.472us     181.824us             3  
2026-09-24 13:35:03                                           MeanBackward1         0.00%      34.808us         0.01%     456.237us     152.079us       0.000us         0.00%     545.472us     181.824us             3  
2026-09-24 13:35:03                                               aten::div         0.00%     116.424us         0.01%     397.629us     132.543us     545.472us         0.02%     545.472us     181.824us             3  
2026-09-24 13:35:03 void at::native::elementwise_kernel<128, 2, at::nati...         0.00%       0.000us         0.00%       0.000us       0.000us     545.472us         0.02%     545.472us     181.824us             3  
2026-09-24 13:35:03 void at::native::vectorized_elementwise_kernel<2, at...         0.00%       0.000us         0.00%       0.000us       0.000us     464.191us         0.02%     464.191us       2.919us           159  
2026-09-24 13:35:03 void cask__5x_cudnn::computeOffsetsKernel<false, fal...         0.00%       0.000us         0.00%       0.000us       0.000us     365.181us         0.01%     365.181us       3.203us           114  
2026-09-24 13:35:03                                             aten::zeros         0.01%     443.319us         0.09%       3.680ms      22.859us       0.000us         0.00%     228.160us       1.417us           161  
2026-09-24 13:35:03                                         Memset (Device)         0.00%       0.000us         0.00%       0.000us       0.000us     205.088us         0.01%     205.088us       4.102us            50  
2026-09-24 13:35:03 void cask__5x_cudnn::computeOffsetsKernel<true, fals...         0.00%       0.000us         0.00%       0.000us       0.000us     164.802us         0.01%     164.802us       3.231us            51  
2026-09-24 13:35:03                                            aten::linear         0.00%      32.108us         0.39%      16.457ms       5.486ms       0.000us         0.00%     148.480us      49.493us             3  
2026-09-24 13:35:03                                             aten::addmm         0.07%       3.007ms         0.39%      16.372ms       5.457ms      64.128us         0.00%     148.480us      49.493us             3  
2026-09-24 13:35:03                                    cudaFuncSetAttribute         0.00%      60.221us         0.00%     111.947us       4.146us       0.000us         0.00%     135.520us       5.019us            27  
2026-09-24 13:35:03 -------------------------------------------------------  ------------  ------------  ------------  ------------  ------------  ------------  ------------  ------------  ------------  ------------  
2026-09-24 13:35:03 Self CPU time total: 4.225s
2026-09-24 13:35:03 Self CUDA time total: 2.556s
2026-09-24 13:35:03 
2026-09-24 13:35:03 total time:19.484195
