2026-09-24 13:24:36 /root/.pyenv/versions/3.11.1/lib/python3.11/site-packages/torchvision/io/image.py:13: UserWarning: Failed to load image Python extension: '/root/.pyenv/versions/3.11.1/lib/python3.11/site-packages/torchvision/image.so: undefined symbol: _ZN3c1017RegisterOperatorsD1Ev'If you don't plan on using image functionality from `torchvision.io`, you can ignore this warning. Otherwise, there might be something wrong with your environment. Did you have `libjpeg` or `libpng` installed before building `torchvision` from source?
2026-09-24 13:24:36   warn(
2026-09-24 13:24:40 /root/.pyenv/versions/3.11.1/lib/python3.11/site-packages/torchvision/datapoints/__init__.py:12: UserWarning: The torchvision.datapoints and torchvision.transforms.v2 namespaces are still Beta. While we do not expect major breaking changes, some APIs may still change according to user feedback. Please submit any feedback you may have in this issue: https://github.com/pytorch/vision/issues/6753, and you can also check out https://github.com/pytorch/vision/issues/7319 to learn more about the APIs that we suspect might involve future changes. You can silence this warning by calling torchvision.disable_beta_transforms_warning().
2026-09-24 13:24:40   warnings.warn(_BETA_TRANSFORMS_WARNING)
2026-09-24 13:24:40 /root/.pyenv/versions/3.11.1/lib/python3.11/site-packages/torchvision/transforms/v2/__init__.py:54: UserWarning: The torchvision.datapoints and torchvision.transforms.v2 namespaces are still Beta. While we do not expect major breaking changes, some APIs may still change according to user feedback. Please submit any feedback you may have in this issue: https://github.com/pytorch/vision/issues/6753, and you can also check out https://github.com/pytorch/vision/issues/7319 to learn more about the APIs that we suspect might involve future changes. You can silence this warning by calling torchvision.disable_beta_transforms_warning().
2026-09-24 13:24:40   warnings.warn(_BETA_TRANSFORMS_WARNING)
2026-09-24 13:24:41 load image
2026-09-24 13:24:41 split dataset
2026-09-24 13:24:41 288 72 items
2026-09-24 13:24:41 3 batch
2026-09-24 13:24:41 load model
2026-09-24 13:24:41 train model
2026-09-24 13:25:01 Epoch 1/4, Loss: 1.9040 Time: 5.1907
2026-09-24 13:25:01 Epoch 2/4, Loss: 2.1907 Time: 4.5951
2026-09-24 13:25:01 Epoch 3/4, Loss: 2.1981 Time: 4.1919
2026-09-24 13:25:01 Epoch 4/4, Loss: 2.2047 Time: 4.5182
2026-09-24 13:25:01 Train Profiler:
2026-09-24 13:25:01 -------------------------------------------------------  ------------  ------------  ------------  ------------  ------------  ------------  ------------  ------------  ------------  ------------  
2026-09-24 13:25:01                                                    Name    Self CPU %      Self CPU   CPU total %     CPU total  CPU time avg     Self CUDA   Self CUDA %    CUDA total  CUDA time avg    # of Calls  
2026-09-24 13:25:01 -------------------------------------------------------  ------------  ------------  ------------  ------------  ------------  ------------  ------------  ------------  ------------  ------------  
2026-09-24 13:25:01                                                aten::to         0.01%     590.386us        46.82%        4.982s       9.382ms       0.000us         0.00%      14.199ms      26.739us           531  
2026-09-24 13:25:01                                          aten::_to_copy         0.00%     375.994us        46.82%        4.981s     110.695ms       0.000us         0.00%      14.199ms     315.526us            45  
2026-09-24 13:25:01                                             aten::copy_         0.01%     695.567us        46.81%        4.980s     110.674ms      14.199ms         0.18%      14.199ms     315.526us            45  
2026-09-24 13:25:01                                   cudaStreamSynchronize        46.75%        4.974s        46.75%        4.974s     276.357ms       0.000us         0.00%       0.000us       0.000us            18  
2026-09-24 13:25:01 enumerate(DataLoader)#_MultiProcessingDataLoaderIter...        27.67%        2.944s        27.82%        2.960s     246.666ms       0.000us         0.00%       0.000us       0.000us            12  
2026-09-24 13:25:01                                   cudaDeviceSynchronize        22.97%        2.444s        22.97%        2.444s     814.532ms       0.000us         0.00%       0.000us       0.000us             3  
2026-09-24 13:25:01 autograd::engine::evaluate_function: ConvolutionBack...         0.06%       6.606ms         0.57%      60.958ms     127.794us       0.000us         0.00%        3.725s       7.809ms           477  
2026-09-24 13:25:01                                    ConvolutionBackward0         0.02%       1.611ms         0.48%      51.373ms     107.701us       0.000us         0.00%        3.489s       7.314ms           477  
2026-09-24 13:25:01                                        cudaLaunchKernel         0.47%      50.336ms         0.47%      50.343ms       7.923us       0.000us         0.00%       0.000us       0.000us          6354  
2026-09-24 13:25:01                              aten::convolution_backward         0.28%      29.837ms         0.47%      49.762ms     104.324us        3.489s        45.06%        3.489s       7.314ms           477  
2026-09-24 13:25:01                                        aten::batch_norm         0.01%     835.777us         0.37%      39.562ms      82.940us       0.000us         0.00%     558.585ms       1.171ms           477  
2026-09-24 13:25:01                            aten::_batch_norm_impl_index         0.02%       1.909ms         0.36%      38.727ms      81.188us       0.000us         0.00%     558.585ms       1.171ms           477  
2026-09-24 13:25:01                                  aten::cudnn_batch_norm         0.17%      17.657ms         0.35%      36.817ms      77.185us     558.585ms         7.21%     558.585ms       1.171ms           477  
2026-09-24 13:25:01                                            aten::conv2d         0.01%       1.019ms         0.34%      35.966ms      75.400us       0.000us         0.00%        1.420s       2.976ms           477  
2026-09-24 13:25:01                                       aten::convolution         0.04%       4.066ms         0.33%      34.947ms      73.263us       0.000us         0.00%        1.420s       2.976ms           477  
2026-09-24 13:25:01 autograd::engine::evaluate_function: CudnnBatchNormB...         0.06%       6.612ms         0.32%      34.253ms      71.808us       0.000us         0.00%     916.646ms       1.922ms           477  
2026-09-24 13:25:01                                      aten::_convolution         0.03%       2.893ms         0.29%      30.881ms      64.740us       0.000us         0.00%        1.420s       2.976ms           477  
2026-09-24 13:25:01                                 aten::cudnn_convolution         0.18%      18.928ms         0.26%      27.988ms      58.674us        1.420s        18.34%        1.420s       2.976ms           477  
2026-09-24 13:25:01                                 CudnnBatchNormBackward0         0.02%       2.032ms         0.26%      27.640ms      57.946us       0.000us         0.00%     916.646ms       1.922ms           477  
2026-09-24 13:25:01                         aten::cudnn_batch_norm_backward         0.11%      11.733ms         0.24%      25.608ms      53.686us     916.646ms        11.84%     916.646ms       1.922ms           477  
2026-09-24 13:25:01                                             aten::empty         0.23%      24.065ms         0.23%      24.065ms       5.007us       0.000us         0.00%       0.000us       0.000us          4806  
2026-09-24 13:25:01                                              aten::add_         0.10%      10.602ms         0.16%      16.999ms      21.962us     470.923ms         6.08%     470.923ms     608.428us           774  
2026-09-24 13:25:01      autograd::engine::evaluate_function: ReluBackward0         0.03%       3.374ms         0.15%      15.843ms      35.925us       0.000us         0.00%     404.979ms     918.319us           441  
2026-09-24 13:25:01                                             aten::relu_         0.05%       5.481ms         0.13%      13.598ms      30.835us       0.000us         0.00%     278.853ms     632.321us           441  
2026-09-24 13:25:01 autograd::engine::evaluate_function: torch::autograd...         0.06%       6.353ms         0.13%      13.424ms       9.264us       0.000us         0.00%       0.000us       0.000us          1449  
2026-09-24 13:25:01                                           ReluBackward0         0.01%       1.590ms         0.12%      12.469ms      28.274us       0.000us         0.00%     404.979ms     918.319us           441  
2026-09-24 13:25:01                                Optimizer.step#Adam.step         0.08%       8.751ms         0.11%      11.728ms       1.303ms       0.000us         0.00%      66.460ms       7.384ms             9  
2026-09-24 13:25:01                                aten::threshold_backward         0.06%       6.800ms         0.10%      10.878ms      24.667us     404.979ms         5.23%     404.979ms     918.319us           441  
2026-09-24 13:25:01                                        aten::clamp_min_         0.04%       4.319ms         0.08%       8.117ms      18.407us     278.853ms         3.60%     278.853ms     632.321us           441  
2026-09-24 13:25:01                                           cudaHostAlloc         0.07%       7.850ms         0.07%       7.850ms       3.925ms       0.000us         0.00%       0.000us       0.000us             2  
2026-09-24 13:25:01                                            Unrecognized         0.07%       7.617ms         0.07%       7.617ms       2.539ms       0.000us         0.00%       0.000us       0.000us             3  
2026-09-24 13:25:01                         torch::autograd::AccumulateGrad         0.03%       3.380ms         0.07%       7.071ms       4.880us       0.000us         0.00%       0.000us       0.000us          1449  
2026-09-24 13:25:01                                        aten::empty_like         0.01%       1.160ms         0.05%       5.272ms      10.847us       0.000us         0.00%       0.000us       0.000us           486  
2026-09-24 13:25:01                                         cudaMemcpyAsync         0.05%       4.982ms         0.05%       4.990ms     138.609us       0.000us         0.00%       0.000us       0.000us            36  
2026-09-24 13:25:01                      Optimizer.zero_grad#Adam.zero_grad         0.04%       4.659ms         0.04%       4.659ms     517.654us       0.000us         0.00%       0.000us       0.000us             9  
2026-09-24 13:25:01                                            aten::detach         0.01%       1.445ms         0.04%       3.762ms       2.580us       0.000us         0.00%       0.000us       0.000us          1458  
2026-09-24 13:25:01                                                  detach         0.02%       2.317ms         0.02%       2.317ms       1.589us       0.000us         0.00%       0.000us       0.000us          1458  
2026-09-24 13:25:01                                              aten::view         0.02%       2.043ms         0.02%       2.043ms       2.045us       0.000us         0.00%       0.000us       0.000us           999  
2026-09-24 13:25:01     autograd::engine::evaluate_function: AddmmBackward0         0.00%     238.177us         0.02%       1.835ms     203.909us       0.000us         0.00%     333.090us      37.010us             9  
2026-09-24 13:25:01                                     aten::_foreach_add_         0.01%       1.178ms         0.02%       1.626ms     180.647us      74.017us         0.00%      74.017us       8.224us             9  
2026-09-24 13:25:01                                         cudaMemsetAsync         0.01%       1.348ms         0.01%       1.348ms       2.109us       0.000us         0.00%       0.000us       0.000us           639  
2026-09-24 13:25:01                                      aten::_fused_adam_         0.01%       1.004ms         0.01%       1.310ms     145.516us      66.386ms         0.86%      66.386ms       7.376ms             9  
2026-09-24 13:25:01                                          AddmmBackward0         0.00%     149.682us         0.01%       1.224ms     135.996us       0.000us         0.00%     206.722us      22.969us             9  
2026-09-24 13:25:01 autograd::engine::evaluate_function: NllLossBackward...         0.00%     229.964us         0.01%       1.166ms     129.545us       0.000us         0.00%      50.781us       5.642us             9  
2026-09-24 13:25:01                                            aten::linear         0.00%      45.606us         0.01%     994.440us     110.493us       0.000us         0.00%     201.659us      22.407us             9  
2026-09-24 13:25:01       autograd::engine::evaluate_function: AddBackward0         0.01%     821.286us         0.01%     990.997us       6.882us       0.000us         0.00%       0.000us       0.000us           144  
2026-09-24 13:25:01                                        NllLossBackward0         0.00%      90.664us         0.01%     935.942us     103.994us       0.000us         0.00%      50.781us       5.642us             9  
2026-09-24 13:25:01                                                aten::mm         0.01%     632.387us         0.01%     870.026us      48.335us     206.722us         0.00%     206.722us      11.485us            18  
2026-09-24 13:25:01                                 aten::nll_loss_backward         0.00%     295.603us         0.01%     845.278us      93.920us      32.575us         0.00%      50.781us       5.642us             9  
2026-09-24 13:25:01                                             aten::addmm         0.01%     583.816us         0.01%     813.764us      90.418us     201.659us         0.00%     201.659us      22.407us             9  
2026-09-24 13:25:01                                             aten::fill_         0.00%     304.974us         0.01%     773.796us      28.659us      11.940ms         0.15%      11.940ms     442.206us            27  
2026-09-24 13:25:01                                aten::cross_entropy_loss         0.00%      54.712us         0.01%     747.198us      83.022us       0.000us         0.00%      68.354us       7.595us             9  
2026-09-24 13:25:01      autograd::engine::evaluate_function: MeanBackward1         0.00%     110.275us         0.01%     671.829us      74.648us       0.000us         0.00%       1.736ms     192.892us             9  
2026-09-24 13:25:01                                     aten::empty_strided         0.01%     667.502us         0.01%     667.502us      12.361us       0.000us         0.00%       0.000us       0.000us            54  
2026-09-24 13:25:01                                             aten::zero_         0.00%      80.271us         0.01%     628.842us      34.936us       0.000us         0.00%      11.923ms     662.366us            18  
2026-09-24 13:25:01                                           MeanBackward1         0.00%      71.082us         0.01%     561.554us      62.395us       0.000us         0.00%       1.736ms     192.892us             9  
2026-09-24 13:25:01                                               aten::sub         0.00%     306.261us         0.01%     538.412us      59.824us       4.467ms         0.06%       4.467ms     496.338us             9  
2026-09-24 13:25:01 autograd::engine::evaluate_function: MaxPool2DWithIn...         0.00%      85.066us         0.01%     532.903us      59.211us       0.000us         0.00%      80.269ms       8.919ms             9  
2026-09-24 13:25:01                                        aten::max_pool2d         0.00%      56.372us         0.00%     483.757us      53.751us       0.000us         0.00%      23.613ms       2.624ms             9  
2026-09-24 13:25:01                               aten::adaptive_avg_pool2d         0.00%      36.539us         0.00%     469.530us      52.170us       0.000us         0.00%       3.723ms     413.664us             9  
2026-09-24 13:25:01                           MaxPool2DWithIndicesBackward0         0.00%      37.446us         0.00%     447.837us      49.760us       0.000us         0.00%      80.269ms       8.919ms             9  
2026-09-24 13:25:01                                              aten::mean         0.00%     325.457us         0.00%     432.991us      48.110us       3.723ms         0.05%       3.723ms     413.664us             9  
2026-09-24 13:25:01 autograd::engine::evaluate_function: LogSoftmaxBackw...         0.00%      83.330us         0.00%     432.820us      48.091us       0.000us         0.00%      21.762us       2.418us             9  
2026-09-24 13:25:01                                               aten::div         0.00%     292.464us         0.00%     429.767us      47.752us       1.736ms         0.02%       1.736ms     192.892us             9  
2026-09-24 13:25:01                           aten::max_pool2d_with_indices         0.00%     312.104us         0.00%     427.385us      47.487us      23.613ms         0.30%      23.613ms       2.624ms             9  
2026-09-24 13:25:01                  aten::max_pool2d_with_indices_backward         0.00%     169.842us         0.00%     410.391us      45.599us      68.364ms         0.88%      80.269ms       8.919ms             9  
2026-09-24 13:25:01                                                 aten::t         0.00%     176.070us         0.00%     394.209us       8.760us       0.000us         0.00%       0.000us       0.000us            45  
2026-09-24 13:25:01                                         aten::ones_like         0.00%      38.188us         0.00%     377.569us      41.952us       0.000us         0.00%      16.960us       1.884us             9  
2026-09-24 13:25:01                                       aten::log_softmax         0.00%      54.933us         0.00%     353.185us      39.243us       0.000us         0.00%      23.969us       2.663us             9  
2026-09-24 13:25:01                                     LogSoftmaxBackward0         0.00%      61.123us         0.00%     349.490us      38.832us       0.000us         0.00%      21.762us       2.418us             9  
2026-09-24 13:25:01                                               aten::sum         0.00%     224.436us         0.00%     342.559us      38.062us     126.368us         0.00%     126.368us      14.041us             9  
2026-09-24 13:25:01                                       aten::nll_loss_nd         0.00%      28.491us         0.00%     339.301us      37.700us       0.000us         0.00%      44.385us       4.932us             9  
2026-09-24 13:25:01                                          aten::nll_loss         0.00%      29.398us         0.00%     310.810us      34.534us       0.000us         0.00%      44.385us       4.932us             9  
2026-09-24 13:25:01                                      aten::_log_softmax         0.00%     179.437us         0.00%     292.380us      32.487us      23.969us         0.00%      23.969us       2.663us             9  
2026-09-24 13:25:01                        aten::_log_softmax_backward_data         0.00%     187.817us         0.00%     288.367us      32.041us      21.762us         0.00%      21.762us       2.418us             9  
2026-09-24 13:25:01                                  aten::nll_loss_forward         0.00%     197.927us         0.00%     281.412us      31.268us      44.385us         0.00%      44.385us       4.932us             9  
2026-09-24 13:25:01                                              aten::div_         0.00%     142.406us         0.00%     279.599us      31.067us       4.535ms         0.06%       4.535ms     503.901us             9  
2026-09-24 13:25:01                                     cudaPeekAtLastError         0.00%     267.678us         0.00%     267.678us       0.252us       0.000us         0.00%       0.000us       0.000us          1062  
2026-09-24 13:25:01                                              aten::mul_         0.00%     163.782us         0.00%     256.421us      28.491us       4.415ms         0.06%       4.415ms     490.550us             9  
2026-09-24 13:25:01                                          aten::randperm         0.00%      96.057us         0.00%     218.750us      18.229us       0.000us         0.00%       0.000us       0.000us            12  
2026-09-24 13:25:01                                         aten::transpose         0.00%     139.163us         0.00%     218.139us       4.848us       0.000us         0.00%       0.000us       0.000us            45  
2026-09-24 13:25:01         autograd::engine::evaluate_function: TBackward0         0.00%     121.770us         0.00%     194.260us      21.584us       0.000us         0.00%       0.000us       0.000us             9  
2026-09-24 13:25:01                                       aten::result_type         0.00%     189.082us         0.00%     189.082us       0.130us       0.000us         0.00%       0.000us       0.000us          1449  
2026-09-24 13:25:01                                            AddBackward0         0.00%     169.711us         0.00%     169.711us       1.179us       0.000us         0.00%       0.000us       0.000us           144  
2026-09-24 13:25:01                                    cudaFuncSetAttribute         0.00%     158.144us         0.00%     158.144us       1.952us       0.000us         0.00%       0.000us       0.000us            81  
2026-09-24 13:25:01                                cudaPointerGetAttributes         0.00%     126.471us         0.00%     126.471us       7.026us       0.000us         0.00%       0.000us       0.000us            18  
2026-09-24 13:25:01      autograd::engine::evaluate_function: ViewBackward0         0.00%      47.496us         0.00%     104.062us      11.562us       0.000us         0.00%       0.000us       0.000us             9  
2026-09-24 13:25:01                                           aten::flatten         0.00%      33.504us         0.00%      95.095us      10.566us       0.000us         0.00%       0.000us       0.000us             9  
2026-09-24 13:25:01                                        aten::as_strided         0.00%      92.862us         0.00%      92.862us       1.720us       0.000us         0.00%       0.000us       0.000us            54  
2026-09-24 13:25:01                                         cudaEventRecord         0.00%      84.883us         0.00%      84.883us       4.716us       0.000us         0.00%       0.000us       0.000us            18  
2026-09-24 13:25:01                                              TBackward0         0.00%      17.607us         0.00%      72.490us       8.054us       0.000us         0.00%       0.000us       0.000us             9  
2026-09-24 13:25:01                                            aten::expand         0.00%      46.819us         0.00%      60.705us       6.745us       0.000us         0.00%       0.000us       0.000us             9  
2026-09-24 13:25:01                                           ViewBackward0         0.00%      22.727us         0.00%      56.566us       6.285us       0.000us         0.00%       0.000us       0.000us             9  
2026-09-24 13:25:01                                           aten::random_         0.00%      55.957us         0.00%      55.957us      18.652us       0.000us         0.00%       0.000us       0.000us             3  
2026-09-24 13:25:01                                   cudaStreamIsCapturing         0.00%      40.884us         0.00%      40.884us       4.543us       0.000us         0.00%       0.000us       0.000us             9  
2026-09-24 13:25:01                                          cudaEventQuery         0.00%      36.938us         0.00%      36.938us       7.388us       0.000us         0.00%       0.000us       0.000us             5  
2026-09-24 13:25:01                                           aten::reshape         0.00%      11.670us         0.00%      33.839us       3.760us       0.000us         0.00%       0.000us       0.000us             9  
2026-09-24 13:25:01                                     aten::scalar_tensor         0.00%      17.232us         0.00%      17.232us       2.872us       0.000us         0.00%       0.000us       0.000us             6  
2026-09-24 13:25:01                                              aten::item         0.00%      10.131us         0.00%      15.498us       5.166us       0.000us         0.00%       0.000us       0.000us             3  
2026-09-24 13:25:01                                        aten::lift_fresh         0.00%      11.935us         0.00%      11.935us       0.663us       0.000us         0.00%       0.000us       0.000us            18  
2026-09-24 13:25:01 -------------------------------------------------------  ------------  ------------  ------------  ------------  ------------  ------------  ------------  ------------  ------------  ------------  
2026-09-24 13:25:01 Self CPU time total: 10.640s
2026-09-24 13:25:01 Self CUDA time total: 7.742s
2026-09-24 13:25:02 
2026-09-24 13:25:02 -------------------------------------------------------  ------------  ------------  ------------  ------------  ------------  ------------  ------------  ------------  ------------  ------------  
2026-09-24 13:25:02                                                    Name    Self CPU %      Self CPU   CPU total %     CPU total  CPU time avg     Self CUDA   Self CUDA %    CUDA total  CUDA time avg    # of Calls  
2026-09-24 13:25:02 -------------------------------------------------------  ------------  ------------  ------------  ------------  ------------  ------------  ------------  ------------  ------------  ------------  
2026-09-24 13:25:02 autograd::engine::evaluate_function: ConvolutionBack...         0.06%       6.606ms         0.57%      60.958ms     127.794us       0.000us         0.00%        3.725s       7.809ms           477  
2026-09-24 13:25:02                                    ConvolutionBackward0         0.02%       1.611ms         0.48%      51.373ms     107.701us       0.000us         0.00%        3.489s       7.314ms           477  
2026-09-24 13:25:02                              aten::convolution_backward         0.28%      29.837ms         0.47%      49.762ms     104.324us        3.489s        45.06%        3.489s       7.314ms           477  
2026-09-24 13:25:02                                            aten::conv2d         0.01%       1.019ms         0.34%      35.966ms      75.400us       0.000us         0.00%        1.420s       2.976ms           477  
2026-09-24 13:25:02                                       aten::convolution         0.04%       4.066ms         0.33%      34.947ms      73.263us       0.000us         0.00%        1.420s       2.976ms           477  
2026-09-24 13:25:02                                      aten::_convolution         0.03%       2.893ms         0.29%      30.881ms      64.740us       0.000us         0.00%        1.420s       2.976ms           477  
2026-09-24 13:25:02                                 aten::cudnn_convolution         0.18%      18.928ms         0.26%      27.988ms      58.674us        1.420s        18.34%        1.420s       2.976ms           477  
2026-09-24 13:25:02 autograd::engine::evaluate_function: CudnnBatchNormB...         0.06%       6.612ms         0.32%      34.253ms      71.808us       0.000us         0.00%     916.646ms       1.922ms           477  
2026-09-24 13:25:02                                 CudnnBatchNormBackward0         0.02%       2.032ms         0.26%      27.640ms      57.946us       0.000us         0.00%     916.646ms       1.922ms           477  
2026-09-24 13:25:02                         aten::cudnn_batch_norm_backward         0.11%      11.733ms         0.24%      25.608ms      53.686us     916.646ms        11.84%     916.646ms       1.922ms           477  
2026-09-24 13:25:02       _5x_cudnn_volta_scudnn_128x64_relu_interior_nn_v1         0.00%       0.000us         0.00%       0.000us       0.000us     676.984ms         8.74%     676.984ms       2.507ms           270  
2026-09-24 13:25:02                                   volta_sgemm_128x64_nt         0.00%       0.000us         0.00%       0.000us       0.000us     648.164ms         8.37%     648.164ms       2.001ms           324  
2026-09-24 13:25:02                                   volta_sgemm_128x64_tn         0.00%       0.000us         0.00%       0.000us       0.000us     624.124ms         8.06%     624.124ms       3.015ms           207  
2026-09-24 13:25:02                                        aten::batch_norm         0.01%     835.777us         0.37%      39.562ms      82.940us       0.000us         0.00%     558.585ms       1.171ms           477  
2026-09-24 13:25:02                            aten::_batch_norm_impl_index         0.02%       1.909ms         0.36%      38.727ms      81.188us       0.000us         0.00%     558.585ms       1.171ms           477  
2026-09-24 13:25:02                                  aten::cudnn_batch_norm         0.17%      17.657ms         0.35%      36.817ms      77.185us     558.585ms         7.21%     558.585ms       1.171ms           477  
2026-09-24 13:25:02                                              aten::add_         0.10%      10.602ms         0.16%      16.999ms      21.962us     470.923ms         6.08%     470.923ms     608.428us           774  
2026-09-24 13:25:02 void at::native::vectorized_elementwise_kernel<4, at...         0.00%       0.000us         0.00%       0.000us       0.000us     469.522ms         6.06%     469.522ms       1.581ms           297  
2026-09-24 13:25:02 void cudnn::bn_bw_1C11_kernel_new<float, float, floa...         0.00%       0.000us         0.00%       0.000us       0.000us     447.204ms         5.78%     447.204ms       1.212ms           369  
2026-09-24 13:25:02      _5x_cudnn_volta_scudnn_128x64_stridedB_small_nn_v1         0.00%       0.000us         0.00%       0.000us       0.000us     440.822ms         5.69%     440.822ms       2.881ms           153  
2026-09-24 13:25:02      autograd::engine::evaluate_function: ReluBackward0         0.03%       3.374ms         0.15%      15.843ms      35.925us       0.000us         0.00%     404.979ms     918.319us           441  
2026-09-24 13:25:02                                           ReluBackward0         0.01%       1.590ms         0.12%      12.469ms      28.274us       0.000us         0.00%     404.979ms     918.319us           441  
2026-09-24 13:25:02                                aten::threshold_backward         0.06%       6.800ms         0.10%      10.878ms      24.667us     404.979ms         5.23%     404.979ms     918.319us           441  
2026-09-24 13:25:02 void at::native::vectorized_elementwise_kernel<4, at...         0.00%       0.000us         0.00%       0.000us       0.000us     404.979ms         5.23%     404.979ms     918.319us           441  
2026-09-24 13:25:02 void cudnn::bn_bw_1C11_kernel_new<float, float, floa...         0.00%       0.000us         0.00%       0.000us       0.000us     400.941ms         5.18%     400.941ms       4.050ms            99  
2026-09-24 13:25:02         _5x_cudnn_volta_scudnn_128x128_relu_small_nn_v1         0.00%       0.000us         0.00%       0.000us       0.000us     316.041ms         4.08%     316.041ms       5.017ms            63  
2026-09-24 13:25:02                                             aten::relu_         0.05%       5.481ms         0.13%      13.598ms      30.835us       0.000us         0.00%     278.853ms     632.321us           441  
2026-09-24 13:25:02                                        aten::clamp_min_         0.04%       4.319ms         0.08%       8.117ms      18.407us     278.853ms         3.60%     278.853ms     632.321us           441  
2026-09-24 13:25:02 void at::native::vectorized_elementwise_kernel<4, at...         0.00%       0.000us         0.00%       0.000us       0.000us     278.853ms         3.60%     278.853ms     632.321us           441  
2026-09-24 13:25:02 void cudnn::cnn::wgrad_alg1_engine<float, float, 128...         0.00%       0.000us         0.00%       0.000us       0.000us     274.407ms         3.54%     274.407ms       4.356ms            63  
2026-09-24 13:25:02 void cudnn::detail::dgrad_engine<float, 512, 6, 5, 3...         0.00%       0.000us         0.00%       0.000us       0.000us     261.136ms         3.37%     261.136ms       9.672ms            27  
2026-09-24 13:25:02 void cudnn::bn_fw_tr_1C11_kernel_NCHW<float, float, ...         0.00%       0.000us         0.00%       0.000us       0.000us     246.534ms         3.18%     246.534ms       2.490ms            99  
2026-09-24 13:25:02 void cudnn::bn_fw_tr_1C11_kernel_NCHW<float, float, ...         0.00%       0.000us         0.00%       0.000us       0.000us     245.289ms         3.17%     245.289ms     851.699us           288  
2026-09-24 13:25:02 _5x_cudnn_turing_scudnn_128x64_stridedB_splitK_xregs...         0.00%       0.000us         0.00%       0.000us       0.000us     239.124ms         3.09%     239.124ms       6.642ms            36  
2026-09-24 13:25:02                                   volta_sgemm_128x64_nn         0.00%       0.000us         0.00%       0.000us       0.000us     227.985ms         2.94%     227.985ms       1.689ms           135  
2026-09-24 13:25:02                                    volta_sgemm_64x64_tn         0.00%       0.000us         0.00%       0.000us       0.000us     225.028ms         2.91%     225.028ms       5.001ms            45  
2026-09-24 13:25:02 void cudnn::detail::dgrad_engine<float, 128, 6, 8, 3...         0.00%       0.000us         0.00%       0.000us       0.000us     200.711ms         2.59%     200.711ms       7.434ms            27  
2026-09-24 13:25:02 void cudnn::winograd_nonfused::winogradForwardData4x...         0.00%       0.000us         0.00%       0.000us       0.000us     148.436ms         1.92%     148.436ms     634.342us           234  
2026-09-24 13:25:02 void cudnn::winograd_nonfused::winogradForwardOutput...         0.00%       0.000us         0.00%       0.000us       0.000us     133.625ms         1.73%     133.625ms     571.046us           234  
2026-09-24 13:25:02                                    volta_sgemm_64x64_nt         0.00%       0.000us         0.00%       0.000us       0.000us     105.011ms         1.36%     105.011ms       1.945ms            54  
2026-09-24 13:25:02 autograd::engine::evaluate_function: MaxPool2DWithIn...         0.00%      85.066us         0.01%     532.903us      59.211us       0.000us         0.00%      80.269ms       8.919ms             9  
2026-09-24 13:25:02                           MaxPool2DWithIndicesBackward0         0.00%      37.446us         0.00%     447.837us      49.760us       0.000us         0.00%      80.269ms       8.919ms             9  
2026-09-24 13:25:02                  aten::max_pool2d_with_indices_backward         0.00%     169.842us         0.00%     410.391us      45.599us      68.364ms         0.88%      80.269ms       8.919ms             9  
2026-09-24 13:25:02 void cudnn::winograd_nonfused::winogradWgradDelta4x4...         0.00%       0.000us         0.00%       0.000us       0.000us      77.098ms         1.00%      77.098ms     658.960us           117  
2026-09-24 13:25:02 void cudnn::winograd_nonfused::winogradWgradData4x4<...         0.00%       0.000us         0.00%       0.000us       0.000us      73.778ms         0.95%      73.778ms     630.583us           117  
2026-09-24 13:25:02 void cudnn::bn_bw_1C11_kernel_new<float, float, floa...         0.00%       0.000us         0.00%       0.000us       0.000us      68.500ms         0.88%      68.500ms       7.611ms             9  
2026-09-24 13:25:02 void at::native::(anonymous namespace)::max_pool_bac...         0.00%       0.000us         0.00%       0.000us       0.000us      68.364ms         0.88%      68.364ms       7.596ms             9  
2026-09-24 13:25:02                                Optimizer.step#Adam.step         0.00%       0.000us         0.00%       0.000us       0.000us      66.509ms         0.86%      66.509ms       7.390ms             9  
2026-09-24 13:25:02                                Optimizer.step#Adam.step         0.08%       8.751ms         0.11%      11.728ms       1.303ms       0.000us         0.00%      66.460ms       7.384ms             9  
2026-09-24 13:25:02                                      aten::_fused_adam_         0.01%       1.004ms         0.01%       1.310ms     145.516us      66.386ms         0.86%      66.386ms       7.376ms             9  
2026-09-24 13:25:02 void at::native::(anonymous namespace)::multi_tensor...         0.00%       0.000us         0.00%       0.000us       0.000us      66.386ms         0.86%      66.386ms       1.475ms            45  
2026-09-24 13:25:02 void cudnn::cnn::reduce_wgrad_nchw_helper<float, flo...         0.00%       0.000us         0.00%       0.000us       0.000us      61.362ms         0.79%      61.362ms     243.500us           252  
2026-09-24 13:25:02 void wgrad_alg0_engine<float, 128, 6, 8, 3, 3, 5, fa...         0.00%       0.000us         0.00%       0.000us       0.000us      61.145ms         0.79%      61.145ms       6.794ms             9  
2026-09-24 13:25:02         _5x_cudnn_volta_scudnn_128x64_relu_medium_nn_v1         0.00%       0.000us         0.00%       0.000us       0.000us      48.842ms         0.63%      48.842ms       5.427ms             9  
2026-09-24 13:25:02 void cudnn::bn_fw_tr_1C11_kernel_NCHW<float, float, ...         0.00%       0.000us         0.00%       0.000us       0.000us      42.457ms         0.55%      42.457ms       4.717ms             9  
2026-09-24 13:25:02 void cudnn::engines_precompiled::scalePackedTensor_k...         0.00%       0.000us         0.00%       0.000us       0.000us      33.261ms         0.43%      33.261ms     615.947us            54  
2026-09-24 13:25:02 void cudnn::bn_fw_tr_1C11_singleread<float, 512, tru...         0.00%       0.000us         0.00%       0.000us       0.000us      24.305ms         0.31%      24.305ms     300.062us            81  
2026-09-24 13:25:02                                        aten::max_pool2d         0.00%      56.372us         0.00%     483.757us      53.751us       0.000us         0.00%      23.613ms       2.624ms             9  
2026-09-24 13:25:02                           aten::max_pool2d_with_indices         0.00%     312.104us         0.00%     427.385us      47.487us      23.613ms         0.30%      23.613ms       2.624ms             9  
2026-09-24 13:25:02 void at::native::(anonymous namespace)::max_pool_for...         0.00%       0.000us         0.00%       0.000us       0.000us      23.613ms         0.30%      23.613ms       2.624ms             9  
2026-09-24 13:25:02 void cudnn::winograd_nonfused::winogradForwardFilter...         0.00%       0.000us         0.00%       0.000us       0.000us      15.198ms         0.20%      15.198ms      64.948us           234  
2026-09-24 13:25:02                                                aten::to         0.01%     590.386us        46.82%        4.982s       9.382ms       0.000us         0.00%      14.199ms      26.739us           531  
2026-09-24 13:25:02                                          aten::_to_copy         0.00%     375.994us        46.82%        4.981s     110.695ms       0.000us         0.00%      14.199ms     315.526us            45  
2026-09-24 13:25:02                                             aten::copy_         0.01%     695.567us        46.81%        4.980s     110.674ms      14.199ms         0.18%      14.199ms     315.526us            45  
2026-09-24 13:25:02 void cudnn::winograd_nonfused::winogradWgradOutput4x...         0.00%       0.000us         0.00%       0.000us       0.000us      13.189ms         0.17%      13.189ms     112.728us           117  
2026-09-24 13:25:02                                             aten::fill_         0.00%     304.974us         0.01%     773.796us      28.659us      11.940ms         0.15%      11.940ms     442.206us            27  
2026-09-24 13:25:02 void at::native::vectorized_elementwise_kernel<4, at...         0.00%       0.000us         0.00%       0.000us       0.000us      11.940ms         0.15%      11.940ms     442.206us            27  
2026-09-24 13:25:02                                             aten::zero_         0.00%      80.271us         0.01%     628.842us      34.936us       0.000us         0.00%      11.923ms     662.366us            18  
2026-09-24 13:25:02                          Memcpy HtoD (Pinned -> Device)         0.00%       0.000us         0.00%       0.000us       0.000us      10.601ms         0.14%      10.601ms     588.939us            18  
2026-09-24 13:25:02                                              aten::div_         0.00%     142.406us         0.00%     279.599us      31.067us       4.535ms         0.06%       4.535ms     503.901us             9  
2026-09-24 13:25:02 void at::native::elementwise_kernel<128, 2, at::nati...         0.00%       0.000us         0.00%       0.000us       0.000us       4.535ms         0.06%       4.535ms     503.901us             9  
2026-09-24 13:25:02                                               aten::sub         0.00%     306.261us         0.01%     538.412us      59.824us       4.467ms         0.06%       4.467ms     496.338us             9  
2026-09-24 13:25:02 void at::native::elementwise_kernel<128, 2, at::nati...         0.00%       0.000us         0.00%       0.000us       0.000us       4.467ms         0.06%       4.467ms     496.338us             9  
2026-09-24 13:25:02                                              aten::mul_         0.00%     163.782us         0.00%     256.421us      28.491us       4.415ms         0.06%       4.415ms     490.550us             9  
2026-09-24 13:25:02 void at::native::vectorized_elementwise_kernel<4, at...         0.00%       0.000us         0.00%       0.000us       0.000us       4.415ms         0.06%       4.415ms     490.550us             9  
2026-09-24 13:25:02                               aten::adaptive_avg_pool2d         0.00%      36.539us         0.00%     469.530us      52.170us       0.000us         0.00%       3.723ms     413.664us             9  
2026-09-24 13:25:02                                              aten::mean         0.00%     325.457us         0.00%     432.991us      48.110us       3.723ms         0.05%       3.723ms     413.664us             9  
2026-09-24 13:25:02 void at::native::reduce_kernel<512, 1, at::native::R...         0.00%       0.000us         0.00%       0.000us       0.000us       3.723ms         0.05%       3.723ms     413.664us             9  
2026-09-24 13:25:02 void at::native::unrolled_elementwise_kernel<at::nat...         0.00%       0.000us         0.00%       0.000us       0.000us       3.588ms         0.05%       3.588ms     398.624us             9  
2026-09-24 13:25:02      autograd::engine::evaluate_function: MeanBackward1         0.00%     110.275us         0.01%     671.829us      74.648us       0.000us         0.00%       1.736ms     192.892us             9  
2026-09-24 13:25:02                                           MeanBackward1         0.00%      71.082us         0.01%     561.554us      62.395us       0.000us         0.00%       1.736ms     192.892us             9  
2026-09-24 13:25:02                                               aten::div         0.00%     292.464us         0.00%     429.767us      47.752us       1.736ms         0.02%       1.736ms     192.892us             9  
2026-09-24 13:25:02 void at::native::elementwise_kernel<128, 2, at::nati...         0.00%       0.000us         0.00%       0.000us       0.000us       1.736ms         0.02%       1.736ms     192.892us             9  
2026-09-24 13:25:02 void at::native::vectorized_elementwise_kernel<2, at...         0.00%       0.000us         0.00%       0.000us       0.000us       1.402ms         0.02%       1.402ms       2.939us           477  
2026-09-24 13:25:02 void cask__5x_cudnn::computeOffsetsKernel<false, fal...         0.00%       0.000us         0.00%       0.000us       0.000us       1.105ms         0.01%       1.105ms       3.231us           342  
2026-09-24 13:25:02                                         Memset (Device)         0.00%       0.000us         0.00%       0.000us       0.000us     593.153us         0.01%     593.153us       4.119us           144  
2026-09-24 13:25:02 void cask__5x_cudnn::computeOffsetsKernel<true, fals...         0.00%       0.000us         0.00%       0.000us       0.000us     518.117us         0.01%     518.117us       3.386us           153  
2026-09-24 13:25:02 cask__5x_cudnn::computeBOffsetsKernel(cask__5x_cudnn...         0.00%       0.000us         0.00%       0.000us       0.000us     390.818us         0.01%     390.818us       2.554us           153  
2026-09-24 13:25:02     autograd::engine::evaluate_function: AddmmBackward0         0.00%     238.177us         0.02%       1.835ms     203.909us       0.000us         0.00%     333.090us      37.010us             9  
2026-09-24 13:25:02                                          AddmmBackward0         0.00%     149.682us         0.01%       1.224ms     135.996us       0.000us         0.00%     206.722us      22.969us             9  
2026-09-24 13:25:02                                                aten::mm         0.01%     632.387us         0.01%     870.026us      48.335us     206.722us         0.00%     206.722us      11.485us            18  
2026-09-24 13:25:02                                            aten::linear         0.00%      45.606us         0.01%     994.440us     110.493us       0.000us         0.00%     201.659us      22.407us             9  
2026-09-24 13:25:02                                             aten::addmm         0.01%     583.816us         0.01%     813.764us      90.418us     201.659us         0.00%     201.659us      22.407us             9  
2026-09-24 13:25:02                                   volta_sgemm_32x128_tn         0.00%       0.000us         0.00%       0.000us       0.000us     160.606us         0.00%     160.606us      17.845us             9  
2026-09-24 13:25:02                                               aten::sum         0.00%     224.436us         0.00%     342.559us      38.062us     126.368us         0.00%     126.368us      14.041us             9  
2026-09-24 13:25:02 void at::native::reduce_kernel<256, 2, at::native::R...         0.00%       0.000us         0.00%       0.000us       0.000us     126.368us         0.00%     126.368us      14.041us             9  
2026-09-24 13:25:02                                   volta_sgemm_128x32_nt         0.00%       0.000us         0.00%       0.000us       0.000us     116.896us         0.00%     116.896us      12.988us             9  
2026-09-24 13:25:02 cask__5x_cudnn::computeWgradSplitKOffsetsKernel(cask...         0.00%       0.000us         0.00%       0.000us       0.000us      97.535us         0.00%      97.535us       2.709us            36  
2026-09-24 13:25:02                                   volta_sgemm_128x32_nn         0.00%       0.000us         0.00%       0.000us       0.000us      89.826us         0.00%      89.826us       9.981us             9  
2026-09-24 13:25:02 cask__5x_cudnn::computeWgradBOffsetsKernel(cask__5x_...         0.00%       0.000us         0.00%       0.000us       0.000us      88.094us         0.00%      88.094us       2.447us            36  
2026-09-24 13:25:02 -------------------------------------------------------  ------------  ------------  ------------  ------------  ------------  ------------  ------------  ------------  ------------  ------------  
2026-09-24 13:25:02 Self CPU time total: 10.640s
2026-09-24 13:25:02 Self CUDA time total: 7.742s
2026-09-24 13:25:03 
2026-09-24 13:25:03 Train 1st Epoch Profiler:
2026-09-24 13:25:03 -------------------------------------------------------  ------------  ------------  ------------  ------------  ------------  ------------  ------------  ------------  ------------  ------------  
2026-09-24 13:25:03                                                    Name    Self CPU %      Self CPU   CPU total %     CPU total  CPU time avg     Self CUDA   Self CUDA %    CUDA total  CUDA time avg    # of Calls  
2026-09-24 13:25:03 -------------------------------------------------------  ------------  ------------  ------------  ------------  ------------  ------------  ------------  ------------  ------------  ------------  
2026-09-24 13:25:03 enumerate(DataLoader)#_MultiProcessingDataLoaderIter...        23.74%     995.111ms        24.01%        1.006s     251.608ms       0.000us         0.00%       0.000us       0.000us             4  
2026-09-24 13:25:03                                        cudaLaunchKernel         8.69%     364.469ms        23.08%     967.516ms     371.979us       0.000us         0.00%     155.673ms      59.851us          2601  
2026-09-24 13:25:03                        Runtime Triggered Module Loading        22.09%     926.036ms        22.28%     933.958ms      15.064ms     110.663ms         4.34%     110.663ms       1.785ms            62  
2026-09-24 13:25:03                                                aten::to         0.01%     210.687us        20.02%     839.331ms       4.742ms       0.000us         0.00%       6.332ms      35.776us           177  
2026-09-24 13:25:03                                          aten::_to_copy         0.00%     143.330us        20.02%     839.120ms      55.941ms       0.000us         0.00%       6.332ms     422.155us            15  
2026-09-24 13:25:03                                             aten::copy_         0.01%     267.608us        20.00%     838.478ms      55.899ms       4.780ms         0.19%       6.332ms     422.155us            15  
2026-09-24 13:25:03                                   cudaStreamSynchronize        19.56%     820.067ms        19.56%     820.067ms     136.678ms       0.000us         0.00%       0.000us       0.000us             6  
2026-09-24 13:25:03                                   cudaDeviceSynchronize        19.05%     798.617ms        19.05%     798.617ms     798.617ms       0.000us         0.00%       0.000us       0.000us             1  
2026-09-24 13:25:03 autograd::engine::evaluate_function: ConvolutionBack...         0.07%       2.762ms         8.24%     345.235ms       2.171ms       0.000us         0.00%        1.209s       7.603ms           159  
2026-09-24 13:25:03                                    ConvolutionBackward0         0.02%     859.282us         8.14%     341.353ms       2.147ms       0.000us         0.00%        1.130s       7.107ms           159  
2026-09-24 13:25:03                              aten::convolution_backward         0.61%      25.487ms         8.12%     340.494ms       2.141ms        1.130s        44.28%        1.130s       7.107ms           159  
2026-09-24 13:25:03                               aten::adaptive_avg_pool2d         0.00%      35.923us         5.56%     233.242ms      77.747ms       0.000us         0.00%       2.411ms     803.573us             3  
2026-09-24 13:25:03                                              aten::mean         0.00%     191.333us         5.56%     233.206ms      77.735ms       1.212ms         0.05%       2.411ms     803.573us             3  
2026-09-24 13:25:03                                Optimizer.step#Adam.step         0.17%       7.129ms         5.21%     218.328ms      72.776ms       0.000us         0.00%      44.904ms      14.968ms             3  
2026-09-24 13:25:03                                     aten::_foreach_add_         0.01%     536.958us         4.70%     197.071ms      65.690ms      23.870us         0.00%      46.526us      15.509us             3  
2026-09-24 13:25:03                                            aten::conv2d         0.01%     487.931us         4.68%     196.299ms       1.235ms       0.000us         0.00%     596.481ms       3.751ms           159  
2026-09-24 13:25:03                                       aten::convolution         0.04%       1.754ms         4.67%     195.811ms       1.232ms       0.000us         0.00%     596.481ms       3.751ms           159  
2026-09-24 13:25:03                                      aten::_convolution         0.03%       1.165ms         4.63%     194.058ms       1.220ms       0.000us         0.00%     596.481ms       3.751ms           159  
2026-09-24 13:25:03                                 aten::cudnn_convolution         2.58%     108.084ms         4.60%     192.893ms       1.213ms     477.000ms        18.69%     596.481ms       3.751ms           159  
2026-09-24 13:25:03                                        aten::batch_norm         0.01%     380.011us         0.83%      34.673ms     218.070us       0.000us         0.00%     202.787ms       1.275ms           159  
2026-09-24 13:25:03                            aten::_batch_norm_impl_index         0.02%     676.894us         0.82%      34.293ms     215.680us       0.000us         0.00%     202.787ms       1.275ms           159  
2026-09-24 13:25:03                                  aten::cudnn_batch_norm         0.23%       9.655ms         0.80%      33.616ms     211.422us     186.394ms         7.30%     202.787ms       1.275ms           159  
2026-09-24 13:25:03                                             aten::relu_         0.05%       1.979ms         0.65%      27.093ms     184.304us       0.000us         0.00%     100.510ms     683.741us           147  
2026-09-24 13:25:03                                aten::cross_entropy_loss         0.00%      58.431us         0.63%      26.390ms       8.797ms       0.000us         0.00%      39.646us      13.215us             3  
2026-09-24 13:25:03                                        aten::clamp_min_         0.04%       1.673ms         0.60%      25.114ms     170.841us      92.816ms         3.64%     100.510ms     683.741us           147  
2026-09-24 13:25:03                                            aten::linear         0.00%      30.381us         0.58%      24.123ms       8.041ms       0.000us         0.00%     135.321us      45.107us             3  
2026-09-24 13:25:03                                             aten::addmm         0.07%       3.119ms         0.57%      24.045ms       8.015ms      66.879us         0.00%     135.321us      45.107us             3  
2026-09-24 13:25:03 autograd::engine::evaluate_function: CudnnBatchNormB...         0.06%       2.588ms         0.57%      23.725ms     149.216us       0.000us         0.00%     304.765ms       1.917ms           159  
2026-09-24 13:25:03                                 CudnnBatchNormBackward0         0.02%     819.961us         0.50%      21.138ms     132.940us       0.000us         0.00%     304.765ms       1.917ms           159  
2026-09-24 13:25:03                                              cudaMalloc         0.49%      20.558ms         0.49%      20.558ms     195.792us       0.000us         0.00%       0.000us       0.000us           105  
2026-09-24 13:25:03                         aten::cudnn_batch_norm_backward         0.12%       5.007ms         0.48%      20.318ms     127.783us     304.765ms        11.94%     304.765ms       1.917ms           159  
2026-09-24 13:25:03                                             aten::empty         0.25%      10.563ms         0.48%      19.979ms      11.326us       0.000us         0.00%       0.000us       0.000us          1764  
2026-09-24 13:25:03                                       aten::log_softmax         0.00%      34.261us         0.45%      18.762ms       6.254ms       0.000us         0.00%      13.854us       4.618us             3  
2026-09-24 13:25:03                                      aten::_log_softmax         0.00%     121.893us         0.45%      18.726ms       6.242ms       7.422us         0.00%      13.854us       4.618us             3  
2026-09-24 13:25:03                                           cudaHostAlloc         0.44%      18.550ms         0.44%      18.588ms       3.098ms       0.000us         0.00%      22.814us       3.802us             6  
2026-09-24 13:25:03                                    cudaGetSymbolAddress         0.43%      17.898ms         0.43%      18.161ms      18.161ms       0.000us         0.00%      18.250ms      18.250ms             1  
2026-09-24 13:25:03      autograd::engine::evaluate_function: ReluBackward0         0.03%       1.347ms         0.41%      16.988ms     115.565us       0.000us         0.00%     135.253ms     920.089us           147  
2026-09-24 13:25:03                                               aten::sub         0.00%     180.119us         0.38%      15.779ms       5.260ms       1.510ms         0.06%       3.157ms       1.052ms             3  
2026-09-24 13:25:03                                           ReluBackward0         0.02%     641.006us         0.37%      15.641ms     106.405us       0.000us         0.00%     135.253ms     920.089us           147  
2026-09-24 13:25:03                                aten::threshold_backward         0.07%       2.730ms         0.36%      15.000ms     102.044us     135.253ms         5.30%     135.253ms     920.089us           147  
2026-09-24 13:25:03                                        aten::empty_like         0.02%     935.785us         0.28%      11.936ms      24.661us       0.000us         0.00%       0.000us       0.000us           484  
2026-09-24 13:25:03                                              aten::div_         0.00%      96.702us         0.28%      11.644ms       3.881ms       1.542ms         0.06%       3.277ms       1.092ms             3  
2026-09-24 13:25:03                                             aten::fill_         0.05%       2.240ms         0.28%      11.579ms      23.534us       5.372ms         0.21%       5.377ms      10.929us           492  
2026-09-24 13:25:03     autograd::engine::evaluate_function: AddmmBackward0         0.00%     117.165us         0.25%      10.657ms       3.552ms       0.000us         0.00%     100.320us      33.440us             3  
2026-09-24 13:25:03                                              aten::mul_         0.00%     117.759us         0.24%      10.140ms       3.380ms       1.463ms         0.06%       2.911ms     970.251us             3  
2026-09-24 13:25:03                                               aten::sum         0.02%     718.154us         0.23%       9.460ms       3.153ms      35.999us         0.00%      35.999us      12.000us             3  
2026-09-24 13:25:03                                        aten::zeros_like         0.02%     654.307us         0.22%       9.266ms      28.778us       0.000us         0.00%       1.171ms       3.635us           322  
2026-09-24 13:25:03                                       aten::nll_loss_nd         0.00%      21.819us         0.18%       7.569ms       2.523ms       0.000us         0.00%      25.792us       8.597us             3  
2026-09-24 13:25:03                                          aten::nll_loss         0.00%      20.400us         0.18%       7.548ms       2.516ms       0.000us         0.00%      25.792us       8.597us             3  
2026-09-24 13:25:03                                  aten::nll_loss_forward         0.00%     130.955us         0.18%       7.527ms       2.509ms      13.696us         0.00%      25.792us       8.597us             3  
2026-09-24 13:25:03                                              aten::add_         0.11%       4.451ms         0.16%       6.894ms      26.719us     157.104ms         6.16%     160.850ms     623.450us           258  
2026-09-24 13:25:03                                             aten::zero_         0.03%       1.149ms         0.16%       6.665ms      13.630us       0.000us         0.00%       5.367ms      10.976us           489  
2026-09-24 13:25:03           cudaOccupancyMaxActiveBlocksPerMultiprocessor         0.03%       1.109ms         0.16%       6.631ms       8.579us       0.000us         0.00%      10.714ms      13.860us           773  
2026-09-24 13:25:03                                         aten::ones_like         0.00%      19.331us         0.15%       6.142ms       2.047ms       0.000us         0.00%       9.856us       3.285us             3  
2026-09-24 13:25:03 autograd::engine::evaluate_function: torch::autograd...         0.06%       2.428ms         0.13%       5.313ms      11.000us       0.000us         0.00%       0.000us       0.000us           483  
2026-09-24 13:25:03                                     aten::empty_strided         0.05%       2.299ms         0.11%       4.533ms      13.333us       0.000us         0.00%       0.000us       0.000us           340  
2026-09-24 13:25:03                                             aten::zeros         0.01%     414.830us         0.09%       3.679ms      22.853us       0.000us         0.00%     227.073us       1.410us           161  
2026-09-24 13:25:03                                   Lazy Function Loading         0.08%       3.378ms         0.08%       3.378ms      43.869us      77.337ms         3.03%      77.337ms       1.004ms            77  
2026-09-24 13:25:03                                  cudaDeviceGetAttribute         0.07%       2.897ms         0.07%       2.897ms      41.980us       0.000us         0.00%       0.000us       0.000us            69  
2026-09-24 13:25:03                         torch::autograd::AccumulateGrad         0.03%       1.404ms         0.07%       2.885ms       5.972us       0.000us         0.00%       0.000us       0.000us           483  
2026-09-24 13:25:03                                        aten::max_pool2d         0.00%      28.456us         0.06%       2.541ms     847.069us       0.000us         0.00%      19.569ms       6.523ms             3  
2026-09-24 13:25:03                           aten::max_pool2d_with_indices         0.00%     166.294us         0.06%       2.513ms     837.583us       8.347ms         0.33%      19.569ms       6.523ms             3  
2026-09-24 13:25:03                                                cudaFree         0.06%       2.334ms         0.06%       2.334ms     583.413us       0.000us         0.00%       0.000us       0.000us             4  
2026-09-24 13:25:03                                            Unrecognized         0.05%       2.300ms         0.05%       2.300ms       2.300ms       0.000us         0.00%       0.000us       0.000us             1  
2026-09-24 13:25:03                              cudaGetDeviceProperties_v2         0.04%       1.584ms         0.04%       1.584ms     792.094us       0.000us         0.00%       0.000us       0.000us             2  
2026-09-24 13:25:03                                            aten::detach         0.01%     588.814us         0.04%       1.527ms       3.141us       0.000us         0.00%       0.000us       0.000us           486  
2026-09-24 13:25:03                      Optimizer.zero_grad#Adam.zero_grad         0.03%       1.288ms         0.03%       1.288ms     429.234us       0.000us         0.00%       0.000us       0.000us             3  
2026-09-24 13:25:03                                      aten::_fused_adam_         0.01%     423.935us         0.03%       1.171ms     390.420us      21.712ms         0.85%      43.460ms      14.487ms             3  
2026-09-24 13:25:03                                          AddmmBackward0         0.00%      89.630us         0.03%       1.061ms     353.735us       0.000us         0.00%      64.321us      21.440us             3  
2026-09-24 13:25:03                                                  detach         0.02%     937.889us         0.02%     937.889us       1.930us       0.000us         0.00%       0.000us       0.000us           486  
2026-09-24 13:25:03                                              aten::view         0.02%     897.184us         0.02%     897.184us       2.694us       0.000us         0.00%       0.000us       0.000us           333  
2026-09-24 13:25:03                                                aten::mm         0.01%     513.024us         0.02%     885.584us     147.597us      64.321us         0.00%      64.321us      10.720us             6  
2026-09-24 13:25:03                                         cudaMemsetAsync         0.02%     669.687us         0.02%     669.687us       3.115us       0.000us         0.00%       0.000us       0.000us           215  
2026-09-24 13:25:03 cudaOccupancyMaxActiveBlocksPerMultiprocessorWithFla...         0.01%     292.112us         0.02%     642.047us       3.822us       0.000us         0.00%       3.207ms      19.091us           168  
2026-09-24 13:25:03                               cudaStreamCreateWithFlags         0.01%     545.236us         0.01%     545.236us      17.039us       0.000us         0.00%       0.000us       0.000us            32  
2026-09-24 13:25:03 autograd::engine::evaluate_function: NllLossBackward...         0.00%      73.199us         0.01%     539.301us     179.767us       0.000us         0.00%      15.646us       5.215us             3  
2026-09-24 13:25:03      autograd::engine::evaluate_function: MeanBackward1         0.00%      23.475us         0.01%     511.102us     170.367us       0.000us         0.00%     551.682us     183.894us             3  
2026-09-24 13:25:03                                           MeanBackward1         0.00%      34.477us         0.01%     487.627us     162.542us       0.000us         0.00%     551.682us     183.894us             3  
2026-09-24 13:25:03                                        NllLossBackward0         0.00%      46.788us         0.01%     466.102us     155.367us       0.000us         0.00%      15.646us       5.215us             3  
2026-09-24 13:25:03                                               aten::div         0.00%     120.450us         0.01%     430.046us     143.349us     551.682us         0.02%     551.682us     183.894us             3  
2026-09-24 13:25:03                                 aten::nll_loss_backward         0.00%     182.286us         0.01%     419.314us     139.771us      10.014us         0.00%      15.646us       5.215us             3  
2026-09-24 13:25:03       autograd::engine::evaluate_function: AddBackward0         0.01%     313.064us         0.01%     376.356us       7.841us       0.000us         0.00%       0.000us       0.000us            48  
2026-09-24 13:25:03                                         cudaMemcpyAsync         0.01%     311.741us         0.01%     311.741us      25.978us       0.000us         0.00%       0.000us       0.000us            12  
2026-09-24 13:25:03 autograd::engine::evaluate_function: MaxPool2DWithIn...         0.00%      36.940us         0.01%     287.541us      95.847us       0.000us         0.00%      26.077ms       8.692ms             3  
2026-09-24 13:25:03                           MaxPool2DWithIndicesBackward0         0.00%      37.557us         0.01%     250.601us      83.534us       0.000us         0.00%      26.077ms       8.692ms             3  
2026-09-24 13:25:03 autograd::engine::evaluate_function: LogSoftmaxBackw...         0.00%      55.877us         0.01%     234.792us      78.264us       0.000us         0.00%       6.752us       2.251us             3  
2026-09-24 13:25:03                                     cudaPeekAtLastError         0.01%     227.485us         0.01%     227.485us       0.202us       0.000us         0.00%       0.000us       0.000us          1128  
2026-09-24 13:25:03                  aten::max_pool2d_with_indices_backward         0.00%      79.420us         0.01%     213.044us      71.015us      22.113ms         0.87%      26.077ms       8.692ms             3  
2026-09-24 13:25:03                                     LogSoftmaxBackward0         0.00%      36.052us         0.00%     178.915us      59.638us       0.000us         0.00%       6.752us       2.251us             3  
2026-09-24 13:25:03                                   cudaStreamIsCapturing         0.00%     164.087us         0.00%     164.087us       1.641us       0.000us         0.00%       0.000us       0.000us           100  
2026-09-24 13:25:03                                                 aten::t         0.00%      78.486us         0.00%     156.813us      10.454us       0.000us         0.00%       0.000us       0.000us            15  
2026-09-24 13:25:03                        aten::_log_softmax_backward_data         0.00%      85.295us         0.00%     142.863us      47.621us       6.752us         0.00%       6.752us       2.251us             3  
2026-09-24 13:25:03                                          aten::randperm         0.00%      57.474us         0.00%     130.240us      32.560us       0.000us         0.00%       0.000us       0.000us             4  
2026-09-24 13:25:03                                    cudaFuncSetAttribute         0.00%      63.417us         0.00%     110.046us       4.076us       0.000us         0.00%     133.856us       4.958us            27  
2026-09-24 13:25:03                                       aten::result_type         0.00%      81.307us         0.00%      81.307us       0.168us       0.000us         0.00%       0.000us       0.000us           483  
2026-09-24 13:25:03                                         aten::transpose         0.00%      44.187us         0.00%      78.327us       5.222us       0.000us         0.00%       0.000us       0.000us            15  
2026-09-24 13:25:03                                            AddBackward0         0.00%      63.292us         0.00%      63.292us       1.319us       0.000us         0.00%       0.000us       0.000us            48  
2026-09-24 13:25:03                                cudaPointerGetAttributes         0.00%      54.595us         0.00%      54.595us       9.099us       0.000us         0.00%       0.000us       0.000us             6  
2026-09-24 13:25:03                                           aten::random_         0.00%      50.988us         0.00%      50.988us      25.494us       0.000us         0.00%       0.000us       0.000us             2  
2026-09-24 13:25:03      autograd::engine::evaluate_function: ViewBackward0         0.00%      29.310us         0.00%      47.735us      15.912us       0.000us         0.00%       0.000us       0.000us             3  
2026-09-24 13:25:03 -------------------------------------------------------  ------------  ------------  ------------  ------------  ------------  ------------  ------------  ------------  ------------  ------------  
2026-09-24 13:25:03 Self CPU time total: 4.192s
2026-09-24 13:25:03 Self CUDA time total: 2.552s
2026-09-24 13:25:03 
2026-09-24 13:25:03 -------------------------------------------------------  ------------  ------------  ------------  ------------  ------------  ------------  ------------  ------------  ------------  ------------  
2026-09-24 13:25:03                                                    Name    Self CPU %      Self CPU   CPU total %     CPU total  CPU time avg     Self CUDA   Self CUDA %    CUDA total  CUDA time avg    # of Calls  
2026-09-24 13:25:03 -------------------------------------------------------  ------------  ------------  ------------  ------------  ------------  ------------  ------------  ------------  ------------  ------------  
2026-09-24 13:25:03 autograd::engine::evaluate_function: ConvolutionBack...         0.07%       2.762ms         8.24%     345.235ms       2.171ms       0.000us         0.00%        1.209s       7.603ms           159  
2026-09-24 13:25:03                                    ConvolutionBackward0         0.02%     859.282us         8.14%     341.353ms       2.147ms       0.000us         0.00%        1.130s       7.107ms           159  
2026-09-24 13:25:03                              aten::convolution_backward         0.61%      25.487ms         8.12%     340.494ms       2.141ms        1.130s        44.28%        1.130s       7.107ms           159  
2026-09-24 13:25:03                                            aten::conv2d         0.01%     487.931us         4.68%     196.299ms       1.235ms       0.000us         0.00%     596.481ms       3.751ms           159  
2026-09-24 13:25:03                                       aten::convolution         0.04%       1.754ms         4.67%     195.811ms       1.232ms       0.000us         0.00%     596.481ms       3.751ms           159  
2026-09-24 13:25:03                                      aten::_convolution         0.03%       1.165ms         4.63%     194.058ms       1.220ms       0.000us         0.00%     596.481ms       3.751ms           159  
2026-09-24 13:25:03                                 aten::cudnn_convolution         2.58%     108.084ms         4.60%     192.893ms       1.213ms     477.000ms        18.69%     596.481ms       3.751ms           159  
2026-09-24 13:25:03 autograd::engine::evaluate_function: CudnnBatchNormB...         0.06%       2.588ms         0.57%      23.725ms     149.216us       0.000us         0.00%     304.765ms       1.917ms           159  
2026-09-24 13:25:03                                 CudnnBatchNormBackward0         0.02%     819.961us         0.50%      21.138ms     132.940us       0.000us         0.00%     304.765ms       1.917ms           159  
2026-09-24 13:25:03                         aten::cudnn_batch_norm_backward         0.12%       5.007ms         0.48%      20.318ms     127.783us     304.765ms        11.94%     304.765ms       1.917ms           159  
2026-09-24 13:25:03       _5x_cudnn_volta_scudnn_128x64_relu_interior_nn_v1         0.00%       0.000us         0.00%       0.000us       0.000us     224.397ms         8.79%     224.397ms       2.493ms            90  
2026-09-24 13:25:03                                   volta_sgemm_128x64_nt         0.00%       0.000us         0.00%       0.000us       0.000us     209.103ms         8.19%     209.103ms       1.936ms           108  
2026-09-24 13:25:03                                   volta_sgemm_128x64_tn         0.00%       0.000us         0.00%       0.000us       0.000us     203.364ms         7.97%     203.364ms       2.947ms            69  
2026-09-24 13:25:03                                        aten::batch_norm         0.01%     380.011us         0.83%      34.673ms     218.070us       0.000us         0.00%     202.787ms       1.275ms           159  
2026-09-24 13:25:03                            aten::_batch_norm_impl_index         0.02%     676.894us         0.82%      34.293ms     215.680us       0.000us         0.00%     202.787ms       1.275ms           159  
2026-09-24 13:25:03                                  aten::cudnn_batch_norm         0.23%       9.655ms         0.80%      33.616ms     211.422us     186.394ms         7.30%     202.787ms       1.275ms           159  
2026-09-24 13:25:03                                              aten::add_         0.11%       4.451ms         0.16%       6.894ms      26.719us     157.104ms         6.16%     160.850ms     623.450us           258  
2026-09-24 13:25:03 void at::native::vectorized_elementwise_kernel<4, at...         0.00%       0.000us         0.00%       0.000us       0.000us     156.632ms         6.14%     156.632ms       1.582ms            99  
2026-09-24 13:25:03                                        cudaLaunchKernel         8.69%     364.469ms        23.08%     967.516ms     371.979us       0.000us         0.00%     155.673ms      59.851us          2601  
2026-09-24 13:25:03 void cudnn::bn_bw_1C11_kernel_new<float, float, floa...         0.00%       0.000us         0.00%       0.000us       0.000us     148.530ms         5.82%     148.530ms       1.208ms           123  
2026-09-24 13:25:03      _5x_cudnn_volta_scudnn_128x64_stridedB_small_nn_v1         0.00%       0.000us         0.00%       0.000us       0.000us     139.057ms         5.45%     139.057ms       2.727ms            51  
2026-09-24 13:25:03      autograd::engine::evaluate_function: ReluBackward0         0.03%       1.347ms         0.41%      16.988ms     115.565us       0.000us         0.00%     135.253ms     920.089us           147  
2026-09-24 13:25:03                                           ReluBackward0         0.02%     641.006us         0.37%      15.641ms     106.405us       0.000us         0.00%     135.253ms     920.089us           147  
2026-09-24 13:25:03                                aten::threshold_backward         0.07%       2.730ms         0.36%      15.000ms     102.044us     135.253ms         5.30%     135.253ms     920.089us           147  
2026-09-24 13:25:03 void at::native::vectorized_elementwise_kernel<4, at...         0.00%       0.000us         0.00%       0.000us       0.000us     135.253ms         5.30%     135.253ms     920.089us           147  
2026-09-24 13:25:03 void cudnn::bn_bw_1C11_kernel_new<float, float, floa...         0.00%       0.000us         0.00%       0.000us       0.000us     133.439ms         5.23%     133.439ms       4.044ms            33  
2026-09-24 13:25:03                        Runtime Triggered Module Loading        22.09%     926.036ms        22.28%     933.958ms      15.064ms     110.663ms         4.34%     110.663ms       1.785ms            62  
2026-09-24 13:25:03         _5x_cudnn_volta_scudnn_128x128_relu_small_nn_v1         0.00%       0.000us         0.00%       0.000us       0.000us     107.177ms         4.20%     107.177ms       5.104ms            21  
2026-09-24 13:25:03                                             aten::relu_         0.05%       1.979ms         0.65%      27.093ms     184.304us       0.000us         0.00%     100.510ms     683.741us           147  
2026-09-24 13:25:03                                        aten::clamp_min_         0.04%       1.673ms         0.60%      25.114ms     170.841us      92.816ms         3.64%     100.510ms     683.741us           147  
2026-09-24 13:25:03 void at::native::vectorized_elementwise_kernel<4, at...         0.00%       0.000us         0.00%       0.000us       0.000us      92.816ms         3.64%      92.816ms     631.402us           147  
2026-09-24 13:25:03 void cudnn::cnn::wgrad_alg1_engine<float, float, 128...         0.00%       0.000us         0.00%       0.000us       0.000us      83.537ms         3.27%      83.537ms       3.978ms            21  
2026-09-24 13:25:03 void cudnn::bn_fw_tr_1C11_kernel_NCHW<float, float, ...         0.00%       0.000us         0.00%       0.000us       0.000us      82.342ms         3.23%      82.342ms       2.495ms            33  
2026-09-24 13:25:03 void cudnn::detail::dgrad_engine<float, 512, 6, 5, 3...         0.00%       0.000us         0.00%       0.000us       0.000us      82.319ms         3.23%      82.319ms       9.147ms             9  
2026-09-24 13:25:03 void cudnn::bn_fw_tr_1C11_kernel_NCHW<float, float, ...         0.00%       0.000us         0.00%       0.000us       0.000us      81.793ms         3.20%      81.793ms     852.006us            96  
2026-09-24 13:25:03 _5x_cudnn_turing_scudnn_128x64_stridedB_splitK_xregs...         0.00%       0.000us         0.00%       0.000us       0.000us      79.819ms         3.13%      79.819ms       6.652ms            12  
2026-09-24 13:25:03                                   volta_sgemm_128x64_nn         0.00%       0.000us         0.00%       0.000us       0.000us      77.551ms         3.04%      77.551ms       1.723ms            45  
2026-09-24 13:25:03                                   Lazy Function Loading         0.08%       3.378ms         0.08%       3.378ms      43.869us      77.337ms         3.03%      77.337ms       1.004ms            77  
2026-09-24 13:25:03                                    volta_sgemm_64x64_tn         0.00%       0.000us         0.00%       0.000us       0.000us      75.141ms         2.94%      75.141ms       5.009ms            15  
2026-09-24 13:25:03 void cudnn::detail::dgrad_engine<float, 128, 6, 8, 3...         0.00%       0.000us         0.00%       0.000us       0.000us      66.720ms         2.61%      66.720ms       7.413ms             9  
2026-09-24 13:25:03 void cudnn::winograd_nonfused::winogradForwardData4x...         0.00%       0.000us         0.00%       0.000us       0.000us      49.501ms         1.94%      49.501ms     634.623us            78  
2026-09-24 13:25:03                                Optimizer.step#Adam.step         0.17%       7.129ms         5.21%     218.328ms      72.776ms       0.000us         0.00%      44.904ms      14.968ms             3  
2026-09-24 13:25:03 void cudnn::winograd_nonfused::winogradForwardOutput...         0.00%       0.000us         0.00%       0.000us       0.000us      44.503ms         1.74%      44.503ms     570.555us            78  
2026-09-24 13:25:03                                      aten::_fused_adam_         0.01%     423.935us         0.03%       1.171ms     390.420us      21.712ms         0.85%      43.460ms      14.487ms             3  
2026-09-24 13:25:03                                    volta_sgemm_64x64_nt         0.00%       0.000us         0.00%       0.000us       0.000us      34.022ms         1.33%      34.022ms       1.890ms            18  
2026-09-24 13:25:03 autograd::engine::evaluate_function: MaxPool2DWithIn...         0.00%      36.940us         0.01%     287.541us      95.847us       0.000us         0.00%      26.077ms       8.692ms             3  
2026-09-24 13:25:03                           MaxPool2DWithIndicesBackward0         0.00%      37.557us         0.01%     250.601us      83.534us       0.000us         0.00%      26.077ms       8.692ms             3  
2026-09-24 13:25:03                  aten::max_pool2d_with_indices_backward         0.00%      79.420us         0.01%     213.044us      71.015us      22.113ms         0.87%      26.077ms       8.692ms             3  
2026-09-24 13:25:03 void cudnn::winograd_nonfused::winogradWgradDelta4x4...         0.00%       0.000us         0.00%       0.000us       0.000us      25.670ms         1.01%      25.670ms     658.207us            39  
2026-09-24 13:25:03                                Optimizer.step#Adam.step         0.00%       0.000us         0.00%       0.000us       0.000us      24.835ms         0.97%      24.835ms       8.278ms             3  
2026-09-24 13:25:03 void cudnn::winograd_nonfused::winogradWgradData4x4<...         0.00%       0.000us         0.00%       0.000us       0.000us      24.645ms         0.97%      24.645ms     631.929us            39  
2026-09-24 13:25:03 void cudnn::bn_bw_1C11_kernel_new<float, float, floa...         0.00%       0.000us         0.00%       0.000us       0.000us      22.794ms         0.89%      22.794ms       7.598ms             3  
2026-09-24 13:25:03 void at::native::(anonymous namespace)::max_pool_bac...         0.00%       0.000us         0.00%       0.000us       0.000us      22.113ms         0.87%      22.113ms       7.371ms             3  
2026-09-24 13:25:03 void at::native::(anonymous namespace)::multi_tensor...         0.00%       0.000us         0.00%       0.000us       0.000us      21.712ms         0.85%      21.712ms       1.447ms            15  
2026-09-24 13:25:03 void wgrad_alg0_engine<float, 128, 6, 8, 3, 3, 5, fa...         0.00%       0.000us         0.00%       0.000us       0.000us      21.148ms         0.83%      21.148ms       7.049ms             3  
2026-09-24 13:25:03 void cudnn::cnn::reduce_wgrad_nchw_helper<float, flo...         0.00%       0.000us         0.00%       0.000us       0.000us      20.445ms         0.80%      20.445ms     243.393us            84  
2026-09-24 13:25:03                                        aten::max_pool2d         0.00%      28.456us         0.06%       2.541ms     847.069us       0.000us         0.00%      19.569ms       6.523ms             3  
2026-09-24 13:25:03                           aten::max_pool2d_with_indices         0.00%     166.294us         0.06%       2.513ms     837.583us       8.347ms         0.33%      19.569ms       6.523ms             3  
2026-09-24 13:25:03                                    cudaGetSymbolAddress         0.43%      17.898ms         0.43%      18.161ms      18.161ms       0.000us         0.00%      18.250ms      18.250ms             1  
2026-09-24 13:25:03         _5x_cudnn_volta_scudnn_128x64_relu_medium_nn_v1         0.00%       0.000us         0.00%       0.000us       0.000us      17.925ms         0.70%      17.925ms       5.975ms             3  
2026-09-24 13:25:03 void cudnn::bn_fw_tr_1C11_kernel_NCHW<float, float, ...         0.00%       0.000us         0.00%       0.000us       0.000us      14.170ms         0.56%      14.170ms       4.723ms             3  
2026-09-24 13:25:03 void cudnn::engines_precompiled::scalePackedTensor_k...         0.00%       0.000us         0.00%       0.000us       0.000us      10.930ms         0.43%      10.930ms     607.248us            18  
2026-09-24 13:25:03           cudaOccupancyMaxActiveBlocksPerMultiprocessor         0.03%       1.109ms         0.16%       6.631ms       8.579us       0.000us         0.00%      10.714ms      13.860us           773  
2026-09-24 13:25:03 void at::native::(anonymous namespace)::max_pool_for...         0.00%       0.000us         0.00%       0.000us       0.000us       8.347ms         0.33%       8.347ms       2.782ms             3  
2026-09-24 13:25:03 void cudnn::bn_fw_tr_1C11_singleread<float, 512, tru...         0.00%       0.000us         0.00%       0.000us       0.000us       8.089ms         0.32%       8.089ms     299.603us            27  
2026-09-24 13:25:03                                                aten::to         0.01%     210.687us        20.02%     839.331ms       4.742ms       0.000us         0.00%       6.332ms      35.776us           177  
2026-09-24 13:25:03                                          aten::_to_copy         0.00%     143.330us        20.02%     839.120ms      55.941ms       0.000us         0.00%       6.332ms     422.155us            15  
2026-09-24 13:25:03                                             aten::copy_         0.01%     267.608us        20.00%     838.478ms      55.899ms       4.780ms         0.19%       6.332ms     422.155us            15  
2026-09-24 13:25:03                                             aten::fill_         0.05%       2.240ms         0.28%      11.579ms      23.534us       5.372ms         0.21%       5.377ms      10.929us           492  
2026-09-24 13:25:03 void at::native::vectorized_elementwise_kernel<4, at...         0.00%       0.000us         0.00%       0.000us       0.000us       5.372ms         0.21%       5.372ms      10.920us           492  
2026-09-24 13:25:03                                             aten::zero_         0.03%       1.149ms         0.16%       6.665ms      13.630us       0.000us         0.00%       5.367ms      10.976us           489  
2026-09-24 13:25:03 void cudnn::winograd_nonfused::winogradForwardFilter...         0.00%       0.000us         0.00%       0.000us       0.000us       5.078ms         0.20%       5.078ms      65.107us            78  
2026-09-24 13:25:03 void cudnn::winograd_nonfused::winogradWgradOutput4x...         0.00%       0.000us         0.00%       0.000us       0.000us       4.052ms         0.16%       4.052ms     103.898us            39  
2026-09-24 13:25:03                          Memcpy HtoD (Pinned -> Device)         0.00%       0.000us         0.00%       0.000us       0.000us       3.534ms         0.14%       3.534ms     588.933us             6  
2026-09-24 13:25:03                                              aten::div_         0.00%      96.702us         0.28%      11.644ms       3.881ms       1.542ms         0.06%       3.277ms       1.092ms             3  
2026-09-24 13:25:03 cudaOccupancyMaxActiveBlocksPerMultiprocessorWithFla...         0.01%     292.112us         0.02%     642.047us       3.822us       0.000us         0.00%       3.207ms      19.091us           168  
2026-09-24 13:25:03                                               aten::sub         0.00%     180.119us         0.38%      15.779ms       5.260ms       1.510ms         0.06%       3.157ms       1.052ms             3  
2026-09-24 13:25:03                                              aten::mul_         0.00%     117.759us         0.24%      10.140ms       3.380ms       1.463ms         0.06%       2.911ms     970.251us             3  
2026-09-24 13:25:03                               aten::adaptive_avg_pool2d         0.00%      35.923us         5.56%     233.242ms      77.747ms       0.000us         0.00%       2.411ms     803.573us             3  
2026-09-24 13:25:03                                              aten::mean         0.00%     191.333us         5.56%     233.206ms      77.735ms       1.212ms         0.05%       2.411ms     803.573us             3  
2026-09-24 13:25:03 void at::native::elementwise_kernel<128, 2, at::nati...         0.00%       0.000us         0.00%       0.000us       0.000us       1.542ms         0.06%       1.542ms     513.899us             3  
2026-09-24 13:25:03 void at::native::elementwise_kernel<128, 2, at::nati...         0.00%       0.000us         0.00%       0.000us       0.000us       1.510ms         0.06%       1.510ms     503.499us             3  
2026-09-24 13:25:03 void at::native::vectorized_elementwise_kernel<4, at...         0.00%       0.000us         0.00%       0.000us       0.000us       1.463ms         0.06%       1.463ms     487.755us             3  
2026-09-24 13:25:03 void at::native::unrolled_elementwise_kernel<at::nat...         0.00%       0.000us         0.00%       0.000us       0.000us       1.243ms         0.05%       1.243ms     414.315us             3  
2026-09-24 13:25:03 void at::native::reduce_kernel<512, 1, at::native::R...         0.00%       0.000us         0.00%       0.000us       0.000us       1.212ms         0.05%       1.212ms     404.117us             3  
2026-09-24 13:25:03                                        aten::zeros_like         0.02%     654.307us         0.22%       9.266ms      28.778us       0.000us         0.00%       1.171ms       3.635us           322  
2026-09-24 13:25:03      autograd::engine::evaluate_function: MeanBackward1         0.00%      23.475us         0.01%     511.102us     170.367us       0.000us         0.00%     551.682us     183.894us             3  
2026-09-24 13:25:03                                           MeanBackward1         0.00%      34.477us         0.01%     487.627us     162.542us       0.000us         0.00%     551.682us     183.894us             3  
2026-09-24 13:25:03                                               aten::div         0.00%     120.450us         0.01%     430.046us     143.349us     551.682us         0.02%     551.682us     183.894us             3  
2026-09-24 13:25:03 void at::native::elementwise_kernel<128, 2, at::nati...         0.00%       0.000us         0.00%       0.000us       0.000us     551.682us         0.02%     551.682us     183.894us             3  
2026-09-24 13:25:03 void at::native::vectorized_elementwise_kernel<2, at...         0.00%       0.000us         0.00%       0.000us       0.000us     472.607us         0.02%     472.607us       2.972us           159  
2026-09-24 13:25:03 void cask__5x_cudnn::computeOffsetsKernel<false, fal...         0.00%       0.000us         0.00%       0.000us       0.000us     367.940us         0.01%     367.940us       3.228us           114  
2026-09-24 13:25:03                                             aten::zeros         0.01%     414.830us         0.09%       3.679ms      22.853us       0.000us         0.00%     227.073us       1.410us           161  
2026-09-24 13:25:03                                         Memset (Device)         0.00%       0.000us         0.00%       0.000us       0.000us     205.505us         0.01%     205.505us       4.110us            50  
2026-09-24 13:25:03 void cask__5x_cudnn::computeOffsetsKernel<true, fals...         0.00%       0.000us         0.00%       0.000us       0.000us     163.842us         0.01%     163.842us       3.213us            51  
2026-09-24 13:25:03                                            aten::linear         0.00%      30.381us         0.58%      24.123ms       8.041ms       0.000us         0.00%     135.321us      45.107us             3  
2026-09-24 13:25:03                                             aten::addmm         0.07%       3.119ms         0.57%      24.045ms       8.015ms      66.879us         0.00%     135.321us      45.107us             3  
2026-09-24 13:25:03                                    cudaFuncSetAttribute         0.00%      63.417us         0.00%     110.046us       4.076us       0.000us         0.00%     133.856us       4.958us            27  
2026-09-24 13:25:03 cask__5x_cudnn::computeBOffsetsKernel(cask__5x_cudnn...         0.00%       0.000us         0.00%       0.000us       0.000us     123.771us         0.00%     123.771us       2.427us            51  
2026-09-24 13:25:03     autograd::engine::evaluate_function: AddmmBackward0         0.00%     117.165us         0.25%      10.657ms       3.552ms       0.000us         0.00%     100.320us      33.440us             3  
2026-09-24 13:25:03 -------------------------------------------------------  ------------  ------------  ------------  ------------  ------------  ------------  ------------  ------------  ------------  ------------  
2026-09-24 13:25:03 Self CPU time total: 4.192s
2026-09-24 13:25:03 Self CUDA time total: 2.552s
2026-09-24 13:25:04 
2026-09-24 13:25:04 total time:18.495931
