2026-09-24 18:27:20 load image
2026-09-24 18:27:20 split dataset
2026-09-24 18:27:20 288 72 items
2026-09-24 18:27:20 3 batch
2026-09-24 18:27:20 Prepare Time: 2.968934
2026-09-24 18:27:20 load model
2026-09-24 18:27:20 train model
2026-09-24 18:27:20 Epoch 1/4, Loss: 1.8630 Time: 3.9826
2026-09-24 18:27:20 Epoch 2/4, Loss: 0.2052 Time: 3.3035
2026-09-24 18:27:20 Epoch 3/4, Loss: 0.0031 Time: 3.3977
2026-09-24 18:27:20 Epoch 4/4, Loss: 0.0004 Time: 3.1376
2026-09-24 18:27:20 Train Profiler:
2026-09-24 18:27:20 -------------------------------------------------------  ------------  ------------  ------------  ------------  ------------  ------------  ------------  ------------  ------------  ------------  
2026-09-24 18:27:20                                                    Name    Self CPU %      Self CPU   CPU total %     CPU total  CPU time avg     Self CUDA   Self CUDA %    CUDA total  CUDA time avg    # of Calls  
2026-09-24 18:27:20 -------------------------------------------------------  ------------  ------------  ------------  ------------  ------------  ------------  ------------  ------------  ------------  ------------  
2026-09-24 18:27:20                                                aten::to         0.01%     428.512us        63.37%        4.259s       8.302ms       0.000us         0.00%       2.990ms       5.828us           513  
2026-09-24 18:27:20                                             aten::copy_         0.01%     952.370us        63.37%        4.259s      78.867ms      10.566ms         0.16%      10.566ms     195.669us            54  
2026-09-24 18:27:20                                          aten::_to_copy         0.00%     234.403us        63.37%        4.259s     157.723ms       0.000us         0.00%       2.990ms     110.739us            27  
2026-09-24 18:27:20                                   cudaStreamSynchronize        63.34%        4.257s        63.34%        4.257s     236.490ms       0.000us         0.00%       0.000us       0.000us            18  
2026-09-24 18:27:20                                   cudaDeviceSynchronize        31.94%        2.147s        31.94%        2.147s     715.609ms       0.000us         0.00%       0.000us       0.000us             3  
2026-09-24 18:27:20 autograd::engine::evaluate_function: ConvolutionBack...         0.10%       6.805ms         1.10%      73.791ms     154.699us       0.000us         0.00%        3.370s       7.065ms           477  
2026-09-24 18:27:20                                    ConvolutionBackward0         0.03%       1.763ms         0.95%      63.980ms     134.129us       0.000us         0.00%        3.175s       6.655ms           477  
2026-09-24 18:27:20                              aten::convolution_backward         0.53%      35.696ms         0.93%      62.217ms     130.434us        3.171s        46.70%        3.175s       6.655ms           477  
2026-09-24 18:27:20                                        cudaLaunchKernel         0.72%      48.397ms         0.72%      48.397ms       7.574us       0.000us         0.00%       0.000us       0.000us          6390  
2026-09-24 18:27:20                                        aten::batch_norm         0.01%     919.285us         0.67%      45.010ms      94.362us       0.000us         0.00%     401.723ms     842.187us           477  
2026-09-24 18:27:20                                            aten::conv2d         0.02%       1.270ms         0.66%      44.349ms      92.976us       0.000us         0.00%        1.439s       3.017ms           477  
2026-09-24 18:27:20                            aten::_batch_norm_impl_index         0.03%       2.043ms         0.66%      44.091ms      92.434us       0.000us         0.00%     401.723ms     842.187us           477  
2026-09-24 18:27:20                                       aten::convolution         0.06%       4.102ms         0.64%      43.080ms      90.314us       0.000us         0.00%        1.439s       3.017ms           477  
2026-09-24 18:27:20                                  aten::cudnn_batch_norm         0.27%      18.129ms         0.63%      42.048ms      88.152us     401.723ms         5.92%     401.723ms     842.187us           477  
2026-09-24 18:27:20 autograd::engine::evaluate_function: CudnnBatchNormB...         0.10%       7.036ms         0.61%      40.661ms      85.244us       0.000us         0.00%     634.640ms       1.330ms           477  
2026-09-24 18:27:20                                      aten::_convolution         0.04%       2.929ms         0.58%      38.977ms      81.713us       0.000us         0.00%        1.439s       3.017ms           477  
2026-09-24 18:27:20                                 aten::cudnn_convolution         0.34%      22.564ms         0.53%      35.379ms      74.170us        1.435s        21.14%        1.435s       3.009ms           477  
2026-09-24 18:27:20                                 CudnnBatchNormBackward0         0.03%       2.089ms         0.50%      33.625ms      70.493us       0.000us         0.00%     634.640ms       1.330ms           477  
2026-09-24 18:27:20                         aten::cudnn_batch_norm_backward         0.18%      12.329ms         0.47%      31.537ms      66.114us     634.640ms         9.35%     634.640ms       1.330ms           477  
2026-09-24 18:27:20                                             aten::empty         0.40%      26.984ms         0.40%      26.984ms       5.580us       0.000us         0.00%       0.000us       0.000us          4836  
2026-09-24 18:27:20 enumerate(DataLoader)#_SingleProcessDataLoaderIter._...         0.12%       8.326ms         0.36%      23.876ms       1.990ms       0.000us         0.00%       2.720ms     226.663us            12  
2026-09-24 18:27:20                                              aten::add_         0.16%      10.757ms         0.26%      17.273ms      22.316us     390.106ms         5.75%     390.106ms     504.013us           774  
2026-09-24 18:27:20      autograd::engine::evaluate_function: ReluBackward0         0.05%       3.565ms         0.25%      17.113ms      38.806us       0.000us         0.00%     336.313ms     762.614us           441  
2026-09-24 18:27:20 autograd::engine::evaluate_function: torch::autograd...         0.10%       6.922ms         0.22%      14.457ms       9.977us       0.000us         0.00%       0.000us       0.000us          1449  
2026-09-24 18:27:20                                             aten::relu_         0.08%       5.379ms         0.20%      13.607ms      30.854us       0.000us         0.00%     228.954ms     519.171us           441  
2026-09-24 18:27:20                                           ReluBackward0         0.02%       1.641ms         0.20%      13.549ms      30.723us       0.000us         0.00%     336.313ms     762.614us           441  
2026-09-24 18:27:20                                Optimizer.step#Adam.step         0.13%       9.008ms         0.18%      12.156ms       1.351ms       0.000us         0.00%      74.183ms       8.243ms             9  
2026-09-24 18:27:20                                aten::threshold_backward         0.11%       7.664ms         0.18%      11.908ms      27.003us     336.313ms         4.95%     336.313ms     762.614us           441  
2026-09-24 18:27:20                                         cudaMemsetAsync         0.13%       8.831ms         0.13%       8.831ms       6.331us       0.000us         0.00%       0.000us       0.000us          1395  
2026-09-24 18:27:20                             cudaLaunchCooperativeKernel         0.13%       8.670ms         0.13%       8.670ms       9.088us       0.000us         0.00%       0.000us       0.000us           954  
2026-09-24 18:27:20                                        aten::clamp_min_         0.07%       4.414ms         0.12%       8.227ms      18.656us     228.954ms         3.37%     228.954ms     519.171us           441  
2026-09-24 18:27:20                         torch::autograd::AccumulateGrad         0.05%       3.369ms         0.11%       7.535ms       5.200us       0.000us         0.00%       0.000us       0.000us          1449  
2026-09-24 18:27:20                                            Unrecognized         0.11%       7.132ms         0.11%       7.132ms       2.377ms       0.000us         0.00%       0.000us       0.000us             3  
2026-09-24 18:27:20                                        aten::empty_like         0.02%       1.203ms         0.09%       5.743ms      11.395us       0.000us         0.00%       0.000us       0.000us           504  
2026-09-24 18:27:20                      Optimizer.zero_grad#Adam.zero_grad         0.07%       4.556ms         0.07%       4.556ms     506.197us       0.000us         0.00%       0.000us       0.000us             9  
2026-09-24 18:27:20                                            aten::select         0.05%       3.617ms         0.06%       4.310ms       2.494us       0.000us         0.00%       0.000us       0.000us          1728  
2026-09-24 18:27:20                                            aten::detach         0.03%       1.769ms         0.06%       4.241ms       2.909us       0.000us         0.00%       0.000us       0.000us          1458  
2026-09-24 18:27:20                                             aten::stack         0.01%     874.158us         0.06%       3.900ms     216.646us       0.000us         0.00%       2.720ms     151.109us            18  
2026-09-24 18:27:20                                                  detach         0.04%       2.472ms         0.04%       2.472ms       1.696us       0.000us         0.00%       0.000us       0.000us          1458  
2026-09-24 18:27:20                                               aten::cat         0.02%       1.117ms         0.03%       2.118ms     117.678us       2.720ms         0.04%       2.720ms     151.109us            18  
2026-09-24 18:27:20                                     cudaStreamWaitEvent         0.03%       1.966ms         0.03%       1.966ms       0.803us       0.000us         0.00%       0.000us       0.000us          2448  
2026-09-24 18:27:20                                     aten::_foreach_add_         0.02%       1.354ms         0.03%       1.797ms     199.709us      83.553us         0.00%      83.553us       9.284us             9  
2026-09-24 18:27:20                                              aten::view         0.03%       1.727ms         0.03%       1.727ms       1.714us       0.000us         0.00%       0.000us       0.000us          1008  
2026-09-24 18:27:20     autograd::engine::evaluate_function: AddmmBackward0         0.00%     226.363us         0.02%       1.617ms     179.682us       0.000us         0.00%     308.642us      34.294us             9  
2026-09-24 18:27:20                                         cudaEventRecord         0.02%       1.486ms         0.02%       1.486ms       1.032us       0.000us         0.00%       0.000us       0.000us          1440  
2026-09-24 18:27:20                                    cudaFuncSetAttribute         0.02%       1.470ms         0.02%       1.470ms       1.541us       0.000us         0.00%       0.000us       0.000us           954  
2026-09-24 18:27:20                                      aten::_fused_adam_         0.01%     999.218us         0.02%       1.320ms     146.632us      74.100ms         1.09%      74.100ms       8.233ms             9  
2026-09-24 18:27:20                                        aten::as_strided         0.02%       1.184ms         0.02%       1.184ms       0.442us       0.000us         0.00%       0.000us       0.000us          2682  
2026-09-24 18:27:20 autograd::engine::evaluate_function: NllLossBackward...         0.00%     215.233us         0.02%       1.113ms     123.636us       0.000us         0.00%      46.142us       5.127us             9  
2026-09-24 18:27:20                                        aten::contiguous         0.00%      53.679us         0.02%       1.068ms      59.338us       0.000us         0.00%       7.528ms     418.198us            18  
2026-09-24 18:27:20                                          AddmmBackward0         0.00%     138.984us         0.02%       1.058ms     117.550us       0.000us         0.00%     193.793us      21.533us             9  
2026-09-24 18:27:20 autograd::engine::evaluate_function: AsStridedBackwa...         0.00%      81.270us         0.02%       1.051ms     116.831us       0.000us         0.00%      73.821us       8.202us             9  
2026-09-24 18:27:20                                             aten::clone         0.00%      82.789us         0.02%       1.014ms      56.355us       0.000us         0.00%       7.528ms     418.198us            18  
2026-09-24 18:27:20                                             aten::fill_         0.01%     420.820us         0.01%     975.679us      27.102us       9.124ms         0.13%       9.124ms     253.431us            36  
2026-09-24 18:27:20                                      AsStridedBackward1         0.00%     164.427us         0.01%     970.211us     107.801us       0.000us         0.00%      73.821us       8.202us             9  
2026-09-24 18:27:20       autograd::engine::evaluate_function: AddBackward0         0.01%     827.295us         0.01%     969.103us       6.730us       0.000us         0.00%       0.000us       0.000us           144  
2026-09-24 18:27:20                                            aten::linear         0.00%      54.508us         0.01%     962.888us     106.988us       0.000us         0.00%     184.450us      20.494us             9  
2026-09-24 18:27:20                                        NllLossBackward0         0.00%      80.208us         0.01%     897.490us      99.721us       0.000us         0.00%      46.142us       5.127us             9  
2026-09-24 18:27:20                                         aten::unsqueeze         0.01%     535.724us         0.01%     881.726us       1.021us       0.000us         0.00%       0.000us       0.000us           864  
2026-09-24 18:27:20                                             aten::zero_         0.00%     129.724us         0.01%     851.877us      31.551us       0.000us         0.00%       9.108ms     337.347us            27  
2026-09-24 18:27:20                                 aten::nll_loss_backward         0.00%     259.439us         0.01%     817.282us      90.809us      31.071us         0.00%      46.142us       5.127us             9  
2026-09-24 18:27:20                                             aten::addmm         0.01%     555.422us         0.01%     795.728us      88.414us     184.450us         0.00%     184.450us      20.494us             9  
2026-09-24 18:27:20                                aten::cross_entropy_loss         0.00%      60.314us         0.01%     778.954us      86.550us       0.000us         0.00%      61.473us       6.830us             9  
2026-09-24 18:27:20                                                aten::mm         0.01%     579.869us         0.01%     748.033us      41.557us     193.793us         0.00%     193.793us      10.766us            18  
2026-09-24 18:27:20                                         cudaMemcpyAsync         0.01%     593.176us         0.01%     593.176us      21.969us       0.000us         0.00%       0.000us       0.000us            27  
2026-09-24 18:27:20      autograd::engine::evaluate_function: MeanBackward1         0.00%      91.998us         0.01%     593.172us      65.908us       0.000us         0.00%       1.572ms     174.659us             9  
2026-09-24 18:27:20                               aten::adaptive_avg_pool2d         0.00%      66.699us         0.01%     557.589us      61.954us       0.000us         0.00%       1.338ms     148.653us             9  
2026-09-24 18:27:20 autograd::engine::evaluate_function: MaxPool2DWithIn...         0.00%      86.358us         0.01%     547.427us      60.825us       0.000us         0.00%      62.208ms       6.912ms             9  
2026-09-24 18:27:20           cudaOccupancyMaxActiveBlocksPerMultiprocessor         0.01%     535.886us         0.01%     535.886us       1.701us       0.000us         0.00%       0.000us       0.000us           315  
2026-09-24 18:27:20                                               aten::sub         0.00%     302.510us         0.01%     531.294us      59.033us       3.644ms         0.05%       3.644ms     404.862us             9  
2026-09-24 18:27:20                                           MeanBackward1         0.00%      60.289us         0.01%     501.174us      55.686us       0.000us         0.00%       1.572ms     174.659us             9  
2026-09-24 18:27:20                                     aten::empty_strided         0.01%     480.660us         0.01%     480.660us      13.352us       0.000us         0.00%       0.000us       0.000us            36  
2026-09-24 18:27:20                           MaxPool2DWithIndicesBackward0         0.00%      35.099us         0.01%     461.069us      51.230us       0.000us         0.00%      62.208ms       6.912ms             9  
2026-09-24 18:27:20                                        aten::max_pool2d         0.00%      31.663us         0.01%     451.093us      50.121us       0.000us         0.00%      27.735ms       3.082ms             9  
2026-09-24 18:27:20 autograd::engine::evaluate_function: LogSoftmaxBackw...         0.00%      86.713us         0.01%     427.763us      47.529us       0.000us         0.00%      19.422us       2.158us             9  
2026-09-24 18:27:20                  aten::max_pool2d_with_indices_backward         0.00%     183.621us         0.01%     425.970us      47.330us      53.140ms         0.78%      62.208ms       6.912ms             9  
2026-09-24 18:27:20                           aten::max_pool2d_with_indices         0.00%     313.204us         0.01%     419.430us      46.603us      27.735ms         0.41%      27.735ms       3.082ms             9  
2026-09-24 18:27:20                                         aten::ones_like         0.00%      37.754us         0.01%     418.851us      46.539us       0.000us         0.00%      15.136us       1.682us             9  
2026-09-24 18:27:20                                              aten::mean         0.00%     285.947us         0.01%     393.133us      43.681us       1.338ms         0.02%       1.338ms     148.653us             9  
2026-09-24 18:27:20                                               aten::div         0.00%     275.619us         0.01%     376.819us      41.869us       1.572ms         0.02%       1.572ms     174.659us             9  
2026-09-24 18:27:20                                         aten::new_zeros         0.00%      51.642us         0.01%     369.219us      41.024us       0.000us         0.00%      25.215us       2.802us             9  
2026-09-24 18:27:20                                       aten::log_softmax         0.00%      56.557us         0.01%     367.861us      40.873us       0.000us         0.00%      21.727us       2.414us             9  
2026-09-24 18:27:20                                       aten::nll_loss_nd         0.00%      30.378us         0.01%     350.779us      38.975us       0.000us         0.00%      39.746us       4.416us             9  
2026-09-24 18:27:20                                              aten::mul_         0.00%     254.077us         0.01%     349.456us      38.828us       3.610ms         0.05%       3.610ms     401.136us             9  
2026-09-24 18:27:20                                     LogSoftmaxBackward0         0.00%      60.916us         0.01%     341.050us      37.894us       0.000us         0.00%      19.422us       2.158us             9  
2026-09-24 18:27:20                                                 aten::t         0.00%     169.240us         0.00%     332.633us       7.392us       0.000us         0.00%       0.000us       0.000us            45  
2026-09-24 18:27:20                                          aten::nll_loss         0.00%      30.726us         0.00%     320.401us      35.600us       0.000us         0.00%      39.746us       4.416us             9  
2026-09-24 18:27:20                                               aten::sum         0.00%     213.249us         0.00%     305.104us      33.900us     114.849us         0.00%     114.849us      12.761us             9  
2026-09-24 18:27:20                                      aten::_log_softmax         0.00%     211.733us         0.00%     304.217us      33.802us      21.727us         0.00%      21.727us       2.414us             9  
2026-09-24 18:27:20                                          aten::randperm         0.00%     125.120us         0.00%     295.466us      24.622us       0.000us         0.00%       0.000us       0.000us            12  
2026-09-24 18:27:20                                  aten::nll_loss_forward         0.00%     199.791us         0.00%     289.675us      32.186us      39.746us         0.00%      39.746us       4.416us             9  
2026-09-24 18:27:20                        aten::_log_softmax_backward_data         0.00%     187.382us         0.00%     280.134us      31.126us      19.422us         0.00%      19.422us       2.158us             9  
2026-09-24 18:27:20                                              aten::div_         0.00%     142.483us         0.00%     238.938us      26.549us       3.681ms         0.05%       3.681ms     408.969us             9  
2026-09-24 18:27:20                                       aten::result_type         0.00%     166.465us         0.00%     166.465us       0.115us       0.000us         0.00%       0.000us       0.000us          1449  
2026-09-24 18:27:20                                         aten::transpose         0.00%      92.904us         0.00%     163.393us       3.631us       0.000us         0.00%       0.000us       0.000us            45  
2026-09-24 18:27:20                                            AddBackward0         0.00%     141.808us         0.00%     141.808us       0.985us       0.000us         0.00%       0.000us       0.000us           144  
2026-09-24 18:27:20         autograd::engine::evaluate_function: TBackward0         0.00%      56.492us         0.00%     123.989us      13.777us       0.000us         0.00%       0.000us       0.000us             9  
2026-09-24 18:27:20      autograd::engine::evaluate_function: ViewBackward0         0.00%      47.770us         0.00%     103.869us      11.541us       0.000us         0.00%       0.000us       0.000us             9  
2026-09-24 18:27:20                                           aten::squeeze         0.00%      90.985us         0.00%     100.277us       5.571us       0.000us         0.00%       0.000us       0.000us            18  
2026-09-24 18:27:20                                         aten::new_empty         0.00%      20.380us         0.00%      99.975us      11.108us       0.000us         0.00%       0.000us       0.000us             9  
2026-09-24 18:27:20 -------------------------------------------------------  ------------  ------------  ------------  ------------  ------------  ------------  ------------  ------------  ------------  ------------  
2026-09-24 18:27:20 Self CPU time total: 6.721s
2026-09-24 18:27:20 Self CUDA time total: 6.790s
2026-09-24 18:27:22 
2026-09-24 18:27:22 -------------------------------------------------------  ------------  ------------  ------------  ------------  ------------  ------------  ------------  ------------  ------------  ------------  
2026-09-24 18:27:22                                                    Name    Self CPU %      Self CPU   CPU total %     CPU total  CPU time avg     Self CUDA   Self CUDA %    CUDA total  CUDA time avg    # of Calls  
2026-09-24 18:27:22 -------------------------------------------------------  ------------  ------------  ------------  ------------  ------------  ------------  ------------  ------------  ------------  ------------  
2026-09-24 18:27:22 autograd::engine::evaluate_function: ConvolutionBack...         0.10%       6.805ms         1.10%      73.791ms     154.699us       0.000us         0.00%        3.370s       7.065ms           477  
2026-09-24 18:27:22                                    ConvolutionBackward0         0.03%       1.763ms         0.95%      63.980ms     134.129us       0.000us         0.00%        3.175s       6.655ms           477  
2026-09-24 18:27:22                              aten::convolution_backward         0.53%      35.696ms         0.93%      62.217ms     130.434us        3.171s        46.70%        3.175s       6.655ms           477  
2026-09-24 18:27:22                                            aten::conv2d         0.02%       1.270ms         0.66%      44.349ms      92.976us       0.000us         0.00%        1.439s       3.017ms           477  
2026-09-24 18:27:22                                       aten::convolution         0.06%       4.102ms         0.64%      43.080ms      90.314us       0.000us         0.00%        1.439s       3.017ms           477  
2026-09-24 18:27:22                                      aten::_convolution         0.04%       2.929ms         0.58%      38.977ms      81.713us       0.000us         0.00%        1.439s       3.017ms           477  
2026-09-24 18:27:22                                 aten::cudnn_convolution         0.34%      22.564ms         0.53%      35.379ms      74.170us        1.435s        21.14%        1.435s       3.009ms           477  
2026-09-24 18:27:22 autograd::engine::evaluate_function: CudnnBatchNormB...         0.10%       7.036ms         0.61%      40.661ms      85.244us       0.000us         0.00%     634.640ms       1.330ms           477  
2026-09-24 18:27:22                                 CudnnBatchNormBackward0         0.03%       2.089ms         0.50%      33.625ms      70.493us       0.000us         0.00%     634.640ms       1.330ms           477  
2026-09-24 18:27:22                         aten::cudnn_batch_norm_backward         0.18%      12.329ms         0.47%      31.537ms      66.114us     634.640ms         9.35%     634.640ms       1.330ms           477  
2026-09-24 18:27:22 void cudnn::batchnorm_bwtr_nhwc_semiPersist<float, f...         0.00%       0.000us         0.00%       0.000us       0.000us     605.124ms         8.91%     605.124ms       1.528ms           396  
2026-09-24 18:27:22                                   volta_sgemm_128x64_nn         0.00%       0.000us         0.00%       0.000us       0.000us     551.683ms         8.13%     551.683ms       2.358ms           234  
2026-09-24 18:27:22                                   volta_sgemm_128x64_nt         0.00%       0.000us         0.00%       0.000us       0.000us     521.125ms         7.68%     521.125ms       2.068ms           252  
2026-09-24 18:27:22                                        aten::batch_norm         0.01%     919.285us         0.67%      45.010ms      94.362us       0.000us         0.00%     401.723ms     842.187us           477  
2026-09-24 18:27:22                            aten::_batch_norm_impl_index         0.03%       2.043ms         0.66%      44.091ms      92.434us       0.000us         0.00%     401.723ms     842.187us           477  
2026-09-24 18:27:22                                  aten::cudnn_batch_norm         0.27%      18.129ms         0.63%      42.048ms      88.152us     401.723ms         5.92%     401.723ms     842.187us           477  
2026-09-24 18:27:22                                              aten::add_         0.16%      10.757ms         0.26%      17.273ms      22.316us     390.106ms         5.75%     390.106ms     504.013us           774  
2026-09-24 18:27:22 void at::native::vectorized_elementwise_kernel<4, at...         0.00%       0.000us         0.00%       0.000us       0.000us     388.866ms         5.73%     388.866ms       1.309ms           297  
2026-09-24 18:27:22 void cudnn::batchnorm_fwtr_nhwc_semiPersist<float, f...         0.00%       0.000us         0.00%       0.000us       0.000us     383.152ms         5.64%     383.152ms     967.555us           396  
2026-09-24 18:27:22 _5x_cudnn_volta_scudnn_128x128_relu_exp_small_nhwc_t...         0.00%       0.000us         0.00%       0.000us       0.000us     377.265ms         5.56%     377.265ms       3.811ms            99  
2026-09-24 18:27:22                                  volta_sgemm_128x128_tn         0.00%       0.000us         0.00%       0.000us       0.000us     370.197ms         5.45%     370.197ms       2.285ms           162  
2026-09-24 18:27:22      autograd::engine::evaluate_function: ReluBackward0         0.05%       3.565ms         0.25%      17.113ms      38.806us       0.000us         0.00%     336.313ms     762.614us           441  
2026-09-24 18:27:22                                           ReluBackward0         0.02%       1.641ms         0.20%      13.549ms      30.723us       0.000us         0.00%     336.313ms     762.614us           441  
2026-09-24 18:27:22                                aten::threshold_backward         0.11%       7.664ms         0.18%      11.908ms      27.003us     336.313ms         4.95%     336.313ms     762.614us           441  
2026-09-24 18:27:22 void at::native::vectorized_elementwise_kernel<4, at...         0.00%       0.000us         0.00%       0.000us       0.000us     331.556ms         4.88%     331.556ms     767.491us           432  
2026-09-24 18:27:22                                             aten::relu_         0.08%       5.379ms         0.20%      13.607ms      30.854us       0.000us         0.00%     228.954ms     519.171us           441  
2026-09-24 18:27:22                                        aten::clamp_min_         0.07%       4.414ms         0.12%       8.227ms      18.656us     228.954ms         3.37%     228.954ms     519.171us           441  
2026-09-24 18:27:22 void at::native::vectorized_elementwise_kernel<4, at...         0.00%       0.000us         0.00%       0.000us       0.000us     228.954ms         3.37%     228.954ms     519.171us           441  
2026-09-24 18:27:22 void cudnn::cnn::wgrad_alg1_engine_NHWC<float, float...         0.00%       0.000us         0.00%       0.000us       0.000us     224.398ms         3.30%     224.398ms       6.233ms            36  
2026-09-24 18:27:22                                   volta_gcgemm_64x32_nt         0.00%       0.000us         0.00%       0.000us       0.000us     220.009ms         3.24%     220.009ms     718.983us           306  
2026-09-24 18:27:22 void cudnn::detail::dgrad_engine<float, 128, 6, 8, 3...         0.00%       0.000us         0.00%       0.000us       0.000us     189.819ms         2.80%     189.819ms       7.030ms            27  
2026-09-24 18:27:22                                    volta_sgemm_64x64_nt         0.00%       0.000us         0.00%       0.000us       0.000us     186.775ms         2.75%     186.775ms       1.887ms            99  
2026-09-24 18:27:22                                   volta_sgemm_128x64_tn         0.00%       0.000us         0.00%       0.000us       0.000us     179.406ms         2.64%     179.406ms       2.492ms            72  
2026-09-24 18:27:22 void cudnn::detail::dgrad_engine<float, 512, 6, 5, 3...         0.00%       0.000us         0.00%       0.000us       0.000us     165.514ms         2.44%     165.514ms       9.195ms            18  
2026-09-24 18:27:22 void cudnn::engines_precompiled::nhwcToNchwKernel<fl...         0.00%       0.000us         0.00%       0.000us       0.000us     152.290ms         2.24%     152.290ms     208.903us           729  
2026-09-24 18:27:22                                   volta_gcgemm_64x32_tn         0.00%       0.000us         0.00%       0.000us       0.000us     150.906ms         2.22%     150.906ms       1.677ms            90  
2026-09-24 18:27:22                                  volta_sgemm_128x128_nt         0.00%       0.000us         0.00%       0.000us       0.000us     141.003ms         2.08%     141.003ms       2.238ms            63  
2026-09-24 18:27:22 void cudnn::engines_precompiled::nchwToNhwcKernel<fl...         0.00%       0.000us         0.00%       0.000us       0.000us     131.496ms         1.94%     131.496ms     347.874us           378  
2026-09-24 18:27:22 void wgrad_alg0_engine_NHWC<float, 512, 6, 5, 3, 3, ...         0.00%       0.000us         0.00%       0.000us       0.000us     123.108ms         1.81%     123.108ms      13.679ms             9  
2026-09-24 18:27:22 void fft2d_c2r_32x32<float, false, false, 0u, false,...         0.00%       0.000us         0.00%       0.000us       0.000us     107.889ms         1.59%     107.889ms     352.579us           306  
2026-09-24 18:27:22                                    volta_sgemm_64x64_nn         0.00%       0.000us         0.00%       0.000us       0.000us      87.736ms         1.29%      87.736ms       1.950ms            45  
2026-09-24 18:27:22 _5x_cudnn_volta_scudnn_128x64_sliced1x2_ldg4_relu_ex...         0.00%       0.000us         0.00%       0.000us       0.000us      85.245ms         1.26%      85.245ms       2.368ms            36  
2026-09-24 18:27:22 _5x_cudnn_volta_scudnn_128x128_dgrad_exp_medium_nhwc...         0.00%       0.000us         0.00%       0.000us       0.000us      85.149ms         1.25%      85.149ms       4.730ms            18  
2026-09-24 18:27:22 void wgrad_alg0_engine_NHWC<float, 128, 6, 7, 3, 3, ...         0.00%       0.000us         0.00%       0.000us       0.000us      77.871ms         1.15%      77.871ms       8.652ms             9  
2026-09-24 18:27:22                                Optimizer.step#Adam.step         0.00%       0.000us         0.00%       0.000us       0.000us      74.235ms         1.09%      74.235ms       8.248ms             9  
2026-09-24 18:27:22                                Optimizer.step#Adam.step         0.13%       9.008ms         0.18%      12.156ms       1.351ms       0.000us         0.00%      74.183ms       8.243ms             9  
2026-09-24 18:27:22                                      aten::_fused_adam_         0.01%     999.218us         0.02%       1.320ms     146.632us      74.100ms         1.09%      74.100ms       8.233ms             9  
2026-09-24 18:27:22 void at::native::(anonymous namespace)::multi_tensor...         0.00%       0.000us         0.00%       0.000us       0.000us      74.100ms         1.09%      74.100ms       1.647ms            45  
2026-09-24 18:27:22 void fft2d_r2c_32x32<float, false, 0u, false>(float2...         0.00%       0.000us         0.00%       0.000us       0.000us      72.989ms         1.07%      72.989ms     270.331us           270  
2026-09-24 18:27:22 autograd::engine::evaluate_function: MaxPool2DWithIn...         0.00%      86.358us         0.01%     547.427us      60.825us       0.000us         0.00%      62.208ms       6.912ms             9  
2026-09-24 18:27:22                           MaxPool2DWithIndicesBackward0         0.00%      35.099us         0.01%     461.069us      51.230us       0.000us         0.00%      62.208ms       6.912ms             9  
2026-09-24 18:27:22                  aten::max_pool2d_with_indices_backward         0.00%     183.621us         0.01%     425.970us      47.330us      53.140ms         0.78%      62.208ms       6.912ms             9  
2026-09-24 18:27:22 void cudnn::winograd_nonfused::winogradWgradDelta4x4...         0.00%       0.000us         0.00%       0.000us       0.000us      58.351ms         0.86%      58.351ms     498.726us           117  
2026-09-24 18:27:22 void fft2d_r2c_16x16<float>(float2*, float const*, i...         0.00%       0.000us         0.00%       0.000us       0.000us      57.740ms         0.85%      57.740ms     320.778us           180  
2026-09-24 18:27:22 void cudnn::winograd_nonfused::winogradWgradData4x4<...         0.00%       0.000us         0.00%       0.000us       0.000us      55.370ms         0.82%      55.370ms     473.245us           117  
2026-09-24 18:27:22 void at::native::(anonymous namespace)::max_pool_bac...         0.00%       0.000us         0.00%       0.000us       0.000us      53.140ms         0.78%      53.140ms       5.904ms             9  
2026-09-24 18:27:22 void wgrad_alg0_engine_NHWC<float, 128, 6, 8, 3, 3, ...         0.00%       0.000us         0.00%       0.000us       0.000us      52.153ms         0.77%      52.153ms       5.795ms             9  
2026-09-24 18:27:22         _5x_cudnn_volta_scudnn_128x64_relu_medium_nn_v1         0.00%       0.000us         0.00%       0.000us       0.000us      40.271ms         0.59%      40.271ms       4.475ms             9  
2026-09-24 18:27:22                                  volta_sgemm_128x128_nn         0.00%       0.000us         0.00%       0.000us       0.000us      36.321ms         0.53%      36.321ms       2.018ms            18  
2026-09-24 18:27:22 void cudnn::batchnorm_bwtr_nhwc_semiPersist<float, f...         0.00%       0.000us         0.00%       0.000us       0.000us      29.057ms         0.43%      29.057ms     358.727us            81  
2026-09-24 18:27:22                                        aten::max_pool2d         0.00%      31.663us         0.01%     451.093us      50.121us       0.000us         0.00%      27.735ms       3.082ms             9  
2026-09-24 18:27:22                           aten::max_pool2d_with_indices         0.00%     313.204us         0.01%     419.430us      46.603us      27.735ms         0.41%      27.735ms       3.082ms             9  
2026-09-24 18:27:22 void at::native::(anonymous namespace)::max_pool_for...         0.00%       0.000us         0.00%       0.000us       0.000us      27.735ms         0.41%      27.735ms       3.082ms             9  
2026-09-24 18:27:22 void cudnn::engines_precompiled::scalePackedTensor_k...         0.00%       0.000us         0.00%       0.000us       0.000us      23.029ms         0.34%      23.029ms     511.763us            45  
2026-09-24 18:27:22 void fft2d_c2r_16x16<float, false>(float*, float2*, ...         0.00%       0.000us         0.00%       0.000us       0.000us      20.808ms         0.31%      20.808ms     231.195us            90  
2026-09-24 18:27:22 void cudnn::batchnorm_fwtr_nhwc_semiPersist<float, f...         0.00%       0.000us         0.00%       0.000us       0.000us      18.120ms         0.27%      18.120ms     223.706us            81  
2026-09-24 18:27:22 void fft2d_r2c_32x32<float, false, 1u, false>(float2...         0.00%       0.000us         0.00%       0.000us       0.000us      15.489ms         0.23%      15.489ms     245.856us            63  
2026-09-24 18:27:22 void fft2d_r2c_32x32<float, true, 0u, false>(float2*...         0.00%       0.000us         0.00%       0.000us       0.000us      12.282ms         0.18%      12.282ms     341.166us            36  
2026-09-24 18:27:22 void fft2d_r2c_32x32<float, false, 1u, true>(float2*...         0.00%       0.000us         0.00%       0.000us       0.000us      12.133ms         0.18%      12.133ms     224.677us            54  
2026-09-24 18:27:22 void cudnn::winograd_nonfused::winogradWgradOutput4x...         0.00%       0.000us         0.00%       0.000us       0.000us      12.008ms         0.18%      12.008ms     102.630us           117  
2026-09-24 18:27:22                                             aten::copy_         0.01%     952.370us        63.37%        4.259s      78.867ms      10.566ms         0.16%      10.566ms     195.669us            54  
2026-09-24 18:27:22                                             aten::fill_         0.01%     420.820us         0.01%     975.679us      27.102us       9.124ms         0.13%       9.124ms     253.431us            36  
2026-09-24 18:27:22 void at::native::vectorized_elementwise_kernel<4, at...         0.00%       0.000us         0.00%       0.000us       0.000us       9.124ms         0.13%       9.124ms     253.431us            36  
2026-09-24 18:27:22                                             aten::zero_         0.00%     129.724us         0.01%     851.877us      31.551us       0.000us         0.00%       9.108ms     337.347us            27  
2026-09-24 18:27:22                                        aten::contiguous         0.00%      53.679us         0.02%       1.068ms      59.338us       0.000us         0.00%       7.528ms     418.198us            18  
2026-09-24 18:27:22                                             aten::clone         0.00%      82.789us         0.02%       1.014ms      56.355us       0.000us         0.00%       7.528ms     418.198us            18  
2026-09-24 18:27:22 void at::native::elementwise_kernel<128, 2, at::nati...         0.00%       0.000us         0.00%       0.000us       0.000us       7.528ms         0.11%       7.528ms     418.198us            18  
2026-09-24 18:27:22 void flip_filter<float, float>(float*, float const*,...         0.00%       0.000us         0.00%       0.000us       0.000us       6.196ms         0.09%       6.196ms     137.691us            45  
2026-09-24 18:27:22 void at::native::elementwise_kernel<128, 2, at::nati...         0.00%       0.000us         0.00%       0.000us       0.000us       4.757ms         0.07%       4.757ms     528.528us             9  
2026-09-24 18:27:22                                              aten::div_         0.00%     142.483us         0.00%     238.938us      26.549us       3.681ms         0.05%       3.681ms     408.969us             9  
2026-09-24 18:27:22 void at::native::elementwise_kernel<128, 2, at::nati...         0.00%       0.000us         0.00%       0.000us       0.000us       3.681ms         0.05%       3.681ms     408.969us             9  
2026-09-24 18:27:22                                               aten::sub         0.00%     302.510us         0.01%     531.294us      59.033us       3.644ms         0.05%       3.644ms     404.862us             9  
2026-09-24 18:27:22 void at::native::elementwise_kernel<128, 2, at::nati...         0.00%       0.000us         0.00%       0.000us       0.000us       3.644ms         0.05%       3.644ms     404.862us             9  
2026-09-24 18:27:22                                              aten::mul_         0.00%     254.077us         0.01%     349.456us      38.828us       3.610ms         0.05%       3.610ms     401.136us             9  
2026-09-24 18:27:22 void at::native::vectorized_elementwise_kernel<4, at...         0.00%       0.000us         0.00%       0.000us       0.000us       3.610ms         0.05%       3.610ms     401.136us             9  
2026-09-24 18:27:22                                                aten::to         0.01%     428.512us        63.37%        4.259s       8.302ms       0.000us         0.00%       2.990ms       5.828us           513  
2026-09-24 18:27:22                                          aten::_to_copy         0.00%     234.403us        63.37%        4.259s     157.723ms       0.000us         0.00%       2.990ms     110.739us            27  
2026-09-24 18:27:22 void at::native::unrolled_elementwise_kernel<at::nat...         0.00%       0.000us         0.00%       0.000us       0.000us       2.981ms         0.04%       2.981ms     331.259us             9  
2026-09-24 18:27:22 enumerate(DataLoader)#_SingleProcessDataLoaderIter._...         0.00%       0.000us         0.00%       0.000us       0.000us       2.871ms         0.04%       2.871ms     319.053us             9  
2026-09-24 18:27:22 enumerate(DataLoader)#_SingleProcessDataLoaderIter._...         0.12%       8.326ms         0.36%      23.876ms       1.990ms       0.000us         0.00%       2.720ms     226.663us            12  
2026-09-24 18:27:22                                             aten::stack         0.01%     874.158us         0.06%       3.900ms     216.646us       0.000us         0.00%       2.720ms     151.109us            18  
2026-09-24 18:27:22                                               aten::cat         0.02%       1.117ms         0.03%       2.118ms     117.678us       2.720ms         0.04%       2.720ms     151.109us            18  
2026-09-24 18:27:22 void at::native::(anonymous namespace)::CatArrayBatc...         0.00%       0.000us         0.00%       0.000us       0.000us       2.691ms         0.04%       2.691ms     149.482us            18  
2026-09-24 18:27:22      autograd::engine::evaluate_function: MeanBackward1         0.00%      91.998us         0.01%     593.172us      65.908us       0.000us         0.00%       1.572ms     174.659us             9  
2026-09-24 18:27:22                                           MeanBackward1         0.00%      60.289us         0.01%     501.174us      55.686us       0.000us         0.00%       1.572ms     174.659us             9  
2026-09-24 18:27:22                                               aten::div         0.00%     275.619us         0.01%     376.819us      41.869us       1.572ms         0.02%       1.572ms     174.659us             9  
2026-09-24 18:27:22 void at::native::elementwise_kernel<128, 2, at::nati...         0.00%       0.000us         0.00%       0.000us       0.000us       1.572ms         0.02%       1.572ms     174.659us             9  
2026-09-24 18:27:22                               aten::adaptive_avg_pool2d         0.00%      66.699us         0.01%     557.589us      61.954us       0.000us         0.00%       1.338ms     148.653us             9  
2026-09-24 18:27:22                                              aten::mean         0.00%     285.947us         0.01%     393.133us      43.681us       1.338ms         0.02%       1.338ms     148.653us             9  
2026-09-24 18:27:22 void at::native::reduce_kernel<128, 4, at::native::R...         0.00%       0.000us         0.00%       0.000us       0.000us       1.338ms         0.02%       1.338ms     148.653us             9  
2026-09-24 18:27:22 -------------------------------------------------------  ------------  ------------  ------------  ------------  ------------  ------------  ------------  ------------  ------------  ------------  
2026-09-24 18:27:22 Self CPU time total: 6.721s
2026-09-24 18:27:22 Self CUDA time total: 6.790s
2026-09-24 18:27:22 
2026-09-24 18:27:22 Train 1st Epoch Profiler:
2026-09-24 18:27:22 -------------------------------------------------------  ------------  ------------  ------------  ------------  ------------  ------------  ------------  ------------  ------------  ------------  
2026-09-24 18:27:22                                                    Name    Self CPU %      Self CPU   CPU total %     CPU total  CPU time avg     Self CUDA   Self CUDA %    CUDA total  CUDA time avg    # of Calls  
2026-09-24 18:27:22 -------------------------------------------------------  ------------  ------------  ------------  ------------  ------------  ------------  ------------  ------------  ------------  ------------  
2026-09-24 18:27:22                                            Unrecognized        28.98%     812.607ms        28.98%     812.607ms       5.454ms     390.659ms        17.09%     390.659ms       2.622ms           149  
2026-09-24 18:27:22                                        cudaLaunchKernel        10.78%     302.305ms        28.42%     796.788ms     304.932us       0.000us         0.00%     286.251ms     109.549us          2613  
2026-09-24 18:27:22                                                aten::to         0.01%     140.372us        25.70%     720.537ms       4.214ms       0.000us         0.00%       1.694ms       9.906us           171  
2026-09-24 18:27:22                                          aten::_to_copy         0.00%      68.682us        25.70%     720.397ms      80.044ms       0.000us         0.00%       1.694ms     188.220us             9  
2026-09-24 18:27:22                                             aten::copy_         0.01%     282.196us        25.69%     720.334ms      40.019ms       3.826ms         0.17%       4.328ms     240.472us            18  
2026-09-24 18:27:22                                   cudaStreamSynchronize        25.67%     719.675ms        25.67%     719.675ms     119.946ms       0.000us         0.00%       0.000us       0.000us             6  
2026-09-24 18:27:22                                   cudaDeviceSynchronize        25.29%     709.150ms        25.29%     709.150ms     709.150ms       0.000us         0.00%       0.000us       0.000us             1  
2026-09-24 18:27:22                                            aten::conv2d         0.01%     406.157us        12.42%     348.178ms       2.190ms       0.000us         0.00%     844.851ms       5.314ms           159  
2026-09-24 18:27:22                                       aten::convolution         0.05%       1.531ms        12.40%     347.772ms       2.187ms       0.000us         0.00%     844.851ms       5.314ms           159  
2026-09-24 18:27:22                                      aten::_convolution         0.04%       1.038ms        12.35%     346.241ms       2.178ms       0.000us         0.00%     844.851ms       5.314ms           159  
2026-09-24 18:27:22                                 aten::cudnn_convolution         3.36%      94.230ms        12.31%     344.994ms       2.170ms     516.834ms        22.61%     843.490ms       5.305ms           159  
2026-09-24 18:27:22 autograd::engine::evaluate_function: ConvolutionBack...         0.09%       2.420ms        10.86%     304.586ms       1.916ms       0.000us         0.00%        1.105s       6.947ms           159  
2026-09-24 18:27:22                                    ConvolutionBackward0         0.02%     648.147us        10.74%     301.081ms       1.894ms       0.000us         0.00%        1.039s       6.537ms           159  
2026-09-24 18:27:22                              aten::convolution_backward         0.95%      26.590ms        10.72%     300.432ms       1.890ms        1.038s        45.42%        1.039s       6.537ms           159  
2026-09-24 18:27:22                                Optimizer.step#Adam.step         0.25%       6.992ms         6.37%     178.698ms      59.566ms       0.000us         0.00%      49.360ms      16.453ms             3  
2026-09-24 18:27:22                                     aten::_foreach_add_         0.02%     574.617us         5.61%     157.177ms      52.392ms      27.328us         0.00%      52.192us      17.397us             3  
2026-09-24 18:27:22                               aten::adaptive_avg_pool2d         0.00%      42.636us         2.50%      69.976ms      23.325ms       0.000us         0.00%     889.946us     296.649us             3  
2026-09-24 18:27:22                                              aten::mean         0.01%     163.166us         2.49%      69.893ms      23.298ms     445.853us         0.02%     889.946us     296.649us             3  
2026-09-24 18:27:22                                        aten::batch_norm         0.01%     324.207us         1.21%      33.794ms     212.540us       0.000us         0.00%     144.303ms     907.569us           159  
2026-09-24 18:27:22                            aten::_batch_norm_impl_index         0.03%     706.837us         1.19%      33.470ms     210.501us       0.000us         0.00%     144.303ms     907.569us           159  
2026-09-24 18:27:22                                  aten::cudnn_batch_norm         0.32%       9.055ms         1.17%      32.763ms     206.055us     134.482ms         5.88%     144.303ms     907.569us           159  
2026-09-24 18:27:22 autograd::engine::evaluate_function: CudnnBatchNormB...         0.08%       2.249ms         1.01%      28.284ms     177.886us       0.000us         0.00%     211.161ms       1.328ms           159  
2026-09-24 18:27:22                                 CudnnBatchNormBackward0         0.03%     710.487us         0.93%      26.034ms     163.738us       0.000us         0.00%     211.161ms       1.328ms           159  
2026-09-24 18:27:22                         aten::cudnn_batch_norm_backward         0.17%       4.660ms         0.90%      25.324ms     159.270us     211.161ms         9.24%     211.161ms       1.328ms           159  
2026-09-24 18:27:22                                    cudaFuncSetAttribute         0.45%      12.687ms         0.88%      24.699ms      77.670us       0.000us         0.00%       9.822ms      30.886us           318  
2026-09-24 18:27:22                                aten::cross_entropy_loss         0.00%      49.143us         0.71%      19.792ms       6.597ms       0.000us         0.00%      40.352us      13.451us             3  
2026-09-24 18:27:22                                             aten::relu_         0.07%       1.871ms         0.67%      18.783ms     127.773us       0.000us         0.00%      82.151ms     558.849us           147  
2026-09-24 18:27:22                                        aten::clamp_min_         0.06%       1.664ms         0.60%      16.912ms     115.048us      75.875ms         3.32%      82.151ms     558.849us           147  
2026-09-24 18:27:22                                            aten::linear         0.00%      35.823us         0.56%      15.785ms       5.262ms       0.000us         0.00%     137.664us      45.888us             3  
2026-09-24 18:27:22                                             aten::addmm         0.07%       1.849ms         0.56%      15.706ms       5.235ms      60.352us         0.00%     137.664us      45.888us             3  
2026-09-24 18:27:22           cudaOccupancyMaxActiveBlocksPerMultiprocessor         0.04%       1.184ms         0.53%      14.886ms      28.463us       0.000us         0.00%      66.487ms     127.127us           523  
2026-09-24 18:27:22      autograd::engine::evaluate_function: ReluBackward0         0.04%       1.215ms         0.50%      14.007ms      95.287us       0.000us         0.00%     112.026ms     762.083us           147  
2026-09-24 18:27:22                                       aten::log_softmax         0.00%      29.500us         0.49%      13.842ms       4.614ms       0.000us         0.00%      14.144us       4.715us             3  
2026-09-24 18:27:22                                      aten::_log_softmax         0.00%     123.424us         0.49%      13.810ms       4.603ms       7.136us         0.00%      14.144us       4.715us             3  
2026-09-24 18:27:22                                             aten::empty         0.37%      10.250ms         0.49%      13.748ms       7.754us       0.000us         0.00%       0.000us       0.000us          1773  
2026-09-24 18:27:22                                           ReluBackward0         0.02%     569.798us         0.46%      12.792ms      87.022us       0.000us         0.00%     112.026ms     762.083us           147  
2026-09-24 18:27:22                                aten::threshold_backward         0.09%       2.633ms         0.44%      12.222ms      83.145us     112.026ms         4.90%     112.026ms     762.083us           147  
2026-09-24 18:27:22                                              cudaMalloc         0.43%      12.195ms         0.43%      12.195ms     138.578us       0.000us         0.00%       0.000us       0.000us            88  
2026-09-24 18:27:22                                    cudaGetSymbolAddress         0.42%      11.697ms         0.42%      11.860ms      11.860ms       0.000us         0.00%      28.099ms      28.099ms             1  
2026-09-24 18:27:22                                             aten::fill_         0.08%       2.377ms         0.38%      10.615ms      21.445us       4.296ms         0.19%       4.301ms       8.689us           495  
2026-09-24 18:27:22     autograd::engine::evaluate_function: AddmmBackward0         0.00%      92.858us         0.36%       9.980ms       3.327ms       0.000us         0.00%      99.904us      33.301us             3  
2026-09-24 18:27:22                                        aten::zeros_like         0.02%     679.629us         0.34%       9.667ms      30.022us       0.000us         0.00%       1.018ms       3.161us           322  
2026-09-24 18:27:22                                        aten::empty_like         0.03%     892.393us         0.32%       8.956ms      18.278us       0.000us         0.00%       0.000us       0.000us           490  
2026-09-24 18:27:22                                               aten::sum         0.00%      89.727us         0.32%       8.902ms       2.967ms      36.416us         0.00%      36.416us      12.139us             3  
2026-09-24 18:27:22 enumerate(DataLoader)#_SingleProcessDataLoaderIter._...         0.12%       3.326ms         0.31%       8.634ms       2.158ms       0.000us         0.00%       2.847ms     711.765us             4  
2026-09-24 18:27:22                                             aten::zero_         0.05%       1.296ms         0.25%       7.007ms      14.242us       0.000us         0.00%       4.291ms       8.722us           492  
2026-09-24 18:27:22                                              aten::add_         0.14%       3.866ms         0.22%       6.230ms      24.146us     129.810ms         5.68%     132.913ms     515.169us           258  
2026-09-24 18:27:22                                       aten::nll_loss_nd         0.00%      16.278us         0.21%       5.900ms       1.967ms       0.000us         0.00%      26.208us       8.736us             3  
2026-09-24 18:27:22                                          aten::nll_loss         0.00%      24.036us         0.21%       5.884ms       1.961ms       0.000us         0.00%      26.208us       8.736us             3  
2026-09-24 18:27:22                                  aten::nll_loss_forward         0.00%     110.520us         0.21%       5.860ms       1.953ms      13.152us         0.00%      26.208us       8.736us             3  
2026-09-24 18:27:22                                         aten::ones_like         0.00%      18.783us         0.18%       4.969ms       1.656ms       0.000us         0.00%      10.176us       3.392us             3  
2026-09-24 18:27:22 autograd::engine::evaluate_function: torch::autograd...         0.08%       2.266ms         0.17%       4.904ms      10.152us       0.000us         0.00%       0.000us       0.000us           483  
2026-09-24 18:27:22                                               aten::sub         0.00%     114.905us         0.17%       4.754ms       1.585ms       1.338ms         0.06%       2.939ms     979.708us             3  
2026-09-24 18:27:22                                     aten::empty_strided         0.08%       2.206ms         0.16%       4.408ms      13.197us       0.000us         0.00%       0.000us       0.000us           334  
2026-09-24 18:27:22 cudaOccupancyMaxActiveBlocksPerMultiprocessorWithFla...         0.16%       4.378ms         0.16%       4.378ms     547.263us       0.000us         0.00%       0.000us       0.000us             8  
2026-09-24 18:27:22                                         cudaMemsetAsync         0.14%       3.950ms         0.14%       3.950ms       8.458us       0.000us         0.00%       0.000us       0.000us           467  
2026-09-24 18:27:22                                             aten::zeros         0.01%     404.827us         0.13%       3.693ms      22.937us       0.000us         0.00%     240.126us       1.491us           161  
2026-09-24 18:27:22                                              aten::div_         0.00%      76.412us         0.13%       3.651ms       1.217ms       1.379ms         0.06%       3.082ms       1.027ms             3  
2026-09-24 18:27:22                                              aten::mul_         0.00%      80.631us         0.11%       3.145ms       1.048ms       1.192ms         0.05%       2.375ms     791.548us             3  
2026-09-24 18:27:22                                             aten::stack         0.01%     330.673us         0.11%       3.076ms     512.636us       0.000us         0.00%       2.847ms     474.510us             6  
2026-09-24 18:27:22                             cudaLaunchCooperativeKernel         0.11%       2.979ms         0.11%       2.979ms       9.369us       0.000us         0.00%       0.000us       0.000us           318  
2026-09-24 18:27:22                                  cudaDeviceGetAttribute         0.10%       2.852ms         0.10%       2.852ms      41.337us       0.000us         0.00%       0.000us       0.000us            69  
2026-09-24 18:27:22                         torch::autograd::AccumulateGrad         0.04%       1.218ms         0.09%       2.638ms       5.461us       0.000us         0.00%       0.000us       0.000us           483  
2026-09-24 18:27:22                                               aten::cat         0.01%     401.445us         0.09%       2.429ms     404.864us       1.194ms         0.05%       2.847ms     474.510us             6  
2026-09-24 18:27:22                                                cudaFree         0.08%       2.319ms         0.08%       2.319ms     579.758us       0.000us         0.00%       0.000us       0.000us             4  
2026-09-24 18:27:22                                        aten::max_pool2d         0.00%      18.304us         0.08%       2.104ms     701.475us       0.000us         0.00%      25.130ms       8.377ms             3  
2026-09-24 18:27:22                           aten::max_pool2d_with_indices         0.01%     148.045us         0.07%       2.086ms     695.373us      11.146ms         0.49%      25.130ms       8.377ms             3  
2026-09-24 18:27:22                              cudaGetDeviceProperties_v2         0.06%       1.662ms         0.06%       1.662ms     831.137us       0.000us         0.00%       0.000us       0.000us             2  
2026-09-24 18:27:22                                            aten::select         0.04%       1.211ms         0.05%       1.462ms       2.538us       0.000us         0.00%       0.000us       0.000us           576  
2026-09-24 18:27:22                                            aten::detach         0.02%     547.016us         0.05%       1.450ms       2.983us       0.000us         0.00%       0.000us       0.000us           486  
2026-09-24 18:27:22                                           cudaHostAlloc         0.05%       1.309ms         0.05%       1.309ms     654.396us       0.000us         0.00%       0.000us       0.000us             2  
2026-09-24 18:27:22                                      aten::_fused_adam_         0.02%     442.993us         0.04%       1.158ms     386.117us      24.447ms         1.07%      48.050ms      16.017ms             3  
2026-09-24 18:27:22                      Optimizer.zero_grad#Adam.zero_grad         0.04%       1.007ms         0.04%       1.007ms     335.551us       0.000us         0.00%       0.000us       0.000us             3  
2026-09-24 18:27:22                                          AddmmBackward0         0.00%      66.992us         0.03%     970.634us     323.545us       0.000us         0.00%      63.488us      21.163us             3  
2026-09-24 18:27:22                                                  detach         0.03%     902.645us         0.03%     902.645us       1.857us       0.000us         0.00%       0.000us       0.000us           486  
2026-09-24 18:27:22                                                aten::mm         0.02%     488.136us         0.03%     830.769us     138.462us      63.488us         0.00%      63.488us      10.581us             6  
2026-09-24 18:27:22                                     cudaStreamWaitEvent         0.02%     665.629us         0.02%     665.629us       0.816us       0.000us         0.00%       0.000us       0.000us           816  
2026-09-24 18:27:22                                              aten::view         0.02%     622.771us         0.02%     622.771us       1.853us       0.000us         0.00%       0.000us       0.000us           336  
2026-09-24 18:27:22      autograd::engine::evaluate_function: MeanBackward1         0.00%      47.003us         0.02%     516.253us     172.084us       0.000us         0.00%     518.302us     172.767us             3  
2026-09-24 18:27:22                                         cudaEventRecord         0.02%     496.009us         0.02%     496.009us       1.033us       0.000us         0.00%       0.000us       0.000us           480  
2026-09-24 18:27:22                                           MeanBackward1         0.00%      29.011us         0.02%     469.250us     156.417us       0.000us         0.00%     518.302us     172.767us             3  
2026-09-24 18:27:22 autograd::engine::evaluate_function: NllLossBackward...         0.00%      76.827us         0.02%     424.995us     141.665us       0.000us         0.00%      15.296us       5.099us             3  
2026-09-24 18:27:22                               cudaStreamCreateWithFlags         0.01%     417.918us         0.01%     417.918us      13.060us       0.000us         0.00%       0.000us       0.000us            32  
2026-09-24 18:27:22                                               aten::div         0.00%     119.383us         0.01%     415.592us     138.531us     518.302us         0.02%     518.302us     172.767us             3  
2026-09-24 18:27:22                                        aten::as_strided         0.01%     407.207us         0.01%     407.207us       0.455us       0.000us         0.00%       0.000us       0.000us           894  
2026-09-24 18:27:22                                        aten::contiguous         0.00%      21.097us         0.01%     348.253us      58.042us       0.000us         0.00%       2.619ms     436.430us             6  
2026-09-24 18:27:22                                        NllLossBackward0         0.00%      31.921us         0.01%     348.168us     116.056us       0.000us         0.00%      15.296us       5.099us             3  
2026-09-24 18:27:22       autograd::engine::evaluate_function: AddBackward0         0.01%     290.561us         0.01%     339.583us       7.075us       0.000us         0.00%       0.000us       0.000us            48  
2026-09-24 18:27:22 autograd::engine::evaluate_function: AsStridedBackwa...         0.00%      25.854us         0.01%     338.441us     112.814us       0.000us         0.00%      24.416us       8.139us             3  
2026-09-24 18:27:22                                             aten::clone         0.00%      26.409us         0.01%     327.156us      54.526us       0.000us         0.00%       2.619ms     436.430us             6  
2026-09-24 18:27:22                                 aten::nll_loss_backward         0.00%      94.077us         0.01%     316.247us     105.416us      10.112us         0.00%      15.296us       5.099us             3  
2026-09-24 18:27:22                                      AsStridedBackward1         0.00%      56.487us         0.01%     312.587us     104.196us       0.000us         0.00%      24.416us       8.139us             3  
2026-09-24 18:27:22                                         aten::unsqueeze         0.01%     205.247us         0.01%     306.767us       1.065us       0.000us         0.00%       0.000us       0.000us           288  
2026-09-24 18:27:22 autograd::engine::evaluate_function: MaxPool2DWithIn...         0.00%      34.525us         0.01%     279.003us      93.001us       0.000us         0.00%      20.549ms       6.850ms             3  
2026-09-24 18:27:22                           MaxPool2DWithIndicesBackward0         0.00%      26.567us         0.01%     244.478us      81.493us       0.000us         0.00%      20.549ms       6.850ms             3  
2026-09-24 18:27:22                  aten::max_pool2d_with_indices_backward         0.00%      77.078us         0.01%     217.911us      72.637us      17.529ms         0.77%      20.549ms       6.850ms             3  
2026-09-24 18:27:22 autograd::engine::evaluate_function: LogSoftmaxBackw...         0.00%      27.437us         0.01%     154.455us      51.485us       0.000us         0.00%       6.465us       2.155us             3  
2026-09-24 18:27:22                                         cudaMemcpyAsync         0.01%     152.963us         0.01%     152.963us      16.996us       0.000us         0.00%       0.000us       0.000us             9  
2026-09-24 18:27:22                                     cudaPeekAtLastError         0.01%     142.876us         0.01%     142.876us       0.188us       0.000us         0.00%       0.000us       0.000us           762  
2026-09-24 18:27:22                                   cudaStreamIsCapturing         0.00%     139.191us         0.00%     139.191us       1.677us       0.000us         0.00%       0.000us       0.000us            83  
2026-09-24 18:27:22 -------------------------------------------------------  ------------  ------------  ------------  ------------  ------------  ------------  ------------  ------------  ------------  ------------  
2026-09-24 18:27:22 Self CPU time total: 2.804s
2026-09-24 18:27:22 Self CUDA time total: 2.286s
2026-09-24 18:27:23 
2026-09-24 18:27:23 -------------------------------------------------------  ------------  ------------  ------------  ------------  ------------  ------------  ------------  ------------  ------------  ------------  
2026-09-24 18:27:23                                                    Name    Self CPU %      Self CPU   CPU total %     CPU total  CPU time avg     Self CUDA   Self CUDA %    CUDA total  CUDA time avg    # of Calls  
2026-09-24 18:27:23 -------------------------------------------------------  ------------  ------------  ------------  ------------  ------------  ------------  ------------  ------------  ------------  ------------  
2026-09-24 18:27:23 autograd::engine::evaluate_function: ConvolutionBack...         0.09%       2.420ms        10.86%     304.586ms       1.916ms       0.000us         0.00%        1.105s       6.947ms           159  
2026-09-24 18:27:23                                    ConvolutionBackward0         0.02%     648.147us        10.74%     301.081ms       1.894ms       0.000us         0.00%        1.039s       6.537ms           159  
2026-09-24 18:27:23                              aten::convolution_backward         0.95%      26.590ms        10.72%     300.432ms       1.890ms        1.038s        45.42%        1.039s       6.537ms           159  
2026-09-24 18:27:23                                            aten::conv2d         0.01%     406.157us        12.42%     348.178ms       2.190ms       0.000us         0.00%     844.851ms       5.314ms           159  
2026-09-24 18:27:23                                       aten::convolution         0.05%       1.531ms        12.40%     347.772ms       2.187ms       0.000us         0.00%     844.851ms       5.314ms           159  
2026-09-24 18:27:23                                      aten::_convolution         0.04%       1.038ms        12.35%     346.241ms       2.178ms       0.000us         0.00%     844.851ms       5.314ms           159  
2026-09-24 18:27:23                                 aten::cudnn_convolution         3.36%      94.230ms        12.31%     344.994ms       2.170ms     516.834ms        22.61%     843.490ms       5.305ms           159  
2026-09-24 18:27:23                                            Unrecognized        28.98%     812.607ms        28.98%     812.607ms       5.454ms     390.659ms        17.09%     390.659ms       2.622ms           149  
2026-09-24 18:27:23                                        cudaLaunchKernel        10.78%     302.305ms        28.42%     796.788ms     304.932us       0.000us         0.00%     286.251ms     109.549us          2613  
2026-09-24 18:27:23 autograd::engine::evaluate_function: CudnnBatchNormB...         0.08%       2.249ms         1.01%      28.284ms     177.886us       0.000us         0.00%     211.161ms       1.328ms           159  
2026-09-24 18:27:23                                 CudnnBatchNormBackward0         0.03%     710.487us         0.93%      26.034ms     163.738us       0.000us         0.00%     211.161ms       1.328ms           159  
2026-09-24 18:27:23                         aten::cudnn_batch_norm_backward         0.17%       4.660ms         0.90%      25.324ms     159.270us     211.161ms         9.24%     211.161ms       1.328ms           159  
2026-09-24 18:27:23 void cudnn::batchnorm_bwtr_nhwc_semiPersist<float, f...         0.00%       0.000us         0.00%       0.000us       0.000us     201.664ms         8.82%     201.664ms       1.528ms           132  
2026-09-24 18:27:23                                   volta_sgemm_128x64_nn         0.00%       0.000us         0.00%       0.000us       0.000us     182.211ms         7.97%     182.211ms       2.336ms            78  
2026-09-24 18:27:23                                   volta_sgemm_128x64_nt         0.00%       0.000us         0.00%       0.000us       0.000us     171.167ms         7.49%     171.167ms       2.038ms            84  
2026-09-24 18:27:23                                        aten::batch_norm         0.01%     324.207us         1.21%      33.794ms     212.540us       0.000us         0.00%     144.303ms     907.569us           159  
2026-09-24 18:27:23                            aten::_batch_norm_impl_index         0.03%     706.837us         1.19%      33.470ms     210.501us       0.000us         0.00%     144.303ms     907.569us           159  
2026-09-24 18:27:23                                  aten::cudnn_batch_norm         0.32%       9.055ms         1.17%      32.763ms     206.055us     134.482ms         5.88%     144.303ms     907.569us           159  
2026-09-24 18:27:23                                  volta_sgemm_128x128_tn         0.00%       0.000us         0.00%       0.000us       0.000us     135.628ms         5.93%     135.628ms       2.512ms            54  
2026-09-24 18:27:23 _5x_cudnn_volta_scudnn_128x128_relu_exp_small_nhwc_t...         0.00%       0.000us         0.00%       0.000us       0.000us     135.026ms         5.91%     135.026ms       4.092ms            33  
2026-09-24 18:27:23                                              aten::add_         0.14%       3.866ms         0.22%       6.230ms      24.146us     129.810ms         5.68%     132.913ms     515.169us           258  
2026-09-24 18:27:23 void at::native::vectorized_elementwise_kernel<4, at...         0.00%       0.000us         0.00%       0.000us       0.000us     129.372ms         5.66%     129.372ms       1.307ms            99  
2026-09-24 18:27:23 void cudnn::batchnorm_fwtr_nhwc_semiPersist<float, f...         0.00%       0.000us         0.00%       0.000us       0.000us     128.343ms         5.61%     128.343ms     972.299us           132  
2026-09-24 18:27:23      autograd::engine::evaluate_function: ReluBackward0         0.04%       1.215ms         0.50%      14.007ms      95.287us       0.000us         0.00%     112.026ms     762.083us           147  
2026-09-24 18:27:23                                           ReluBackward0         0.02%     569.798us         0.46%      12.792ms      87.022us       0.000us         0.00%     112.026ms     762.083us           147  
2026-09-24 18:27:23                                aten::threshold_backward         0.09%       2.633ms         0.44%      12.222ms      83.145us     112.026ms         4.90%     112.026ms     762.083us           147  
2026-09-24 18:27:23 void at::native::vectorized_elementwise_kernel<4, at...         0.00%       0.000us         0.00%       0.000us       0.000us     110.519ms         4.83%     110.519ms     767.496us           144  
2026-09-24 18:27:23                                             aten::relu_         0.07%       1.871ms         0.67%      18.783ms     127.773us       0.000us         0.00%      82.151ms     558.849us           147  
2026-09-24 18:27:23                                        aten::clamp_min_         0.06%       1.664ms         0.60%      16.912ms     115.048us      75.875ms         3.32%      82.151ms     558.849us           147  
2026-09-24 18:27:23                                   volta_gcgemm_64x32_nt         0.00%       0.000us         0.00%       0.000us       0.000us      78.105ms         3.42%      78.105ms     765.737us           102  
2026-09-24 18:27:23 void at::native::vectorized_elementwise_kernel<4, at...         0.00%       0.000us         0.00%       0.000us       0.000us      75.875ms         3.32%      75.875ms     516.158us           147  
2026-09-24 18:27:23 void cudnn::cnn::wgrad_alg1_engine_NHWC<float, float...         0.00%       0.000us         0.00%       0.000us       0.000us      72.817ms         3.19%      72.817ms       6.068ms            12  
2026-09-24 18:27:23           cudaOccupancyMaxActiveBlocksPerMultiprocessor         0.04%       1.184ms         0.53%      14.886ms      28.463us       0.000us         0.00%      66.487ms     127.127us           523  
2026-09-24 18:27:23 void cudnn::detail::dgrad_engine<float, 128, 6, 8, 3...         0.00%       0.000us         0.00%       0.000us       0.000us      63.088ms         2.76%      63.088ms       7.010ms             9  
2026-09-24 18:27:23                                    volta_sgemm_64x64_nt         0.00%       0.000us         0.00%       0.000us       0.000us      62.130ms         2.72%      62.130ms       1.883ms            33  
2026-09-24 18:27:23                                   volta_sgemm_128x64_tn         0.00%       0.000us         0.00%       0.000us       0.000us      58.677ms         2.57%      58.677ms       2.445ms            24  
2026-09-24 18:27:23 void cudnn::engines_precompiled::nhwcToNchwKernel<fl...         0.00%       0.000us         0.00%       0.000us       0.000us      52.126ms         2.28%      52.126ms     214.509us           243  
2026-09-24 18:27:23 void cudnn::detail::dgrad_engine<float, 512, 6, 5, 3...         0.00%       0.000us         0.00%       0.000us       0.000us      50.886ms         2.23%      50.886ms       8.481ms             6  
2026-09-24 18:27:23                                   volta_gcgemm_64x32_tn         0.00%       0.000us         0.00%       0.000us       0.000us      49.824ms         2.18%      49.824ms       1.661ms            30  
2026-09-24 18:27:23                                Optimizer.step#Adam.step         0.25%       6.992ms         6.37%     178.698ms      59.566ms       0.000us         0.00%      49.360ms      16.453ms             3  
2026-09-24 18:27:23                                      aten::_fused_adam_         0.02%     442.993us         0.04%       1.158ms     386.117us      24.447ms         1.07%      48.050ms      16.017ms             3  
2026-09-24 18:27:23                                  volta_sgemm_128x128_nt         0.00%       0.000us         0.00%       0.000us       0.000us      45.429ms         1.99%      45.429ms       2.163ms            21  
2026-09-24 18:27:23 void cudnn::engines_precompiled::nchwToNhwcKernel<fl...         0.00%       0.000us         0.00%       0.000us       0.000us      43.768ms         1.91%      43.768ms     347.365us           126  
2026-09-24 18:27:23 void wgrad_alg0_engine_NHWC<float, 512, 6, 5, 3, 3, ...         0.00%       0.000us         0.00%       0.000us       0.000us      40.256ms         1.76%      40.256ms      13.419ms             3  
2026-09-24 18:27:23 void fft2d_c2r_32x32<float, false, false, 0u, false,...         0.00%       0.000us         0.00%       0.000us       0.000us      36.986ms         1.62%      36.986ms     362.612us           102  
2026-09-24 18:27:23 _5x_cudnn_volta_scudnn_128x64_sliced1x2_ldg4_relu_ex...         0.00%       0.000us         0.00%       0.000us       0.000us      33.145ms         1.45%      33.145ms       2.762ms            12  
2026-09-24 18:27:23                                    volta_sgemm_64x64_nn         0.00%       0.000us         0.00%       0.000us       0.000us      29.372ms         1.28%      29.372ms       1.958ms            15  
2026-09-24 18:27:23                                    cudaGetSymbolAddress         0.42%      11.697ms         0.42%      11.860ms      11.860ms       0.000us         0.00%      28.099ms      28.099ms             1  
2026-09-24 18:27:23                                Optimizer.step#Adam.step         0.00%       0.000us         0.00%       0.000us       0.000us      27.253ms         1.19%      27.253ms       9.084ms             3  
2026-09-24 18:27:23 void wgrad_alg0_engine_NHWC<float, 128, 6, 7, 3, 3, ...         0.00%       0.000us         0.00%       0.000us       0.000us      25.549ms         1.12%      25.549ms       8.516ms             3  
2026-09-24 18:27:23 _5x_cudnn_volta_scudnn_128x128_dgrad_exp_medium_nhwc...         0.00%       0.000us         0.00%       0.000us       0.000us      25.303ms         1.11%      25.303ms       4.217ms             6  
2026-09-24 18:27:23 void fft2d_r2c_32x32<float, false, 0u, false>(float2...         0.00%       0.000us         0.00%       0.000us       0.000us      25.230ms         1.10%      25.230ms     280.328us            90  
2026-09-24 18:27:23                                        aten::max_pool2d         0.00%      18.304us         0.08%       2.104ms     701.475us       0.000us         0.00%      25.130ms       8.377ms             3  
2026-09-24 18:27:23                           aten::max_pool2d_with_indices         0.01%     148.045us         0.07%       2.086ms     695.373us      11.146ms         0.49%      25.130ms       8.377ms             3  
2026-09-24 18:27:23 void at::native::(anonymous namespace)::multi_tensor...         0.00%       0.000us         0.00%       0.000us       0.000us      24.447ms         1.07%      24.447ms       1.630ms            15  
2026-09-24 18:27:23 autograd::engine::evaluate_function: MaxPool2DWithIn...         0.00%      34.525us         0.01%     279.003us      93.001us       0.000us         0.00%      20.549ms       6.850ms             3  
2026-09-24 18:27:23                           MaxPool2DWithIndicesBackward0         0.00%      26.567us         0.01%     244.478us      81.493us       0.000us         0.00%      20.549ms       6.850ms             3  
2026-09-24 18:27:23                  aten::max_pool2d_with_indices_backward         0.00%      77.078us         0.01%     217.911us      72.637us      17.529ms         0.77%      20.549ms       6.850ms             3  
2026-09-24 18:27:23 void cudnn::winograd_nonfused::winogradWgradDelta4x4...         0.00%       0.000us         0.00%       0.000us       0.000us      19.415ms         0.85%      19.415ms     497.829us            39  
2026-09-24 18:27:23 void fft2d_r2c_16x16<float>(float2*, float const*, i...         0.00%       0.000us         0.00%       0.000us       0.000us      19.079ms         0.83%      19.079ms     317.976us            60  
2026-09-24 18:27:23         _5x_cudnn_volta_scudnn_128x64_relu_medium_nn_v1         0.00%       0.000us         0.00%       0.000us       0.000us      18.680ms         0.82%      18.680ms       6.227ms             3  
2026-09-24 18:27:23 void cudnn::winograd_nonfused::winogradWgradData4x4<...         0.00%       0.000us         0.00%       0.000us       0.000us      18.429ms         0.81%      18.429ms     472.546us            39  
2026-09-24 18:27:23 void at::native::(anonymous namespace)::max_pool_bac...         0.00%       0.000us         0.00%       0.000us       0.000us      17.529ms         0.77%      17.529ms       5.843ms             3  
2026-09-24 18:27:23 void wgrad_alg0_engine_NHWC<float, 128, 6, 8, 3, 3, ...         0.00%       0.000us         0.00%       0.000us       0.000us      17.382ms         0.76%      17.382ms       5.794ms             3  
2026-09-24 18:27:23 void at::native::(anonymous namespace)::max_pool_for...         0.00%       0.000us         0.00%       0.000us       0.000us      11.146ms         0.49%      11.146ms       3.715ms             3  
2026-09-24 18:27:23                                  volta_sgemm_128x128_nn         0.00%       0.000us         0.00%       0.000us       0.000us      10.794ms         0.47%      10.794ms       1.799ms             6  
2026-09-24 18:27:23                                    cudaFuncSetAttribute         0.45%      12.687ms         0.88%      24.699ms      77.670us       0.000us         0.00%       9.822ms      30.886us           318  
2026-09-24 18:27:23 void cudnn::batchnorm_bwtr_nhwc_semiPersist<float, f...         0.00%       0.000us         0.00%       0.000us       0.000us       9.339ms         0.41%       9.339ms     345.877us            27  
2026-09-24 18:27:23 void cudnn::engines_precompiled::scalePackedTensor_k...         0.00%       0.000us         0.00%       0.000us       0.000us       7.434ms         0.33%       7.434ms     495.597us            15  
2026-09-24 18:27:23 void fft2d_c2r_16x16<float, false>(float*, float2*, ...         0.00%       0.000us         0.00%       0.000us       0.000us       6.871ms         0.30%       6.871ms     229.018us            30  
2026-09-24 18:27:23 void cudnn::batchnorm_fwtr_nhwc_semiPersist<float, f...         0.00%       0.000us         0.00%       0.000us       0.000us       5.977ms         0.26%       5.977ms     221.362us            27  
2026-09-24 18:27:23 void fft2d_r2c_32x32<float, false, 1u, false>(float2...         0.00%       0.000us         0.00%       0.000us       0.000us       5.185ms         0.23%       5.185ms     246.899us            21  
2026-09-24 18:27:23 void fft2d_r2c_32x32<float, false, 1u, true>(float2*...         0.00%       0.000us         0.00%       0.000us       0.000us       4.342ms         0.19%       4.342ms     241.195us            18  
2026-09-24 18:27:23                                             aten::copy_         0.01%     282.196us        25.69%     720.334ms      40.019ms       3.826ms         0.17%       4.328ms     240.472us            18  
2026-09-24 18:27:23                                             aten::fill_         0.08%       2.377ms         0.38%      10.615ms      21.445us       4.296ms         0.19%       4.301ms       8.689us           495  
2026-09-24 18:27:23 void at::native::vectorized_elementwise_kernel<4, at...         0.00%       0.000us         0.00%       0.000us       0.000us       4.296ms         0.19%       4.296ms       8.679us           495  
2026-09-24 18:27:23                                             aten::zero_         0.05%       1.296ms         0.25%       7.007ms      14.242us       0.000us         0.00%       4.291ms       8.722us           492  
2026-09-24 18:27:23 void fft2d_r2c_32x32<float, true, 0u, false>(float2*...         0.00%       0.000us         0.00%       0.000us       0.000us       4.083ms         0.18%       4.083ms     340.276us            12  
2026-09-24 18:27:23 void cudnn::winograd_nonfused::winogradWgradOutput4x...         0.00%       0.000us         0.00%       0.000us       0.000us       3.801ms         0.17%       3.801ms      97.462us            39  
2026-09-24 18:27:23                                              aten::div_         0.00%      76.412us         0.13%       3.651ms       1.217ms       1.379ms         0.06%       3.082ms       1.027ms             3  
2026-09-24 18:27:23                                               aten::sub         0.00%     114.905us         0.17%       4.754ms       1.585ms       1.338ms         0.06%       2.939ms     979.708us             3  
2026-09-24 18:27:23 enumerate(DataLoader)#_SingleProcessDataLoaderIter._...         0.12%       3.326ms         0.31%       8.634ms       2.158ms       0.000us         0.00%       2.847ms     711.765us             4  
2026-09-24 18:27:23                                             aten::stack         0.01%     330.673us         0.11%       3.076ms     512.636us       0.000us         0.00%       2.847ms     474.510us             6  
2026-09-24 18:27:23                                               aten::cat         0.01%     401.445us         0.09%       2.429ms     404.864us       1.194ms         0.05%       2.847ms     474.510us             6  
2026-09-24 18:27:23                                        aten::contiguous         0.00%      21.097us         0.01%     348.253us      58.042us       0.000us         0.00%       2.619ms     436.430us             6  
2026-09-24 18:27:23                                             aten::clone         0.00%      26.409us         0.01%     327.156us      54.526us       0.000us         0.00%       2.619ms     436.430us             6  
2026-09-24 18:27:23 void at::native::elementwise_kernel<128, 2, at::nati...         0.00%       0.000us         0.00%       0.000us       0.000us       2.619ms         0.11%       2.619ms     436.430us             6  
2026-09-24 18:27:23                                              aten::mul_         0.00%      80.631us         0.11%       3.145ms       1.048ms       1.192ms         0.05%       2.375ms     791.548us             3  
2026-09-24 18:27:23 void flip_filter<float, float>(float*, float const*,...         0.00%       0.000us         0.00%       0.000us       0.000us       2.043ms         0.09%       2.043ms     136.196us            15  
2026-09-24 18:27:23                                                aten::to         0.01%     140.372us        25.70%     720.537ms       4.214ms       0.000us         0.00%       1.694ms       9.906us           171  
2026-09-24 18:27:23                                          aten::_to_copy         0.00%      68.682us        25.70%     720.397ms      80.044ms       0.000us         0.00%       1.694ms     188.220us             9  
2026-09-24 18:27:23 void at::native::elementwise_kernel<128, 2, at::nati...         0.00%       0.000us         0.00%       0.000us       0.000us       1.507ms         0.07%       1.507ms     502.238us             3  
2026-09-24 18:27:23 void at::native::elementwise_kernel<128, 2, at::nati...         0.00%       0.000us         0.00%       0.000us       0.000us       1.379ms         0.06%       1.379ms     459.529us             3  
2026-09-24 18:27:23 void at::native::elementwise_kernel<128, 2, at::nati...         0.00%       0.000us         0.00%       0.000us       0.000us       1.338ms         0.06%       1.338ms     445.918us             3  
2026-09-24 18:27:23 enumerate(DataLoader)#_SingleProcessDataLoaderIter._...         0.00%       0.000us         0.00%       0.000us       0.000us       1.205ms         0.05%       1.205ms     401.630us             3  
2026-09-24 18:27:23 void at::native::vectorized_elementwise_kernel<4, at...         0.00%       0.000us         0.00%       0.000us       0.000us       1.192ms         0.05%       1.192ms     397.278us             3  
2026-09-24 18:27:23 void at::native::unrolled_elementwise_kernel<at::nat...         0.00%       0.000us         0.00%       0.000us       0.000us       1.187ms         0.05%       1.187ms     395.668us             3  
2026-09-24 18:27:23 void at::native::(anonymous namespace)::CatArrayBatc...         0.00%       0.000us         0.00%       0.000us       0.000us       1.182ms         0.05%       1.182ms     196.986us             6  
2026-09-24 18:27:23                                        aten::zeros_like         0.02%     679.629us         0.34%       9.667ms      30.022us       0.000us         0.00%       1.018ms       3.161us           322  
2026-09-24 18:27:23                               aten::adaptive_avg_pool2d         0.00%      42.636us         2.50%      69.976ms      23.325ms       0.000us         0.00%     889.946us     296.649us             3  
2026-09-24 18:27:23 -------------------------------------------------------  ------------  ------------  ------------  ------------  ------------  ------------  ------------  ------------  ------------  ------------  
2026-09-24 18:27:23 Self CPU time total: 2.804s
2026-09-24 18:27:23 Self CUDA time total: 2.286s
2026-09-24 18:27:24 
2026-09-24 18:27:24 total time:16.790363
