2026-09-24 13:41:29 /root/.pyenv/versions/3.11.1/lib/python3.11/site-packages/torchvision/io/image.py:13: UserWarning: Failed to load image Python extension: '/root/.pyenv/versions/3.11.1/lib/python3.11/site-packages/torchvision/image.so: undefined symbol: _ZN3c1017RegisterOperatorsD1Ev'If you don't plan on using image functionality from `torchvision.io`, you can ignore this warning. Otherwise, there might be something wrong with your environment. Did you have `libjpeg` or `libpng` installed before building `torchvision` from source?
2026-09-24 13:41:29   warn(
2026-09-24 13:41:32 /root/.pyenv/versions/3.11.1/lib/python3.11/site-packages/torchvision/datapoints/__init__.py:12: UserWarning: The torchvision.datapoints and torchvision.transforms.v2 namespaces are still Beta. While we do not expect major breaking changes, some APIs may still change according to user feedback. Please submit any feedback you may have in this issue: https://github.com/pytorch/vision/issues/6753, and you can also check out https://github.com/pytorch/vision/issues/7319 to learn more about the APIs that we suspect might involve future changes. You can silence this warning by calling torchvision.disable_beta_transforms_warning().
2026-09-24 13:41:32   warnings.warn(_BETA_TRANSFORMS_WARNING)
2026-09-24 13:41:32 /root/.pyenv/versions/3.11.1/lib/python3.11/site-packages/torchvision/transforms/v2/__init__.py:54: UserWarning: The torchvision.datapoints and torchvision.transforms.v2 namespaces are still Beta. While we do not expect major breaking changes, some APIs may still change according to user feedback. Please submit any feedback you may have in this issue: https://github.com/pytorch/vision/issues/6753, and you can also check out https://github.com/pytorch/vision/issues/7319 to learn more about the APIs that we suspect might involve future changes. You can silence this warning by calling torchvision.disable_beta_transforms_warning().
2026-09-24 13:41:32   warnings.warn(_BETA_TRANSFORMS_WARNING)
2026-09-24 13:41:34 load image
2026-09-24 13:41:34 split dataset
2026-09-24 13:41:34 288 72 items
2026-09-24 13:41:34 3 batch
2026-09-24 13:41:34 load model
2026-09-24 13:41:34 train model
2026-09-24 13:41:54 Epoch 1/4, Loss: 1.9221 Time: 5.6835
2026-09-24 13:41:54 Epoch 2/4, Loss: 0.2473 Time: 4.4752
2026-09-24 13:41:54 Epoch 3/4, Loss: 0.0035 Time: 4.0898
2026-09-24 13:41:54 Epoch 4/4, Loss: 0.0006 Time: 5.0616
2026-09-24 13:41:54 Train Profiler:
2026-09-24 13:41:54 -------------------------------------------------------  ------------  ------------  ------------  ------------  ------------  ------------  ------------  ------------  ------------  ------------  
2026-09-24 13:41:54                                                    Name    Self CPU %      Self CPU   CPU total %     CPU total  CPU time avg     Self CUDA   Self CUDA %    CUDA total  CUDA time avg    # of Calls  
2026-09-24 13:41:54 -------------------------------------------------------  ------------  ------------  ------------  ------------  ------------  ------------  ------------  ------------  ------------  ------------  
2026-09-24 13:41:54                                                aten::to         0.00%     551.017us        44.22%        4.923s       9.271ms       0.000us         0.00%      14.204ms      26.749us           531  
2026-09-24 13:41:54                                          aten::_to_copy         0.00%     382.559us        44.22%        4.922s     109.388ms       0.000us         0.00%      14.204ms     315.642us            45  
2026-09-24 13:41:54                                             aten::copy_         0.01%     735.260us        44.21%        4.922s     109.368ms      14.204ms         0.18%      14.204ms     315.642us            45  
2026-09-24 13:41:54                                   cudaStreamSynchronize        44.17%        4.917s        44.17%        4.917s     273.189ms       0.000us         0.00%       0.000us       0.000us            18  
2026-09-24 13:41:54 enumerate(DataLoader)#_MultiProcessingDataLoaderIter...        31.67%        3.526s        31.80%        3.540s     295.009ms       0.000us         0.00%       0.000us       0.000us            12  
2026-09-24 13:41:54                                   cudaDeviceSynchronize        21.79%        2.426s        21.79%        2.426s     808.704ms       0.000us         0.00%       0.000us       0.000us             3  
2026-09-24 13:41:54 autograd::engine::evaluate_function: ConvolutionBack...         0.05%       5.827ms         0.51%      57.106ms     119.719us       0.000us         0.00%        3.688s       7.733ms           477  
2026-09-24 13:41:54                                    ConvolutionBackward0         0.01%       1.586ms         0.44%      48.438ms     101.546us       0.000us         0.00%        3.452s       7.237ms           477  
2026-09-24 13:41:54                                        cudaLaunchKernel         0.43%      47.978ms         0.43%      47.978ms       7.551us       0.000us         0.00%       0.000us       0.000us          6354  
2026-09-24 13:41:54                              aten::convolution_backward         0.25%      27.735ms         0.42%      46.852ms      98.222us        3.452s        44.73%        3.452s       7.237ms           477  
2026-09-24 13:41:54                                        aten::batch_norm         0.01%     834.146us         0.35%      38.509ms      80.732us       0.000us         0.00%     558.654ms       1.171ms           477  
2026-09-24 13:41:54                            aten::_batch_norm_impl_index         0.02%       1.925ms         0.34%      37.675ms      78.983us       0.000us         0.00%     558.654ms       1.171ms           477  
2026-09-24 13:41:54                                  aten::cudnn_batch_norm         0.15%      17.136ms         0.32%      35.750ms      74.947us     558.654ms         7.24%     558.654ms       1.171ms           477  
2026-09-24 13:41:54                                            aten::conv2d         0.01%       1.010ms         0.32%      35.120ms      73.627us       0.000us         0.00%        1.435s       3.008ms           477  
2026-09-24 13:41:54                                       aten::convolution         0.04%       4.021ms         0.31%      34.109ms      71.508us       0.000us         0.00%        1.435s       3.008ms           477  
2026-09-24 13:41:54 autograd::engine::evaluate_function: CudnnBatchNormB...         0.06%       6.241ms         0.29%      32.690ms      68.532us       0.000us         0.00%     915.872ms       1.920ms           477  
2026-09-24 13:41:54                                      aten::_convolution         0.02%       2.745ms         0.27%      30.088ms      63.078us       0.000us         0.00%        1.435s       3.008ms           477  
2026-09-24 13:41:54                                 aten::cudnn_convolution         0.17%      18.543ms         0.25%      27.343ms      57.324us        1.435s        18.59%        1.435s       3.008ms           477  
2026-09-24 13:41:54                                 CudnnBatchNormBackward0         0.02%       2.140ms         0.24%      26.449ms      55.448us       0.000us         0.00%     915.872ms       1.920ms           477  
2026-09-24 13:41:54                         aten::cudnn_batch_norm_backward         0.10%      11.194ms         0.22%      24.308ms      50.961us     915.872ms        11.87%     915.872ms       1.920ms           477  
2026-09-24 13:41:54                                             aten::empty         0.21%      23.100ms         0.21%      23.100ms       4.806us       0.000us         0.00%       0.000us       0.000us          4806  
2026-09-24 13:41:54                                              aten::add_         0.09%      10.149ms         0.15%      16.341ms      21.112us     471.279ms         6.11%     471.279ms     608.888us           774  
2026-09-24 13:41:54      autograd::engine::evaluate_function: ReluBackward0         0.03%       3.236ms         0.13%      14.974ms      33.955us       0.000us         0.00%     405.389ms     919.249us           441  
2026-09-24 13:41:54                                             aten::relu_         0.05%       5.302ms         0.12%      12.911ms      29.276us       0.000us         0.00%     279.001ms     632.655us           441  
2026-09-24 13:41:54 autograd::engine::evaluate_function: torch::autograd...         0.06%       6.134ms         0.11%      12.660ms       8.737us       0.000us         0.00%       0.000us       0.000us          1449  
2026-09-24 13:41:54                                           ReluBackward0         0.01%       1.534ms         0.11%      11.738ms      26.617us       0.000us         0.00%     405.389ms     919.249us           441  
2026-09-24 13:41:54                                Optimizer.step#Adam.step         0.08%       8.675ms         0.10%      11.588ms       1.288ms       0.000us         0.00%      65.290ms       7.254ms             9  
2026-09-24 13:41:54                                aten::threshold_backward         0.06%       6.432ms         0.09%      10.204ms      23.137us     405.389ms         5.25%     405.389ms     919.249us           441  
2026-09-24 13:41:54                                        aten::clamp_min_         0.04%       4.099ms         0.07%       7.609ms      17.254us     279.001ms         3.61%     279.001ms     632.655us           441  
2026-09-24 13:41:54                                           cudaHostAlloc         0.07%       7.516ms         0.07%       7.516ms       7.516ms       0.000us         0.00%       0.000us       0.000us             1  
2026-09-24 13:41:54                         torch::autograd::AccumulateGrad         0.03%       3.092ms         0.06%       6.526ms       4.503us       0.000us         0.00%       0.000us       0.000us          1449  
2026-09-24 13:41:54                                            Unrecognized         0.06%       6.265ms         0.06%       6.265ms       2.088ms       0.000us         0.00%       0.000us       0.000us             3  
2026-09-24 13:41:54                                        aten::empty_like         0.01%       1.153ms         0.05%       5.123ms      10.540us       0.000us         0.00%       0.000us       0.000us           486  
2026-09-24 13:41:54                      Optimizer.zero_grad#Adam.zero_grad         0.04%       4.975ms         0.04%       4.975ms     552.797us       0.000us         0.00%       0.000us       0.000us             9  
2026-09-24 13:41:54                                            aten::detach         0.01%       1.274ms         0.03%       3.496ms       2.398us       0.000us         0.00%       0.000us       0.000us          1458  
2026-09-24 13:41:54                                         cudaMemcpyAsync         0.03%       3.177ms         0.03%       3.177ms      88.252us       0.000us         0.00%       0.000us       0.000us            36  
2026-09-24 13:41:54                                                  detach         0.02%       2.221ms         0.02%       2.221ms       1.523us       0.000us         0.00%       0.000us       0.000us          1458  
2026-09-24 13:41:54                                              aten::view         0.02%       2.021ms         0.02%       2.021ms       2.023us       0.000us         0.00%       0.000us       0.000us           999  
2026-09-24 13:41:54                                     aten::_foreach_add_         0.01%       1.211ms         0.01%       1.626ms     180.615us      75.295us         0.00%      75.295us       8.366us             9  
2026-09-24 13:41:54     autograd::engine::evaluate_function: AddmmBackward0         0.00%     221.580us         0.01%       1.612ms     179.089us       0.000us         0.00%     322.209us      35.801us             9  
2026-09-24 13:41:54                                         cudaMemsetAsync         0.01%       1.399ms         0.01%       1.399ms       2.189us       0.000us         0.00%       0.000us       0.000us           639  
2026-09-24 13:41:54                                      aten::_fused_adam_         0.01%     952.767us         0.01%       1.260ms     140.033us      65.214ms         0.84%      65.214ms       7.246ms             9  
2026-09-24 13:41:54                                          AddmmBackward0         0.00%     135.687us         0.01%       1.072ms     119.159us       0.000us         0.00%     200.000us      22.222us             9  
2026-09-24 13:41:54                                            aten::linear         0.00%      48.259us         0.01%       1.028ms     114.179us       0.000us         0.00%     195.103us      21.678us             9  
2026-09-24 13:41:54       autograd::engine::evaluate_function: AddBackward0         0.01%     817.608us         0.01%     980.302us       6.808us       0.000us         0.00%       0.000us       0.000us           144  
2026-09-24 13:41:54 autograd::engine::evaluate_function: NllLossBackward...         0.00%     163.311us         0.01%     916.614us     101.846us       0.000us         0.00%      49.216us       5.468us             9  
2026-09-24 13:41:54                                             aten::addmm         0.01%     622.204us         0.01%     857.019us      95.224us     195.103us         0.00%     195.103us      21.678us             9  
2026-09-24 13:41:54                                                aten::mm         0.01%     605.899us         0.01%     761.703us      42.317us     200.000us         0.00%     200.000us      11.111us            18  
2026-09-24 13:41:54                                        NllLossBackward0         0.00%      78.170us         0.01%     753.303us      83.700us       0.000us         0.00%      49.216us       5.468us             9  
2026-09-24 13:41:54                                aten::cross_entropy_loss         0.00%      55.754us         0.01%     746.138us      82.904us       0.000us         0.00%      66.015us       7.335us             9  
2026-09-24 13:41:54                                             aten::fill_         0.00%     307.171us         0.01%     689.998us      25.555us      11.937ms         0.15%      11.937ms     442.124us            27  
2026-09-24 13:41:54                                 aten::nll_loss_backward         0.00%     218.421us         0.01%     675.133us      75.015us      31.616us         0.00%      49.216us       5.468us             9  
2026-09-24 13:41:54                                     aten::empty_strided         0.01%     622.703us         0.01%     622.703us      11.532us       0.000us         0.00%       0.000us       0.000us            54  
2026-09-24 13:41:54      autograd::engine::evaluate_function: MeanBackward1         0.00%      58.499us         0.01%     570.143us      63.349us       0.000us         0.00%       1.693ms     188.078us             9  
2026-09-24 13:41:54                                               aten::sub         0.00%     322.437us         0.01%     569.415us      63.268us       4.466ms         0.06%       4.466ms     496.267us             9  
2026-09-24 13:41:54                                             aten::zero_         0.00%      73.539us         0.00%     549.285us      30.516us       0.000us         0.00%      11.921ms     662.268us            18  
2026-09-24 13:41:54 autograd::engine::evaluate_function: MaxPool2DWithIn...         0.00%      84.993us         0.00%     535.018us      59.446us       0.000us         0.00%      78.555ms       8.728ms             9  
2026-09-24 13:41:54                                           MeanBackward1         0.00%      52.646us         0.00%     511.644us      56.849us       0.000us         0.00%       1.693ms     188.078us             9  
2026-09-24 13:41:54                           MaxPool2DWithIndicesBackward0         0.00%      38.371us         0.00%     450.025us      50.003us       0.000us         0.00%      78.555ms       8.728ms             9  
2026-09-24 13:41:54                               aten::adaptive_avg_pool2d         0.00%      42.443us         0.00%     435.978us      48.442us       0.000us         0.00%       3.593ms     399.175us             9  
2026-09-24 13:41:54                  aten::max_pool2d_with_indices_backward         0.00%     165.398us         0.00%     411.654us      45.739us      66.652ms         0.86%      78.555ms       8.728ms             9  
2026-09-24 13:41:54                                               aten::div         0.00%     289.443us         0.00%     400.258us      44.473us       1.693ms         0.02%       1.693ms     188.078us             9  
2026-09-24 13:41:54                                              aten::mean         0.00%     282.095us         0.00%     393.535us      43.726us       3.593ms         0.05%       3.593ms     399.175us             9  
2026-09-24 13:41:54                                        aten::max_pool2d         0.00%      36.624us         0.00%     393.490us      43.721us       0.000us         0.00%      23.577ms       2.620ms             9  
2026-09-24 13:41:54                                                 aten::t         0.00%     183.200us         0.00%     360.058us       8.001us       0.000us         0.00%       0.000us       0.000us            45  
2026-09-24 13:41:54                           aten::max_pool2d_with_indices         0.00%     262.659us         0.00%     356.866us      39.652us      23.577ms         0.31%      23.577ms       2.620ms             9  
2026-09-24 13:41:54                                         aten::ones_like         0.00%      35.481us         0.00%     356.187us      39.576us       0.000us         0.00%      16.512us       1.835us             9  
2026-09-24 13:41:54                                       aten::log_softmax         0.00%      50.338us         0.00%     350.971us      38.997us       0.000us         0.00%      23.135us       2.571us             9  
2026-09-24 13:41:54 autograd::engine::evaluate_function: LogSoftmaxBackw...         0.00%      70.970us         0.00%     344.935us      38.326us       0.000us         0.00%      20.992us       2.332us             9  
2026-09-24 13:41:54                                       aten::nll_loss_nd         0.00%      31.818us         0.00%     339.413us      37.713us       0.000us         0.00%      42.880us       4.764us             9  
2026-09-24 13:41:54                                          aten::nll_loss         0.00%      28.401us         0.00%     307.595us      34.177us       0.000us         0.00%      42.880us       4.764us             9  
2026-09-24 13:41:54                                      aten::_log_softmax         0.00%     200.948us         0.00%     293.912us      32.657us      23.135us         0.00%      23.135us       2.571us             9  
2026-09-24 13:41:54                                               aten::sum         0.00%     199.678us         0.00%     290.006us      32.223us     122.209us         0.00%     122.209us      13.579us             9  
2026-09-24 13:41:54                                  aten::nll_loss_forward         0.00%     184.966us         0.00%     279.194us      31.022us      42.880us         0.00%      42.880us       4.764us             9  
2026-09-24 13:41:54                                     LogSoftmaxBackward0         0.00%      53.563us         0.00%     273.965us      30.441us       0.000us         0.00%      20.992us       2.332us             9  
2026-09-24 13:41:54                                          aten::randperm         0.00%     114.879us         0.00%     267.081us      22.257us       0.000us         0.00%       0.000us       0.000us            12  
2026-09-24 13:41:54                                              aten::mul_         0.00%     163.759us         0.00%     256.203us      28.467us       4.416ms         0.06%       4.416ms     490.638us             9  
2026-09-24 13:41:54                                     cudaPeekAtLastError         0.00%     235.454us         0.00%     235.454us       0.222us       0.000us         0.00%       0.000us       0.000us          1062  
2026-09-24 13:41:54                                              aten::div_         0.00%     143.148us         0.00%     232.572us      25.841us       4.536ms         0.06%       4.536ms     504.032us             9  
2026-09-24 13:41:54                        aten::_log_softmax_backward_data         0.00%     142.832us         0.00%     220.402us      24.489us      20.992us         0.00%      20.992us       2.332us             9  
2026-09-24 13:41:54                                         aten::transpose         0.00%     106.166us         0.00%     176.858us       3.930us       0.000us         0.00%       0.000us       0.000us            45  
2026-09-24 13:41:54                                    cudaFuncSetAttribute         0.00%     162.792us         0.00%     162.792us       2.010us       0.000us         0.00%       0.000us       0.000us            81  
2026-09-24 13:41:54                                            AddBackward0         0.00%     162.694us         0.00%     162.694us       1.130us       0.000us         0.00%       0.000us       0.000us           144  
2026-09-24 13:41:54                                cudaPointerGetAttributes         0.00%     161.306us         0.00%     161.306us       8.961us       0.000us         0.00%       0.000us       0.000us            18  
2026-09-24 13:41:54                                       aten::result_type         0.00%     158.969us         0.00%     158.969us       0.110us       0.000us         0.00%       0.000us       0.000us          1449  
2026-09-24 13:41:54         autograd::engine::evaluate_function: TBackward0         0.00%      48.332us         0.00%     127.280us      14.142us       0.000us         0.00%       0.000us       0.000us             9  
2026-09-24 13:41:54                                           aten::flatten         0.00%      32.096us         0.00%     117.180us      13.020us       0.000us         0.00%       0.000us       0.000us             9  
2026-09-24 13:41:54      autograd::engine::evaluate_function: ViewBackward0         0.00%      44.294us         0.00%      93.582us      10.398us       0.000us         0.00%       0.000us       0.000us             9  
2026-09-24 13:41:54                                         cudaEventRecord         0.00%      85.497us         0.00%      85.497us       4.750us       0.000us         0.00%       0.000us       0.000us            18  
2026-09-24 13:41:54                                        aten::as_strided         0.00%      83.174us         0.00%      83.174us       1.540us       0.000us         0.00%       0.000us       0.000us            54  
2026-09-24 13:41:54                                              TBackward0         0.00%      16.262us         0.00%      78.948us       8.772us       0.000us         0.00%       0.000us       0.000us             9  
2026-09-24 13:41:54                                            aten::expand         0.00%      46.258us         0.00%      58.740us       6.527us       0.000us         0.00%       0.000us       0.000us             9  
2026-09-24 13:41:54                                           ViewBackward0         0.00%      19.349us         0.00%      49.288us       5.476us       0.000us         0.00%       0.000us       0.000us             9  
2026-09-24 13:41:54                                           aten::random_         0.00%      46.277us         0.00%      46.277us      15.426us       0.000us         0.00%       0.000us       0.000us             3  
2026-09-24 13:41:54                                           aten::reshape         0.00%      10.303us         0.00%      29.939us       3.327us       0.000us         0.00%       0.000us       0.000us             9  
2026-09-24 13:41:54                                          cudaEventQuery         0.00%      28.535us         0.00%      28.535us       7.134us       0.000us         0.00%       0.000us       0.000us             4  
2026-09-24 13:41:54                                   cudaStreamIsCapturing         0.00%      26.986us         0.00%      26.986us       2.998us       0.000us         0.00%       0.000us       0.000us             9  
2026-09-24 13:41:54                                     aten::scalar_tensor         0.00%      23.531us         0.00%      23.531us       3.922us       0.000us         0.00%       0.000us       0.000us             6  
2026-09-24 13:41:54                                              aten::item         0.00%      11.687us         0.00%      17.475us       5.825us       0.000us         0.00%       0.000us       0.000us             3  
2026-09-24 13:41:54                                           aten::resize_         0.00%      11.746us         0.00%      11.746us       0.559us       0.000us         0.00%       0.000us       0.000us            21  
2026-09-24 13:41:54 -------------------------------------------------------  ------------  ------------  ------------  ------------  ------------  ------------  ------------  ------------  ------------  ------------  
2026-09-24 13:41:54 Self CPU time total: 11.133s
2026-09-24 13:41:54 Self CUDA time total: 7.718s
2026-09-24 13:41:55 
2026-09-24 13:41:55 -------------------------------------------------------  ------------  ------------  ------------  ------------  ------------  ------------  ------------  ------------  ------------  ------------  
2026-09-24 13:41:55                                                    Name    Self CPU %      Self CPU   CPU total %     CPU total  CPU time avg     Self CUDA   Self CUDA %    CUDA total  CUDA time avg    # of Calls  
2026-09-24 13:41:55 -------------------------------------------------------  ------------  ------------  ------------  ------------  ------------  ------------  ------------  ------------  ------------  ------------  
2026-09-24 13:41:55 autograd::engine::evaluate_function: ConvolutionBack...         0.05%       5.827ms         0.51%      57.106ms     119.719us       0.000us         0.00%        3.688s       7.733ms           477  
2026-09-24 13:41:55                                    ConvolutionBackward0         0.01%       1.586ms         0.44%      48.438ms     101.546us       0.000us         0.00%        3.452s       7.237ms           477  
2026-09-24 13:41:55                              aten::convolution_backward         0.25%      27.735ms         0.42%      46.852ms      98.222us        3.452s        44.73%        3.452s       7.237ms           477  
2026-09-24 13:41:55                                            aten::conv2d         0.01%       1.010ms         0.32%      35.120ms      73.627us       0.000us         0.00%        1.435s       3.008ms           477  
2026-09-24 13:41:55                                       aten::convolution         0.04%       4.021ms         0.31%      34.109ms      71.508us       0.000us         0.00%        1.435s       3.008ms           477  
2026-09-24 13:41:55                                      aten::_convolution         0.02%       2.745ms         0.27%      30.088ms      63.078us       0.000us         0.00%        1.435s       3.008ms           477  
2026-09-24 13:41:55                                 aten::cudnn_convolution         0.17%      18.543ms         0.25%      27.343ms      57.324us        1.435s        18.59%        1.435s       3.008ms           477  
2026-09-24 13:41:55 autograd::engine::evaluate_function: CudnnBatchNormB...         0.06%       6.241ms         0.29%      32.690ms      68.532us       0.000us         0.00%     915.872ms       1.920ms           477  
2026-09-24 13:41:55                                 CudnnBatchNormBackward0         0.02%       2.140ms         0.24%      26.449ms      55.448us       0.000us         0.00%     915.872ms       1.920ms           477  
2026-09-24 13:41:55                         aten::cudnn_batch_norm_backward         0.10%      11.194ms         0.22%      24.308ms      50.961us     915.872ms        11.87%     915.872ms       1.920ms           477  
2026-09-24 13:41:55       _5x_cudnn_volta_scudnn_128x64_relu_interior_nn_v1         0.00%       0.000us         0.00%       0.000us       0.000us     685.142ms         8.88%     685.142ms       2.538ms           270  
2026-09-24 13:41:55                                   volta_sgemm_128x64_nt         0.00%       0.000us         0.00%       0.000us       0.000us     638.687ms         8.28%     638.687ms       1.971ms           324  
2026-09-24 13:41:55                                   volta_sgemm_128x64_tn         0.00%       0.000us         0.00%       0.000us       0.000us     618.329ms         8.01%     618.329ms       2.987ms           207  
2026-09-24 13:41:55                                        aten::batch_norm         0.01%     834.146us         0.35%      38.509ms      80.732us       0.000us         0.00%     558.654ms       1.171ms           477  
2026-09-24 13:41:55                            aten::_batch_norm_impl_index         0.02%       1.925ms         0.34%      37.675ms      78.983us       0.000us         0.00%     558.654ms       1.171ms           477  
2026-09-24 13:41:55                                  aten::cudnn_batch_norm         0.15%      17.136ms         0.32%      35.750ms      74.947us     558.654ms         7.24%     558.654ms       1.171ms           477  
2026-09-24 13:41:55                                              aten::add_         0.09%      10.149ms         0.15%      16.341ms      21.112us     471.279ms         6.11%     471.279ms     608.888us           774  
2026-09-24 13:41:55 void at::native::vectorized_elementwise_kernel<4, at...         0.00%       0.000us         0.00%       0.000us       0.000us     469.876ms         6.09%     469.876ms       1.582ms           297  
2026-09-24 13:41:55 void cudnn::bn_bw_1C11_kernel_new<float, float, floa...         0.00%       0.000us         0.00%       0.000us       0.000us     446.663ms         5.79%     446.663ms       1.210ms           369  
2026-09-24 13:41:55      _5x_cudnn_volta_scudnn_128x64_stridedB_small_nn_v1         0.00%       0.000us         0.00%       0.000us       0.000us     438.046ms         5.68%     438.046ms       2.863ms           153  
2026-09-24 13:41:55      autograd::engine::evaluate_function: ReluBackward0         0.03%       3.236ms         0.13%      14.974ms      33.955us       0.000us         0.00%     405.389ms     919.249us           441  
2026-09-24 13:41:55                                           ReluBackward0         0.01%       1.534ms         0.11%      11.738ms      26.617us       0.000us         0.00%     405.389ms     919.249us           441  
2026-09-24 13:41:55                                aten::threshold_backward         0.06%       6.432ms         0.09%      10.204ms      23.137us     405.389ms         5.25%     405.389ms     919.249us           441  
2026-09-24 13:41:55 void at::native::vectorized_elementwise_kernel<4, at...         0.00%       0.000us         0.00%       0.000us       0.000us     405.389ms         5.25%     405.389ms     919.249us           441  
2026-09-24 13:41:55 void cudnn::bn_bw_1C11_kernel_new<float, float, floa...         0.00%       0.000us         0.00%       0.000us       0.000us     400.758ms         5.19%     400.758ms       4.048ms            99  
2026-09-24 13:41:55         _5x_cudnn_volta_scudnn_128x128_relu_small_nn_v1         0.00%       0.000us         0.00%       0.000us       0.000us     320.899ms         4.16%     320.899ms       5.094ms            63  
2026-09-24 13:41:55                                             aten::relu_         0.05%       5.302ms         0.12%      12.911ms      29.276us       0.000us         0.00%     279.001ms     632.655us           441  
2026-09-24 13:41:55                                        aten::clamp_min_         0.04%       4.099ms         0.07%       7.609ms      17.254us     279.001ms         3.61%     279.001ms     632.655us           441  
2026-09-24 13:41:55 void at::native::vectorized_elementwise_kernel<4, at...         0.00%       0.000us         0.00%       0.000us       0.000us     279.001ms         3.61%     279.001ms     632.655us           441  
2026-09-24 13:41:55 void cudnn::cnn::wgrad_alg1_engine<float, float, 128...         0.00%       0.000us         0.00%       0.000us       0.000us     270.055ms         3.50%     270.055ms       4.287ms            63  
2026-09-24 13:41:55 void cudnn::detail::dgrad_engine<float, 512, 6, 5, 3...         0.00%       0.000us         0.00%       0.000us       0.000us     259.302ms         3.36%     259.302ms       9.604ms            27  
2026-09-24 13:41:55 void cudnn::bn_fw_tr_1C11_kernel_NCHW<float, float, ...         0.00%       0.000us         0.00%       0.000us       0.000us     246.614ms         3.20%     246.614ms       2.491ms            99  
2026-09-24 13:41:55 void cudnn::bn_fw_tr_1C11_kernel_NCHW<float, float, ...         0.00%       0.000us         0.00%       0.000us       0.000us     245.433ms         3.18%     245.433ms     852.199us           288  
2026-09-24 13:41:55 _5x_cudnn_turing_scudnn_128x64_stridedB_splitK_xregs...         0.00%       0.000us         0.00%       0.000us       0.000us     235.249ms         3.05%     235.249ms       6.535ms            36  
2026-09-24 13:41:55                                   volta_sgemm_128x64_nn         0.00%       0.000us         0.00%       0.000us       0.000us     230.605ms         2.99%     230.605ms       1.708ms           135  
2026-09-24 13:41:55                                    volta_sgemm_64x64_tn         0.00%       0.000us         0.00%       0.000us       0.000us     223.940ms         2.90%     223.940ms       4.976ms            45  
2026-09-24 13:41:55 void cudnn::detail::dgrad_engine<float, 128, 6, 8, 3...         0.00%       0.000us         0.00%       0.000us       0.000us     196.673ms         2.55%     196.673ms       7.284ms            27  
2026-09-24 13:41:55 void cudnn::winograd_nonfused::winogradForwardData4x...         0.00%       0.000us         0.00%       0.000us       0.000us     148.474ms         1.92%     148.474ms     634.505us           234  
2026-09-24 13:41:55 void cudnn::winograd_nonfused::winogradForwardOutput...         0.00%       0.000us         0.00%       0.000us       0.000us     133.615ms         1.73%     133.615ms     571.003us           234  
2026-09-24 13:41:55                                    volta_sgemm_64x64_nt         0.00%       0.000us         0.00%       0.000us       0.000us     103.612ms         1.34%     103.612ms       1.919ms            54  
2026-09-24 13:41:55 autograd::engine::evaluate_function: MaxPool2DWithIn...         0.00%      84.993us         0.00%     535.018us      59.446us       0.000us         0.00%      78.555ms       8.728ms             9  
2026-09-24 13:41:55                           MaxPool2DWithIndicesBackward0         0.00%      38.371us         0.00%     450.025us      50.003us       0.000us         0.00%      78.555ms       8.728ms             9  
2026-09-24 13:41:55                  aten::max_pool2d_with_indices_backward         0.00%     165.398us         0.00%     411.654us      45.739us      66.652ms         0.86%      78.555ms       8.728ms             9  
2026-09-24 13:41:55 void cudnn::winograd_nonfused::winogradWgradDelta4x4...         0.00%       0.000us         0.00%       0.000us       0.000us      76.989ms         1.00%      76.989ms     658.030us           117  
2026-09-24 13:41:55 void cudnn::winograd_nonfused::winogradWgradData4x4<...         0.00%       0.000us         0.00%       0.000us       0.000us      73.756ms         0.96%      73.756ms     630.390us           117  
2026-09-24 13:41:55 void cudnn::bn_bw_1C11_kernel_new<float, float, floa...         0.00%       0.000us         0.00%       0.000us       0.000us      68.451ms         0.89%      68.451ms       7.606ms             9  
2026-09-24 13:41:55 void at::native::(anonymous namespace)::max_pool_bac...         0.00%       0.000us         0.00%       0.000us       0.000us      66.652ms         0.86%      66.652ms       7.406ms             9  
2026-09-24 13:41:55                                Optimizer.step#Adam.step         0.00%       0.000us         0.00%       0.000us       0.000us      65.337ms         0.85%      65.337ms       7.260ms             9  
2026-09-24 13:41:55                                Optimizer.step#Adam.step         0.08%       8.675ms         0.10%      11.588ms       1.288ms       0.000us         0.00%      65.290ms       7.254ms             9  
2026-09-24 13:41:55                                      aten::_fused_adam_         0.01%     952.767us         0.01%       1.260ms     140.033us      65.214ms         0.84%      65.214ms       7.246ms             9  
2026-09-24 13:41:55 void at::native::(anonymous namespace)::multi_tensor...         0.00%       0.000us         0.00%       0.000us       0.000us      65.214ms         0.84%      65.214ms       1.449ms            45  
2026-09-24 13:41:55 void cudnn::cnn::reduce_wgrad_nchw_helper<float, flo...         0.00%       0.000us         0.00%       0.000us       0.000us      61.345ms         0.79%      61.345ms     243.434us           252  
2026-09-24 13:41:55 void wgrad_alg0_engine<float, 128, 6, 8, 3, 3, 5, fa...         0.00%       0.000us         0.00%       0.000us       0.000us      59.750ms         0.77%      59.750ms       6.639ms             9  
2026-09-24 13:41:55         _5x_cudnn_volta_scudnn_128x64_relu_medium_nn_v1         0.00%       0.000us         0.00%       0.000us       0.000us      48.346ms         0.63%      48.346ms       5.372ms             9  
2026-09-24 13:41:55 void cudnn::bn_fw_tr_1C11_kernel_NCHW<float, float, ...         0.00%       0.000us         0.00%       0.000us       0.000us      42.469ms         0.55%      42.469ms       4.719ms             9  
2026-09-24 13:41:55 void cudnn::engines_precompiled::scalePackedTensor_k...         0.00%       0.000us         0.00%       0.000us       0.000us      33.217ms         0.43%      33.217ms     615.124us            54  
2026-09-24 13:41:55 void cudnn::bn_fw_tr_1C11_singleread<float, 512, tru...         0.00%       0.000us         0.00%       0.000us       0.000us      24.138ms         0.31%      24.138ms     298.006us            81  
2026-09-24 13:41:55                                        aten::max_pool2d         0.00%      36.624us         0.00%     393.490us      43.721us       0.000us         0.00%      23.577ms       2.620ms             9  
2026-09-24 13:41:55                           aten::max_pool2d_with_indices         0.00%     262.659us         0.00%     356.866us      39.652us      23.577ms         0.31%      23.577ms       2.620ms             9  
2026-09-24 13:41:55 void at::native::(anonymous namespace)::max_pool_for...         0.00%       0.000us         0.00%       0.000us       0.000us      23.577ms         0.31%      23.577ms       2.620ms             9  
2026-09-24 13:41:55 void cudnn::winograd_nonfused::winogradForwardFilter...         0.00%       0.000us         0.00%       0.000us       0.000us      15.199ms         0.20%      15.199ms      64.951us           234  
2026-09-24 13:41:55                                                aten::to         0.00%     551.017us        44.22%        4.923s       9.271ms       0.000us         0.00%      14.204ms      26.749us           531  
2026-09-24 13:41:55                                          aten::_to_copy         0.00%     382.559us        44.22%        4.922s     109.388ms       0.000us         0.00%      14.204ms     315.642us            45  
2026-09-24 13:41:55                                             aten::copy_         0.01%     735.260us        44.21%        4.922s     109.368ms      14.204ms         0.18%      14.204ms     315.642us            45  
2026-09-24 13:41:55 void cudnn::winograd_nonfused::winogradWgradOutput4x...         0.00%       0.000us         0.00%       0.000us       0.000us      13.039ms         0.17%      13.039ms     111.440us           117  
2026-09-24 13:41:55                                             aten::fill_         0.00%     307.171us         0.01%     689.998us      25.555us      11.937ms         0.15%      11.937ms     442.124us            27  
2026-09-24 13:41:55 void at::native::vectorized_elementwise_kernel<4, at...         0.00%       0.000us         0.00%       0.000us       0.000us      11.937ms         0.15%      11.937ms     442.124us            27  
2026-09-24 13:41:55                                             aten::zero_         0.00%      73.539us         0.00%     549.285us      30.516us       0.000us         0.00%      11.921ms     662.268us            18  
2026-09-24 13:41:55                          Memcpy HtoD (Pinned -> Device)         0.00%       0.000us         0.00%       0.000us       0.000us      10.602ms         0.14%      10.602ms     589.020us            18  
2026-09-24 13:41:55                                              aten::div_         0.00%     143.148us         0.00%     232.572us      25.841us       4.536ms         0.06%       4.536ms     504.032us             9  
2026-09-24 13:41:55 void at::native::elementwise_kernel<128, 2, at::nati...         0.00%       0.000us         0.00%       0.000us       0.000us       4.536ms         0.06%       4.536ms     504.032us             9  
2026-09-24 13:41:55                                               aten::sub         0.00%     322.437us         0.01%     569.415us      63.268us       4.466ms         0.06%       4.466ms     496.267us             9  
2026-09-24 13:41:55 void at::native::elementwise_kernel<128, 2, at::nati...         0.00%       0.000us         0.00%       0.000us       0.000us       4.466ms         0.06%       4.466ms     496.267us             9  
2026-09-24 13:41:55                                              aten::mul_         0.00%     163.759us         0.00%     256.203us      28.467us       4.416ms         0.06%       4.416ms     490.638us             9  
2026-09-24 13:41:55 void at::native::vectorized_elementwise_kernel<4, at...         0.00%       0.000us         0.00%       0.000us       0.000us       4.416ms         0.06%       4.416ms     490.638us             9  
2026-09-24 13:41:55                               aten::adaptive_avg_pool2d         0.00%      42.443us         0.00%     435.978us      48.442us       0.000us         0.00%       3.593ms     399.175us             9  
2026-09-24 13:41:55                                              aten::mean         0.00%     282.095us         0.00%     393.535us      43.726us       3.593ms         0.05%       3.593ms     399.175us             9  
2026-09-24 13:41:55 void at::native::reduce_kernel<512, 1, at::native::R...         0.00%       0.000us         0.00%       0.000us       0.000us       3.593ms         0.05%       3.593ms     399.175us             9  
2026-09-24 13:41:55 void at::native::unrolled_elementwise_kernel<at::nat...         0.00%       0.000us         0.00%       0.000us       0.000us       3.592ms         0.05%       3.592ms     399.061us             9  
2026-09-24 13:41:55      autograd::engine::evaluate_function: MeanBackward1         0.00%      58.499us         0.01%     570.143us      63.349us       0.000us         0.00%       1.693ms     188.078us             9  
2026-09-24 13:41:55                                           MeanBackward1         0.00%      52.646us         0.00%     511.644us      56.849us       0.000us         0.00%       1.693ms     188.078us             9  
2026-09-24 13:41:55                                               aten::div         0.00%     289.443us         0.00%     400.258us      44.473us       1.693ms         0.02%       1.693ms     188.078us             9  
2026-09-24 13:41:55 void at::native::elementwise_kernel<128, 2, at::nati...         0.00%       0.000us         0.00%       0.000us       0.000us       1.693ms         0.02%       1.693ms     188.078us             9  
2026-09-24 13:41:55 void at::native::vectorized_elementwise_kernel<2, at...         0.00%       0.000us         0.00%       0.000us       0.000us       1.403ms         0.02%       1.403ms       2.941us           477  
2026-09-24 13:41:55 void cask__5x_cudnn::computeOffsetsKernel<false, fal...         0.00%       0.000us         0.00%       0.000us       0.000us       1.106ms         0.01%       1.106ms       3.234us           342  
2026-09-24 13:41:55                                         Memset (Device)         0.00%       0.000us         0.00%       0.000us       0.000us     589.186us         0.01%     589.186us       4.092us           144  
2026-09-24 13:41:55 void cask__5x_cudnn::computeOffsetsKernel<true, fals...         0.00%       0.000us         0.00%       0.000us       0.000us     513.221us         0.01%     513.221us       3.354us           153  
2026-09-24 13:41:55 cask__5x_cudnn::computeBOffsetsKernel(cask__5x_cudnn...         0.00%       0.000us         0.00%       0.000us       0.000us     387.161us         0.01%     387.161us       2.530us           153  
2026-09-24 13:41:55     autograd::engine::evaluate_function: AddmmBackward0         0.00%     221.580us         0.01%       1.612ms     179.089us       0.000us         0.00%     322.209us      35.801us             9  
2026-09-24 13:41:55                                          AddmmBackward0         0.00%     135.687us         0.01%       1.072ms     119.159us       0.000us         0.00%     200.000us      22.222us             9  
2026-09-24 13:41:55                                                aten::mm         0.01%     605.899us         0.01%     761.703us      42.317us     200.000us         0.00%     200.000us      11.111us            18  
2026-09-24 13:41:55                                            aten::linear         0.00%      48.259us         0.01%       1.028ms     114.179us       0.000us         0.00%     195.103us      21.678us             9  
2026-09-24 13:41:55                                             aten::addmm         0.01%     622.204us         0.01%     857.019us      95.224us     195.103us         0.00%     195.103us      21.678us             9  
2026-09-24 13:41:55                                   volta_sgemm_32x128_tn         0.00%       0.000us         0.00%       0.000us       0.000us     155.455us         0.00%     155.455us      17.273us             9  
2026-09-24 13:41:55                                               aten::sum         0.00%     199.678us         0.00%     290.006us      32.223us     122.209us         0.00%     122.209us      13.579us             9  
2026-09-24 13:41:55 void at::native::reduce_kernel<256, 2, at::native::R...         0.00%       0.000us         0.00%       0.000us       0.000us     122.209us         0.00%     122.209us      13.579us             9  
2026-09-24 13:41:55                                   volta_sgemm_128x32_nt         0.00%       0.000us         0.00%       0.000us       0.000us     112.832us         0.00%     112.832us      12.537us             9  
2026-09-24 13:41:55 cask__5x_cudnn::computeWgradSplitKOffsetsKernel(cask...         0.00%       0.000us         0.00%       0.000us       0.000us      95.612us         0.00%      95.612us       2.656us            36  
2026-09-24 13:41:55                                   volta_sgemm_128x32_nn         0.00%       0.000us         0.00%       0.000us       0.000us      87.168us         0.00%      87.168us       9.685us             9  
2026-09-24 13:41:55 cask__5x_cudnn::computeWgradBOffsetsKernel(cask__5x_...         0.00%       0.000us         0.00%       0.000us       0.000us      86.557us         0.00%      86.557us       2.404us            36  
2026-09-24 13:41:55 -------------------------------------------------------  ------------  ------------  ------------  ------------  ------------  ------------  ------------  ------------  ------------  ------------  
2026-09-24 13:41:55 Self CPU time total: 11.133s
2026-09-24 13:41:55 Self CUDA time total: 7.718s
2026-09-24 13:41:56 
2026-09-24 13:41:56 Train 1st Epoch Profiler:
2026-09-24 13:41:56 -------------------------------------------------------  ------------  ------------  ------------  ------------  ------------  ------------  ------------  ------------  ------------  ------------  
2026-09-24 13:41:56                                                    Name    Self CPU %      Self CPU   CPU total %     CPU total  CPU time avg     Self CUDA   Self CUDA %    CUDA total  CUDA time avg    # of Calls  
2026-09-24 13:41:56 -------------------------------------------------------  ------------  ------------  ------------  ------------  ------------  ------------  ------------  ------------  ------------  ------------  
2026-09-24 13:41:56 enumerate(DataLoader)#_MultiProcessingDataLoaderIter...        32.09%        1.523s        32.54%        1.545s     386.213ms       0.000us         0.00%       0.000us       0.000us             4  
2026-09-24 13:41:56                                        cudaLaunchKernel         7.94%     377.176ms        20.69%     982.334ms     377.675us       0.000us         0.00%     152.605ms      58.672us          2601  
2026-09-24 13:41:56                        Runtime Triggered Module Loading        20.01%     950.197ms        20.01%     950.216ms      15.326ms     108.605ms         4.27%     108.610ms       1.752ms            62  
2026-09-24 13:41:56                                                aten::to         0.00%     195.508us        17.59%     834.954ms       4.717ms       0.000us         0.00%       4.798ms      27.109us           177  
2026-09-24 13:41:56                                          aten::_to_copy         0.00%     138.048us        17.58%     834.758ms      55.651ms       0.000us         0.00%       4.798ms     319.883us            15  
2026-09-24 13:41:56                                             aten::copy_         0.01%     259.876us        17.56%     833.736ms      55.582ms       4.793ms         0.19%       4.798ms     319.883us            15  
2026-09-24 13:41:56                                   cudaStreamSynchronize        17.14%     813.548ms        17.14%     813.548ms     135.591ms       0.000us         0.00%       0.000us       0.000us             6  
2026-09-24 13:41:56                                   cudaDeviceSynchronize        16.91%     803.051ms        16.91%     803.051ms     803.051ms       0.000us         0.00%       0.000us       0.000us             1  
2026-09-24 13:41:56 autograd::engine::evaluate_function: ConvolutionBack...         0.05%       2.221ms         7.31%     347.262ms       2.184ms       0.000us         0.00%        1.204s       7.570ms           159  
2026-09-24 13:41:56                                    ConvolutionBackward0         0.01%     696.477us         7.25%     344.014ms       2.164ms       0.000us         0.00%        1.125s       7.074ms           159  
2026-09-24 13:41:56                              aten::convolution_backward         0.48%      22.859ms         7.23%     343.317ms       2.159ms        1.125s        44.22%        1.125s       7.074ms           159  
2026-09-24 13:41:56                               aten::adaptive_avg_pool2d         0.00%      22.401us         5.08%     240.989ms      80.330ms       0.000us         0.00%       2.326ms     775.221us             3  
2026-09-24 13:41:56                                              aten::mean         0.00%     177.495us         5.08%     240.967ms      80.322ms       1.177ms         0.05%       2.326ms     775.221us             3  
2026-09-24 13:41:56                                Optimizer.step#Adam.step         0.15%       7.345ms         4.58%     217.243ms      72.414ms       0.000us         0.00%      42.606ms      14.202ms             3  
2026-09-24 13:41:56                                            aten::conv2d         0.01%     394.108us         4.14%     196.328ms       1.235ms       0.000us         0.00%     594.246ms       3.737ms           159  
2026-09-24 13:41:56                                       aten::convolution         0.03%       1.574ms         4.13%     195.934ms       1.232ms       0.000us         0.00%     594.246ms       3.737ms           159  
2026-09-24 13:41:56                                      aten::_convolution         0.02%       1.120ms         4.09%     194.360ms       1.222ms       0.000us         0.00%     594.246ms       3.737ms           159  
2026-09-24 13:41:56                                     aten::_foreach_add_         0.01%     488.600us         4.07%     193.330ms      64.443ms      24.000us         0.00%      44.928us      14.976us             3  
2026-09-24 13:41:56                                 aten::cudnn_convolution         2.18%     103.542ms         4.07%     193.240ms       1.215ms     474.686ms        18.66%     594.246ms       3.737ms           159  
2026-09-24 13:41:56                                           cudaHostAlloc         0.62%      29.529ms         0.74%      35.274ms       5.039ms       0.000us         0.00%       0.000us       0.000us             7  
2026-09-24 13:41:56                                        aten::batch_norm         0.01%     368.462us         0.69%      32.811ms     206.357us       0.000us         0.00%     202.903ms       1.276ms           159  
2026-09-24 13:41:56                            aten::_batch_norm_impl_index         0.01%     679.114us         0.68%      32.442ms     204.039us       0.000us         0.00%     202.903ms       1.276ms           159  
2026-09-24 13:41:56                                  aten::cudnn_batch_norm         0.20%       9.309ms         0.67%      31.763ms     199.768us     186.457ms         7.33%     202.903ms       1.276ms           159  
2026-09-24 13:41:56                                             aten::relu_         0.04%       1.897ms         0.58%      27.456ms     186.775us       0.000us         0.00%     100.611ms     684.432us           147  
2026-09-24 13:41:56                                        aten::clamp_min_         0.03%       1.497ms         0.54%      25.559ms     173.871us      92.934ms         3.65%     100.611ms     684.432us           147  
2026-09-24 13:41:56                                aten::cross_entropy_loss         0.00%      55.087us         0.52%      24.496ms       8.165ms       0.000us         0.00%      36.544us      12.181us             3  
2026-09-24 13:41:56 autograd::engine::evaluate_function: CudnnBatchNormB...         0.04%       2.081ms         0.44%      21.000ms     132.073us       0.000us         0.00%     304.775ms       1.917ms           159  
2026-09-24 13:41:56                                 CudnnBatchNormBackward0         0.02%     726.745us         0.40%      18.919ms     118.988us       0.000us         0.00%     304.775ms       1.917ms           159  
2026-09-24 13:41:56                                               aten::sub         0.00%     163.770us         0.39%      18.436ms       6.145ms       1.510ms         0.06%       3.152ms       1.051ms             3  
2026-09-24 13:41:56                                    cudaGetSymbolAddress         0.38%      17.984ms         0.38%      18.230ms      18.230ms       0.000us         0.00%      18.273ms      18.273ms             1  
2026-09-24 13:41:56                         aten::cudnn_batch_norm_backward         0.09%       4.280ms         0.38%      18.192ms     114.417us     304.775ms        11.98%     304.775ms       1.917ms           159  
2026-09-24 13:41:56                                       aten::log_softmax         0.00%      33.241us         0.36%      17.227ms       5.742ms       0.000us         0.00%      12.672us       4.224us             3  
2026-09-24 13:41:56                                      aten::_log_softmax         0.00%     133.780us         0.36%      17.192ms       5.731ms       7.008us         0.00%      12.672us       4.224us             3  
2026-09-24 13:41:56                                            aten::linear         0.00%      33.192us         0.34%      16.078ms       5.359ms       0.000us         0.00%     146.496us      48.832us             3  
2026-09-24 13:41:56                                             aten::addmm         0.06%       3.016ms         0.34%      15.992ms       5.331ms      63.936us         0.00%     146.496us      48.832us             3  
2026-09-24 13:41:56                                              cudaMalloc         0.32%      15.165ms         0.32%      15.165ms     144.425us       0.000us         0.00%       0.000us       0.000us           105  
2026-09-24 13:41:56      autograd::engine::evaluate_function: ReluBackward0         0.02%       1.115ms         0.32%      15.159ms     103.122us       0.000us         0.00%     135.305ms     920.439us           147  
2026-09-24 13:41:56                                             aten::empty         0.20%       9.695ms         0.31%      14.726ms       8.348us       0.000us         0.00%       0.000us       0.000us          1764  
2026-09-24 13:41:56                                           ReluBackward0         0.01%     511.907us         0.30%      14.044ms      95.540us       0.000us         0.00%     135.305ms     920.439us           147  
2026-09-24 13:41:56                                aten::threshold_backward         0.05%       2.254ms         0.29%      13.532ms      92.057us     135.305ms         5.32%     135.305ms     920.439us           147  
2026-09-24 13:41:56                                              aten::mul_         0.00%     121.651us         0.27%      12.598ms       4.199ms       1.465ms         0.06%       2.907ms     969.100us             3  
2026-09-24 13:41:56                                             aten::fill_         0.06%       2.838ms         0.26%      12.220ms      24.838us       5.321ms         0.21%       5.325ms      10.823us           492  
2026-09-24 13:41:56                                              aten::div_         0.00%      85.975us         0.25%      11.862ms       3.954ms       1.543ms         0.06%       3.278ms       1.093ms             3  
2026-09-24 13:41:56                                        aten::empty_like         0.02%     994.663us         0.23%      10.962ms      22.648us       0.000us         0.00%       0.000us       0.000us           484  
2026-09-24 13:41:56                                        aten::zeros_like         0.02%     783.453us         0.23%      10.959ms      34.033us       0.000us         0.00%       1.132ms       3.515us           322  
2026-09-24 13:41:56     autograd::engine::evaluate_function: AddmmBackward0         0.00%      93.451us         0.20%       9.390ms       3.130ms       0.000us         0.00%      97.279us      32.426us             3  
2026-09-24 13:41:56                                               aten::sum         0.00%      97.947us         0.18%       8.312ms       2.771ms      36.128us         0.00%      36.128us      12.043us             3  
2026-09-24 13:41:56                                             aten::zero_         0.03%       1.440ms         0.17%       7.930ms      16.217us       0.000us         0.00%       5.316ms      10.871us           489  
2026-09-24 13:41:56                                       aten::nll_loss_nd         0.00%      21.907us         0.15%       7.214ms       2.405ms       0.000us         0.00%      23.872us       7.957us             3  
2026-09-24 13:41:56                                          aten::nll_loss         0.00%      18.819us         0.15%       7.192ms       2.397ms       0.000us         0.00%      23.872us       7.957us             3  
2026-09-24 13:41:56                                  aten::nll_loss_forward         0.00%     114.957us         0.15%       7.173ms       2.391ms      13.024us         0.00%      23.872us       7.957us             3  
2026-09-24 13:41:56           cudaOccupancyMaxActiveBlocksPerMultiprocessor         0.02%       1.113ms         0.14%       6.803ms       8.800us       0.000us         0.00%      10.704ms      13.847us           773  
2026-09-24 13:41:56                                              aten::add_         0.09%       4.261ms         0.14%       6.565ms      25.447us     157.290ms         6.18%     161.044ms     624.200us           258  
2026-09-24 13:41:56                                         aten::ones_like         0.00%      17.513us         0.12%       5.796ms       1.932ms       0.000us         0.00%       8.867us       2.956us             3  
2026-09-24 13:41:56                                     aten::empty_strided         0.06%       2.815ms         0.12%       5.498ms      16.169us       0.000us         0.00%       0.000us       0.000us           340  
2026-09-24 13:41:56 autograd::engine::evaluate_function: torch::autograd...         0.04%       2.116ms         0.09%       4.462ms       9.239us       0.000us         0.00%       0.000us       0.000us           483  
2026-09-24 13:41:56                                             aten::zeros         0.01%     493.474us         0.09%       4.344ms      26.979us       0.000us         0.00%     208.416us       1.295us           161  
2026-09-24 13:41:56                                   Lazy Function Loading         0.07%       3.195ms         0.07%       3.195ms      41.496us      76.310ms         3.00%      76.310ms     991.040us            77  
2026-09-24 13:41:56                                  cudaDeviceGetAttribute         0.06%       2.876ms         0.06%       2.876ms      41.682us       0.000us         0.00%       0.000us       0.000us            69  
2026-09-24 13:41:56                                        aten::max_pool2d         0.00%      26.732us         0.05%       2.531ms     843.501us       0.000us         0.00%      19.563ms       6.521ms             3  
2026-09-24 13:41:56                           aten::max_pool2d_with_indices         0.00%     164.490us         0.05%       2.504ms     834.591us       8.341ms         0.33%      19.563ms       6.521ms             3  
2026-09-24 13:41:56                         torch::autograd::AccumulateGrad         0.02%       1.155ms         0.05%       2.346ms       4.858us       0.000us         0.00%       0.000us       0.000us           483  
2026-09-24 13:41:56                                            Unrecognized         0.05%       2.328ms         0.05%       2.328ms       2.328ms       0.000us         0.00%       0.000us       0.000us             1  
2026-09-24 13:41:56                                                cudaFree         0.05%       2.300ms         0.05%       2.300ms     575.118us       0.000us         0.00%       0.000us       0.000us             4  
2026-09-24 13:41:56                              cudaGetDeviceProperties_v2         0.03%       1.655ms         0.03%       1.655ms     827.599us       0.000us         0.00%       0.000us       0.000us             2  
2026-09-24 13:41:56                                      aten::_fused_adam_         0.01%     438.598us         0.03%       1.256ms     418.802us      21.057ms         0.83%      41.221ms      13.740ms             3  
2026-09-24 13:41:56                                            aten::detach         0.01%     411.449us         0.03%       1.218ms       2.506us       0.000us         0.00%       0.000us       0.000us           486  
2026-09-24 13:41:56                      Optimizer.zero_grad#Adam.zero_grad         0.02%       1.110ms         0.02%       1.110ms     369.986us       0.000us         0.00%       0.000us       0.000us             3  
2026-09-24 13:41:56                                          AddmmBackward0         0.00%      73.690us         0.02%     970.603us     323.534us       0.000us         0.00%      61.151us      20.384us             3  
2026-09-24 13:41:56                                              aten::view         0.02%     884.709us         0.02%     884.709us       2.657us       0.000us         0.00%       0.000us       0.000us           333  
2026-09-24 13:41:56                                                aten::mm         0.01%     463.063us         0.02%     811.164us     135.194us      61.151us         0.00%      61.151us      10.192us             6  
2026-09-24 13:41:56                                                  detach         0.02%     806.401us         0.02%     806.401us       1.659us       0.000us         0.00%       0.000us       0.000us           486  
2026-09-24 13:41:56 cudaOccupancyMaxActiveBlocksPerMultiprocessorWithFla...         0.00%     215.191us         0.01%     567.338us       3.377us       0.000us         0.00%       3.205ms      19.077us           168  
2026-09-24 13:41:56                               cudaStreamCreateWithFlags         0.01%     530.423us         0.01%     530.423us      16.576us       0.000us         0.00%       0.000us       0.000us            32  
2026-09-24 13:41:56                                         cudaMemsetAsync         0.01%     529.557us         0.01%     529.557us       2.463us       0.000us         0.00%       0.000us       0.000us           215  
2026-09-24 13:41:56 autograd::engine::evaluate_function: NllLossBackward...         0.00%      67.733us         0.01%     500.838us     166.946us       0.000us         0.00%      14.880us       4.960us             3  
2026-09-24 13:41:56      autograd::engine::evaluate_function: MeanBackward1         0.00%      23.312us         0.01%     471.658us     157.219us       0.000us         0.00%     536.256us     178.752us             3  
2026-09-24 13:41:56                                           MeanBackward1         0.00%      30.955us         0.01%     448.346us     149.449us       0.000us         0.00%     536.256us     178.752us             3  
2026-09-24 13:41:56                                        NllLossBackward0         0.00%      44.002us         0.01%     433.105us     144.368us       0.000us         0.00%      14.880us       4.960us             3  
2026-09-24 13:41:56                                               aten::div         0.00%     110.255us         0.01%     394.242us     131.414us     536.256us         0.02%     536.256us     178.752us             3  
2026-09-24 13:41:56                                 aten::nll_loss_backward         0.00%     161.031us         0.01%     389.103us     129.701us       9.568us         0.00%      14.880us       4.960us             3  
2026-09-24 13:41:56                                         cudaMemcpyAsync         0.01%     318.170us         0.01%     318.170us      26.514us       0.000us         0.00%       0.000us       0.000us            12  
2026-09-24 13:41:56       autograd::engine::evaluate_function: AddBackward0         0.01%     255.190us         0.01%     312.040us       6.501us       0.000us         0.00%       0.000us       0.000us            48  
2026-09-24 13:41:56 autograd::engine::evaluate_function: MaxPool2DWithIn...         0.00%      34.162us         0.01%     288.729us      96.243us       0.000us         0.00%      25.376ms       8.459ms             3  
2026-09-24 13:41:56                           MaxPool2DWithIndicesBackward0         0.00%      35.349us         0.01%     254.567us      84.856us       0.000us         0.00%      25.376ms       8.459ms             3  
2026-09-24 13:41:56                                     cudaPeekAtLastError         0.00%     225.369us         0.00%     225.369us       0.200us       0.000us         0.00%       0.000us       0.000us          1128  
2026-09-24 13:41:56                  aten::max_pool2d_with_indices_backward         0.00%      71.260us         0.00%     219.218us      73.073us      21.405ms         0.84%      25.376ms       8.459ms             3  
2026-09-24 13:41:56 autograd::engine::evaluate_function: LogSoftmaxBackw...         0.00%      30.996us         0.00%     197.606us      65.869us       0.000us         0.00%       6.400us       2.133us             3  
2026-09-24 13:41:56                                   cudaStreamIsCapturing         0.00%     170.348us         0.00%     170.348us       1.703us       0.000us         0.00%       0.000us       0.000us           100  
2026-09-24 13:41:56                                     LogSoftmaxBackward0         0.00%      34.025us         0.00%     166.610us      55.537us       0.000us         0.00%       6.400us       2.133us             3  
2026-09-24 13:41:56                                          aten::randperm         0.00%      67.926us         0.00%     156.944us      39.236us       0.000us         0.00%       0.000us       0.000us             4  
2026-09-24 13:41:56                                                 aten::t         0.00%      70.544us         0.00%     154.821us      10.321us       0.000us         0.00%       0.000us       0.000us            15  
2026-09-24 13:41:56                        aten::_log_softmax_backward_data         0.00%      74.254us         0.00%     132.585us      44.195us       6.400us         0.00%       6.400us       2.133us             3  
2026-09-24 13:41:56                                    cudaFuncSetAttribute         0.00%      57.851us         0.00%     116.202us       4.304us       0.000us         0.00%     133.600us       4.948us            27  
2026-09-24 13:41:56                                         aten::transpose         0.00%      53.157us         0.00%      84.277us       5.618us       0.000us         0.00%       0.000us       0.000us            15  
2026-09-24 13:41:56                                            AddBackward0         0.00%      56.850us         0.00%      56.850us       1.184us       0.000us         0.00%       0.000us       0.000us            48  
2026-09-24 13:41:56                                cudaPointerGetAttributes         0.00%      55.179us         0.00%      55.179us       9.197us       5.024us         0.00%       5.024us       0.837us             6  
2026-09-24 13:41:56                                           aten::flatten         0.00%      13.380us         0.00%      52.116us      17.372us       0.000us         0.00%       0.000us       0.000us             3  
2026-09-24 13:41:56                                       aten::result_type         0.00%      45.093us         0.00%      45.093us       0.093us       0.000us         0.00%       0.000us       0.000us           483  
2026-09-24 13:41:56                                           aten::random_         0.00%      43.802us         0.00%      43.802us      21.901us       0.000us         0.00%       0.000us       0.000us             2  
2026-09-24 13:41:56 -------------------------------------------------------  ------------  ------------  ------------  ------------  ------------  ------------  ------------  ------------  ------------  ------------  
2026-09-24 13:41:56 Self CPU time total: 4.748s
2026-09-24 13:41:56 Self CUDA time total: 2.544s
2026-09-24 13:41:56 
2026-09-24 13:41:56 -------------------------------------------------------  ------------  ------------  ------------  ------------  ------------  ------------  ------------  ------------  ------------  ------------  
2026-09-24 13:41:56                                                    Name    Self CPU %      Self CPU   CPU total %     CPU total  CPU time avg     Self CUDA   Self CUDA %    CUDA total  CUDA time avg    # of Calls  
2026-09-24 13:41:56 -------------------------------------------------------  ------------  ------------  ------------  ------------  ------------  ------------  ------------  ------------  ------------  ------------  
2026-09-24 13:41:56 autograd::engine::evaluate_function: ConvolutionBack...         0.05%       2.221ms         7.31%     347.262ms       2.184ms       0.000us         0.00%        1.204s       7.570ms           159  
2026-09-24 13:41:56                                    ConvolutionBackward0         0.01%     696.477us         7.25%     344.014ms       2.164ms       0.000us         0.00%        1.125s       7.074ms           159  
2026-09-24 13:41:56                              aten::convolution_backward         0.48%      22.859ms         7.23%     343.317ms       2.159ms        1.125s        44.22%        1.125s       7.074ms           159  
2026-09-24 13:41:56                                            aten::conv2d         0.01%     394.108us         4.14%     196.328ms       1.235ms       0.000us         0.00%     594.246ms       3.737ms           159  
2026-09-24 13:41:56                                       aten::convolution         0.03%       1.574ms         4.13%     195.934ms       1.232ms       0.000us         0.00%     594.246ms       3.737ms           159  
2026-09-24 13:41:56                                      aten::_convolution         0.02%       1.120ms         4.09%     194.360ms       1.222ms       0.000us         0.00%     594.246ms       3.737ms           159  
2026-09-24 13:41:56                                 aten::cudnn_convolution         2.18%     103.542ms         4.07%     193.240ms       1.215ms     474.686ms        18.66%     594.246ms       3.737ms           159  
2026-09-24 13:41:56 autograd::engine::evaluate_function: CudnnBatchNormB...         0.04%       2.081ms         0.44%      21.000ms     132.073us       0.000us         0.00%     304.775ms       1.917ms           159  
2026-09-24 13:41:56                                 CudnnBatchNormBackward0         0.02%     726.745us         0.40%      18.919ms     118.988us       0.000us         0.00%     304.775ms       1.917ms           159  
2026-09-24 13:41:56                         aten::cudnn_batch_norm_backward         0.09%       4.280ms         0.38%      18.192ms     114.417us     304.775ms        11.98%     304.775ms       1.917ms           159  
2026-09-24 13:41:56       _5x_cudnn_volta_scudnn_128x64_relu_interior_nn_v1         0.00%       0.000us         0.00%       0.000us       0.000us     224.323ms         8.82%     224.323ms       2.492ms            90  
2026-09-24 13:41:56                                   volta_sgemm_128x64_nt         0.00%       0.000us         0.00%       0.000us       0.000us     206.595ms         8.12%     206.595ms       1.913ms           108  
2026-09-24 13:41:56                                        aten::batch_norm         0.01%     368.462us         0.69%      32.811ms     206.357us       0.000us         0.00%     202.903ms       1.276ms           159  
2026-09-24 13:41:56                            aten::_batch_norm_impl_index         0.01%     679.114us         0.68%      32.442ms     204.039us       0.000us         0.00%     202.903ms       1.276ms           159  
2026-09-24 13:41:56                                  aten::cudnn_batch_norm         0.20%       9.309ms         0.67%      31.763ms     199.768us     186.457ms         7.33%     202.903ms       1.276ms           159  
2026-09-24 13:41:56                                   volta_sgemm_128x64_tn         0.00%       0.000us         0.00%       0.000us       0.000us     202.612ms         7.97%     202.612ms       2.936ms            69  
2026-09-24 13:41:56                                              aten::add_         0.09%       4.261ms         0.14%       6.565ms      25.447us     157.290ms         6.18%     161.044ms     624.200us           258  
2026-09-24 13:41:56 void at::native::vectorized_elementwise_kernel<4, at...         0.00%       0.000us         0.00%       0.000us       0.000us     156.823ms         6.17%     156.823ms       1.584ms            99  
2026-09-24 13:41:56                                        cudaLaunchKernel         7.94%     377.176ms        20.69%     982.334ms     377.675us       0.000us         0.00%     152.605ms      58.672us          2601  
2026-09-24 13:41:56 void cudnn::bn_bw_1C11_kernel_new<float, float, floa...         0.00%       0.000us         0.00%       0.000us       0.000us     148.460ms         5.84%     148.460ms       1.207ms           123  
2026-09-24 13:41:56      _5x_cudnn_volta_scudnn_128x64_stridedB_small_nn_v1         0.00%       0.000us         0.00%       0.000us       0.000us     139.219ms         5.47%     139.219ms       2.730ms            51  
2026-09-24 13:41:56      autograd::engine::evaluate_function: ReluBackward0         0.02%       1.115ms         0.32%      15.159ms     103.122us       0.000us         0.00%     135.305ms     920.439us           147  
2026-09-24 13:41:56                                           ReluBackward0         0.01%     511.907us         0.30%      14.044ms      95.540us       0.000us         0.00%     135.305ms     920.439us           147  
2026-09-24 13:41:56                                aten::threshold_backward         0.05%       2.254ms         0.29%      13.532ms      92.057us     135.305ms         5.32%     135.305ms     920.439us           147  
2026-09-24 13:41:56 void at::native::vectorized_elementwise_kernel<4, at...         0.00%       0.000us         0.00%       0.000us       0.000us     135.305ms         5.32%     135.305ms     920.439us           147  
2026-09-24 13:41:56 void cudnn::bn_bw_1C11_kernel_new<float, float, floa...         0.00%       0.000us         0.00%       0.000us       0.000us     133.519ms         5.25%     133.519ms       4.046ms            33  
2026-09-24 13:41:56                        Runtime Triggered Module Loading        20.01%     950.197ms        20.01%     950.216ms      15.326ms     108.605ms         4.27%     108.610ms       1.752ms            62  
2026-09-24 13:41:56         _5x_cudnn_volta_scudnn_128x128_relu_small_nn_v1         0.00%       0.000us         0.00%       0.000us       0.000us     105.393ms         4.14%     105.393ms       5.019ms            21  
2026-09-24 13:41:56                                             aten::relu_         0.04%       1.897ms         0.58%      27.456ms     186.775us       0.000us         0.00%     100.611ms     684.432us           147  
2026-09-24 13:41:56                                        aten::clamp_min_         0.03%       1.497ms         0.54%      25.559ms     173.871us      92.934ms         3.65%     100.611ms     684.432us           147  
2026-09-24 13:41:56 void at::native::vectorized_elementwise_kernel<4, at...         0.00%       0.000us         0.00%       0.000us       0.000us      92.934ms         3.65%      92.934ms     632.207us           147  
2026-09-24 13:41:56 void cudnn::detail::dgrad_engine<float, 512, 6, 5, 3...         0.00%       0.000us         0.00%       0.000us       0.000us      84.992ms         3.34%      84.992ms       9.444ms             9  
2026-09-24 13:41:56 void cudnn::cnn::wgrad_alg1_engine<float, float, 128...         0.00%       0.000us         0.00%       0.000us       0.000us      83.597ms         3.29%      83.597ms       3.981ms            21  
2026-09-24 13:41:56 void cudnn::bn_fw_tr_1C11_kernel_NCHW<float, float, ...         0.00%       0.000us         0.00%       0.000us       0.000us      82.380ms         3.24%      82.380ms       2.496ms            33  
2026-09-24 13:41:56 void cudnn::bn_fw_tr_1C11_kernel_NCHW<float, float, ...         0.00%       0.000us         0.00%       0.000us       0.000us      81.813ms         3.22%      81.813ms     852.217us            96  
2026-09-24 13:41:56 _5x_cudnn_turing_scudnn_128x64_stridedB_splitK_xregs...         0.00%       0.000us         0.00%       0.000us       0.000us      78.381ms         3.08%      78.381ms       6.532ms            12  
2026-09-24 13:41:56                                   volta_sgemm_128x64_nn         0.00%       0.000us         0.00%       0.000us       0.000us      77.504ms         3.05%      77.504ms       1.722ms            45  
2026-09-24 13:41:56                                   Lazy Function Loading         0.07%       3.195ms         0.07%       3.195ms      41.496us      76.310ms         3.00%      76.310ms     991.040us            77  
2026-09-24 13:41:56                                    volta_sgemm_64x64_tn         0.00%       0.000us         0.00%       0.000us       0.000us      75.303ms         2.96%      75.303ms       5.020ms            15  
2026-09-24 13:41:56 void cudnn::detail::dgrad_engine<float, 128, 6, 8, 3...         0.00%       0.000us         0.00%       0.000us       0.000us      64.560ms         2.54%      64.560ms       7.173ms             9  
2026-09-24 13:41:56 void cudnn::winograd_nonfused::winogradForwardData4x...         0.00%       0.000us         0.00%       0.000us       0.000us      49.496ms         1.95%      49.496ms     634.560us            78  
2026-09-24 13:41:56 void cudnn::winograd_nonfused::winogradForwardOutput...         0.00%       0.000us         0.00%       0.000us       0.000us      44.519ms         1.75%      44.519ms     570.756us            78  
2026-09-24 13:41:56                                Optimizer.step#Adam.step         0.15%       7.345ms         4.58%     217.243ms      72.414ms       0.000us         0.00%      42.606ms      14.202ms             3  
2026-09-24 13:41:56                                      aten::_fused_adam_         0.01%     438.598us         0.03%       1.256ms     418.802us      21.057ms         0.83%      41.221ms      13.740ms             3  
2026-09-24 13:41:56                                    volta_sgemm_64x64_nt         0.00%       0.000us         0.00%       0.000us       0.000us      33.719ms         1.33%      33.719ms       1.873ms            18  
2026-09-24 13:41:56 void cudnn::winograd_nonfused::winogradWgradDelta4x4...         0.00%       0.000us         0.00%       0.000us       0.000us      25.628ms         1.01%      25.628ms     657.126us            39  
2026-09-24 13:41:56 autograd::engine::evaluate_function: MaxPool2DWithIn...         0.00%      34.162us         0.01%     288.729us      96.243us       0.000us         0.00%      25.376ms       8.459ms             3  
2026-09-24 13:41:56                           MaxPool2DWithIndicesBackward0         0.00%      35.349us         0.01%     254.567us      84.856us       0.000us         0.00%      25.376ms       8.459ms             3  
2026-09-24 13:41:56                  aten::max_pool2d_with_indices_backward         0.00%      71.260us         0.00%     219.218us      73.073us      21.405ms         0.84%      25.376ms       8.459ms             3  
2026-09-24 13:41:56 void cudnn::winograd_nonfused::winogradWgradData4x4<...         0.00%       0.000us         0.00%       0.000us       0.000us      24.652ms         0.97%      24.652ms     632.108us            39  
2026-09-24 13:41:56                                Optimizer.step#Adam.step         0.00%       0.000us         0.00%       0.000us       0.000us      24.128ms         0.95%      24.128ms       8.043ms             3  
2026-09-24 13:41:56 void cudnn::bn_bw_1C11_kernel_new<float, float, floa...         0.00%       0.000us         0.00%       0.000us       0.000us      22.794ms         0.90%      22.794ms       7.598ms             3  
2026-09-24 13:41:56 void at::native::(anonymous namespace)::max_pool_bac...         0.00%       0.000us         0.00%       0.000us       0.000us      21.405ms         0.84%      21.405ms       7.135ms             3  
2026-09-24 13:41:56 void at::native::(anonymous namespace)::multi_tensor...         0.00%       0.000us         0.00%       0.000us       0.000us      21.057ms         0.83%      21.057ms       1.404ms            15  
2026-09-24 13:41:56 void cudnn::cnn::reduce_wgrad_nchw_helper<float, flo...         0.00%       0.000us         0.00%       0.000us       0.000us      20.440ms         0.80%      20.440ms     243.337us            84  
2026-09-24 13:41:56 void wgrad_alg0_engine<float, 128, 6, 8, 3, 3, 5, fa...         0.00%       0.000us         0.00%       0.000us       0.000us      19.926ms         0.78%      19.926ms       6.642ms             3  
2026-09-24 13:41:56                                        aten::max_pool2d         0.00%      26.732us         0.05%       2.531ms     843.501us       0.000us         0.00%      19.563ms       6.521ms             3  
2026-09-24 13:41:56                           aten::max_pool2d_with_indices         0.00%     164.490us         0.05%       2.504ms     834.591us       8.341ms         0.33%      19.563ms       6.521ms             3  
2026-09-24 13:41:56                                    cudaGetSymbolAddress         0.38%      17.984ms         0.38%      18.230ms      18.230ms       0.000us         0.00%      18.273ms      18.273ms             1  
2026-09-24 13:41:56         _5x_cudnn_volta_scudnn_128x64_relu_medium_nn_v1         0.00%       0.000us         0.00%       0.000us       0.000us      17.564ms         0.69%      17.564ms       5.855ms             3  
2026-09-24 13:41:56 void cudnn::bn_fw_tr_1C11_kernel_NCHW<float, float, ...         0.00%       0.000us         0.00%       0.000us       0.000us      14.223ms         0.56%      14.223ms       4.741ms             3  
2026-09-24 13:41:56 void cudnn::engines_precompiled::scalePackedTensor_k...         0.00%       0.000us         0.00%       0.000us       0.000us      10.963ms         0.43%      10.963ms     609.072us            18  
2026-09-24 13:41:56           cudaOccupancyMaxActiveBlocksPerMultiprocessor         0.02%       1.113ms         0.14%       6.803ms       8.800us       0.000us         0.00%      10.704ms      13.847us           773  
2026-09-24 13:41:56 void at::native::(anonymous namespace)::max_pool_for...         0.00%       0.000us         0.00%       0.000us       0.000us       8.341ms         0.33%       8.341ms       2.780ms             3  
2026-09-24 13:41:56 void cudnn::bn_fw_tr_1C11_singleread<float, 512, tru...         0.00%       0.000us         0.00%       0.000us       0.000us       8.041ms         0.32%       8.041ms     297.806us            27  
2026-09-24 13:41:56                                             aten::fill_         0.06%       2.838ms         0.26%      12.220ms      24.838us       5.321ms         0.21%       5.325ms      10.823us           492  
2026-09-24 13:41:56 void at::native::vectorized_elementwise_kernel<4, at...         0.00%       0.000us         0.00%       0.000us       0.000us       5.321ms         0.21%       5.321ms      10.815us           492  
2026-09-24 13:41:56                                             aten::zero_         0.03%       1.440ms         0.17%       7.930ms      16.217us       0.000us         0.00%       5.316ms      10.871us           489  
2026-09-24 13:41:56 void cudnn::winograd_nonfused::winogradForwardFilter...         0.00%       0.000us         0.00%       0.000us       0.000us       5.078ms         0.20%       5.078ms      65.103us            78  
2026-09-24 13:41:56                                                aten::to         0.00%     195.508us        17.59%     834.954ms       4.717ms       0.000us         0.00%       4.798ms      27.109us           177  
2026-09-24 13:41:56                                          aten::_to_copy         0.00%     138.048us        17.58%     834.758ms      55.651ms       0.000us         0.00%       4.798ms     319.883us            15  
2026-09-24 13:41:56                                             aten::copy_         0.01%     259.876us        17.56%     833.736ms      55.582ms       4.793ms         0.19%       4.798ms     319.883us            15  
2026-09-24 13:41:56 void cudnn::winograd_nonfused::winogradWgradOutput4x...         0.00%       0.000us         0.00%       0.000us       0.000us       3.998ms         0.16%       3.998ms     102.504us            39  
2026-09-24 13:41:56                          Memcpy HtoD (Pinned -> Device)         0.00%       0.000us         0.00%       0.000us       0.000us       3.544ms         0.14%       3.544ms     590.677us             6  
2026-09-24 13:41:56                                              aten::div_         0.00%      85.975us         0.25%      11.862ms       3.954ms       1.543ms         0.06%       3.278ms       1.093ms             3  
2026-09-24 13:41:56 cudaOccupancyMaxActiveBlocksPerMultiprocessorWithFla...         0.00%     215.191us         0.01%     567.338us       3.377us       0.000us         0.00%       3.205ms      19.077us           168  
2026-09-24 13:41:56                                               aten::sub         0.00%     163.770us         0.39%      18.436ms       6.145ms       1.510ms         0.06%       3.152ms       1.051ms             3  
2026-09-24 13:41:56                                              aten::mul_         0.00%     121.651us         0.27%      12.598ms       4.199ms       1.465ms         0.06%       2.907ms     969.100us             3  
2026-09-24 13:41:56                               aten::adaptive_avg_pool2d         0.00%      22.401us         5.08%     240.989ms      80.330ms       0.000us         0.00%       2.326ms     775.221us             3  
2026-09-24 13:41:56                                              aten::mean         0.00%     177.495us         5.08%     240.967ms      80.322ms       1.177ms         0.05%       2.326ms     775.221us             3  
2026-09-24 13:41:56 void at::native::elementwise_kernel<128, 2, at::nati...         0.00%       0.000us         0.00%       0.000us       0.000us       1.543ms         0.06%       1.543ms     514.229us             3  
2026-09-24 13:41:56 void at::native::elementwise_kernel<128, 2, at::nati...         0.00%       0.000us         0.00%       0.000us       0.000us       1.510ms         0.06%       1.510ms     503.403us             3  
2026-09-24 13:41:56 void at::native::vectorized_elementwise_kernel<4, at...         0.00%       0.000us         0.00%       0.000us       0.000us       1.465ms         0.06%       1.465ms     488.299us             3  
2026-09-24 13:41:56 void at::native::unrolled_elementwise_kernel<at::nat...         0.00%       0.000us         0.00%       0.000us       0.000us       1.246ms         0.05%       1.246ms     415.306us             3  
2026-09-24 13:41:56 void at::native::reduce_kernel<512, 1, at::native::R...         0.00%       0.000us         0.00%       0.000us       0.000us       1.177ms         0.05%       1.177ms     392.181us             3  
2026-09-24 13:41:56                                        aten::zeros_like         0.02%     783.453us         0.23%      10.959ms      34.033us       0.000us         0.00%       1.132ms       3.515us           322  
2026-09-24 13:41:56                                         cudaEventRecord         0.00%      29.484us         0.00%      29.484us       4.914us     643.168us         0.03%     643.168us     107.195us             6  
2026-09-24 13:41:56      autograd::engine::evaluate_function: MeanBackward1         0.00%      23.312us         0.01%     471.658us     157.219us       0.000us         0.00%     536.256us     178.752us             3  
2026-09-24 13:41:56                                           MeanBackward1         0.00%      30.955us         0.01%     448.346us     149.449us       0.000us         0.00%     536.256us     178.752us             3  
2026-09-24 13:41:56                                               aten::div         0.00%     110.255us         0.01%     394.242us     131.414us     536.256us         0.02%     536.256us     178.752us             3  
2026-09-24 13:41:56 void at::native::elementwise_kernel<128, 2, at::nati...         0.00%       0.000us         0.00%       0.000us       0.000us     536.256us         0.02%     536.256us     178.752us             3  
2026-09-24 13:41:56 void at::native::vectorized_elementwise_kernel<2, at...         0.00%       0.000us         0.00%       0.000us       0.000us     467.657us         0.02%     467.657us       2.941us           159  
2026-09-24 13:41:56 void cask__5x_cudnn::computeOffsetsKernel<false, fal...         0.00%       0.000us         0.00%       0.000us       0.000us     365.212us         0.01%     365.212us       3.204us           114  
2026-09-24 13:41:56                                             aten::zeros         0.01%     493.474us         0.09%       4.344ms      26.979us       0.000us         0.00%     208.416us       1.295us           161  
2026-09-24 13:41:56                                         Memset (Device)         0.00%       0.000us         0.00%       0.000us       0.000us     201.377us         0.01%     201.377us       4.028us            50  
2026-09-24 13:41:56 void cask__5x_cudnn::computeOffsetsKernel<true, fals...         0.00%       0.000us         0.00%       0.000us       0.000us     163.199us         0.01%     163.199us       3.200us            51  
2026-09-24 13:41:56                                            aten::linear         0.00%      33.192us         0.34%      16.078ms       5.359ms       0.000us         0.00%     146.496us      48.832us             3  
2026-09-24 13:41:56                                             aten::addmm         0.06%       3.016ms         0.34%      15.992ms       5.331ms      63.936us         0.00%     146.496us      48.832us             3  
2026-09-24 13:41:56                                    cudaFuncSetAttribute         0.00%      57.851us         0.00%     116.202us       4.304us       0.000us         0.00%     133.600us       4.948us            27  
2026-09-24 13:41:56 cask__5x_cudnn::computeBOffsetsKernel(cask__5x_cudnn...         0.00%       0.000us         0.00%       0.000us       0.000us     123.104us         0.00%     123.104us       2.414us            51  
2026-09-24 13:41:56 -------------------------------------------------------  ------------  ------------  ------------  ------------  ------------  ------------  ------------  ------------  ------------  ------------  
2026-09-24 13:41:56 Self CPU time total: 4.748s
2026-09-24 13:41:56 Self CUDA time total: 2.544s
2026-09-24 13:41:57 
2026-09-24 13:41:57 total time:19.310189
