2026-09-23 17:57:08 /root/.pyenv/versions/3.11.1/lib/python3.11/site-packages/torchvision/io/image.py:13: UserWarning: Failed to load image Python extension: '/root/.pyenv/versions/3.11.1/lib/python3.11/site-packages/torchvision/image.so: undefined symbol: _ZN3c1017RegisterOperatorsD1Ev'If you don't plan on using image functionality from `torchvision.io`, you can ignore this warning. Otherwise, there might be something wrong with your environment. Did you have `libjpeg` or `libpng` installed before building `torchvision` from source?
2026-09-23 17:57:08   warn(
2026-09-23 17:57:12 /root/.pyenv/versions/3.11.1/lib/python3.11/site-packages/torchvision/datapoints/__init__.py:12: UserWarning: The torchvision.datapoints and torchvision.transforms.v2 namespaces are still Beta. While we do not expect major breaking changes, some APIs may still change according to user feedback. Please submit any feedback you may have in this issue: https://github.com/pytorch/vision/issues/6753, and you can also check out https://github.com/pytorch/vision/issues/7319 to learn more about the APIs that we suspect might involve future changes. You can silence this warning by calling torchvision.disable_beta_transforms_warning().
2026-09-23 17:57:12   warnings.warn(_BETA_TRANSFORMS_WARNING)
2026-09-23 17:57:12 /root/.pyenv/versions/3.11.1/lib/python3.11/site-packages/torchvision/transforms/v2/__init__.py:54: UserWarning: The torchvision.datapoints and torchvision.transforms.v2 namespaces are still Beta. While we do not expect major breaking changes, some APIs may still change according to user feedback. Please submit any feedback you may have in this issue: https://github.com/pytorch/vision/issues/6753, and you can also check out https://github.com/pytorch/vision/issues/7319 to learn more about the APIs that we suspect might involve future changes. You can silence this warning by calling torchvision.disable_beta_transforms_warning().
2026-09-23 17:57:12   warnings.warn(_BETA_TRANSFORMS_WARNING)
2026-09-23 17:57:13 load image
2026-09-23 17:57:13 split dataset
2026-09-23 17:57:13 288 72
2026-09-23 17:57:13 load model
2026-09-23 17:57:13 train model
2026-09-23 17:57:13 3
2026-09-23 17:57:19 Epoch 1/4, Loss: 1.7114 Time: 6.1608
2026-09-23 17:57:19 3
2026-09-23 17:57:26 Epoch 2/4, Loss: 0.2093 Time: 6.6007
2026-09-23 17:57:26 3
2026-09-23 17:57:31 Epoch 3/4, Loss: 0.0022 Time: 5.7537
2026-09-23 17:57:31 3
2026-09-23 17:57:40 Epoch 4/4, Loss: 0.0003 Time: 6.0463
2026-09-23 17:57:40 Train Profiler:
2026-09-23 17:57:40 -------------------------------------------------------  ------------  ------------  ------------  ------------  ------------  ------------  ------------  ------------  ------------  ------------  
2026-09-23 17:57:40                                                    Name    Self CPU %      Self CPU   CPU total %     CPU total  CPU time avg     Self CUDA   Self CUDA %    CUDA total  CUDA time avg    # of Calls  
2026-09-23 17:57:40 -------------------------------------------------------  ------------  ------------  ------------  ------------  ------------  ------------  ------------  ------------  ------------  ------------  
2026-09-23 17:57:40                                         cudaMemcpyAsync        43.66%        8.171s        43.66%        8.171s     340.446ms       0.000us         0.00%       0.000us       0.000us            24  
2026-09-23 17:57:40 enumerate(DataLoader)#_MultiProcessingDataLoaderIter...        39.25%        7.346s        39.25%        7.346s     459.153ms       0.000us         0.00%       0.000us       0.000us            16  
2026-09-23 17:57:40                        Runtime Triggered Module Loading         6.66%        1.247s         6.66%        1.247s      17.319ms     132.017ms         1.23%     132.017ms       1.834ms            72  
2026-09-23 17:57:40                                   cudaDeviceSynchronize         4.18%     782.866ms         4.18%     782.866ms     195.716ms       0.000us         0.00%       0.000us       0.000us             4  
2026-09-23 17:57:40                                        cudaLaunchKernel         2.88%     539.356ms         6.86%        1.284s     143.069us       0.000us         0.00%     191.294ms      21.316us          8974  
2026-09-23 17:57:40                                 aten::cudnn_convolution         0.85%     158.677ms         1.34%     250.914ms     394.519us        1.965s        18.25%        2.128s       3.346ms           636  
2026-09-23 17:57:40                              aten::convolution_backward         0.37%      69.721ms         3.03%     566.855ms     891.281us        4.861s        45.15%        4.861s       7.643ms           636  
2026-09-23 17:57:40                                   cudaFuncGetAttributes         0.20%      37.388ms         0.20%      37.388ms       1.558ms       0.000us         0.00%       0.000us       0.000us            24  
2026-09-23 17:57:40                                  aten::cudnn_batch_norm         0.19%      35.228ms         0.42%      78.896ms     124.050us     748.740ms         6.95%     770.599ms       1.212ms           636  
2026-09-23 17:57:40                                Optimizer.step#Adam.step         0.18%      34.045ms         2.03%     379.048ms      31.587ms       0.000us         0.00%     102.907ms       8.576ms            12  
2026-09-23 17:57:40                                             aten::empty         0.18%      33.650ms         0.21%      39.286ms       5.977us       0.000us         0.00%       0.000us       0.000us          6573  
2026-09-23 17:57:40                                              aten::add_         0.10%      18.280ms         0.24%      44.578ms      15.040us     628.655ms         5.84%     633.656ms     213.784us          2964  
2026-09-23 17:57:40                                              cudaMalloc         0.09%      17.246ms         0.09%      17.246ms     156.779us       0.000us         0.00%       0.000us       0.000us           110  
2026-09-23 17:57:40                         aten::cudnn_batch_norm_backward         0.09%      16.235ms         0.24%      44.056ms      69.270us        1.232s        11.44%        1.232s       1.937ms           636  
2026-09-23 17:57:40                                    cudaGetSymbolAddress         0.08%      14.452ms         0.08%      14.815ms      14.815ms       0.000us         0.00%      24.299ms      24.299ms             1  
2026-09-23 17:57:40                                     aten::empty_strided         0.06%      12.027ms         0.09%      16.379ms       7.152us       0.000us         0.00%       0.000us       0.000us          2290  
2026-09-23 17:57:40                      Optimizer.zero_grad#Adam.zero_grad         0.06%      10.559ms         0.06%      10.559ms     879.951us       0.000us         0.00%       0.000us       0.000us            12  
2026-09-23 17:57:40                                            Unrecognized         0.05%      10.226ms         0.05%      10.226ms       2.557ms       0.000us         0.00%       0.000us       0.000us             4  
2026-09-23 17:57:40           cudaOccupancyMaxActiveBlocksPerMultiprocessor         0.05%       9.203ms         0.08%      15.740ms      10.064us       0.000us         0.00%      14.211ms       9.086us          1564  
2026-09-23 17:57:40                                aten::threshold_backward         0.05%       9.185ms         0.13%      24.522ms      41.705us     540.313ms         5.02%     540.313ms     918.900us           588  
2026-09-23 17:57:40 autograd::engine::evaluate_function: ConvolutionBack...         0.05%       9.030ms         3.11%     582.638ms     916.097us       0.000us         0.00%        5.176s       8.138ms           636  
2026-09-23 17:57:40 autograd::engine::evaluate_function: CudnnBatchNormB...         0.05%       8.865ms         0.30%      55.934ms      87.946us       0.000us         0.00%        1.232s       1.937ms           636  
2026-09-23 17:57:40 autograd::engine::evaluate_function: torch::autograd...         0.04%       8.396ms         0.10%      18.002ms       9.318us       0.000us         0.00%       0.000us       0.000us          1932  
2026-09-23 17:57:40                                             aten::relu_         0.04%       7.242ms         0.22%      40.329ms      68.587us       0.000us         0.00%     381.533ms     648.866us           588  
2026-09-23 17:57:40                                       aten::convolution         0.03%       6.340ms         1.40%     261.380ms     410.975us       0.000us         0.00%        2.128s       3.346ms           636  
2026-09-23 17:57:40                                        aten::clamp_min_         0.03%       5.842ms         0.18%      33.087ms      56.271us     371.274ms         3.45%     381.533ms     648.866us           588  
2026-09-23 17:57:40                         torch::autograd::AccumulateGrad         0.03%       4.918ms         0.05%       9.605ms       4.972us       0.000us         0.00%       0.000us       0.000us          1932  
2026-09-23 17:57:40                                   Lazy Function Loading         0.02%       4.455ms         0.02%       4.455ms      47.398us     102.217ms         0.95%     102.217ms       1.087ms            94  
2026-09-23 17:57:40      autograd::engine::evaluate_function: ReluBackward0         0.02%       4.328ms         0.17%      31.080ms      52.856us       0.000us         0.00%     540.313ms     918.900us           588  
2026-09-23 17:57:40                                      aten::_convolution         0.02%       4.126ms         1.36%     255.040ms     401.007us       0.000us         0.00%        2.128s       3.346ms           636  
2026-09-23 17:57:40                                 aten::_foreach_addcdiv_         0.02%       4.080ms         0.03%       4.682ms     390.127us      18.245ms         0.17%      19.770ms       1.648ms            12  
2026-09-23 17:57:40                                             aten::addmm         0.02%       3.966ms         0.09%      17.351ms       1.446ms     246.302us         0.00%     340.510us      28.376us            12  
2026-09-23 17:57:40                                              aten::item         0.02%       3.531ms         0.02%       4.351ms       1.125us       0.000us         0.00%       0.000us       0.000us          3868  
2026-09-23 17:57:40                                     aten::_foreach_add_         0.02%       3.292ms         0.03%       5.438ms     226.579us       9.710ms         0.09%      10.530ms     438.762us            24  
2026-09-23 17:57:40                                  cudaDeviceGetAttribute         0.02%       3.123ms         0.02%       3.123ms      18.925us       0.000us         0.00%       0.000us       0.000us           165  
2026-09-23 17:57:40                                                  detach         0.02%       3.092ms         0.02%       3.092ms       1.600us       0.000us         0.00%       0.000us       0.000us          1932  
2026-09-23 17:57:40                                              aten::view         0.02%       3.088ms         0.02%       3.088ms       2.361us       0.000us         0.00%       0.000us       0.000us          1308  
2026-09-23 17:57:40                                     aten::_foreach_sqrt         0.02%       3.076ms         0.22%      42.099ms       3.508ms       9.821ms         0.09%      12.323ms       1.027ms            12  
2026-09-23 17:57:40                                 CudnnBatchNormBackward0         0.02%       3.013ms         0.25%      47.069ms      74.007us       0.000us         0.00%        1.232s       1.937ms           636  
2026-09-23 17:57:40                            aten::_batch_norm_impl_index         0.02%       2.817ms         0.44%      81.712ms     128.479us       0.000us         0.00%     770.599ms       1.212ms           636  
2026-09-23 17:57:40                                    ConvolutionBackward0         0.01%       2.796ms         3.04%     569.651ms     895.677us       0.000us         0.00%        4.861s       7.643ms           636  
2026-09-23 17:57:40                                         cudaMemsetAsync         0.01%       2.579ms         0.01%       2.579ms       2.834us       0.000us         0.00%       0.000us       0.000us           910  
2026-09-23 17:57:40                                        aten::empty_like         0.01%       2.516ms         0.09%      17.205ms      17.737us       0.000us         0.00%       0.000us       0.000us           970  
2026-09-23 17:57:40                                                cudaFree         0.01%       2.324ms         0.01%       2.324ms     581.062us       0.000us         0.00%       0.000us       0.000us             4  
2026-09-23 17:57:40                                 aten::_foreach_addcmul_         0.01%       2.263ms         0.04%       7.155ms     596.268us      14.001ms         0.13%      17.483ms       1.457ms            12  
2026-09-23 17:57:40                                           ReluBackward0         0.01%       2.229ms         0.14%      26.752ms      45.496us       0.000us         0.00%     540.313ms     918.900us           588  
2026-09-23 17:57:40                                             aten::fill_         0.01%       1.961ms         0.06%      10.608ms      29.630us      17.113ms         0.16%      17.116ms      47.811us           358  
2026-09-23 17:57:40                                     aten::_foreach_div_         0.01%       1.874ms         0.05%       9.422ms     785.208us       9.800ms         0.09%      12.281ms       1.023ms            12  
2026-09-23 17:57:40                                     aten::_foreach_mul_         0.01%       1.850ms         0.05%      10.087ms     840.550us       9.649ms         0.09%      12.050ms       1.004ms            12  
2026-09-23 17:57:40                              cudaGetDeviceProperties_v2         0.01%       1.638ms         0.01%       1.638ms     819.188us       0.000us         0.00%       0.000us       0.000us             2  
2026-09-23 17:57:40                                            aten::detach         0.01%       1.595ms         0.03%       4.687ms       2.426us       0.000us         0.00%       0.000us       0.000us          1932  
2026-09-23 17:57:40                                            aten::conv2d         0.01%       1.412ms         1.40%     262.792ms     413.195us       0.000us         0.00%        2.128s       3.346ms           636  
2026-09-23 17:57:40                                                aten::mm         0.01%       1.278ms         0.01%       1.925ms      80.229us     253.273us         0.00%     253.273us      10.553us            24  
2026-09-23 17:57:40                                        aten::batch_norm         0.01%       1.262ms         0.44%      82.975ms     130.463us       0.000us         0.00%     770.599ms       1.212ms           636  
2026-09-23 17:57:40                                           cudaHostAlloc         0.01%       1.108ms         0.01%       1.108ms     553.964us       0.000us         0.00%       0.000us       0.000us             2  
2026-09-23 17:57:40                                                aten::to         0.01%       1.067ms        43.73%        8.185s       9.686ms       0.000us         0.00%     182.152ms     215.565us           845  
2026-09-23 17:57:40       autograd::engine::evaluate_function: AddBackward0         0.01%     997.024us         0.01%       1.223ms       6.369us       0.000us         0.00%       0.000us       0.000us           192  
2026-09-23 17:57:40                                       aten::result_type         0.00%     934.946us         0.00%     934.946us       0.097us       0.000us         0.00%       0.000us       0.000us          9660  
2026-09-23 17:57:40                                             aten::zero_         0.00%     929.639us         0.03%       5.556ms      16.058us       0.000us         0.00%      17.090ms      49.393us           346  
2026-09-23 17:57:40                                    aten::_foreach_lerp_         0.00%     912.870us         1.34%     250.761ms      20.897ms      13.812ms         0.13%      17.289ms       1.441ms            12  
2026-09-23 17:57:40                               aten::_local_scalar_dense         0.00%     820.282us         0.00%     820.282us       0.212us       0.000us         0.00%       0.000us       0.000us          3868  
2026-09-23 17:57:40                                        aten::zeros_like         0.00%     695.474us         0.05%      10.234ms      31.783us       0.000us         0.00%       1.179ms       3.663us           322  
2026-09-23 17:57:40                                             aten::copy_         0.00%     686.632us        43.66%        8.172s     340.499ms     182.152ms         1.69%     182.152ms       7.590ms            24  
2026-09-23 17:57:40                               cudaStreamCreateWithFlags         0.00%     617.545us         0.00%     617.545us      19.298us       0.000us         0.00%       0.000us       0.000us            32  
2026-09-23 17:57:40                                     cudaPeekAtLastError         0.00%     596.583us         0.00%     596.583us       0.199us       0.000us         0.00%       0.000us       0.000us          3004  
2026-09-23 17:57:40                                    cudaFuncSetAttribute         0.00%     595.044us         0.00%     639.234us       2.906us       0.000us         0.00%     173.566us       0.789us           220  
2026-09-23 17:57:40                                   cudaStreamSynchronize         0.00%     568.969us         0.00%     568.969us      23.707us       0.000us         0.00%       0.000us       0.000us            24  
2026-09-23 17:57:40                                              aten::mean         0.00%     525.049us         1.71%     319.530ms      26.627ms       5.154ms         0.05%       6.921ms     576.716us            12  
2026-09-23 17:57:40                                          aten::_to_copy         0.00%     489.839us        43.67%        8.174s     340.564ms       0.000us         0.00%     182.152ms       7.590ms            24  
2026-09-23 17:57:40                           aten::max_pool2d_with_indices         0.00%     488.241us         0.02%       3.803ms     316.908us      35.281ms         0.33%      50.255ms       4.188ms            12  
2026-09-23 17:57:40                                               aten::div         0.00%     462.121us         0.06%      11.342ms     945.191us       2.357ms         0.02%       2.357ms     196.417us            12  
2026-09-23 17:57:40                                     cudaStreamWaitEvent         0.00%     423.928us         0.00%     423.928us       1.204us       0.000us         0.00%       0.000us       0.000us           352  
2026-09-23 17:57:40                                 aten::nll_loss_backward         0.00%     386.875us         0.01%       1.186ms      98.792us      43.552us         0.00%      65.823us       5.485us            12  
2026-09-23 17:57:40                                      aten::_log_softmax         0.00%     381.653us         0.09%      17.550ms       1.463ms      31.775us         0.00%      37.919us       3.160us            12  
2026-09-23 17:57:40 cudaOccupancyMaxActiveBlocksPerMultiprocessorWithFla...         0.00%     361.267us         0.00%     862.696us       2.410us       0.000us         0.00%       4.256ms      11.889us           358  
2026-09-23 17:57:40                                  aten::nll_loss_forward         0.00%     329.331us         0.04%       7.404ms     616.991us      58.432us         0.00%      70.432us       5.869us            12  
2026-09-23 17:57:40                                               aten::sum         0.00%     321.470us         0.05%       8.552ms     712.680us     163.964us         0.00%     163.964us      13.664us            12  
2026-09-23 17:57:40     autograd::engine::evaluate_function: AddmmBackward0         0.00%     319.143us         0.06%      11.342ms     945.129us       0.000us         0.00%     417.237us      34.770us            12  
2026-09-23 17:57:40 autograd::engine::evaluate_function: NllLossBackward...         0.00%     281.365us         0.01%       1.602ms     133.481us       0.000us         0.00%      65.823us       5.485us            12  
2026-09-23 17:57:40                                                 aten::t         0.00%     264.674us         0.00%     543.528us       9.059us       0.000us         0.00%       0.000us       0.000us            60  
2026-09-23 17:57:40                                         cudaEventRecord         0.00%     263.233us         0.00%     263.233us       1.316us       0.000us         0.00%       0.000us       0.000us           200  
2026-09-23 17:57:40                  aten::max_pool2d_with_indices_backward         0.00%     257.847us         0.00%     672.284us      56.024us      92.183ms         0.86%     108.071ms       9.006ms            12  
2026-09-23 17:57:40                                   cudaStreamIsCapturing         0.00%     241.019us         0.00%     241.019us       2.114us       0.000us         0.00%       0.000us       0.000us           114  
2026-09-23 17:57:40                                            AddBackward0         0.00%     225.787us         0.00%     225.787us       1.176us       0.000us         0.00%       0.000us       0.000us           192  
2026-09-23 17:57:40                                          AddmmBackward0         0.00%     224.454us         0.01%       2.423ms     201.939us       0.000us         0.00%     253.273us      21.106us            12  
2026-09-23 17:57:40                        aten::_log_softmax_backward_data         0.00%     207.518us         0.00%     355.140us      29.595us      28.864us         0.00%      28.864us       2.405us            12  
2026-09-23 17:57:40                                           aten::detach_         0.00%     166.771us         0.00%     265.659us       1.536us       0.000us         0.00%       0.000us       0.000us           173  
2026-09-23 17:57:40                                              aten::set_         0.00%     160.174us         0.00%     160.174us       6.674us       0.000us         0.00%       0.000us       0.000us            24  
2026-09-23 17:57:40                                         aten::transpose         0.00%     154.278us         0.00%     278.854us       4.648us       0.000us         0.00%       0.000us       0.000us            60  
2026-09-23 17:57:40                                        aten::as_strided         0.00%     142.198us         0.00%     142.198us       1.975us       0.000us         0.00%       0.000us       0.000us            72  
2026-09-23 17:57:40                                        NllLossBackward0         0.00%     134.903us         0.01%       1.320ms     110.034us       0.000us         0.00%      65.823us       5.485us            12  
2026-09-23 17:57:40 autograd::engine::evaluate_function: MaxPool2DWithIn...         0.00%     127.399us         0.00%     878.087us      73.174us       0.000us         0.00%     108.071ms       9.006ms            12  
2026-09-23 17:57:40                                aten::cross_entropy_loss         0.00%     111.769us         0.14%      25.270ms       2.106ms       0.000us         0.00%     108.351us       9.029us            12  
2026-09-23 17:57:40 autograd::engine::evaluate_function: LogSoftmaxBackw...         0.00%      98.937us         0.00%     542.423us      45.202us       0.000us         0.00%      28.864us       2.405us            12  
2026-09-23 17:57:40                                                 detach_         0.00%      98.888us         0.00%      98.888us       0.572us       0.000us         0.00%       0.000us       0.000us           173  
2026-09-23 17:57:40      autograd::engine::evaluate_function: MeanBackward1         0.00%      96.987us         0.06%      11.611ms     967.557us       0.000us         0.00%       2.357ms     196.417us            12  
2026-09-23 17:57:40                                       aten::log_softmax         0.00%      96.958us         0.09%      17.658ms       1.472ms       0.000us         0.00%      37.919us       3.160us            12  
2026-09-23 17:57:40                                     LogSoftmaxBackward0         0.00%      88.346us         0.00%     443.486us      36.957us       0.000us         0.00%      28.864us       2.405us            12  
2026-09-23 17:57:40                                           MeanBackward1         0.00%      87.272us         0.06%      11.514ms     959.475us       0.000us         0.00%       2.357ms     196.417us            12  
2026-09-23 17:57:40                                            aten::linear         0.00%      83.257us         0.09%      17.638ms       1.470ms       0.000us         0.00%     340.510us      28.376us            12  
2026-09-23 17:57:40 -------------------------------------------------------  ------------  ------------  ------------  ------------  ------------  ------------  ------------  ------------  ------------  ------------  
2026-09-23 17:57:40 Self CPU time total: 18.716s
2026-09-23 17:57:40 Self CUDA time total: 10.767s
2026-09-23 17:57:42 
2026-09-23 17:57:42 -------------------------------------------------------  ------------  ------------  ------------  ------------  ------------  ------------  ------------  ------------  ------------  ------------  
2026-09-23 17:57:42                                                    Name    Self CPU %      Self CPU   CPU total %     CPU total  CPU time avg     Self CUDA   Self CUDA %    CUDA total  CUDA time avg    # of Calls  
2026-09-23 17:57:42 -------------------------------------------------------  ------------  ------------  ------------  ------------  ------------  ------------  ------------  ------------  ------------  ------------  
2026-09-23 17:57:42                              aten::convolution_backward         0.37%      69.721ms         3.03%     566.855ms     891.281us        4.861s        45.15%        4.861s       7.643ms           636  
2026-09-23 17:57:42                                 aten::cudnn_convolution         0.85%     158.677ms         1.34%     250.914ms     394.519us        1.965s        18.25%        2.128s       3.346ms           636  
2026-09-23 17:57:42                         aten::cudnn_batch_norm_backward         0.09%      16.235ms         0.24%      44.056ms      69.270us        1.232s        11.44%        1.232s       1.937ms           636  
2026-09-23 17:57:42       _5x_cudnn_volta_scudnn_128x64_relu_interior_nn_v1         0.00%       0.000us         0.00%       0.000us       0.000us     922.788ms         8.57%     922.788ms       2.683ms           344  
2026-09-23 17:57:42                                   volta_sgemm_128x64_tn         0.00%       0.000us         0.00%       0.000us       0.000us     846.578ms         7.86%     846.578ms       2.940ms           288  
2026-09-23 17:57:42                                   volta_sgemm_128x64_nt         0.00%       0.000us         0.00%       0.000us       0.000us     764.556ms         7.10%     764.556ms       1.950ms           392  
2026-09-23 17:57:42                                  aten::cudnn_batch_norm         0.19%      35.228ms         0.42%      78.896ms     124.050us     748.740ms         6.95%     770.599ms       1.212ms           636  
2026-09-23 17:57:42 _5x_cudnn_turing_scudnn_128x64_stridedB_splitK_xregs...         0.00%       0.000us         0.00%       0.000us       0.000us     637.577ms         5.92%     637.577ms       7.245ms            88  
2026-09-23 17:57:42                                              aten::add_         0.10%      18.280ms         0.24%      44.578ms      15.040us     628.655ms         5.84%     633.656ms     213.784us          2964  
2026-09-23 17:57:42 void at::native::vectorized_elementwise_kernel<4, at...         0.00%       0.000us         0.00%       0.000us       0.000us     626.786ms         5.82%     626.786ms       1.583ms           396  
2026-09-23 17:57:42 void cudnn::bn_bw_1C11_kernel_new<float, float, floa...         0.00%       0.000us         0.00%       0.000us       0.000us     599.079ms         5.56%     599.079ms       1.314ms           456  
2026-09-23 17:57:42      _5x_cudnn_volta_scudnn_128x64_stridedB_small_nn_v1         0.00%       0.000us         0.00%       0.000us       0.000us     589.311ms         5.47%     589.311ms       2.889ms           204  
2026-09-23 17:57:42                                aten::threshold_backward         0.05%       9.185ms         0.13%      24.522ms      41.705us     540.313ms         5.02%     540.313ms     918.900us           588  
2026-09-23 17:57:42 void at::native::vectorized_elementwise_kernel<4, at...         0.00%       0.000us         0.00%       0.000us       0.000us     540.313ms         5.02%     540.313ms     918.900us           588  
2026-09-23 17:57:42 void cudnn::bn_bw_1C11_kernel_new<float, float, floa...         0.00%       0.000us         0.00%       0.000us       0.000us     536.445ms         4.98%     536.445ms       4.064ms           132  
2026-09-23 17:57:42                                        aten::clamp_min_         0.03%       5.842ms         0.18%      33.087ms      56.271us     371.274ms         3.45%     381.533ms     648.866us           588  
2026-09-23 17:57:42 void at::native::vectorized_elementwise_kernel<4, at...         0.00%       0.000us         0.00%       0.000us       0.000us     371.274ms         3.45%     371.274ms     631.418us           588  
2026-09-23 17:57:42         _5x_cudnn_volta_scudnn_128x128_relu_small_nn_v1         0.00%       0.000us         0.00%       0.000us       0.000us     354.049ms         3.29%     354.049ms       5.532ms            64  
2026-09-23 17:57:42                                   volta_sgemm_128x64_nn         0.00%       0.000us         0.00%       0.000us       0.000us     337.037ms         3.13%     337.037ms       1.685ms           200  
2026-09-23 17:57:42 void cudnn::bn_fw_tr_1C11_kernel_NCHW<float, float, ...         0.00%       0.000us         0.00%       0.000us       0.000us     331.964ms         3.08%     331.964ms       2.515ms           132  
2026-09-23 17:57:42 void cudnn::bn_fw_tr_1C11_kernel_NCHW<float, float, ...         0.00%       0.000us         0.00%       0.000us       0.000us     314.961ms         2.93%     314.961ms       1.023ms           308  
2026-09-23 17:57:42 void cudnn::cnn::wgrad_alg1_engine<float, float, 128...         0.00%       0.000us         0.00%       0.000us       0.000us     312.117ms         2.90%     312.117ms       5.574ms            56  
2026-09-23 17:57:42                                    volta_sgemm_64x64_tn         0.00%       0.000us         0.00%       0.000us       0.000us     303.761ms         2.82%     303.761ms       4.467ms            68  
2026-09-23 17:57:42 void cudnn::detail::dgrad_engine<float, 512, 6, 5, 3...         0.00%       0.000us         0.00%       0.000us       0.000us     231.380ms         2.15%     231.380ms       9.641ms            24  
2026-09-23 17:57:42 void cudnn::winograd_nonfused::winogradForwardData4x...         0.00%       0.000us         0.00%       0.000us       0.000us     195.374ms         1.81%     195.374ms     626.198us           312  
2026-09-23 17:57:42                                             aten::copy_         0.00%     686.632us        43.66%        8.172s     340.499ms     182.152ms         1.69%     182.152ms       7.590ms            24  
2026-09-23 17:57:42                        Memcpy HtoD (Pageable -> Device)         0.00%       0.000us         0.00%       0.000us       0.000us     182.152ms         1.69%     182.152ms       7.590ms            24  
2026-09-23 17:57:42 void cudnn::detail::dgrad_engine<float, 128, 6, 8, 3...         0.00%       0.000us         0.00%       0.000us       0.000us     180.630ms         1.68%     180.630ms       6.451ms            28  
2026-09-23 17:57:42 void cudnn::winograd_nonfused::winogradForwardOutput...         0.00%       0.000us         0.00%       0.000us       0.000us     179.080ms         1.66%     179.080ms     573.974us           312  
2026-09-23 17:57:42                                   volta_gcgemm_64x32_nt         0.00%       0.000us         0.00%       0.000us       0.000us     143.426ms         1.33%     143.426ms       4.482ms            32  
2026-09-23 17:57:42                                    volta_sgemm_64x64_nt         0.00%       0.000us         0.00%       0.000us       0.000us     139.778ms         1.30%     139.778ms       1.941ms            72  
2026-09-23 17:57:42                                Optimizer.step#Adam.step         0.00%       0.000us         0.00%       0.000us       0.000us     136.938ms         1.27%     136.938ms      11.412ms            12  
2026-09-23 17:57:42                        Runtime Triggered Module Loading         6.66%        1.247s         6.66%        1.247s      17.319ms     132.017ms         1.23%     132.017ms       1.834ms            72  
2026-09-23 17:57:42                                   Lazy Function Loading         0.02%       4.455ms         0.02%       4.455ms      47.398us     102.217ms         0.95%     102.217ms       1.087ms            94  
2026-09-23 17:57:42 void cudnn::cnn::reduce_wgrad_nchw_helper<float, flo...         0.00%       0.000us         0.00%       0.000us       0.000us      94.159ms         0.87%      94.159ms     264.492us           356  
2026-09-23 17:57:42                  aten::max_pool2d_with_indices_backward         0.00%     257.847us         0.00%     672.284us      56.024us      92.183ms         0.86%     108.071ms       9.006ms            12  
2026-09-23 17:57:42 void at::native::(anonymous namespace)::max_pool_bac...         0.00%       0.000us         0.00%       0.000us       0.000us      92.183ms         0.86%      92.183ms       7.682ms            12  
2026-09-23 17:57:42 void wgrad_alg0_engine<float, 128, 6, 8, 3, 3, 5, fa...         0.00%       0.000us         0.00%       0.000us       0.000us      92.055ms         0.86%      92.055ms       5.753ms            16  
2026-09-23 17:57:42 void cudnn::bn_bw_1C11_kernel_new<float, float, floa...         0.00%       0.000us         0.00%       0.000us       0.000us      91.243ms         0.85%      91.243ms       7.604ms            12  
2026-09-23 17:57:42 void cudnn::winograd_nonfused::winogradWgradDelta4x4...         0.00%       0.000us         0.00%       0.000us       0.000us      81.380ms         0.76%      81.380ms     701.548us           116  
2026-09-23 17:57:42 _5x_cudnn_volta_scudnn_128x64_relu_xregs_large_nn_v1...         0.00%       0.000us         0.00%       0.000us       0.000us      76.582ms         0.71%      76.582ms       4.786ms            16  
2026-09-23 17:57:42 void cudnn::winograd_nonfused::winogradWgradData4x4<...         0.00%       0.000us         0.00%       0.000us       0.000us      76.268ms         0.71%      76.268ms     657.482us           116  
2026-09-23 17:57:42         _5x_cudnn_volta_scudnn_128x64_relu_medium_nn_v1         0.00%       0.000us         0.00%       0.000us       0.000us      75.036ms         0.70%      75.036ms       6.253ms            12  
2026-09-23 17:57:42 void cudnn::bn_fw_tr_1C11_kernel_NCHW<float, float, ...         0.00%       0.000us         0.00%       0.000us       0.000us      57.399ms         0.53%      57.399ms       4.783ms            12  
2026-09-23 17:57:42 void cudnn::bn_fw_tr_1C11_singleread<float, 512, tru...         0.00%       0.000us         0.00%       0.000us       0.000us      44.416ms         0.41%      44.416ms     241.390us           184  
2026-09-23 17:57:42 void fft2d_c2r_32x32<float, false, false, 0u, false,...         0.00%       0.000us         0.00%       0.000us       0.000us      40.473ms         0.38%      40.473ms       1.265ms            32  
2026-09-23 17:57:42                           aten::max_pool2d_with_indices         0.00%     488.241us         0.02%       3.803ms     316.908us      35.281ms         0.33%      50.255ms       4.188ms            12  
2026-09-23 17:57:42 void at::native::(anonymous namespace)::max_pool_for...         0.00%       0.000us         0.00%       0.000us       0.000us      35.281ms         0.33%      35.281ms       2.940ms            12  
2026-09-23 17:57:42 void cudnn::engines_precompiled::scalePackedTensor_k...         0.00%       0.000us         0.00%       0.000us       0.000us      33.555ms         0.31%      33.555ms     645.289us            52  
2026-09-23 17:57:42 void fft2d_r2c_32x32<float, false, 1u, false>(float2...         0.00%       0.000us         0.00%       0.000us       0.000us      25.338ms         0.24%      25.338ms       1.267ms            20  
2026-09-23 17:57:42 void foldedNchwToNchwKernel<float, float, float, tru...         0.00%       0.000us         0.00%       0.000us       0.000us      21.168ms         0.20%      21.168ms       2.646ms             8  
2026-09-23 17:57:42 void cudnn::winograd_nonfused::winogradForwardFilter...         0.00%       0.000us         0.00%       0.000us       0.000us      20.463ms         0.19%      20.463ms      65.586us           312  
2026-09-23 17:57:42                                 aten::_foreach_addcdiv_         0.02%       4.080ms         0.03%       4.682ms     390.127us      18.245ms         0.17%      19.770ms       1.648ms            12  
2026-09-23 17:57:42 void at::native::(anonymous namespace)::multi_tensor...         0.00%       0.000us         0.00%       0.000us       0.000us      18.245ms         0.17%      18.245ms     380.101us            48  
2026-09-23 17:57:42                                             aten::fill_         0.01%       1.961ms         0.06%      10.608ms      29.630us      17.113ms         0.16%      17.116ms      47.811us           358  
2026-09-23 17:57:42 void at::native::vectorized_elementwise_kernel<4, at...         0.00%       0.000us         0.00%       0.000us       0.000us      17.113ms         0.16%      17.113ms      47.800us           358  
2026-09-23 17:57:42                                 aten::_foreach_addcmul_         0.01%       2.263ms         0.04%       7.155ms     596.268us      14.001ms         0.13%      17.483ms       1.457ms            12  
2026-09-23 17:57:42 void at::native::(anonymous namespace)::multi_tensor...         0.00%       0.000us         0.00%       0.000us       0.000us      14.001ms         0.13%      14.001ms     291.684us            48  
2026-09-23 17:57:42                                    aten::_foreach_lerp_         0.00%     912.870us         1.34%     250.761ms      20.897ms      13.812ms         0.13%      17.289ms       1.441ms            12  
2026-09-23 17:57:42 void at::native::(anonymous namespace)::multi_tensor...         0.00%       0.000us         0.00%       0.000us       0.000us      13.812ms         0.13%      13.812ms     383.673us            36  
2026-09-23 17:57:42 void cudnn::winograd_nonfused::winogradWgradOutput4x...         0.00%       0.000us         0.00%       0.000us       0.000us      12.689ms         0.12%      12.689ms     109.392us           116  
2026-09-23 17:57:42 void cudnn::cnn::wgrad_alg1_engine<float, float, 128...         0.00%       0.000us         0.00%       0.000us       0.000us      11.022ms         0.10%      11.022ms       2.756ms             4  
2026-09-23 17:57:42 void fft2d_r2c_32x32<float, true, 0u, false>(float2*...         0.00%       0.000us         0.00%       0.000us       0.000us      10.547ms         0.10%      10.547ms     439.450us            24  
2026-09-23 17:57:42                                     aten::_foreach_sqrt         0.02%       3.076ms         0.22%      42.099ms       3.508ms       9.821ms         0.09%      12.323ms       1.027ms            12  
2026-09-23 17:57:42 void at::native::(anonymous namespace)::multi_tensor...         0.00%       0.000us         0.00%       0.000us       0.000us       9.821ms         0.09%       9.821ms     272.809us            36  
2026-09-23 17:57:42                                     aten::_foreach_div_         0.01%       1.874ms         0.05%       9.422ms     785.208us       9.800ms         0.09%      12.281ms       1.023ms            12  
2026-09-23 17:57:42 void at::native::(anonymous namespace)::multi_tensor...         0.00%       0.000us         0.00%       0.000us       0.000us       9.800ms         0.09%       9.800ms     272.214us            36  
2026-09-23 17:57:42                                     aten::_foreach_add_         0.02%       3.292ms         0.03%       5.438ms     226.579us       9.710ms         0.09%      10.530ms     438.762us            24  
2026-09-23 17:57:42 void at::native::(anonymous namespace)::multi_tensor...         0.00%       0.000us         0.00%       0.000us       0.000us       9.710ms         0.09%       9.710ms     404.586us            24  
2026-09-23 17:57:42                                     aten::_foreach_mul_         0.01%       1.850ms         0.05%      10.087ms     840.550us       9.649ms         0.09%      12.050ms       1.004ms            12  
2026-09-23 17:57:42 void at::native::(anonymous namespace)::multi_tensor...         0.00%       0.000us         0.00%       0.000us       0.000us       9.649ms         0.09%       9.649ms     402.050us            24  
2026-09-23 17:57:42 void nchwAddPaddingKernel<float, float, float, true,...         0.00%       0.000us         0.00%       0.000us       0.000us       5.674ms         0.05%       5.674ms     709.288us             8  
2026-09-23 17:57:42 void fft2d_r2c_32x32<float, false, 0u, false>(float2...         0.00%       0.000us         0.00%       0.000us       0.000us       5.301ms         0.05%       5.301ms     662.668us             8  
2026-09-23 17:57:42                                              aten::mean         0.00%     525.049us         1.71%     319.530ms      26.627ms       5.154ms         0.05%       6.921ms     576.716us            12  
2026-09-23 17:57:42 void at::native::reduce_kernel<512, 1, at::native::R...         0.00%       0.000us         0.00%       0.000us       0.000us       5.154ms         0.05%       5.154ms     429.478us            12  
2026-09-23 17:57:42 void cudnn::bn_bw_1C11_singleread<float, 512, true, ...         0.00%       0.000us         0.00%       0.000us       0.000us       5.113ms         0.05%       5.113ms     142.030us            36  
2026-09-23 17:57:42                                         Memset (Device)         0.00%       0.000us         0.00%       0.000us       0.000us       3.237ms         0.03%       3.237ms      11.988us           270  
2026-09-23 17:57:42                                               aten::div         0.00%     462.121us         0.06%      11.342ms     945.191us       2.357ms         0.02%       2.357ms     196.417us            12  
2026-09-23 17:57:42 void at::native::elementwise_kernel<128, 2, at::nati...         0.00%       0.000us         0.00%       0.000us       0.000us       2.357ms         0.02%       2.357ms     196.417us            12  
2026-09-23 17:57:42 void at::native::vectorized_elementwise_kernel<2, at...         0.00%       0.000us         0.00%       0.000us       0.000us       1.869ms         0.02%       1.869ms       2.938us           636  
2026-09-23 17:57:42 void cask__5x_cudnn::computeOffsetsKernel<false, fal...         0.00%       0.000us         0.00%       0.000us       0.000us       1.401ms         0.01%       1.401ms       3.214us           436  
2026-09-23 17:57:42 void cask__5x_cudnn::computeOffsetsKernel<true, fals...         0.00%       0.000us         0.00%       0.000us       0.000us     685.014us         0.01%     685.014us       3.358us           204  
2026-09-23 17:57:42 cask__5x_cudnn::computeBOffsetsKernel(cask__5x_cudnn...         0.00%       0.000us         0.00%       0.000us       0.000us     516.409us         0.00%     516.409us       2.531us           204  
2026-09-23 17:57:42                                                aten::mm         0.01%       1.278ms         0.01%       1.925ms      80.229us     253.273us         0.00%     253.273us      10.553us            24  
2026-09-23 17:57:42 cask__5x_cudnn::computeWgradSplitKOffsetsKernel(cask...         0.00%       0.000us         0.00%       0.000us       0.000us     248.666us         0.00%     248.666us       2.826us            88  
2026-09-23 17:57:42                                             aten::addmm         0.02%       3.966ms         0.09%      17.351ms       1.446ms     246.302us         0.00%     340.510us      28.376us            12  
2026-09-23 17:57:42 cask__5x_cudnn::computeWgradBOffsetsKernel(cask__5x_...         0.00%       0.000us         0.00%       0.000us       0.000us     230.525us         0.00%     230.525us       2.620us            88  
2026-09-23 17:57:42                                               aten::sum         0.00%     321.470us         0.05%       8.552ms     712.680us     163.964us         0.00%     163.964us      13.664us            12  
2026-09-23 17:57:42 void at::native::reduce_kernel<256, 2, at::native::R...         0.00%       0.000us         0.00%       0.000us       0.000us     163.964us         0.00%     163.964us      13.664us            12  
2026-09-23 17:57:42                                   volta_sgemm_32x128_tn         0.00%       0.000us         0.00%       0.000us       0.000us     142.655us         0.00%     142.655us      17.832us             8  
2026-09-23 17:57:42                                   volta_sgemm_128x32_nn         0.00%       0.000us         0.00%       0.000us       0.000us     112.445us         0.00%     112.445us       9.370us            12  
2026-09-23 17:57:42                          volta_sgemm_32x32_sliced1x4_nt         0.00%       0.000us         0.00%       0.000us       0.000us     109.980us         0.00%     109.980us      13.747us             8  
2026-09-23 17:57:42 void nchwToFoldedNchwKernel<float, float, float, tru...         0.00%       0.000us         0.00%       0.000us       0.000us      68.960us         0.00%      68.960us       8.620us             8  
2026-09-23 17:57:42 void cublasLt::splitKreduce_kernel<32, 16, int, floa...         0.00%       0.000us         0.00%       0.000us       0.000us      60.383us         0.00%      60.383us       5.032us            12  
2026-09-23 17:57:42                                  aten::nll_loss_forward         0.00%     329.331us         0.04%       7.404ms     616.991us      58.432us         0.00%      70.432us       5.869us            12  
2026-09-23 17:57:42 void at::native::(anonymous namespace)::nll_loss_for...         0.00%       0.000us         0.00%       0.000us       0.000us      58.432us         0.00%      58.432us       4.869us            12  
2026-09-23 17:57:42                                 aten::nll_loss_backward         0.00%     386.875us         0.01%       1.186ms      98.792us      43.552us         0.00%      65.823us       5.485us            12  
2026-09-23 17:57:42 void at::native::(anonymous namespace)::nll_loss_bac...         0.00%       0.000us         0.00%       0.000us       0.000us      43.552us         0.00%      43.552us       3.629us            12  
2026-09-23 17:57:42                          volta_sgemm_32x32_sliced1x4_tn         0.00%       0.000us         0.00%       0.000us       0.000us      43.264us         0.00%      43.264us      10.816us             4  
2026-09-23 17:57:42                                      aten::_log_softmax         0.00%     381.653us         0.09%      17.550ms       1.463ms      31.775us         0.00%      37.919us       3.160us            12  
2026-09-23 17:57:42 -------------------------------------------------------  ------------  ------------  ------------  ------------  ------------  ------------  ------------  ------------  ------------  ------------  
2026-09-23 17:57:42 Self CPU time total: 18.716s
2026-09-23 17:57:42 Self CUDA time total: 10.767s
2026-09-23 17:57:42 
