2026-09-23 15:42:24 /root/.pyenv/versions/3.11.1/lib/python3.11/site-packages/torchvision/io/image.py:13: UserWarning: Failed to load image Python extension: '/root/.pyenv/versions/3.11.1/lib/python3.11/site-packages/torchvision/image.so: undefined symbol: _ZN3c1017RegisterOperatorsD1Ev'If you don't plan on using image functionality from `torchvision.io`, you can ignore this warning. Otherwise, there might be something wrong with your environment. Did you have `libjpeg` or `libpng` installed before building `torchvision` from source?
2026-09-23 15:42:24   warn(
2026-09-23 15:42:27 /root/.pyenv/versions/3.11.1/lib/python3.11/site-packages/torchvision/datapoints/__init__.py:12: UserWarning: The torchvision.datapoints and torchvision.transforms.v2 namespaces are still Beta. While we do not expect major breaking changes, some APIs may still change according to user feedback. Please submit any feedback you may have in this issue: https://github.com/pytorch/vision/issues/6753, and you can also check out https://github.com/pytorch/vision/issues/7319 to learn more about the APIs that we suspect might involve future changes. You can silence this warning by calling torchvision.disable_beta_transforms_warning().
2026-09-23 15:42:27   warnings.warn(_BETA_TRANSFORMS_WARNING)
2026-09-23 15:42:27 /root/.pyenv/versions/3.11.1/lib/python3.11/site-packages/torchvision/transforms/v2/__init__.py:54: UserWarning: The torchvision.datapoints and torchvision.transforms.v2 namespaces are still Beta. While we do not expect major breaking changes, some APIs may still change according to user feedback. Please submit any feedback you may have in this issue: https://github.com/pytorch/vision/issues/6753, and you can also check out https://github.com/pytorch/vision/issues/7319 to learn more about the APIs that we suspect might involve future changes. You can silence this warning by calling torchvision.disable_beta_transforms_warning().
2026-09-23 15:42:27   warnings.warn(_BETA_TRANSFORMS_WARNING)
2026-09-23 15:43:07 load image
2026-09-23 15:43:07 split dataset
2026-09-23 15:43:07 288 72
2026-09-23 15:43:07 load model
2026-09-23 15:43:07 train model
2026-09-23 15:43:07 2
2026-09-23 15:43:07 Epoch 1/4, Loss: 2.0909 Time: 9.6004
2026-09-23 15:43:07 2
2026-09-23 15:43:07 Epoch 2/4, Loss: 0.7179 Time: 8.7919
2026-09-23 15:43:07 2
2026-09-23 15:43:07 Epoch 3/4, Loss: 0.0299 Time: 9.1763
2026-09-23 15:43:07 2
2026-09-23 15:43:07 Epoch 4/4, Loss: 0.0014 Time: 8.8843
2026-09-23 15:43:07 Train Profiler:
2026-09-23 15:43:07 -------------------------------------------------------  ------------  ------------  ------------  ------------  ------------  ------------  ------------  ------------  ------------  ------------  
2026-09-23 15:43:07                                                    Name    Self CPU %      Self CPU   CPU total %     CPU total  CPU time avg     Self CUDA   Self CUDA %    CUDA total  CUDA time avg    # of Calls  
2026-09-23 15:43:07 -------------------------------------------------------  ------------  ------------  ------------  ------------  ------------  ------------  ------------  ------------  ------------  ------------  
2026-09-23 15:43:07                                             aten::empty         0.08%      24.666ms         0.09%      29.410ms       4.368us       0.000us         0.00%       0.000us       0.000us          6733  
2026-09-23 15:43:07                                           aten::random_         0.00%      75.001us         0.00%      75.001us      18.750us       0.000us         0.00%       0.000us       0.000us             4  
2026-09-23 15:43:07                                              aten::item         0.01%       2.346ms        27.74%        8.907s       3.441ms       0.000us         0.00%      15.134us       0.006us          2588  
2026-09-23 15:43:07                               aten::_local_scalar_dense         0.00%     833.095us        27.73%        8.904s       3.441ms      15.134us         0.00%      15.134us       0.006us          2588  
2026-09-23 15:43:07 enumerate(DataLoader)#_SingleProcessDataLoaderIter._...        49.84%       16.003s        64.76%       20.791s        1.733s       0.000us         0.00%       0.000us       0.000us            12  
2026-09-23 15:43:07                                        aten::lift_fresh         0.01%       3.698ms         0.01%       3.698ms       1.018us       0.000us         0.00%       0.000us       0.000us          3633  
2026-09-23 15:43:07                                                aten::to         0.01%       3.887ms        12.28%        3.942s     753.385us       0.000us         0.00%     157.907ms      30.175us          5233  
2026-09-23 15:43:07                                              aten::view         0.04%      13.421ms         0.04%      13.421ms       3.095us       0.000us         0.00%       0.000us       0.000us          4336  
2026-09-23 15:43:07                                           aten::permute         0.02%       7.331ms         0.03%      10.614ms       9.213us       0.000us         0.00%       0.000us       0.000us          1152  
2026-09-23 15:43:07                                        aten::as_strided         0.01%       3.386ms         0.01%       3.386ms       2.803us       0.000us         0.00%       0.000us       0.000us          1208  
2026-09-23 15:43:07                                          aten::_to_copy         0.03%       9.460ms        12.26%        3.937s       3.371ms       0.000us         0.00%     157.907ms     135.195us          1168  
2026-09-23 15:43:07                                     aten::empty_strided         0.04%      14.029ms         0.05%      17.191ms       6.170us       0.000us         0.00%       0.000us       0.000us          2786  
2026-09-23 15:43:07                                             aten::copy_        11.72%        3.762s        12.21%        3.921s       3.357ms     157.907ms         1.49%     157.907ms     135.195us          1168  
2026-09-23 15:43:07                                               aten::sub         1.40%     447.869ms         1.40%     447.869ms     388.776us       0.000us         0.00%       0.000us       0.000us          1152  
2026-09-23 15:43:07                                              aten::div_         1.10%     351.792ms         1.10%     351.792ms     305.375us       0.000us         0.00%       0.000us       0.000us          1152  
2026-09-23 15:43:07                                             aten::stack         0.00%     355.559us         0.55%     177.792ms      22.224ms       0.000us         0.00%       0.000us       0.000us             8  
2026-09-23 15:43:07                                               aten::cat         0.55%     177.247ms         0.55%     177.383ms      22.173ms       0.000us         0.00%       0.000us       0.000us             8  
2026-09-23 15:43:07                                            aten::narrow         0.00%      85.821us         0.00%     135.976us      16.997us       0.000us         0.00%       0.000us       0.000us             8  
2026-09-23 15:43:07                                             aten::slice         0.00%      39.523us         0.00%      50.155us       6.269us       0.000us         0.00%       0.000us       0.000us             8  
2026-09-23 15:43:07                                           aten::detach_         0.00%     239.291us         0.00%     352.934us       1.994us       0.000us         0.00%       0.000us       0.000us           177  
2026-09-23 15:43:07                                                 detach_         0.00%     113.643us         0.00%     113.643us       0.642us       0.000us         0.00%       0.000us       0.000us           177  
2026-09-23 15:43:07                                            Unrecognized         0.00%       1.258ms         0.00%       1.258ms     314.583us       0.000us         0.00%       0.000us       0.000us             4  
2026-09-23 15:43:07                                         cudaMemcpyAsync         0.50%     158.996ms         0.50%     158.996ms       6.625ms       0.000us         0.00%       0.000us       0.000us            24  
2026-09-23 15:43:07                        Memcpy HtoD (Pageable -> Device)         0.00%       0.000us         0.00%       0.000us       0.000us     157.907ms         1.49%     157.907ms       9.869ms            16  
2026-09-23 15:43:07                                   cudaStreamSynchronize        27.73%        8.904s        27.73%        8.904s     370.993ms       0.000us         0.00%       0.000us       0.000us            24  
2026-09-23 15:43:07                      Optimizer.zero_grad#Adam.zero_grad         0.01%       3.678ms         0.01%       3.678ms     459.690us       0.000us         0.00%       0.000us       0.000us             8  
2026-09-23 15:43:07                                            aten::conv2d         0.00%     810.644us         0.52%     166.097ms     391.739us       0.000us         0.00%        2.290s       5.400ms           424  
2026-09-23 15:43:07                                       aten::convolution         0.01%       3.096ms         0.51%     165.287ms     389.827us       0.000us         0.00%        2.290s       5.400ms           424  
2026-09-23 15:43:07                                      aten::_convolution         0.01%       2.001ms         0.51%     162.191ms     382.525us       0.000us         0.00%        2.290s       5.400ms           424  
2026-09-23 15:43:07                                 aten::cudnn_convolution         0.33%     105.605ms         0.50%     160.190ms     377.806us        2.098s        19.75%        2.290s       5.400ms           424  
2026-09-23 15:43:07                                        cudaLaunchKernel         1.76%     564.969ms         4.28%        1.375s     222.830us       0.000us         0.00%     221.986ms      35.978us          6170  
2026-09-23 15:43:07 void cask__5x_cudnn::computeOffsetsKernel<false, fal...         0.00%       0.000us         0.00%       0.000us       0.000us       1.122ms         0.01%       1.122ms       3.506us           320  
2026-09-23 15:43:07                                     cudaPeekAtLastError         0.00%     354.192us         0.00%     354.192us       0.140us       0.000us         0.00%       0.000us       0.000us          2524  
2026-09-23 15:43:07                                         cudaMemsetAsync         0.00%       1.004ms         0.00%       1.004ms       1.713us       0.000us         0.00%       0.000us       0.000us           586  
2026-09-23 15:43:07         _5x_cudnn_volta_scudnn_128x64_relu_medium_nn_v1         0.00%       0.000us         0.00%       0.000us       0.000us     109.163ms         1.03%     109.163ms      13.645ms             8  
2026-09-23 15:43:07                                              aten::add_         0.03%       8.575ms         0.09%      29.654ms      15.068us     627.546ms         5.91%     633.402ms     321.851us          1968  
2026-09-23 15:43:07                                        aten::batch_norm         0.00%     622.517us         0.13%      41.060ms      96.839us       0.000us         0.00%     785.912ms       1.854ms           424  
2026-09-23 15:43:07                            aten::_batch_norm_impl_index         0.00%       1.362ms         0.13%      40.437ms      95.371us       0.000us         0.00%     785.912ms       1.854ms           424  
2026-09-23 15:43:07                                  aten::cudnn_batch_norm         0.05%      15.068ms         0.12%      39.075ms      92.158us     760.135ms         7.16%     785.912ms       1.854ms           424  
2026-09-23 15:43:07                                        aten::empty_like         0.00%       1.290ms         0.04%      11.929ms      15.821us       0.000us         0.00%       0.000us       0.000us           754  
2026-09-23 15:43:07                                             aten::relu_         0.01%       4.106ms         0.07%      20.922ms      53.372us       0.000us         0.00%     382.174ms     974.933us           392  
2026-09-23 15:43:07                                        aten::clamp_min_         0.01%       3.007ms         0.05%      16.815ms      42.896us     370.170ms         3.48%     382.174ms     974.933us           392  
2026-09-23 15:43:07                                        aten::max_pool2d         0.00%      43.964us         0.01%       4.170ms     521.269us       0.000us         0.00%      62.464ms       7.808ms             8  
2026-09-23 15:43:07                           aten::max_pool2d_with_indices         0.00%     281.259us         0.01%       4.126ms     515.773us      44.918ms         0.42%      62.464ms       7.808ms             8  
2026-09-23 15:43:07                                    cudaFuncSetAttribute         0.00%     119.937us         0.00%     155.594us       2.161us       0.000us         0.00%     187.198us       2.600us            72  
2026-09-23 15:43:07                               aten::adaptive_avg_pool2d         0.00%      44.916us         1.19%     382.859ms      47.857ms       0.000us         0.00%       6.909ms     863.589us             8  
2026-09-23 15:43:07                                              aten::mean         0.00%     282.217us         1.19%     382.815ms      47.852ms       4.965ms         0.05%       6.909ms     863.589us             8  
2026-09-23 15:43:07                                           aten::flatten         0.00%      30.385us         0.00%     108.683us      13.585us       0.000us         0.00%       0.000us       0.000us             8  
2026-09-23 15:43:07                                            aten::linear         0.00%      73.608us         0.03%       9.983ms       1.248ms       0.000us         0.00%     275.611us      34.451us             8  
2026-09-23 15:43:07                                                 aten::t         0.00%     149.684us         0.00%     326.655us       8.166us       0.000us         0.00%       0.000us       0.000us            40  
2026-09-23 15:43:07                                         aten::transpose         0.00%     106.038us         0.00%     176.971us       4.424us       0.000us         0.00%       0.000us       0.000us            40  
2026-09-23 15:43:07                                             aten::addmm         0.01%       2.473ms         0.03%       9.807ms       1.226ms     184.351us         0.00%     275.611us      34.451us             8  
2026-09-23 15:43:07           cudaOccupancyMaxActiveBlocksPerMultiprocessor         0.02%       5.900ms         0.04%      11.241ms       7.160us       0.000us         0.00%      16.538ms      10.533us          1570  
2026-09-23 15:43:07                                aten::cross_entropy_loss         0.00%      85.659us         0.05%      15.874ms       1.984ms       0.000us         0.00%      97.955us      12.244us             8  
2026-09-23 15:43:07                                       aten::log_softmax         0.00%      58.595us         0.03%      11.206ms       1.401ms       0.000us         0.00%      27.937us       3.492us             8  
2026-09-23 15:43:07                                      aten::_log_softmax         0.00%     233.487us         0.03%      11.143ms       1.393ms      21.217us         0.00%      27.937us       3.492us             8  
2026-09-23 15:43:07                                       aten::nll_loss_nd         0.00%      34.323us         0.01%       4.582ms     572.731us       0.000us         0.00%      70.018us       8.752us             8  
2026-09-23 15:43:07                                          aten::nll_loss         0.00%      31.291us         0.01%       4.548ms     568.441us       0.000us         0.00%      70.018us       8.752us             8  
2026-09-23 15:43:07                                  aten::nll_loss_forward         0.00%     199.773us         0.01%       4.516ms     564.530us      53.023us         0.00%      70.018us       8.752us             8  
2026-09-23 15:43:07                                           aten::resize_         0.00%       4.891us         0.00%       4.891us       0.611us       0.000us         0.00%       0.000us       0.000us             8  
2026-09-23 15:43:07                                         aten::ones_like         0.00%      34.013us         0.01%       3.577ms     447.082us       0.000us         0.00%      19.646us       2.456us             8  
2026-09-23 15:43:07                                             aten::fill_         0.01%       1.776ms         0.02%       7.560ms      21.850us      17.095ms         0.16%      17.099ms      49.420us           346  
2026-09-23 15:43:07 autograd::engine::evaluate_function: NllLossBackward...         0.00%     197.270us         0.00%       1.249ms     156.063us       0.000us         0.00%      51.906us       6.488us             8  
2026-09-23 15:43:07                                        NllLossBackward0         0.00%     109.607us         0.00%       1.051ms     131.404us       0.000us         0.00%      51.906us       6.488us             8  
2026-09-23 15:43:07                                 aten::nll_loss_backward         0.00%     304.721us         0.00%     941.626us     117.703us      36.353us         0.00%      51.906us       6.488us             8  
2026-09-23 15:43:07                                             aten::zero_         0.00%     871.130us         0.02%       5.012ms      14.828us       0.000us         0.00%      17.080ms      50.532us           338  
2026-09-23 15:43:07 autograd::engine::evaluate_function: LogSoftmaxBackw...         0.00%      76.071us         0.00%     363.541us      45.443us       0.000us         0.00%      19.168us       2.396us             8  
2026-09-23 15:43:07                                     LogSoftmaxBackward0         0.00%      63.411us         0.00%     287.470us      35.934us       0.000us         0.00%      19.168us       2.396us             8  
2026-09-23 15:43:07                        aten::_log_softmax_backward_data         0.00%     134.019us         0.00%     224.059us      28.007us      19.168us         0.00%      19.168us       2.396us             8  
2026-09-23 15:43:07     autograd::engine::evaluate_function: AddmmBackward0         0.00%     233.080us         0.02%       7.953ms     994.141us       0.000us         0.00%     341.821us      42.728us             8  
2026-09-23 15:43:07                                          AddmmBackward0         0.00%     154.241us         0.01%       1.622ms     202.749us       0.000us         0.00%     208.831us      26.104us             8  
2026-09-23 15:43:07                                                aten::mm         0.00%     830.951us         0.00%       1.285ms      80.321us     208.831us         0.00%     208.831us      13.052us            16  
2026-09-23 15:43:07                                               aten::sum         0.00%     233.640us         0.02%       6.060ms     757.468us     132.990us         0.00%     132.990us      16.624us             8  
2026-09-23 15:43:07 autograd::engine::evaluate_function: torch::autograd...         0.02%       5.231ms         0.03%      10.629ms       8.252us       0.000us         0.00%       0.000us       0.000us          1288  
2026-09-23 15:43:07                         torch::autograd::AccumulateGrad         0.01%       2.520ms         0.02%       5.398ms       4.191us       0.000us         0.00%       0.000us       0.000us          1288  
2026-09-23 15:43:07                                            aten::detach         0.00%       1.145ms         0.01%       2.878ms       2.235us       0.000us         0.00%       0.000us       0.000us          1288  
2026-09-23 15:43:07                                                  detach         0.01%       1.734ms         0.01%       1.734ms       1.346us       0.000us         0.00%       0.000us       0.000us          1288  
2026-09-23 15:43:07         autograd::engine::evaluate_function: TBackward0         0.00%      39.774us         0.00%      96.884us      12.111us       0.000us         0.00%       0.000us       0.000us             8  
2026-09-23 15:43:07                                              TBackward0         0.00%      15.420us         0.00%      57.110us       7.139us       0.000us         0.00%       0.000us       0.000us             8  
2026-09-23 15:43:07      autograd::engine::evaluate_function: ViewBackward0         0.00%      36.618us         0.00%      84.920us      10.615us       0.000us         0.00%       0.000us       0.000us             8  
2026-09-23 15:43:07                                           ViewBackward0         0.00%      20.310us         0.00%      48.302us       6.038us       0.000us         0.00%       0.000us       0.000us             8  
2026-09-23 15:43:07                                           aten::reshape         0.00%      11.381us         0.00%      27.992us       3.499us       0.000us         0.00%       0.000us       0.000us             8  
2026-09-23 15:43:07      autograd::engine::evaluate_function: MeanBackward1         0.00%      66.084us         0.02%       7.625ms     953.069us       0.000us         0.00%       2.312ms     288.954us             8  
2026-09-23 15:43:07                                           MeanBackward1         0.00%      59.398us         0.02%       7.558ms     944.808us       0.000us         0.00%       2.312ms     288.954us             8  
2026-09-23 15:43:07                                            aten::expand         0.00%      43.124us         0.00%      65.194us       8.149us       0.000us         0.00%       0.000us       0.000us             8  
2026-09-23 15:43:07                                               aten::div         0.00%     287.561us         0.02%       7.434ms     929.234us       2.312ms         0.02%       2.312ms     288.954us             8  
2026-09-23 15:43:07      autograd::engine::evaluate_function: ReluBackward0         0.01%       2.725ms         0.06%      18.466ms      47.108us       0.000us         0.00%     541.010ms       1.380ms           392  
2026-09-23 15:43:07                                           ReluBackward0         0.00%       1.218ms         0.05%      15.741ms      40.156us       0.000us         0.00%     541.010ms       1.380ms           392  
2026-09-23 15:43:07                                aten::threshold_backward         0.02%       5.061ms         0.05%      14.523ms      37.048us     541.010ms         5.09%     541.010ms       1.380ms           392  
2026-09-23 15:43:07       autograd::engine::evaluate_function: AddBackward0         0.00%     627.820us         0.00%     753.772us       5.889us       0.000us         0.00%       0.000us       0.000us           128  
2026-09-23 15:43:07                                            AddBackward0         0.00%     125.952us         0.00%     125.952us       0.984us       0.000us         0.00%       0.000us       0.000us           128  
2026-09-23 15:43:07 autograd::engine::evaluate_function: CudnnBatchNormB...         0.02%       5.007ms         0.10%      33.053ms      77.954us       0.000us         0.00%        1.249s       2.947ms           424  
2026-09-23 15:43:07                                 CudnnBatchNormBackward0         0.01%       1.709ms         0.09%      28.046ms      66.146us       0.000us         0.00%        1.249s       2.947ms           424  
2026-09-23 15:43:07                         aten::cudnn_batch_norm_backward         0.03%       8.864ms         0.08%      26.337ms      62.115us        1.249s        11.76%        1.249s       2.947ms           424  
2026-09-23 15:43:07 autograd::engine::evaluate_function: ConvolutionBack...         0.02%       4.883ms         1.77%     569.268ms       1.343ms       0.000us         0.00%        4.921s      11.606ms           424  
2026-09-23 15:43:07                                    ConvolutionBackward0         0.00%       1.289ms         1.75%     562.293ms       1.326ms       0.000us         0.00%        4.605s      10.862ms           424  
2026-09-23 15:43:07                              aten::convolution_backward         0.13%      42.222ms         1.75%     561.003ms       1.323ms        4.605s        43.35%        4.605s      10.862ms           424  
2026-09-23 15:43:07 void at::native::vectorized_elementwise_kernel<2, at...         0.00%       0.000us         0.00%       0.000us       0.000us       1.359ms         0.01%       1.359ms       3.206us           424  
2026-09-23 15:43:07 void cudnn::bn_fw_tr_1C11_kernel_NCHW<float, float, ...         0.00%       0.000us         0.00%       0.000us       0.000us      58.652ms         0.55%      58.652ms       7.331ms             8  
2026-09-23 15:43:07                                         cudaEventRecord         0.00%     107.234us         0.00%     107.234us       1.340us       0.000us         0.00%       0.000us       0.000us            80  
2026-09-23 15:43:07 -------------------------------------------------------  ------------  ------------  ------------  ------------  ------------  ------------  ------------  ------------  ------------  ------------  
2026-09-23 15:43:07 Self CPU time total: 32.105s
2026-09-23 15:43:07 Self CUDA time total: 10.623s
2026-09-23 15:43:07 
